
=============== [2026-09-14 06:55:01] BASELINE START model=i3d_r50 tag=i3d_r50 ===============

/root/miniconda3/lib/python3.10/site-packages/torchvision/io/image.py:13: UserWarning: Failed to load image Python extension: '/root/miniconda3/lib/python3.10/site-packages/torchvision/image.so: undefined symbol: _ZN3c1017RegisterOperatorsD1Ev'If you don't plan on using image functionality from `torchvision.io`, you can ignore this warning. Otherwise, there might be something wrong with your environment. Did you have `libjpeg` or `libpng` installed before building `torchvision` from source?
  warn(
[data] model=i3d_r50 frames=8 | train clips=96000 (missing=0), val clips=12000 (missing=0)
[data] label counts=[8278, 7164, 80558] -> weights=[1.328, 1.535, 0.137]
[model] i3d_r50 params=27.23M
  ep1 step20 loss=1.0378 (74.8 clips/s)
  ep1 step40 loss=0.8809 (94.3 clips/s)
  ep1 step60 loss=0.7918 (103.2 clips/s)
  ep1 step80 loss=0.7613 (108.3 clips/s)
  ep1 step100 loss=0.7432 (111.6 clips/s)
  ep1 step120 loss=0.7213 (113.9 clips/s)
  ep1 step140 loss=0.7072 (115.6 clips/s)
  ep1 step160 loss=0.7014 (116.9 clips/s)
  ep1 step180 loss=0.6885 (117.9 clips/s)
  ep1 step200 loss=0.6874 (118.7 clips/s)
  ep1 step220 loss=0.6868 (119.4 clips/s)
  ep1 step240 loss=0.6828 (120.0 clips/s)
  ep1 step260 loss=0.6781 (120.5 clips/s)
  ep1 step280 loss=0.6707 (120.9 clips/s)
  ep1 step300 loss=0.6675 (121.2 clips/s)
  ep1 step320 loss=0.6632 (121.5 clips/s)
  ep1 step340 loss=0.6543 (121.8 clips/s)
  ep1 step360 loss=0.6463 (122.0 clips/s)
  ep1 step380 loss=0.6378 (122.3 clips/s)
  ep1 step400 loss=0.6325 (122.5 clips/s)
  ep1 step420 loss=0.6305 (122.6 clips/s)
  ep1 step440 loss=0.6250 (122.8 clips/s)
  ep1 step460 loss=0.6145 (123.0 clips/s)
  ep1 step480 loss=0.6086 (123.1 clips/s)
  ep1 step500 loss=0.6068 (123.2 clips/s)
  ep1 step520 loss=0.6061 (123.3 clips/s)
  ep1 step540 loss=0.6033 (123.5 clips/s)
  ep1 step560 loss=0.5977 (123.6 clips/s)
  ep1 step580 loss=0.6007 (123.6 clips/s)
  ep1 step600 loss=0.5979 (123.7 clips/s)
  ep1 step620 loss=0.5963 (123.8 clips/s)
  ep1 step640 loss=0.5960 (123.9 clips/s)
  ep1 step660 loss=0.5916 (124.0 clips/s)
  ep1 step680 loss=0.5893 (124.0 clips/s)
  ep1 step700 loss=0.5865 (124.1 clips/s)
  ep1 step720 loss=0.5852 (124.2 clips/s)
  ep1 step740 loss=0.5850 (124.2 clips/s)
  ep1 step760 loss=0.5827 (124.3 clips/s)
  ep1 step780 loss=0.5810 (124.3 clips/s)
  ep1 step800 loss=0.5777 (124.4 clips/s)
  ep1 step820 loss=0.5752 (124.4 clips/s)
  ep1 step840 loss=0.5730 (124.5 clips/s)
  ep1 step860 loss=0.5710 (124.5 clips/s)
  ep1 step880 loss=0.5673 (124.5 clips/s)
  ep1 step900 loss=0.5650 (124.6 clips/s)
  ep1 step920 loss=0.5648 (124.6 clips/s)
  ep1 step940 loss=0.5633 (124.7 clips/s)
  ep1 step960 loss=0.5608 (124.7 clips/s)
  ep1 step980 loss=0.5594 (124.7 clips/s)
  ep1 step1000 loss=0.5582 (124.8 clips/s)
  ep1 step1020 loss=0.5569 (124.8 clips/s)
  ep1 step1040 loss=0.5559 (124.8 clips/s)
  ep1 step1060 loss=0.5547 (124.8 clips/s)
  ep1 step1080 loss=0.5541 (124.9 clips/s)
  ep1 step1100 loss=0.5508 (124.9 clips/s)
  ep1 step1120 loss=0.5499 (124.9 clips/s)
  ep1 step1140 loss=0.5480 (124.9 clips/s)
  ep1 step1160 loss=0.5467 (125.0 clips/s)
  ep1 step1180 loss=0.5458 (125.0 clips/s)
  ep1 step1200 loss=0.5445 (125.0 clips/s)
  ep1 step1220 loss=0.5421 (125.0 clips/s)
  ep1 step1240 loss=0.5421 (125.1 clips/s)
  ep1 step1260 loss=0.5409 (125.1 clips/s)
  ep1 step1280 loss=0.5398 (125.1 clips/s)
  ep1 step1300 loss=0.5370 (125.1 clips/s)
  ep1 step1320 loss=0.5351 (125.1 clips/s)
  ep1 step1340 loss=0.5343 (125.2 clips/s)
  ep1 step1360 loss=0.5350 (125.2 clips/s)
  ep1 step1380 loss=0.5344 (125.2 clips/s)
  ep1 step1400 loss=0.5327 (125.2 clips/s)
  ep1 step1420 loss=0.5302 (125.2 clips/s)
  ep1 step1440 loss=0.5293 (125.2 clips/s)
  ep1 step1460 loss=0.5290 (125.3 clips/s)
  ep1 step1480 loss=0.5277 (125.3 clips/s)
  ep1 step1500 loss=0.5266 (125.3 clips/s)
  ep1 step1520 loss=0.5260 (125.3 clips/s)
  ep1 step1540 loss=0.5251 (125.3 clips/s)
  ep1 step1560 loss=0.5247 (125.3 clips/s)
  ep1 step1580 loss=0.5248 (125.3 clips/s)
  ep1 step1600 loss=0.5239 (125.4 clips/s)
  ep1 step1620 loss=0.5235 (125.4 clips/s)
  ep1 step1640 loss=0.5238 (125.4 clips/s)
  ep1 step1660 loss=0.5227 (125.4 clips/s)
  ep1 step1680 loss=0.5219 (125.4 clips/s)
  ep1 step1700 loss=0.5215 (125.4 clips/s)
  ep1 step1720 loss=0.5207 (125.4 clips/s)
  ep1 step1740 loss=0.5192 (125.4 clips/s)
  ep1 step1760 loss=0.5189 (125.4 clips/s)
  ep1 step1780 loss=0.5179 (125.5 clips/s)
  ep1 step1800 loss=0.5172 (125.5 clips/s)
  ep1 step1820 loss=0.5155 (125.5 clips/s)
  ep1 step1840 loss=0.5146 (125.5 clips/s)
  ep1 step1860 loss=0.5134 (125.5 clips/s)
  ep1 step1880 loss=0.5124 (125.5 clips/s)
  ep1 step1900 loss=0.5123 (125.5 clips/s)
  ep1 step1920 loss=0.5113 (125.5 clips/s)
  ep1 step1940 loss=0.5110 (125.5 clips/s)
  ep1 step1960 loss=0.5109 (125.5 clips/s)
  ep1 step1980 loss=0.5100 (125.5 clips/s)
  ep1 step2000 loss=0.5096 (125.5 clips/s)
  ep1 step2020 loss=0.5082 (125.6 clips/s)
  ep1 step2040 loss=0.5074 (125.6 clips/s)
  ep1 step2060 loss=0.5061 (125.6 clips/s)
  ep1 step2080 loss=0.5061 (125.6 clips/s)
  ep1 step2100 loss=0.5055 (125.6 clips/s)
  ep1 step2120 loss=0.5048 (125.6 clips/s)
  ep1 step2140 loss=0.5040 (125.6 clips/s)
  ep1 step2160 loss=0.5035 (125.6 clips/s)
  ep1 step2180 loss=0.5026 (125.6 clips/s)
  ep1 step2200 loss=0.5018 (125.6 clips/s)
  ep1 step2220 loss=0.5001 (125.6 clips/s)
  ep1 step2240 loss=0.4993 (125.6 clips/s)
  ep1 step2260 loss=0.4985 (125.6 clips/s)
  ep1 step2280 loss=0.4973 (125.6 clips/s)
  ep1 step2300 loss=0.4962 (125.6 clips/s)
  ep1 step2320 loss=0.4954 (125.7 clips/s)
  ep1 step2340 loss=0.4947 (125.7 clips/s)
  ep1 step2360 loss=0.4945 (125.7 clips/s)
  ep1 step2380 loss=0.4938 (125.7 clips/s)
  ep1 step2400 loss=0.4930 (125.7 clips/s)
  ep1 step2420 loss=0.4925 (125.7 clips/s)
  ep1 step2440 loss=0.4919 (125.7 clips/s)
  ep1 step2460 loss=0.4912 (125.7 clips/s)
  ep1 step2480 loss=0.4905 (125.7 clips/s)
  ep1 step2500 loss=0.4897 (125.7 clips/s)
  ep1 step2520 loss=0.4887 (125.7 clips/s)
  ep1 step2540 loss=0.4883 (125.7 clips/s)
  ep1 step2560 loss=0.4886 (125.7 clips/s)
  ep1 step2580 loss=0.4882 (125.7 clips/s)
  ep1 step2600 loss=0.4879 (125.7 clips/s)
  ep1 step2620 loss=0.4883 (125.7 clips/s)
  ep1 step2640 loss=0.4882 (125.7 clips/s)
  ep1 step2660 loss=0.4880 (125.7 clips/s)
  ep1 step2680 loss=0.4875 (125.7 clips/s)
  ep1 step2700 loss=0.4868 (125.7 clips/s)
  ep1 step2720 loss=0.4863 (125.7 clips/s)
  ep1 step2740 loss=0.4860 (125.8 clips/s)
  ep1 step2760 loss=0.4856 (125.8 clips/s)
  ep1 step2780 loss=0.4851 (125.8 clips/s)
  ep1 step2800 loss=0.4839 (125.8 clips/s)
  ep1 step2820 loss=0.4833 (125.8 clips/s)
  ep1 step2840 loss=0.4830 (125.8 clips/s)
  ep1 step2860 loss=0.4819 (125.8 clips/s)
  ep1 step2880 loss=0.4815 (125.8 clips/s)
  ep1 step2900 loss=0.4810 (125.8 clips/s)
  ep1 step2920 loss=0.4807 (125.8 clips/s)
  ep1 step2940 loss=0.4798 (125.8 clips/s)
  ep1 step2960 loss=0.4791 (125.8 clips/s)
  ep1 step2980 loss=0.4787 (125.8 clips/s)
  ep1 step3000 loss=0.4780 (125.8 clips/s)
[epoch 1] loss=0.4780 val_avg_f1=0.7017 val_acc=0.8576 (13.3 min)
  ep2 step3020 loss=0.3772 (101.6 clips/s)
  ep2 step3040 loss=0.3760 (112.7 clips/s)
  ep2 step3060 loss=0.3799 (116.8 clips/s)
  ep2 step3080 loss=0.3626 (119.1 clips/s)
  ep2 step3100 loss=0.3664 (120.5 clips/s)
  ep2 step3120 loss=0.3588 (121.4 clips/s)
  ep2 step3140 loss=0.3432 (122.1 clips/s)
  ep2 step3160 loss=0.3442 (122.6 clips/s)
  ep2 step3180 loss=0.3573 (123.0 clips/s)
  ep2 step3200 loss=0.3514 (123.3 clips/s)
  ep2 step3220 loss=0.3567 (123.6 clips/s)
  ep2 step3240 loss=0.3557 (123.8 clips/s)
  ep2 step3260 loss=0.3537 (124.0 clips/s)
  ep2 step3280 loss=0.3549 (124.2 clips/s)
  ep2 step3300 loss=0.3523 (124.3 clips/s)
  ep2 step3320 loss=0.3468 (124.5 clips/s)
  ep2 step3340 loss=0.3459 (124.6 clips/s)
  ep2 step3360 loss=0.3481 (124.7 clips/s)
  ep2 step3380 loss=0.3469 (124.7 clips/s)
  ep2 step3400 loss=0.3500 (124.8 clips/s)
  ep2 step3420 loss=0.3507 (124.9 clips/s)
  ep2 step3440 loss=0.3517 (124.9 clips/s)
  ep2 step3460 loss=0.3553 (125.0 clips/s)
  ep2 step3480 loss=0.3549 (125.0 clips/s)
  ep2 step3500 loss=0.3548 (125.1 clips/s)
  ep2 step3520 loss=0.3554 (125.1 clips/s)
  ep2 step3540 loss=0.3553 (125.2 clips/s)
  ep2 step3560 loss=0.3536 (125.2 clips/s)
  ep2 step3580 loss=0.3520 (125.3 clips/s)
  ep2 step3600 loss=0.3483 (125.3 clips/s)
  ep2 step3620 loss=0.3474 (125.3 clips/s)
  ep2 step3640 loss=0.3492 (125.4 clips/s)
  ep2 step3660 loss=0.3469 (125.4 clips/s)
  ep2 step3680 loss=0.3453 (125.4 clips/s)
  ep2 step3700 loss=0.3435 (125.4 clips/s)
  ep2 step3720 loss=0.3463 (125.5 clips/s)
  ep2 step3740 loss=0.3449 (125.5 clips/s)
  ep2 step3760 loss=0.3446 (125.5 clips/s)
  ep2 step3780 loss=0.3490 (125.5 clips/s)
  ep2 step3800 loss=0.3485 (125.5 clips/s)
  ep2 step3820 loss=0.3479 (125.6 clips/s)
  ep2 step3840 loss=0.3482 (125.6 clips/s)
  ep2 step3860 loss=0.3494 (125.6 clips/s)
  ep2 step3880 loss=0.3496 (125.6 clips/s)
  ep2 step3900 loss=0.3476 (125.6 clips/s)
  ep2 step3920 loss=0.3464 (125.6 clips/s)
  ep2 step3940 loss=0.3471 (125.7 clips/s)
  ep2 step3960 loss=0.3476 (125.7 clips/s)
  ep2 step3980 loss=0.3456 (125.7 clips/s)
  ep2 step4000 loss=0.3451 (125.7 clips/s)
  ep2 step4020 loss=0.3454 (125.7 clips/s)
  ep2 step4040 loss=0.3451 (125.7 clips/s)
  ep2 step4060 loss=0.3439 (125.7 clips/s)
  ep2 step4080 loss=0.3448 (125.7 clips/s)
  ep2 step4100 loss=0.3441 (125.8 clips/s)
  ep2 step4120 loss=0.3460 (125.8 clips/s)
  ep2 step4140 loss=0.3464 (125.8 clips/s)
  ep2 step4160 loss=0.3462 (125.8 clips/s)
  ep2 step4180 loss=0.3455 (125.8 clips/s)
  ep2 step4200 loss=0.3456 (125.8 clips/s)
  ep2 step4220 loss=0.3449 (125.8 clips/s)
  ep2 step4240 loss=0.3451 (125.8 clips/s)
  ep2 step4260 loss=0.3463 (125.8 clips/s)
  ep2 step4280 loss=0.3459 (125.8 clips/s)
  ep2 step4300 loss=0.3466 (125.8 clips/s)
  ep2 step4320 loss=0.3460 (125.8 clips/s)
  ep2 step4340 loss=0.3452 (125.8 clips/s)
  ep2 step4360 loss=0.3439 (125.9 clips/s)
  ep2 step4380 loss=0.3442 (125.9 clips/s)
  ep2 step4400 loss=0.3454 (125.9 clips/s)
  ep2 step4420 loss=0.3458 (125.9 clips/s)
  ep2 step4440 loss=0.3455 (125.9 clips/s)
  ep2 step4460 loss=0.3455 (125.9 clips/s)
  ep2 step4480 loss=0.3458 (125.9 clips/s)
  ep2 step4500 loss=0.3439 (125.9 clips/s)
  ep2 step4520 loss=0.3441 (125.9 clips/s)
  ep2 step4540 loss=0.3451 (125.9 clips/s)
  ep2 step4560 loss=0.3449 (125.9 clips/s)
  ep2 step4580 loss=0.3457 (125.9 clips/s)
  ep2 step4600 loss=0.3447 (125.9 clips/s)
  ep2 step4620 loss=0.3446 (125.9 clips/s)
  ep2 step4640 loss=0.3446 (125.9 clips/s)
  ep2 step4660 loss=0.3448 (125.9 clips/s)
  ep2 step4680 loss=0.3444 (125.9 clips/s)
  ep2 step4700 loss=0.3450 (125.9 clips/s)
  ep2 step4720 loss=0.3458 (125.9 clips/s)
  ep2 step4740 loss=0.3451 (125.9 clips/s)
  ep2 step4760 loss=0.3451 (126.0 clips/s)
  ep2 step4780 loss=0.3441 (126.0 clips/s)
  ep2 step4800 loss=0.3444 (126.0 clips/s)
  ep2 step4820 loss=0.3448 (126.0 clips/s)
  ep2 step4840 loss=0.3439 (126.0 clips/s)
  ep2 step4860 loss=0.3435 (126.0 clips/s)
  ep2 step4880 loss=0.3443 (126.0 clips/s)
  ep2 step4900 loss=0.3446 (126.0 clips/s)
  ep2 step4920 loss=0.3441 (126.0 clips/s)
  ep2 step4940 loss=0.3440 (126.0 clips/s)
  ep2 step4960 loss=0.3436 (126.0 clips/s)
  ep2 step4980 loss=0.3432 (126.0 clips/s)
  ep2 step5000 loss=0.3429 (126.0 clips/s)
  ep2 step5020 loss=0.3421 (126.0 clips/s)
  ep2 step5040 loss=0.3419 (126.0 clips/s)
  ep2 step5060 loss=0.3425 (126.0 clips/s)
  ep2 step5080 loss=0.3424 (126.0 clips/s)
  ep2 step5100 loss=0.3421 (126.0 clips/s)
  ep2 step5120 loss=0.3420 (126.0 clips/s)
  ep2 step5140 loss=0.3420 (126.0 clips/s)
  ep2 step5160 loss=0.3412 (126.0 clips/s)
  ep2 step5180 loss=0.3413 (126.0 clips/s)
  ep2 step5200 loss=0.3410 (126.0 clips/s)
  ep2 step5220 loss=0.3406 (126.0 clips/s)
  ep2 step5240 loss=0.3403 (126.0 clips/s)
  ep2 step5260 loss=0.3397 (126.0 clips/s)
  ep2 step5280 loss=0.3394 (126.0 clips/s)
  ep2 step5300 loss=0.3401 (126.0 clips/s)
  ep2 step5320 loss=0.3402 (126.0 clips/s)
  ep2 step5340 loss=0.3412 (126.0 clips/s)
  ep2 step5360 loss=0.3410 (126.0 clips/s)
  ep2 step5380 loss=0.3406 (126.0 clips/s)
  ep2 step5400 loss=0.3403 (126.0 clips/s)
  ep2 step5420 loss=0.3396 (126.0 clips/s)
  ep2 step5440 loss=0.3396 (126.1 clips/s)
  ep2 step5460 loss=0.3395 (126.1 clips/s)
  ep2 step5480 loss=0.3395 (126.1 clips/s)
  ep2 step5500 loss=0.3394 (126.1 clips/s)
  ep2 step5520 loss=0.3391 (126.1 clips/s)
  ep2 step5540 loss=0.3384 (126.1 clips/s)
  ep2 step5560 loss=0.3389 (126.1 clips/s)
  ep2 step5580 loss=0.3383 (126.1 clips/s)
  ep2 step5600 loss=0.3377 (126.1 clips/s)
  ep2 step5620 loss=0.3370 (126.1 clips/s)
  ep2 step5640 loss=0.3369 (126.1 clips/s)
  ep2 step5660 loss=0.3365 (126.1 clips/s)
  ep2 step5680 loss=0.3368 (126.1 clips/s)
  ep2 step5700 loss=0.3370 (126.1 clips/s)
  ep2 step5720 loss=0.3373 (126.1 clips/s)
  ep2 step5740 loss=0.3371 (126.1 clips/s)
  ep2 step5760 loss=0.3370 (126.1 clips/s)
  ep2 step5780 loss=0.3365 (126.1 clips/s)
  ep2 step5800 loss=0.3367 (126.1 clips/s)
  ep2 step5820 loss=0.3370 (126.1 clips/s)
  ep2 step5840 loss=0.3368 (126.1 clips/s)
  ep2 step5860 loss=0.3373 (126.1 clips/s)
  ep2 step5880 loss=0.3374 (126.1 clips/s)
  ep2 step5900 loss=0.3372 (126.1 clips/s)
  ep2 step5920 loss=0.3370 (126.1 clips/s)
  ep2 step5940 loss=0.3364 (126.1 clips/s)
  ep2 step5960 loss=0.3359 (126.1 clips/s)
  ep2 step5980 loss=0.3356 (126.1 clips/s)
  ep2 step6000 loss=0.3355 (126.1 clips/s)
[epoch 2] loss=0.3355 val_avg_f1=0.7288 val_acc=0.8808 (13.3 min)
  ep3 step6020 loss=0.2488 (105.9 clips/s)
  ep3 step6040 loss=0.2986 (115.2 clips/s)
  ep3 step6060 loss=0.2834 (118.7 clips/s)
  ep3 step6080 loss=0.2770 (120.5 clips/s)
  ep3 step6100 loss=0.2685 (121.6 clips/s)
  ep3 step6120 loss=0.2583 (122.4 clips/s)
  ep3 step6140 loss=0.2575 (123.0 clips/s)
  ep3 step6160 loss=0.2564 (123.4 clips/s)
  ep3 step6180 loss=0.2607 (123.7 clips/s)
  ep3 step6200 loss=0.2537 (124.0 clips/s)
  ep3 step6220 loss=0.2559 (124.1 clips/s)
  ep3 step6240 loss=0.2512 (124.3 clips/s)
  ep3 step6260 loss=0.2495 (124.5 clips/s)
  ep3 step6280 loss=0.2530 (124.6 clips/s)
  ep3 step6300 loss=0.2546 (124.7 clips/s)
  ep3 step6320 loss=0.2528 (124.8 clips/s)
  ep3 step6340 loss=0.2567 (124.9 clips/s)
  ep3 step6360 loss=0.2573 (125.0 clips/s)
  ep3 step6380 loss=0.2563 (125.1 clips/s)
  ep3 step6400 loss=0.2564 (125.1 clips/s)
  ep3 step6420 loss=0.2547 (125.2 clips/s)
  ep3 step6440 loss=0.2549 (125.2 clips/s)
  ep3 step6460 loss=0.2559 (125.3 clips/s)
  ep3 step6480 loss=0.2548 (125.3 clips/s)
  ep3 step6500 loss=0.2523 (125.4 clips/s)
  ep3 step6520 loss=0.2526 (125.4 clips/s)
  ep3 step6540 loss=0.2544 (125.4 clips/s)
  ep3 step6560 loss=0.2556 (125.5 clips/s)
  ep3 step6580 loss=0.2573 (125.5 clips/s)
  ep3 step6600 loss=0.2594 (125.5 clips/s)
  ep3 step6620 loss=0.2592 (125.5 clips/s)
  ep3 step6640 loss=0.2590 (125.6 clips/s)
  ep3 step6660 loss=0.2579 (125.6 clips/s)
  ep3 step6680 loss=0.2568 (125.6 clips/s)
  ep3 step6700 loss=0.2574 (125.6 clips/s)
  ep3 step6720 loss=0.2569 (125.7 clips/s)
  ep3 step6740 loss=0.2566 (125.7 clips/s)
  ep3 step6760 loss=0.2573 (125.7 clips/s)
  ep3 step6780 loss=0.2572 (125.7 clips/s)
  ep3 step6800 loss=0.2576 (125.7 clips/s)
  ep3 step6820 loss=0.2562 (125.7 clips/s)
  ep3 step6840 loss=0.2544 (125.8 clips/s)
  ep3 step6860 loss=0.2540 (125.8 clips/s)
  ep3 step6880 loss=0.2524 (125.8 clips/s)
  ep3 step6900 loss=0.2509 (125.8 clips/s)
  ep3 step6920 loss=0.2533 (125.8 clips/s)
  ep3 step6940 loss=0.2535 (125.8 clips/s)
  ep3 step6960 loss=0.2533 (125.8 clips/s)
  ep3 step6980 loss=0.2529 (125.8 clips/s)
  ep3 step7000 loss=0.2522 (125.8 clips/s)
  ep3 step7020 loss=0.2512 (125.9 clips/s)
  ep3 step7040 loss=0.2524 (125.9 clips/s)
  ep3 step7060 loss=0.2517 (125.9 clips/s)
  ep3 step7080 loss=0.2506 (125.9 clips/s)
  ep3 step7100 loss=0.2498 (125.9 clips/s)
  ep3 step7120 loss=0.2507 (125.9 clips/s)
  ep3 step7140 loss=0.2501 (125.9 clips/s)
  ep3 step7160 loss=0.2501 (125.9 clips/s)
  ep3 step7180 loss=0.2492 (125.9 clips/s)
  ep3 step7200 loss=0.2501 (125.9 clips/s)
  ep3 step7220 loss=0.2494 (125.9 clips/s)
  ep3 step7240 loss=0.2487 (125.9 clips/s)
  ep3 step7260 loss=0.2475 (125.9 clips/s)
  ep3 step7280 loss=0.2467 (125.9 clips/s)
  ep3 step7300 loss=0.2471 (125.9 clips/s)
  ep3 step7320 loss=0.2479 (125.9 clips/s)
  ep3 step7340 loss=0.2482 (126.0 clips/s)
  ep3 step7360 loss=0.2473 (126.0 clips/s)
  ep3 step7380 loss=0.2477 (126.0 clips/s)
  ep3 step7400 loss=0.2472 (126.0 clips/s)
  ep3 step7420 loss=0.2468 (126.0 clips/s)
  ep3 step7440 loss=0.2474 (126.0 clips/s)
  ep3 step7460 loss=0.2469 (126.0 clips/s)
  ep3 step7480 loss=0.2475 (126.0 clips/s)
  ep3 step7500 loss=0.2474 (126.0 clips/s)
  ep3 step7520 loss=0.2473 (126.0 clips/s)
  ep3 step7540 loss=0.2469 (126.0 clips/s)
  ep3 step7560 loss=0.2463 (126.0 clips/s)
  ep3 step7580 loss=0.2455 (126.0 clips/s)
  ep3 step7600 loss=0.2452 (126.0 clips/s)
  ep3 step7620 loss=0.2455 (126.0 clips/s)
  ep3 step7640 loss=0.2457 (126.0 clips/s)
  ep3 step7660 loss=0.2465 (126.0 clips/s)
  ep3 step7680 loss=0.2466 (126.0 clips/s)
  ep3 step7700 loss=0.2456 (126.0 clips/s)
  ep3 step7720 loss=0.2455 (126.0 clips/s)
  ep3 step7740 loss=0.2467 (126.0 clips/s)
  ep3 step7760 loss=0.2467 (126.0 clips/s)
  ep3 step7780 loss=0.2467 (126.0 clips/s)
  ep3 step7800 loss=0.2470 (126.0 clips/s)
  ep3 step7820 loss=0.2471 (126.0 clips/s)
  ep3 step7840 loss=0.2465 (126.1 clips/s)
  ep3 step7860 loss=0.2469 (126.1 clips/s)
  ep3 step7880 loss=0.2476 (126.1 clips/s)
  ep3 step7900 loss=0.2481 (126.1 clips/s)
  ep3 step7920 loss=0.2476 (126.1 clips/s)
  ep3 step7940 loss=0.2473 (126.1 clips/s)
  ep3 step7960 loss=0.2468 (126.1 clips/s)
  ep3 step7980 loss=0.2467 (126.1 clips/s)
  ep3 step8000 loss=0.2469 (126.1 clips/s)
  ep3 step8020 loss=0.2472 (126.1 clips/s)
  ep3 step8040 loss=0.2473 (126.1 clips/s)
  ep3 step8060 loss=0.2466 (126.1 clips/s)
  ep3 step8080 loss=0.2468 (126.1 clips/s)
  ep3 step8100 loss=0.2475 (126.1 clips/s)
  ep3 step8120 loss=0.2477 (126.1 clips/s)
  ep3 step8140 loss=0.2475 (126.1 clips/s)
  ep3 step8160 loss=0.2474 (126.1 clips/s)
  ep3 step8180 loss=0.2468 (126.1 clips/s)
  ep3 step8200 loss=0.2476 (126.1 clips/s)
  ep3 step8220 loss=0.2483 (126.1 clips/s)
  ep3 step8240 loss=0.2479 (126.1 clips/s)
  ep3 step8260 loss=0.2485 (126.1 clips/s)
  ep3 step8280 loss=0.2486 (126.1 clips/s)
  ep3 step8300 loss=0.2483 (126.1 clips/s)
  ep3 step8320 loss=0.2485 (126.1 clips/s)
  ep3 step8340 loss=0.2484 (126.1 clips/s)
  ep3 step8360 loss=0.2483 (126.1 clips/s)
  ep3 step8380 loss=0.2479 (126.1 clips/s)
  ep3 step8400 loss=0.2477 (126.1 clips/s)
  ep3 step8420 loss=0.2479 (126.1 clips/s)
  ep3 step8440 loss=0.2473 (126.1 clips/s)
  ep3 step8460 loss=0.2469 (126.1 clips/s)
  ep3 step8480 loss=0.2469 (126.1 clips/s)
  ep3 step8500 loss=0.2467 (126.1 clips/s)
  ep3 step8520 loss=0.2467 (126.1 clips/s)
  ep3 step8540 loss=0.2471 (126.1 clips/s)
  ep3 step8560 loss=0.2468 (126.1 clips/s)
  ep3 step8580 loss=0.2475 (126.1 clips/s)
  ep3 step8600 loss=0.2472 (126.1 clips/s)
  ep3 step8620 loss=0.2470 (126.1 clips/s)
  ep3 step8640 loss=0.2468 (126.1 clips/s)
  ep3 step8660 loss=0.2475 (126.1 clips/s)
  ep3 step8680 loss=0.2468 (126.1 clips/s)
  ep3 step8700 loss=0.2468 (126.1 clips/s)
  ep3 step8720 loss=0.2468 (126.1 clips/s)
  ep3 step8740 loss=0.2467 (126.1 clips/s)
  ep3 step8760 loss=0.2464 (126.1 clips/s)
  ep3 step8780 loss=0.2461 (126.1 clips/s)
  ep3 step8800 loss=0.2456 (126.1 clips/s)
  ep3 step8820 loss=0.2459 (126.1 clips/s)
  ep3 step8840 loss=0.2452 (126.1 clips/s)
  ep3 step8860 loss=0.2454 (126.1 clips/s)
  ep3 step8880 loss=0.2458 (126.1 clips/s)
  ep3 step8900 loss=0.2457 (126.2 clips/s)
  ep3 step8920 loss=0.2455 (126.2 clips/s)
  ep3 step8940 loss=0.2457 (126.2 clips/s)
  ep3 step8960 loss=0.2455 (126.2 clips/s)
  ep3 step8980 loss=0.2453 (126.2 clips/s)
  ep3 step9000 loss=0.2456 (126.2 clips/s)
[epoch 3] loss=0.2456 val_avg_f1=0.7219 val_acc=0.8820 (13.3 min)
  ep4 step9020 loss=0.1705 (104.7 clips/s)
  ep4 step9040 loss=0.1632 (114.6 clips/s)
  ep4 step9060 loss=0.1550 (118.2 clips/s)
  ep4 step9080 loss=0.1641 (120.1 clips/s)
  ep4 step9100 loss=0.1772 (121.3 clips/s)
  ep4 step9120 loss=0.1692 (122.1 clips/s)
  ep4 step9140 loss=0.1737 (122.7 clips/s)
  ep4 step9160 loss=0.1715 (123.1 clips/s)
  ep4 step9180 loss=0.1785 (123.5 clips/s)
  ep4 step9200 loss=0.1738 (123.8 clips/s)
  ep4 step9220 loss=0.1722 (124.0 clips/s)
  ep4 step9240 loss=0.1724 (124.2 clips/s)
  ep4 step9260 loss=0.1691 (124.3 clips/s)
  ep4 step9280 loss=0.1669 (124.5 clips/s)
  ep4 step9300 loss=0.1709 (124.6 clips/s)
  ep4 step9320 loss=0.1673 (124.7 clips/s)
  ep4 step9340 loss=0.1679 (124.8 clips/s)
  ep4 step9360 loss=0.1684 (124.9 clips/s)
  ep4 step9380 loss=0.1675 (124.9 clips/s)
  ep4 step9400 loss=0.1694 (125.0 clips/s)
  ep4 step9420 loss=0.1713 (125.1 clips/s)
  ep4 step9440 loss=0.1686 (125.1 clips/s)
  ep4 step9460 loss=0.1696 (125.2 clips/s)
  ep4 step9480 loss=0.1691 (125.2 clips/s)
  ep4 step9500 loss=0.1706 (125.3 clips/s)
  ep4 step9520 loss=0.1709 (125.3 clips/s)
  ep4 step9540 loss=0.1704 (125.3 clips/s)
  ep4 step9560 loss=0.1713 (125.4 clips/s)
  ep4 step9580 loss=0.1742 (125.4 clips/s)
  ep4 step9600 loss=0.1729 (125.4 clips/s)
  ep4 step9620 loss=0.1730 (125.5 clips/s)
  ep4 step9640 loss=0.1723 (125.5 clips/s)
  ep4 step9660 loss=0.1745 (125.5 clips/s)
  ep4 step9680 loss=0.1738 (125.5 clips/s)
  ep4 step9700 loss=0.1726 (125.6 clips/s)
  ep4 step9720 loss=0.1725 (125.6 clips/s)
  ep4 step9740 loss=0.1715 (125.6 clips/s)
  ep4 step9760 loss=0.1715 (125.6 clips/s)
  ep4 step9780 loss=0.1715 (125.6 clips/s)
  ep4 step9800 loss=0.1732 (125.6 clips/s)
  ep4 step9820 loss=0.1736 (125.6 clips/s)
  ep4 step9840 loss=0.1736 (125.7 clips/s)
  ep4 step9860 loss=0.1720 (125.7 clips/s)
  ep4 step9880 loss=0.1722 (125.7 clips/s)
  ep4 step9900 loss=0.1714 (125.7 clips/s)
  ep4 step9920 loss=0.1721 (125.7 clips/s)
  ep4 step9940 loss=0.1733 (125.7 clips/s)
  ep4 step9960 loss=0.1733 (125.7 clips/s)
  ep4 step9980 loss=0.1728 (125.7 clips/s)
  ep4 step10000 loss=0.1731 (125.8 clips/s)
  ep4 step10020 loss=0.1723 (125.8 clips/s)
  ep4 step10040 loss=0.1713 (125.8 clips/s)
  ep4 step10060 loss=0.1705 (125.8 clips/s)
  ep4 step10080 loss=0.1700 (125.8 clips/s)
  ep4 step10100 loss=0.1702 (125.8 clips/s)
  ep4 step10120 loss=0.1700 (125.8 clips/s)
  ep4 step10140 loss=0.1703 (125.8 clips/s)
  ep4 step10160 loss=0.1700 (125.8 clips/s)
  ep4 step10180 loss=0.1702 (125.8 clips/s)
  ep4 step10200 loss=0.1700 (125.8 clips/s)
  ep4 step10220 loss=0.1700 (125.9 clips/s)
  ep4 step10240 loss=0.1708 (125.9 clips/s)
  ep4 step10260 loss=0.1702 (125.9 clips/s)
  ep4 step10280 loss=0.1698 (125.9 clips/s)
  ep4 step10300 loss=0.1690 (125.9 clips/s)
  ep4 step10320 loss=0.1694 (125.9 clips/s)
  ep4 step10340 loss=0.1690 (125.9 clips/s)
  ep4 step10360 loss=0.1687 (125.9 clips/s)
  ep4 step10380 loss=0.1696 (125.9 clips/s)
  ep4 step10400 loss=0.1691 (125.9 clips/s)
  ep4 step10420 loss=0.1686 (125.9 clips/s)
  ep4 step10440 loss=0.1686 (125.9 clips/s)
  ep4 step10460 loss=0.1682 (125.9 clips/s)
  ep4 step10480 loss=0.1684 (125.9 clips/s)
  ep4 step10500 loss=0.1674 (125.9 clips/s)
  ep4 step10520 loss=0.1678 (125.9 clips/s)
  ep4 step10540 loss=0.1686 (125.9 clips/s)
  ep4 step10560 loss=0.1680 (125.9 clips/s)
  ep4 step10580 loss=0.1685 (125.9 clips/s)
  ep4 step10600 loss=0.1685 (125.9 clips/s)
  ep4 step10620 loss=0.1678 (125.9 clips/s)
  ep4 step10640 loss=0.1675 (126.0 clips/s)
  ep4 step10660 loss=0.1676 (126.0 clips/s)
  ep4 step10680 loss=0.1672 (126.0 clips/s)
  ep4 step10700 loss=0.1674 (126.0 clips/s)
  ep4 step10720 loss=0.1678 (126.0 clips/s)
  ep4 step10740 loss=0.1675 (126.0 clips/s)
  ep4 step10760 loss=0.1672 (126.0 clips/s)
  ep4 step10780 loss=0.1664 (126.0 clips/s)
  ep4 step10800 loss=0.1667 (126.0 clips/s)
  ep4 step10820 loss=0.1664 (126.0 clips/s)
  ep4 step10840 loss=0.1661 (126.0 clips/s)
  ep4 step10860 loss=0.1661 (126.0 clips/s)
  ep4 step10880 loss=0.1661 (126.0 clips/s)
  ep4 step10900 loss=0.1657 (126.0 clips/s)
  ep4 step10920 loss=0.1655 (126.0 clips/s)
  ep4 step10940 loss=0.1653 (126.0 clips/s)
  ep4 step10960 loss=0.1656 (126.0 clips/s)
  ep4 step10980 loss=0.1651 (126.0 clips/s)
  ep4 step11000 loss=0.1645 (126.0 clips/s)
  ep4 step11020 loss=0.1640 (126.0 clips/s)
  ep4 step11040 loss=0.1637 (126.0 clips/s)
  ep4 step11060 loss=0.1638 (126.0 clips/s)
  ep4 step11080 loss=0.1630 (126.0 clips/s)
  ep4 step11100 loss=0.1627 (126.0 clips/s)
  ep4 step11120 loss=0.1627 (126.0 clips/s)
  ep4 step11140 loss=0.1625 (126.0 clips/s)
  ep4 step11160 loss=0.1626 (126.0 clips/s)
  ep4 step11180 loss=0.1625 (126.0 clips/s)
  ep4 step11200 loss=0.1623 (126.0 clips/s)
  ep4 step11220 loss=0.1631 (126.0 clips/s)
  ep4 step11240 loss=0.1627 (126.0 clips/s)
  ep4 step11260 loss=0.1622 (126.0 clips/s)
  ep4 step11280 loss=0.1622 (126.0 clips/s)
  ep4 step11300 loss=0.1627 (126.0 clips/s)
  ep4 step11320 loss=0.1626 (126.1 clips/s)
  ep4 step11340 loss=0.1626 (126.1 clips/s)
  ep4 step11360 loss=0.1626 (126.1 clips/s)
  ep4 step11380 loss=0.1625 (126.1 clips/s)
  ep4 step11400 loss=0.1621 (126.1 clips/s)
  ep4 step11420 loss=0.1617 (126.1 clips/s)
  ep4 step11440 loss=0.1617 (126.1 clips/s)
  ep4 step11460 loss=0.1617 (126.1 clips/s)
  ep4 step11480 loss=0.1614 (126.1 clips/s)
  ep4 step11500 loss=0.1612 (126.1 clips/s)
  ep4 step11520 loss=0.1616 (126.1 clips/s)
  ep4 step11540 loss=0.1613 (126.1 clips/s)
  ep4 step11560 loss=0.1613 (126.1 clips/s)
  ep4 step11580 loss=0.1616 (126.1 clips/s)
  ep4 step11600 loss=0.1614 (126.1 clips/s)
  ep4 step11620 loss=0.1608 (126.1 clips/s)
  ep4 step11640 loss=0.1607 (126.1 clips/s)
  ep4 step11660 loss=0.1603 (126.1 clips/s)
  ep4 step11680 loss=0.1603 (126.1 clips/s)
  ep4 step11700 loss=0.1602 (126.1 clips/s)
  ep4 step11720 loss=0.1602 (126.1 clips/s)
  ep4 step11740 loss=0.1600 (126.1 clips/s)
  ep4 step11760 loss=0.1603 (126.1 clips/s)
  ep4 step11780 loss=0.1605 (126.1 clips/s)
  ep4 step11800 loss=0.1605 (126.1 clips/s)
  ep4 step11820 loss=0.1601 (126.1 clips/s)
  ep4 step11840 loss=0.1604 (126.1 clips/s)
  ep4 step11860 loss=0.1601 (126.1 clips/s)
  ep4 step11880 loss=0.1597 (126.1 clips/s)
  ep4 step11900 loss=0.1595 (126.1 clips/s)
  ep4 step11920 loss=0.1599 (126.1 clips/s)
  ep4 step11940 loss=0.1596 (126.1 clips/s)
  ep4 step11960 loss=0.1599 (126.1 clips/s)
  ep4 step11980 loss=0.1599 (126.1 clips/s)
  ep4 step12000 loss=0.1600 (126.1 clips/s)
[epoch 4] loss=0.1600 val_avg_f1=0.7232 val_acc=0.8947 (13.3 min)
[train] early stop: no val improvement for 2 epoch(s)
[train] finished in 53.1 min, best val avg_f1=0.7288
/root/autodl-tmp/experiments/train_p10_tsm.py:338: FutureWarning: You are using `torch.load` with `weights_only=False` (the current default value), which uses the default pickle module implicitly. It is possible to construct malicious pickle data which will execute arbitrary code during unpickling (See https://github.com/pytorch/pytorch/blob/main/SECURITY.md#untrusted-models for more details). In a future release, the default value for `weights_only` will be flipped to `True`. This limits the functions that could be executed during unpickling. Arbitrary objects will no longer be allowed to be loaded via this mode unless they are explicitly allowlisted by the user via `torch.serialization.add_safe_globals`. We recommend you start setting `weights_only=True` for any use case where you don't have full control of the loaded file. Please open an issue on GitHub for any issues related to this experimental feature.
  ckpt = torch.load(ckpt_path, map_location="cpu")
[test] 1200 videos -> 12000 clips (stride=8)
[test] avg_f1=0.7054 acc=0.8682 fall_f1=0.6156 fallen_f1=0.5732 (n=12000)
[train] logs -> /root/autodl-tmp/logs/phase10/i3d_r50

=============== [2026-09-14 07:48:53] TRAINING DONE ===============


=============== [2026-09-14 07:48:53] EVAL: dense per-frame dump ===============

/root/miniconda3/lib/python3.10/site-packages/torchvision/io/image.py:13: UserWarning: Failed to load image Python extension: '/root/miniconda3/lib/python3.10/site-packages/torchvision/image.so: undefined symbol: _ZN3c1017RegisterOperatorsD1Ev'If you don't plan on using image functionality from `torchvision.io`, you can ignore this warning. Otherwise, there might be something wrong with your environment. Did you have `libjpeg` or `libpng` installed before building `torchvision` from source?
  warn(
[data] model=i3d_r50 frames=8 | train clips=96000 (missing=0), val clips=12000 (missing=0)
[data] label counts=[8278, 7164, 80558] -> weights=[1.328, 1.535, 0.137]
[model] i3d_r50 params=27.23M
/root/autodl-tmp/experiments/train_p10_tsm.py:338: FutureWarning: You are using `torch.load` with `weights_only=False` (the current default value), which uses the default pickle module implicitly. It is possible to construct malicious pickle data which will execute arbitrary code during unpickling (See https://github.com/pytorch/pytorch/blob/main/SECURITY.md#untrusted-models for more details). In a future release, the default value for `weights_only` will be flipped to `True`. This limits the functions that could be executed during unpickling. Arbitrary objects will no longer be allowed to be loaded via this mode unless they are explicitly allowlisted by the user via `torch.serialization.add_safe_globals`. We recommend you start setting `weights_only=True` for any use case where you don't have full control of the loaded file. Please open an issue on GitHub for any issues related to this experimental feature.
  ckpt = torch.load(ckpt_path, map_location="cpu")
[test] 1200 videos -> 87600 clips (stride=1)
[test] avg_f1=0.7076 acc=0.8696 fall_f1=0.6213 fallen_f1=0.5735 (n=96000)

=============== [2026-09-14 07:53:19] EVAL: timeline metrics ===============

=== timeline (event-level, per-video) ===
  videos=1200  has_fall=211  has_fallen=150
  fall_f1=0.7526  fallen_f1=0.6377  avg_f1=0.7103
  coverage: fall=0.972  fallen=0.793
  false alarm: fall=0.123  fallen=0.119
  flips/video=0.79  order_correct=0.993
=== instance (same frames) ===
  avg_f1=0.7076 acc=0.8696 fall_f1=0.6213 fallen_f1=0.5735 n=96000
saved -> logs/phase10/i3d_r50/timeline_results.json

=============== [2026-09-14 07:53:24] EVAL: same-frame comparison vs E1-full ===============

common videos = 1200
E1-full    inst: acc=0.9370 avg_f1=0.8296 fall_f1=0.7689 fallen_f1=0.7510
           time: fall_f1=0.7827 fallen_f1=0.6989 avg_f1=0.7413 | cov 0.962/0.833 | FA 0.026/0.035 | flips 0.63
i3d_r50    inst: acc=0.8696 avg_f1=0.7076 fall_f1=0.6213 fallen_f1=0.5735
           time: fall_f1=0.7526 fallen_f1=0.6377 avg_f1=0.7103 | cov 0.972/0.793 | FA 0.123/0.119 | flips 0.79
delta (i3d_r50 - E1): acc -0.0674 | avg_f1 -0.1220 | fall_f1 -0.1477 | fallen_f1 -0.1775
saved -> logs/phase10/i3d_r50/compare_e1_vs_i3d_r50.json

=============== [2026-09-14 07:53:28] ALL DONE — logs/phase10/i3d_r50/P10_i3d_r50_DONE ===============

