[1] 加载 facebook/dinov2-giant(fp16) + LoRA(r=16) + Phase6 bridge 头
Loading weights:   0%|          | 0/727 [00:00<?, ?it/s]Loading weights: 100%|██████████| 727/727 [00:00<00:00, 8026.03it/s]
/root/miniconda3/lib/python3.12/site-packages/torch/nn/modules/transformer.py:392: UserWarning: enable_nested_tensor is True, but self.use_nested_tensor is False because encoder_layer.norm_first was True
  warnings.warn(
  梯度 checkpointing: True
  可训练参数: 10.82M (LoRA + 时序头；主干冻结 fp16)
[2] mp4 现解码数据集: DATASET-omnifall/splits/syn/random/train.csv (window=64, stride=16, workers=16)
  训练视频: 9600 | 窗口: 19200 | 类权重 fall/fallen/normal: [1.318, 1.545, 0.137]
  aux_static loss: 关（λ=0，训练行为与基线一致）
step 50 | loss 3.0467 | fall/fallen/normal acc 0.027/0.123/0.879 | lr 1.00e-04
step 100 | loss 2.1490 | fall/fallen/normal acc 0.116/0.161/0.922 | lr 1.00e-04
step 150 | loss 1.6903 | fall/fallen/normal acc 0.178/0.142/0.922 | lr 1.00e-04
step 200 | loss 1.8560 | fall/fallen/normal acc 0.083/0.297/0.943 | lr 1.00e-04
step 250 | loss 1.9913 | fall/fallen/normal acc 0.195/0.321/0.930 | lr 1.00e-04
step 300 | loss 1.4254 | fall/fallen/normal acc 0.255/0.451/0.944 | lr 1.00e-04
step 350 | loss 1.1436 | fall/fallen/normal acc 0.674/0.031/0.952 | lr 1.00e-04
step 400 | loss 1.0467 | fall/fallen/normal acc 0.356/0.403/0.947 | lr 1.00e-04
step 450 | loss 0.7683 | fall/fallen/normal acc 0.246/0.588/0.982 | lr 1.00e-04
step 500 | loss 1.2961 | fall/fallen/normal acc 0.287/0.186/0.953 | lr 1.00e-04
step 550 | loss 1.2911 | fall/fallen/normal acc 0.504/0.297/0.941 | lr 1.00e-04
step 600 | loss 0.5943 | fall/fallen/normal acc 0.354/0.349/0.965 | lr 1.00e-04
[VAL] step 600 | f1 0.6241 | fallen prec 0.6775 rec 0.2439 | train_loss 1.5249
  [CKPT] 已存 step_600_model.pt
  [BEST] 新最优 f1=0.6241 → best_model.pt
step 650 | loss 0.7355 | fall/fallen/normal acc 0.429/0.620/0.956 | lr 1.00e-04
step 700 | loss 1.2088 | fall/fallen/normal acc 0.510/0.420/0.946 | lr 1.00e-04
step 750 | loss 0.9796 | fall/fallen/normal acc 0.403/0.288/0.930 | lr 1.00e-04
step 800 | loss 1.0236 | fall/fallen/normal acc 0.460/0.200/0.950 | lr 1.00e-04
step 850 | loss 0.8339 | fall/fallen/normal acc 0.248/0.573/0.958 | lr 1.00e-04
step 900 | loss 1.0709 | fall/fallen/normal acc 0.591/0.755/0.941 | lr 1.00e-04
step 950 | loss 0.7582 | fall/fallen/normal acc 0.490/0.476/0.977 | lr 1.00e-04
step 1000 | loss 0.6156 | fall/fallen/normal acc 0.451/0.509/0.976 | lr 1.00e-04
step 1050 | loss 0.4777 | fall/fallen/normal acc 0.529/0.743/0.951 | lr 1.00e-04
step 1100 | loss 0.4508 | fall/fallen/normal acc 0.587/0.316/0.980 | lr 1.00e-04
step 1150 | loss 0.3967 | fall/fallen/normal acc 0.771/0.842/0.940 | lr 1.00e-04
step 1200 | loss 0.7801 | fall/fallen/normal acc 0.690/0.544/0.903 | lr 1.00e-04
[VAL] step 1200 | f1 0.7279 | fallen prec 0.6514 rec 0.7282 | train_loss 0.7776
  [CKPT] 已存 step_1200_model.pt
  [BEST] 新最优 f1=0.7279 → best_model.pt
step 1250 | loss 0.8593 | fall/fallen/normal acc 0.373/0.591/0.979 | lr 1.00e-04
step 1300 | loss 0.6285 | fall/fallen/normal acc 0.532/0.628/0.968 | lr 1.00e-04
step 1350 | loss 0.8468 | fall/fallen/normal acc 0.533/0.630/0.938 | lr 1.00e-04
step 1400 | loss 0.5951 | fall/fallen/normal acc 0.704/0.388/0.949 | lr 1.00e-04
step 1450 | loss 0.7899 | fall/fallen/normal acc 0.604/0.593/0.947 | lr 1.00e-04
step 1500 | loss 0.3549 | fall/fallen/normal acc 0.648/0.800/0.933 | lr 1.00e-04
step 1550 | loss 0.6652 | fall/fallen/normal acc 0.799/0.327/0.961 | lr 1.00e-04
step 1600 | loss 0.3226 | fall/fallen/normal acc 0.699/0.704/0.961 | lr 1.00e-04
step 1650 | loss 0.6549 | fall/fallen/normal acc 0.758/0.300/0.951 | lr 1.00e-04
step 1700 | loss 0.4595 | fall/fallen/normal acc 0.855/0.660/0.965 | lr 1.00e-04
step 1750 | loss 0.6802 | fall/fallen/normal acc 0.418/0.914/0.945 | lr 1.00e-04
step 1800 | loss 0.5593 | fall/fallen/normal acc 0.783/0.307/0.956 | lr 1.00e-04
[VAL] step 1800 | f1 0.8354 | fallen prec 0.7435 rec 0.8533 | train_loss 0.6180
  [CKPT] 已存 step_1800_model.pt
  [BEST] 新最优 f1=0.8354 → best_model.pt
step 1850 | loss 0.2541 | fall/fallen/normal acc 0.729/0.725/0.981 | lr 1.00e-04
step 1900 | loss 0.3863 | fall/fallen/normal acc 0.609/0.737/0.950 | lr 1.00e-04
step 1950 | loss 0.3541 | fall/fallen/normal acc 0.592/0.819/0.963 | lr 1.00e-04
step 2000 | loss 0.6827 | fall/fallen/normal acc 0.695/0.686/0.951 | lr 1.00e-04
step 2050 | loss 0.4002 | fall/fallen/normal acc 0.540/0.656/0.952 | lr 1.00e-04
step 2100 | loss 0.3081 | fall/fallen/normal acc 0.750/0.483/0.932 | lr 1.00e-04
step 2150 | loss 0.6709 | fall/fallen/normal acc 0.806/0.580/0.978 | lr 1.00e-04
step 2200 | loss 0.4407 | fall/fallen/normal acc 0.700/0.426/0.978 | lr 1.00e-04
step 2250 | loss 0.3741 | fall/fallen/normal acc 0.841/0.715/0.965 | lr 1.00e-04
step 2300 | loss 0.5325 | fall/fallen/normal acc 0.760/0.582/0.947 | lr 1.00e-04
step 2350 | loss 0.2881 | fall/fallen/normal acc 0.747/0.917/0.965 | lr 1.00e-04
step 2400 | loss 0.2221 | fall/fallen/normal acc 0.881/0.761/0.963 | lr 1.00e-04
[VAL] step 2400 | f1 0.7224 | fallen prec 0.9727 rec 0.5455 | train_loss 0.4095
  [CKPT] 已存 step_2400_model.pt
step 2450 | loss 0.7336 | fall/fallen/normal acc 0.691/0.596/0.965 | lr 1.00e-04
step 2500 | loss 0.5748 | fall/fallen/normal acc 0.846/0.588/0.937 | lr 1.00e-04
step 2550 | loss 0.3253 | fall/fallen/normal acc 0.872/0.424/0.971 | lr 1.00e-04
step 2600 | loss 0.3946 | fall/fallen/normal acc 0.770/0.659/0.957 | lr 1.00e-04
step 2650 | loss 0.4170 | fall/fallen/normal acc 0.630/0.405/0.965 | lr 1.00e-04
step 2700 | loss 0.4357 | fall/fallen/normal acc 0.862/0.402/0.965 | lr 1.00e-04
step 2750 | loss 0.3644 | fall/fallen/normal acc 0.815/0.771/0.947 | lr 1.00e-04
step 2800 | loss 0.5581 | fall/fallen/normal acc 0.590/0.657/0.974 | lr 1.00e-04
step 2850 | loss 0.6237 | fall/fallen/normal acc 0.626/0.683/0.925 | lr 1.00e-04
step 2900 | loss 0.5582 | fall/fallen/normal acc 0.769/0.660/0.970 | lr 1.00e-04
step 2950 | loss 0.3597 | fall/fallen/normal acc 0.722/0.653/0.956 | lr 1.00e-04
step 3000 | loss 0.4847 | fall/fallen/normal acc 0.676/0.801/0.975 | lr 1.00e-04
[VAL] step 3000 | f1 0.8332 | fallen prec 0.7938 rec 0.8974 | train_loss 0.4858
  [CKPT] 已存 step_3000_model.pt
step 3050 | loss 0.2502 | fall/fallen/normal acc 0.734/0.653/0.979 | lr 1.00e-04
step 3100 | loss 0.5362 | fall/fallen/normal acc 0.772/0.554/0.945 | lr 1.00e-04
step 3150 | loss 0.4312 | fall/fallen/normal acc 0.808/0.644/0.986 | lr 1.00e-04
step 3200 | loss 0.4337 | fall/fallen/normal acc 0.794/0.723/0.921 | lr 1.00e-04
step 3250 | loss 0.5429 | fall/fallen/normal acc 0.753/0.521/0.963 | lr 1.00e-04
step 3300 | loss 0.6229 | fall/fallen/normal acc 0.760/0.500/0.943 | lr 1.00e-04
step 3350 | loss 0.2666 | fall/fallen/normal acc 0.871/0.553/0.972 | lr 1.00e-04
step 3400 | loss 0.3075 | fall/fallen/normal acc 0.827/0.725/0.954 | lr 1.00e-04
step 3450 | loss 0.5120 | fall/fallen/normal acc 0.850/0.691/0.934 | lr 1.00e-04
step 3500 | loss 0.4227 | fall/fallen/normal acc 0.746/0.680/0.957 | lr 1.00e-04
step 3550 | loss 0.2964 | fall/fallen/normal acc 0.896/0.826/0.928 | lr 1.00e-04
step 3600 | loss 0.3280 | fall/fallen/normal acc 0.655/0.837/0.970 | lr 1.00e-04
[VAL] step 3600 | f1 0.8687 | fallen prec 0.8227 rec 0.8686 | train_loss 0.4125
  [CKPT] 已存 step_3600_model.pt
  [BEST] 新最优 f1=0.8687 → best_model.pt
step 3650 | loss 0.2653 | fall/fallen/normal acc 0.745/0.850/0.976 | lr 1.00e-04
step 3700 | loss 0.3917 | fall/fallen/normal acc 0.700/0.700/0.964 | lr 1.00e-04
step 3750 | loss 0.4381 | fall/fallen/normal acc 0.894/0.367/0.965 | lr 1.00e-04
step 3800 | loss 0.3874 | fall/fallen/normal acc 0.755/0.799/0.909 | lr 1.00e-04
step 3850 | loss 0.3283 | fall/fallen/normal acc 0.798/0.626/0.969 | lr 1.00e-04
step 3900 | loss 0.4532 | fall/fallen/normal acc 0.681/0.740/0.944 | lr 1.00e-04
step 3950 | loss 0.3309 | fall/fallen/normal acc 0.927/0.770/0.942 | lr 1.00e-04
step 4000 | loss 0.2866 | fall/fallen/normal acc 0.503/0.737/0.986 | lr 1.00e-04
step 4050 | loss 0.5204 | fall/fallen/normal acc 0.689/0.635/0.965 | lr 1.00e-04
step 4100 | loss 0.2809 | fall/fallen/normal acc 0.837/0.797/0.955 | lr 1.00e-04
step 4150 | loss 0.3398 | fall/fallen/normal acc 0.800/0.816/0.947 | lr 1.00e-04
step 4200 | loss 0.4435 | fall/fallen/normal acc 0.491/0.804/0.940 | lr 1.00e-04
[VAL] step 4200 | f1 0.8680 | fallen prec 0.8303 rec 0.9028 | train_loss 0.3722
  [CKPT] 已存 step_4200_model.pt
step 4250 | loss 0.2110 | fall/fallen/normal acc 0.830/0.726/0.975 | lr 1.00e-04
step 4300 | loss 0.3071 | fall/fallen/normal acc 0.906/0.595/0.960 | lr 1.00e-04
step 4350 | loss 0.1894 | fall/fallen/normal acc 0.773/1.000/0.976 | lr 1.00e-04
step 4400 | loss 0.2615 | fall/fallen/normal acc 0.843/0.757/0.974 | lr 1.00e-04
step 4450 | loss 0.5975 | fall/fallen/normal acc 0.559/0.565/0.929 | lr 1.00e-04
step 4500 | loss 0.3234 | fall/fallen/normal acc 0.654/0.608/0.978 | lr 1.00e-04
step 4550 | loss 0.1804 | fall/fallen/normal acc 0.854/0.825/0.981 | lr 1.00e-04
step 4600 | loss 0.4437 | fall/fallen/normal acc 0.561/0.560/0.945 | lr 1.00e-04
step 4650 | loss 0.5340 | fall/fallen/normal acc 0.872/0.498/0.939 | lr 1.00e-04
step 4700 | loss 0.4430 | fall/fallen/normal acc 0.680/0.875/0.941 | lr 1.00e-04
step 4750 | loss 0.2727 | fall/fallen/normal acc 0.840/0.756/0.975 | lr 1.00e-04
step 4800 | loss 0.2104 | fall/fallen/normal acc 0.890/0.580/0.947 | lr 1.00e-04
[VAL] step 4800 | f1 0.7977 | fallen prec 0.9237 rec 0.5779 | train_loss 0.3312
  [CKPT] 已存 step_4800_model.pt
step 4850 | loss 0.7470 | fall/fallen/normal acc 0.740/0.645/0.965 | lr 1.00e-04
step 4900 | loss 0.2439 | fall/fallen/normal acc 0.684/0.867/0.967 | lr 1.00e-04
step 4950 | loss 0.2698 | fall/fallen/normal acc 0.712/0.770/0.960 | lr 1.00e-04
step 5000 | loss 0.4541 | fall/fallen/normal acc 0.828/0.710/0.957 | lr 1.00e-04
step 5050 | loss 0.4221 | fall/fallen/normal acc 0.717/0.824/0.935 | lr 1.00e-04
step 5100 | loss 0.1651 | fall/fallen/normal acc 0.816/0.919/0.960 | lr 1.00e-04
step 5150 | loss 0.3873 | fall/fallen/normal acc 0.797/0.696/0.964 | lr 1.00e-04
step 5200 | loss 0.5555 | fall/fallen/normal acc 0.658/0.408/0.982 | lr 1.00e-04
step 5250 | loss 0.3312 | fall/fallen/normal acc 0.834/0.570/0.957 | lr 1.00e-04
step 5300 | loss 0.3061 | fall/fallen/normal acc 0.889/0.717/0.957 | lr 1.00e-04
step 5350 | loss 0.6613 | fall/fallen/normal acc 0.905/0.595/0.928 | lr 1.00e-04
step 5400 | loss 0.3641 | fall/fallen/normal acc 0.745/0.781/0.965 | lr 1.00e-04
[VAL] step 5400 | f1 0.8523 | fallen prec 0.8116 rec 0.8839 | train_loss 0.4090
  [CKPT] 已存 step_5400_model.pt
step 5450 | loss 0.4635 | fall/fallen/normal acc 0.757/0.332/0.950 | lr 1.00e-04
step 5500 | loss 0.5145 | fall/fallen/normal acc 0.850/0.656/0.959 | lr 1.00e-04
step 5550 | loss 0.2542 | fall/fallen/normal acc 0.617/0.630/0.965 | lr 1.00e-04
step 5600 | loss 0.3144 | fall/fallen/normal acc 0.888/0.738/0.965 | lr 1.00e-04
step 5650 | loss 0.2215 | fall/fallen/normal acc 0.808/0.781/0.950 | lr 1.00e-04
step 5700 | loss 0.4164 | fall/fallen/normal acc 0.658/0.688/0.958 | lr 1.00e-04
step 5750 | loss 0.4088 | fall/fallen/normal acc 0.841/0.593/0.964 | lr 1.00e-04
step 5800 | loss 0.2210 | fall/fallen/normal acc 0.770/0.765/0.947 | lr 1.00e-04
step 5850 | loss 0.4183 | fall/fallen/normal acc 0.663/0.555/0.960 | lr 1.00e-04
step 5900 | loss 0.2808 | fall/fallen/normal acc 0.766/0.775/0.958 | lr 1.00e-04
step 5950 | loss 0.3450 | fall/fallen/normal acc 0.755/0.538/0.963 | lr 1.00e-04
step 6000 | loss 0.2541 | fall/fallen/normal acc 0.675/0.848/0.979 | lr 1.00e-04
[VAL] step 6000 | f1 0.8628 | fallen prec 0.7504 rec 0.9091 | train_loss 0.3427
  [CKPT] 已存 step_6000_model.pt
step 6050 | loss 0.1916 | fall/fallen/normal acc 0.801/0.832/0.974 | lr 1.00e-04
step 6100 | loss 0.5914 | fall/fallen/normal acc 0.648/0.438/0.964 | lr 1.00e-04
step 6150 | loss 0.2773 | fall/fallen/normal acc 0.695/0.731/0.962 | lr 1.00e-04
step 6200 | loss 0.3136 | fall/fallen/normal acc 0.747/0.818/0.950 | lr 1.00e-04
step 6250 | loss 0.6387 | fall/fallen/normal acc 0.820/0.604/0.939 | lr 1.00e-04
step 6300 | loss 0.3235 | fall/fallen/normal acc 0.856/0.707/0.922 | lr 1.00e-04
step 6350 | loss 0.4174 | fall/fallen/normal acc 0.708/0.520/0.939 | lr 1.00e-04
step 6400 | loss 0.2065 | fall/fallen/normal acc 0.823/0.427/0.989 | lr 1.00e-04
step 6450 | loss 0.2210 | fall/fallen/normal acc 0.919/0.522/0.973 | lr 1.00e-04
step 6500 | loss 0.1343 | fall/fallen/normal acc 0.841/0.807/0.985 | lr 1.00e-04
step 6550 | loss 0.2459 | fall/fallen/normal acc 0.715/0.860/0.974 | lr 1.00e-04
step 6600 | loss 0.3512 | fall/fallen/normal acc 0.828/0.653/0.973 | lr 1.00e-04
[VAL] step 6600 | f1 0.7990 | fallen prec 0.7718 rec 0.7732 | train_loss 0.3260
  [CKPT] 已存 step_6600_model.pt
step 6650 | loss 0.2228 | fall/fallen/normal acc 0.872/0.845/0.955 | lr 1.00e-04
step 6700 | loss 0.5086 | fall/fallen/normal acc 0.880/0.715/0.943 | lr 1.00e-04
step 6750 | loss 0.4873 | fall/fallen/normal acc 0.661/0.989/0.960 | lr 1.00e-04
step 6800 | loss 0.2264 | fall/fallen/normal acc 0.631/0.941/0.971 | lr 1.00e-04
step 6850 | loss 0.1587 | fall/fallen/normal acc 0.824/0.882/0.972 | lr 1.00e-04
step 6900 | loss 0.2674 | fall/fallen/normal acc 0.809/0.754/0.974 | lr 1.00e-04
step 6950 | loss 0.2860 | fall/fallen/normal acc 0.708/0.674/0.992 | lr 1.00e-04
step 7000 | loss 0.3266 | fall/fallen/normal acc 0.755/0.870/0.969 | lr 1.00e-04
step 7050 | loss 0.3011 | fall/fallen/normal acc 0.913/0.828/0.938 | lr 1.00e-04
step 7100 | loss 0.2216 | fall/fallen/normal acc 0.879/0.787/0.967 | lr 1.00e-04
step 7150 | loss 0.2052 | fall/fallen/normal acc 0.919/0.681/0.969 | lr 1.00e-04
step 7200 | loss 0.3094 | fall/fallen/normal acc 0.707/0.816/0.975 | lr 1.00e-04
[VAL] step 7200 | f1 0.8915 | fallen prec 0.8091 rec 0.9424 | train_loss 0.2934
  [CKPT] 已存 step_7200_model.pt
  [BEST] 新最优 f1=0.8915 → best_model.pt
step 7250 | loss 0.2029 | fall/fallen/normal acc 0.738/0.863/0.971 | lr 1.00e-04
step 7300 | loss 0.4580 | fall/fallen/normal acc 0.753/0.621/0.922 | lr 1.00e-04
step 7350 | loss 0.2536 | fall/fallen/normal acc 0.809/0.701/0.948 | lr 1.00e-04
step 7400 | loss 0.3776 | fall/fallen/normal acc 0.740/0.674/0.919 | lr 1.00e-04
step 7450 | loss 0.4100 | fall/fallen/normal acc 0.863/0.480/0.955 | lr 1.00e-04
step 7500 | loss 0.1210 | fall/fallen/normal acc 0.970/0.819/0.981 | lr 1.00e-04
step 7550 | loss 0.4391 | fall/fallen/normal acc 0.830/0.758/0.984 | lr 1.00e-04
step 7600 | loss 0.2583 | fall/fallen/normal acc 0.842/0.672/0.969 | lr 1.00e-04
step 7650 | loss 0.3491 | fall/fallen/normal acc 0.840/0.680/0.941 | lr 1.00e-04
step 7700 | loss 0.3579 | fall/fallen/normal acc 0.801/0.700/0.974 | lr 1.00e-04
step 7750 | loss 0.3685 | fall/fallen/normal acc 0.740/0.735/0.990 | lr 1.00e-04
step 7800 | loss 0.2019 | fall/fallen/normal acc 0.858/0.895/0.990 | lr 1.00e-04
[VAL] step 7800 | f1 0.7915 | fallen prec 0.9689 rec 0.5896 | train_loss 0.3165
  [CKPT] 已存 step_7800_model.pt
step 7850 | loss 0.2482 | fall/fallen/normal acc 0.777/0.746/0.982 | lr 1.00e-04
step 7900 | loss 0.1218 | fall/fallen/normal acc 0.927/0.900/0.963 | lr 1.00e-04
step 7950 | loss 0.4850 | fall/fallen/normal acc 0.653/0.820/0.968 | lr 1.00e-04
step 8000 | loss 0.2578 | fall/fallen/normal acc 0.759/0.846/0.951 | lr 1.00e-04
step 8050 | loss 0.2711 | fall/fallen/normal acc 0.742/0.679/0.977 | lr 1.00e-04
step 8100 | loss 0.1777 | fall/fallen/normal acc 0.676/0.814/0.960 | lr 1.00e-04
step 8150 | loss 0.2547 | fall/fallen/normal acc 0.697/0.889/0.966 | lr 1.00e-04
step 8200 | loss 0.1728 | fall/fallen/normal acc 0.825/0.911/0.964 | lr 1.00e-04
step 8250 | loss 0.2851 | fall/fallen/normal acc 0.800/0.699/0.967 | lr 1.00e-04
step 8300 | loss 0.1885 | fall/fallen/normal acc 0.894/0.853/0.962 | lr 1.00e-04
step 8350 | loss 0.3408 | fall/fallen/normal acc 0.803/0.874/0.977 | lr 1.00e-04
step 8400 | loss 0.4902 | fall/fallen/normal acc 0.812/0.528/0.963 | lr 1.00e-04
[VAL] step 8400 | f1 0.8681 | fallen prec 0.8759 rec 0.8830 | train_loss 0.2745
  [CKPT] 已存 step_8400_model.pt
step 8450 | loss 0.1415 | fall/fallen/normal acc 0.813/0.861/0.977 | lr 1.00e-04
step 8500 | loss 0.1768 | fall/fallen/normal acc 0.869/0.864/0.947 | lr 1.00e-04
step 8550 | loss 0.2231 | fall/fallen/normal acc 0.870/0.784/0.955 | lr 1.00e-04
step 8600 | loss 0.3714 | fall/fallen/normal acc 0.542/0.705/0.971 | lr 1.00e-04
step 8650 | loss 0.5240 | fall/fallen/normal acc 0.692/0.606/0.942 | lr 1.00e-04
step 8700 | loss 0.3467 | fall/fallen/normal acc 0.696/0.742/0.932 | lr 1.00e-04
step 8750 | loss 0.2719 | fall/fallen/normal acc 0.731/0.741/0.960 | lr 1.00e-04
step 8800 | loss 0.4049 | fall/fallen/normal acc 0.723/0.883/0.960 | lr 1.00e-04
step 8850 | loss 0.4623 | fall/fallen/normal acc 0.711/0.590/0.953 | lr 1.00e-04
step 8900 | loss 0.3013 | fall/fallen/normal acc 0.651/0.737/0.980 | lr 1.00e-04
step 8950 | loss 0.3048 | fall/fallen/normal acc 0.538/0.796/0.980 | lr 1.00e-04
step 9000 | loss 0.3836 | fall/fallen/normal acc 0.923/0.716/0.965 | lr 1.00e-04
[VAL] step 9000 | f1 0.8380 | fallen prec 0.8835 rec 0.7372 | train_loss 0.3260
  [CKPT] 已存 step_9000_model.pt
step 9050 | loss 0.6497 | fall/fallen/normal acc 0.670/0.702/0.951 | lr 1.00e-04
step 9100 | loss 0.3333 | fall/fallen/normal acc 0.542/0.569/0.973 | lr 1.00e-04
step 9150 | loss 0.3196 | fall/fallen/normal acc 0.745/0.589/0.941 | lr 1.00e-04
step 9200 | loss 0.3803 | fall/fallen/normal acc 0.858/0.604/0.932 | lr 1.00e-04
step 9250 | loss 0.3646 | fall/fallen/normal acc 0.716/0.344/0.959 | lr 1.00e-04
step 9300 | loss 0.5450 | fall/fallen/normal acc 0.843/0.578/0.954 | lr 1.00e-04
step 9350 | loss 0.1661 | fall/fallen/normal acc 0.902/0.897/0.958 | lr 1.00e-04
step 9400 | loss 0.2469 | fall/fallen/normal acc 0.860/0.766/0.973 | lr 1.00e-04
step 9450 | loss 0.2068 | fall/fallen/normal acc 0.888/0.514/0.977 | lr 1.00e-04
step 9500 | loss 0.2242 | fall/fallen/normal acc 0.667/0.889/0.967 | lr 1.00e-04
step 9550 | loss 0.3426 | fall/fallen/normal acc 0.748/0.964/0.943 | lr 1.00e-04
step 9600 | loss 0.3426 | fall/fallen/normal acc 0.730/0.695/0.951 | lr 1.00e-04
[VAL] step 9600 | f1 0.8541 | fallen prec 0.8460 rec 0.8704 | train_loss 0.3435
  [CKPT] 已存 step_9600_model.pt
[EPOCH 1] 完成，已存 epoch_1_model.pt
step 9650 | loss 0.1129 | fall/fallen/normal acc 0.856/0.917/0.973 | lr 1.00e-04
step 9700 | loss 0.2362 | fall/fallen/normal acc 0.809/0.919/0.949 | lr 1.00e-04
step 9750 | loss 0.1586 | fall/fallen/normal acc 0.952/0.653/0.950 | lr 1.00e-04
step 9800 | loss 0.1690 | fall/fallen/normal acc 0.848/0.847/0.973 | lr 1.00e-04
step 9850 | loss 0.1736 | fall/fallen/normal acc 0.937/0.867/0.981 | lr 1.00e-04
step 9900 | loss 0.1988 | fall/fallen/normal acc 0.808/0.829/0.950 | lr 1.00e-04
step 9950 | loss 0.2444 | fall/fallen/normal acc 0.844/0.890/0.961 | lr 1.00e-04
step 10000 | loss 0.2293 | fall/fallen/normal acc 0.623/0.919/0.963 | lr 1.00e-04
step 10050 | loss 0.1783 | fall/fallen/normal acc 0.820/0.813/0.979 | lr 1.00e-04
step 10100 | loss 0.3084 | fall/fallen/normal acc 0.780/0.844/0.972 | lr 1.00e-04
step 10150 | loss 0.2193 | fall/fallen/normal acc 0.847/0.892/0.969 | lr 1.00e-04
step 10200 | loss 0.2002 | fall/fallen/normal acc 0.944/0.613/0.971 | lr 1.00e-04
[VAL] step 10200 | f1 0.8895 | fallen prec 0.8616 rec 0.9136 | train_loss 0.2024
  [CKPT] 已存 step_10200_model.pt
step 10250 | loss 0.1147 | fall/fallen/normal acc 0.916/0.819/0.983 | lr 1.00e-04
step 10300 | loss 0.2218 | fall/fallen/normal acc 0.764/0.877/0.982 | lr 1.00e-04
step 10350 | loss 0.2198 | fall/fallen/normal acc 0.881/0.859/0.924 | lr 1.00e-04
step 10400 | loss 0.2492 | fall/fallen/normal acc 0.715/0.853/0.995 | lr 1.00e-04
step 10450 | loss 0.3181 | fall/fallen/normal acc 0.853/0.699/0.974 | lr 1.00e-04
step 10500 | loss 0.2356 | fall/fallen/normal acc 0.944/0.692/0.973 | lr 1.00e-04
step 10550 | loss 0.2038 | fall/fallen/normal acc 0.853/0.842/0.953 | lr 1.00e-04
step 10600 | loss 0.1948 | fall/fallen/normal acc 0.919/0.760/0.964 | lr 1.00e-04
step 10650 | loss 0.3004 | fall/fallen/normal acc 0.815/0.826/0.949 | lr 1.00e-04
step 10700 | loss 0.2020 | fall/fallen/normal acc 0.746/0.974/0.961 | lr 1.00e-04
step 10750 | loss 0.4572 | fall/fallen/normal acc 0.746/0.734/0.968 | lr 1.00e-04
step 10800 | loss 0.1694 | fall/fallen/normal acc 0.878/0.762/0.982 | lr 1.00e-04
[VAL] step 10800 | f1 0.8707 | fallen prec 0.8606 rec 0.8227 | train_loss 0.2406
  [CKPT] 已存 step_10800_model.pt
step 10850 | loss 0.4035 | fall/fallen/normal acc 0.547/0.751/0.975 | lr 1.00e-04
step 10900 | loss 0.1662 | fall/fallen/normal acc 0.861/0.879/0.972 | lr 1.00e-04
step 10950 | loss 0.2004 | fall/fallen/normal acc 0.814/0.838/0.983 | lr 1.00e-04
step 11000 | loss 0.1730 | fall/fallen/normal acc 0.861/0.974/0.957 | lr 1.00e-04
step 11050 | loss 0.1952 | fall/fallen/normal acc 0.863/0.794/0.970 | lr 1.00e-04
step 11100 | loss 0.2522 | fall/fallen/normal acc 0.755/0.854/0.949 | lr 1.00e-04
step 11150 | loss 0.1505 | fall/fallen/normal acc 0.896/0.861/0.965 | lr 1.00e-04
step 11200 | loss 0.3625 | fall/fallen/normal acc 0.889/0.599/0.947 | lr 1.00e-04
step 11250 | loss 0.3567 | fall/fallen/normal acc 0.949/0.633/0.979 | lr 1.00e-04
step 11300 | loss 0.2109 | fall/fallen/normal acc 0.781/0.866/0.955 | lr 1.00e-04
step 11350 | loss 0.1406 | fall/fallen/normal acc 0.788/0.930/0.965 | lr 1.00e-04
step 11400 | loss 0.1766 | fall/fallen/normal acc 0.815/0.932/0.972 | lr 1.00e-04
[VAL] step 11400 | f1 0.8821 | fallen prec 0.8136 rec 0.9073 | train_loss 0.2324
  [CKPT] 已存 step_11400_model.pt
step 11450 | loss 0.2139 | fall/fallen/normal acc 0.884/0.841/0.967 | lr 1.00e-04
step 11500 | loss 0.2329 | fall/fallen/normal acc 0.849/0.706/0.966 | lr 1.00e-04
step 11550 | loss 0.0738 | fall/fallen/normal acc 0.910/0.904/0.992 | lr 1.00e-04
step 11600 | loss 0.1472 | fall/fallen/normal acc 0.861/0.960/0.965 | lr 1.00e-04
step 11650 | loss 0.1756 | fall/fallen/normal acc 0.810/0.895/0.978 | lr 1.00e-04
step 11700 | loss 0.2790 | fall/fallen/normal acc 0.813/0.828/0.966 | lr 1.00e-04
step 11750 | loss 0.3096 | fall/fallen/normal acc 0.716/0.641/0.965 | lr 1.00e-04
step 11800 | loss 0.2132 | fall/fallen/normal acc 0.836/0.944/0.961 | lr 1.00e-04
step 11850 | loss 0.2818 | fall/fallen/normal acc 0.837/0.916/0.958 | lr 1.00e-04
step 11900 | loss 0.1813 | fall/fallen/normal acc 0.781/0.921/0.980 | lr 1.00e-04
step 11950 | loss 0.1989 | fall/fallen/normal acc 0.808/0.944/0.968 | lr 1.00e-04
step 12000 | loss 0.2993 | fall/fallen/normal acc 0.826/0.775/0.970 | lr 1.00e-04
[VAL] step 12000 | f1 0.8972 | fallen prec 0.8739 rec 0.9046 | train_loss 0.2172
  [CKPT] 已存 step_12000_model.pt
  [BEST] 新最优 f1=0.8972 → best_model.pt
step 12050 | loss 0.2754 | fall/fallen/normal acc 0.962/0.783/0.956 | lr 1.00e-04
step 12100 | loss 0.3973 | fall/fallen/normal acc 0.658/0.828/0.992 | lr 1.00e-04
step 12150 | loss 0.1484 | fall/fallen/normal acc 0.773/0.827/0.979 | lr 1.00e-04
step 12200 | loss 0.1424 | fall/fallen/normal acc 0.896/0.898/0.989 | lr 1.00e-04
step 12250 | loss 0.1587 | fall/fallen/normal acc 0.962/0.795/0.955 | lr 1.00e-04
step 12300 | loss 0.3065 | fall/fallen/normal acc 0.804/0.686/0.959 | lr 1.00e-04
step 12350 | loss 0.2422 | fall/fallen/normal acc 0.861/0.796/0.961 | lr 1.00e-04
step 12400 | loss 0.2557 | fall/fallen/normal acc 0.808/0.873/0.960 | lr 1.00e-04
step 12450 | loss 0.1724 | fall/fallen/normal acc 0.875/0.842/0.976 | lr 1.00e-04
step 12500 | loss 0.1872 | fall/fallen/normal acc 0.787/0.788/0.982 | lr 1.00e-04
step 12550 | loss 0.1958 | fall/fallen/normal acc 0.798/0.871/0.963 | lr 1.00e-04
step 12600 | loss 0.3280 | fall/fallen/normal acc 0.762/0.778/0.950 | lr 1.00e-04
[VAL] step 12600 | f1 0.8761 | fallen prec 0.8889 rec 0.8713 | train_loss 0.2342
  [CKPT] 已存 step_12600_model.pt
step 12650 | loss 0.1606 | fall/fallen/normal acc 0.924/0.807/0.980 | lr 1.00e-04
step 12700 | loss 0.1410 | fall/fallen/normal acc 0.784/0.951/0.972 | lr 1.00e-04
step 12750 | loss 0.2971 | fall/fallen/normal acc 0.860/0.500/0.960 | lr 1.00e-04
step 12800 | loss 0.4891 | fall/fallen/normal acc 0.668/0.830/0.947 | lr 1.00e-04
step 12850 | loss 0.1553 | fall/fallen/normal acc 0.732/0.888/0.975 | lr 1.00e-04
step 12900 | loss 0.2605 | fall/fallen/normal acc 0.842/0.915/0.970 | lr 1.00e-04
step 12950 | loss 0.4457 | fall/fallen/normal acc 0.688/0.814/0.975 | lr 1.00e-04
step 13000 | loss 0.2591 | fall/fallen/normal acc 0.790/0.873/0.987 | lr 1.00e-04
step 13050 | loss 0.1763 | fall/fallen/normal acc 0.677/0.792/0.982 | lr 1.00e-04
step 13100 | loss 0.1870 | fall/fallen/normal acc 0.748/0.931/0.976 | lr 1.00e-04
step 13150 | loss 0.1681 | fall/fallen/normal acc 0.799/0.882/0.955 | lr 1.00e-04
step 13200 | loss 0.2425 | fall/fallen/normal acc 0.856/0.823/0.965 | lr 1.00e-04
[VAL] step 13200 | f1 0.8580 | fallen prec 0.8252 rec 0.9478 | train_loss 0.2485
  [CKPT] 已存 step_13200_model.pt
step 13250 | loss 0.1463 | fall/fallen/normal acc 0.895/0.813/0.968 | lr 1.00e-04
step 13300 | loss 0.3544 | fall/fallen/normal acc 0.652/0.732/0.971 | lr 1.00e-04
step 13350 | loss 0.1127 | fall/fallen/normal acc 0.878/0.775/0.990 | lr 1.00e-04
step 13400 | loss 0.1634 | fall/fallen/normal acc 0.871/0.858/0.966 | lr 1.00e-04
step 13450 | loss 0.2116 | fall/fallen/normal acc 0.868/0.721/0.988 | lr 1.00e-04
step 13500 | loss 0.1597 | fall/fallen/normal acc 0.922/0.903/0.960 | lr 1.00e-04
step 13550 | loss 0.1783 | fall/fallen/normal acc 0.933/0.715/0.964 | lr 1.00e-04
step 13600 | loss 0.2012 | fall/fallen/normal acc 0.849/0.813/0.972 | lr 1.00e-04
step 13650 | loss 0.2495 | fall/fallen/normal acc 0.947/0.829/0.980 | lr 1.00e-04
step 13700 | loss 0.7218 | fall/fallen/normal acc 0.621/0.831/0.957 | lr 1.00e-04
step 13750 | loss 0.3524 | fall/fallen/normal acc 0.753/0.754/0.945 | lr 1.00e-04
step 13800 | loss 0.3472 | fall/fallen/normal acc 0.797/0.694/0.974 | lr 1.00e-04
[VAL] step 13800 | f1 0.8912 | fallen prec 0.8069 rec 0.9442 | train_loss 0.2665
  [CKPT] 已存 step_13800_model.pt
step 13850 | loss 0.2684 | fall/fallen/normal acc 0.927/0.695/0.971 | lr 1.00e-04
step 13900 | loss 0.1654 | fall/fallen/normal acc 0.898/0.939/0.968 | lr 1.00e-04
step 13950 | loss 0.1932 | fall/fallen/normal acc 0.879/0.842/0.966 | lr 1.00e-04
step 14000 | loss 0.2636 | fall/fallen/normal acc 0.899/0.800/0.960 | lr 1.00e-04
step 14050 | loss 0.2099 | fall/fallen/normal acc 0.577/0.867/0.975 | lr 1.00e-04
step 14100 | loss 0.3625 | fall/fallen/normal acc 0.793/0.701/0.952 | lr 1.00e-04
step 14150 | loss 0.2269 | fall/fallen/normal acc 0.637/0.929/0.972 | lr 1.00e-04
step 14200 | loss 0.2010 | fall/fallen/normal acc 0.789/0.899/0.958 | lr 1.00e-04
step 14250 | loss 0.2153 | fall/fallen/normal acc 0.836/0.926/0.935 | lr 1.00e-04
step 14300 | loss 0.2223 | fall/fallen/normal acc 0.777/0.797/0.984 | lr 1.00e-04
step 14350 | loss 0.1163 | fall/fallen/normal acc 0.945/0.928/0.960 | lr 1.00e-04
step 14400 | loss 0.3541 | fall/fallen/normal acc 0.834/0.810/0.940 | lr 1.00e-04
[VAL] step 14400 | f1 0.8796 | fallen prec 0.8900 rec 0.9100 | train_loss 0.2332
  [CKPT] 已存 step_14400_model.pt
step 14450 | loss 0.1191 | fall/fallen/normal acc 0.831/0.878/0.971 | lr 1.00e-04
step 14500 | loss 0.0874 | fall/fallen/normal acc 0.894/0.940/0.967 | lr 1.00e-04
step 14550 | loss 0.2881 | fall/fallen/normal acc 0.872/0.701/0.963 | lr 1.00e-04
step 14600 | loss 0.2971 | fall/fallen/normal acc 0.899/0.752/0.974 | lr 1.00e-04
step 14650 | loss 0.1802 | fall/fallen/normal acc 0.832/0.956/0.974 | lr 1.00e-04
step 14700 | loss 0.1846 | fall/fallen/normal acc 0.954/0.798/0.979 | lr 1.00e-04
step 14750 | loss 0.1587 | fall/fallen/normal acc 0.923/0.863/0.966 | lr 1.00e-04
step 14800 | loss 0.2108 | fall/fallen/normal acc 0.825/0.711/0.976 | lr 1.00e-04
step 14850 | loss 0.4416 | fall/fallen/normal acc 0.573/0.817/0.953 | lr 1.00e-04
step 14900 | loss 0.1508 | fall/fallen/normal acc 0.980/0.569/0.968 | lr 1.00e-04
step 14950 | loss 0.2502 | fall/fallen/normal acc 0.907/0.785/0.964 | lr 1.00e-04
step 15000 | loss 0.1621 | fall/fallen/normal acc 0.899/0.885/0.962 | lr 1.00e-04
[VAL] step 15000 | f1 0.8920 | fallen prec 0.8942 rec 0.8821 | train_loss 0.2109
  [CKPT] 已存 step_15000_model.pt
step 15050 | loss 0.2398 | fall/fallen/normal acc 0.760/0.935/0.968 | lr 1.00e-04
step 15100 | loss 0.1587 | fall/fallen/normal acc 0.862/0.900/0.978 | lr 1.00e-04
step 15150 | loss 0.1915 | fall/fallen/normal acc 0.978/0.798/0.950 | lr 1.00e-04
step 15200 | loss 0.2150 | fall/fallen/normal acc 0.832/0.886/0.960 | lr 1.00e-04
step 15250 | loss 0.1471 | fall/fallen/normal acc 0.900/0.400/0.998 | lr 1.00e-04
step 15300 | loss 0.0877 | fall/fallen/normal acc 0.891/0.950/0.982 | lr 1.00e-04
step 15350 | loss 0.1567 | fall/fallen/normal acc 0.947/0.751/0.985 | lr 1.00e-04
step 15400 | loss 0.2430 | fall/fallen/normal acc 0.854/0.843/0.977 | lr 1.00e-04
step 15450 | loss 0.2312 | fall/fallen/normal acc 0.705/0.825/0.971 | lr 1.00e-04
step 15500 | loss 0.0811 | fall/fallen/normal acc 0.955/0.866/0.997 | lr 1.00e-04
step 15550 | loss 0.1701 | fall/fallen/normal acc 0.915/0.961/0.971 | lr 1.00e-04
step 15600 | loss 0.2693 | fall/fallen/normal acc 0.851/0.826/0.965 | lr 1.00e-04
[VAL] step 15600 | f1 0.8947 | fallen prec 0.7928 rec 0.9676 | train_loss 0.1826
  [CKPT] 已存 step_15600_model.pt
step 15650 | loss 0.1903 | fall/fallen/normal acc 0.823/0.822/0.986 | lr 1.00e-04
step 15700 | loss 0.2412 | fall/fallen/normal acc 0.895/0.685/0.977 | lr 1.00e-04
step 15750 | loss 0.1441 | fall/fallen/normal acc 0.798/0.839/0.973 | lr 1.00e-04
step 15800 | loss 0.1822 | fall/fallen/normal acc 0.903/0.844/0.979 | lr 1.00e-04
step 15850 | loss 0.1553 | fall/fallen/normal acc 0.851/0.805/0.978 | lr 1.00e-04
step 15900 | loss 0.4068 | fall/fallen/normal acc 0.878/0.940/0.936 | lr 1.00e-04
step 15950 | loss 0.2126 | fall/fallen/normal acc 0.844/0.833/0.972 | lr 1.00e-04
step 16000 | loss 0.2966 | fall/fallen/normal acc 0.734/0.920/0.953 | lr 1.00e-04
step 16050 | loss 0.1857 | fall/fallen/normal acc 0.778/0.926/0.963 | lr 1.00e-04
step 16100 | loss 0.1058 | fall/fallen/normal acc 0.877/0.930/0.985 | lr 1.00e-04
step 16150 | loss 0.3527 | fall/fallen/normal acc 0.874/0.751/0.940 | lr 1.00e-04
step 16200 | loss 0.1126 | fall/fallen/normal acc 0.833/0.878/0.983 | lr 1.00e-04
[VAL] step 16200 | f1 0.8838 | fallen prec 0.8484 rec 0.9064 | train_loss 0.2155
  [CKPT] 已存 step_16200_model.pt
step 16250 | loss 0.3571 | fall/fallen/normal acc 0.806/0.641/0.973 | lr 1.00e-04
step 16300 | loss 0.1928 | fall/fallen/normal acc 0.721/0.952/0.971 | lr 1.00e-04
step 16350 | loss 0.4350 | fall/fallen/normal acc 0.721/0.635/0.977 | lr 1.00e-04
step 16400 | loss 0.1206 | fall/fallen/normal acc 0.850/0.870/0.984 | lr 1.00e-04
step 16450 | loss 0.1339 | fall/fallen/normal acc 0.900/0.864/0.960 | lr 1.00e-04
step 16500 | loss 0.2912 | fall/fallen/normal acc 0.503/0.794/0.970 | lr 1.00e-04
step 16550 | loss 0.2256 | fall/fallen/normal acc 0.690/0.959/0.973 | lr 1.00e-04
step 16600 | loss 0.3003 | fall/fallen/normal acc 0.804/0.785/0.985 | lr 1.00e-04
step 16650 | loss 0.0951 | fall/fallen/normal acc 0.943/0.856/0.986 | lr 1.00e-04
step 16700 | loss 0.4108 | fall/fallen/normal acc 0.788/0.784/0.972 | lr 1.00e-04
step 16750 | loss 0.1213 | fall/fallen/normal acc 0.815/0.854/0.987 | lr 1.00e-04
step 16800 | loss 0.1428 | fall/fallen/normal acc 0.897/0.985/0.952 | lr 1.00e-04
[VAL] step 16800 | f1 0.8691 | fallen prec 0.9753 rec 0.7102 | train_loss 0.2355
  [CKPT] 已存 step_16800_model.pt
step 16850 | loss 0.1810 | fall/fallen/normal acc 0.870/0.894/0.981 | lr 1.00e-04
step 16900 | loss 0.1992 | fall/fallen/normal acc 0.883/0.752/0.971 | lr 1.00e-04
step 16950 | loss 0.2923 | fall/fallen/normal acc 0.840/0.748/0.967 | lr 1.00e-04
step 17000 | loss 0.0679 | fall/fallen/normal acc 0.942/0.906/0.978 | lr 1.00e-04
step 17050 | loss 0.2744 | fall/fallen/normal acc 0.815/0.802/0.969 | lr 1.00e-04
step 17100 | loss 0.1981 | fall/fallen/normal acc 0.882/0.910/0.949 | lr 1.00e-04
step 17150 | loss 0.1539 | fall/fallen/normal acc 0.845/0.742/0.979 | lr 1.00e-04
step 17200 | loss 0.2651 | fall/fallen/normal acc 0.891/0.674/0.970 | lr 1.00e-04
step 17250 | loss 0.1720 | fall/fallen/normal acc 0.856/0.806/0.973 | lr 1.00e-04
step 17300 | loss 0.1175 | fall/fallen/normal acc 0.874/0.697/0.966 | lr 1.00e-04
step 17350 | loss 0.0922 | fall/fallen/normal acc 0.904/0.938/0.980 | lr 1.00e-04
step 17400 | loss 0.1409 | fall/fallen/normal acc 0.846/0.924/0.976 | lr 1.00e-04
[VAL] step 17400 | f1 0.8821 | fallen prec 0.8813 rec 0.9091 | train_loss 0.1795
  [CKPT] 已存 step_17400_model.pt
step 17450 | loss 0.2494 | fall/fallen/normal acc 0.887/0.750/0.966 | lr 1.00e-04
step 17500 | loss 0.1541 | fall/fallen/normal acc 0.875/0.865/0.974 | lr 1.00e-04
step 17550 | loss 0.0314 | fall/fallen/normal acc 0.916/0.955/0.997 | lr 1.00e-04
step 17600 | loss 0.3519 | fall/fallen/normal acc 0.921/0.868/0.965 | lr 1.00e-04
step 17650 | loss 0.3949 | fall/fallen/normal acc 0.857/0.725/0.979 | lr 1.00e-04
step 17700 | loss 0.1952 | fall/fallen/normal acc 0.875/0.610/0.965 | lr 1.00e-04
step 17750 | loss 0.0687 | fall/fallen/normal acc 0.924/0.826/0.993 | lr 1.00e-04
step 17800 | loss 0.1577 | fall/fallen/normal acc 0.912/0.794/0.978 | lr 1.00e-04
step 17850 | loss 0.1533 | fall/fallen/normal acc 0.791/0.874/0.970 | lr 1.00e-04
step 17900 | loss 0.1622 | fall/fallen/normal acc 0.923/0.901/0.964 | lr 1.00e-04
step 17950 | loss 0.0896 | fall/fallen/normal acc 0.814/0.737/0.989 | lr 1.00e-04
step 18000 | loss 0.5291 | fall/fallen/normal acc 0.828/0.668/0.957 | lr 1.00e-04
[VAL] step 18000 | f1 0.8664 | fallen prec 0.8724 rec 0.8740 | train_loss 0.2115
  [CKPT] 已存 step_18000_model.pt
step 18050 | loss 0.2300 | fall/fallen/normal acc 0.914/0.817/0.961 | lr 1.00e-04
step 18100 | loss 0.2917 | fall/fallen/normal acc 0.858/0.904/0.973 | lr 1.00e-04
step 18150 | loss 0.2052 | fall/fallen/normal acc 0.796/0.894/0.976 | lr 1.00e-04
step 18200 | loss 0.2061 | fall/fallen/normal acc 0.940/0.796/0.960 | lr 1.00e-04
step 18250 | loss 0.1653 | fall/fallen/normal acc 0.746/0.943/0.991 | lr 1.00e-04
step 18300 | loss 0.1859 | fall/fallen/normal acc 0.885/0.814/0.970 | lr 1.00e-04
step 18350 | loss 0.1960 | fall/fallen/normal acc 0.694/0.847/0.974 | lr 1.00e-04
step 18400 | loss 0.1533 | fall/fallen/normal acc 0.872/0.942/0.971 | lr 1.00e-04
step 18450 | loss 0.2759 | fall/fallen/normal acc 0.909/0.700/0.951 | lr 1.00e-04
step 18500 | loss 0.3577 | fall/fallen/normal acc 0.799/0.752/0.965 | lr 1.00e-04
step 18550 | loss 0.0887 | fall/fallen/normal acc 0.852/0.893/0.987 | lr 1.00e-04
step 18600 | loss 0.2878 | fall/fallen/normal acc 0.694/0.741/0.979 | lr 1.00e-04
[VAL] step 18600 | f1 0.8867 | fallen prec 0.9635 rec 0.7831 | train_loss 0.2203
  [CKPT] 已存 step_18600_model.pt
step 18650 | loss 0.1131 | fall/fallen/normal acc 0.756/0.889/0.991 | lr 1.00e-04
step 18700 | loss 0.1861 | fall/fallen/normal acc 0.873/0.860/0.977 | lr 1.00e-04
step 18750 | loss 0.3352 | fall/fallen/normal acc 0.876/0.785/0.960 | lr 1.00e-04
step 18800 | loss 0.2168 | fall/fallen/normal acc 0.910/0.891/0.953 | lr 1.00e-04
step 18850 | loss 0.1880 | fall/fallen/normal acc 0.910/0.881/0.969 | lr 1.00e-04
step 18900 | loss 0.1259 | fall/fallen/normal acc 0.643/0.976/0.989 | lr 1.00e-04
step 18950 | loss 0.1814 | fall/fallen/normal acc 0.853/0.947/0.950 | lr 1.00e-04
step 19000 | loss 0.3324 | fall/fallen/normal acc 0.846/0.787/0.975 | lr 1.00e-04
step 19050 | loss 0.2345 | fall/fallen/normal acc 0.837/0.746/0.973 | lr 1.00e-04
step 19100 | loss 0.1324 | fall/fallen/normal acc 0.872/0.803/0.969 | lr 1.00e-04
step 19150 | loss 0.0880 | fall/fallen/normal acc 0.897/0.920/0.999 | lr 1.00e-04
step 19200 | loss 0.0808 | fall/fallen/normal acc 0.965/0.878/0.972 | lr 1.00e-04
[VAL] step 19200 | f1 0.8413 | fallen prec 0.8852 rec 0.7633 | train_loss 0.1846
  [CKPT] 已存 step_19200_model.pt
[EPOCH 2] 完成，已存 epoch_2_model.pt
step 19250 | loss 0.0752 | fall/fallen/normal acc 0.936/0.943/0.969 | lr 1.00e-04
step 19300 | loss 0.0706 | fall/fallen/normal acc 0.977/0.904/0.988 | lr 1.00e-04
step 19350 | loss 0.1433 | fall/fallen/normal acc 0.891/0.879/0.974 | lr 1.00e-04
step 19400 | loss 0.1452 | fall/fallen/normal acc 0.919/0.682/0.979 | lr 1.00e-04
step 19450 | loss 0.0480 | fall/fallen/normal acc 0.947/0.959/0.991 | lr 1.00e-04
step 19500 | loss 0.0748 | fall/fallen/normal acc 0.954/0.977/0.959 | lr 1.00e-04
step 19550 | loss 0.0912 | fall/fallen/normal acc 0.965/0.884/0.991 | lr 1.00e-04
step 19600 | loss 0.1319 | fall/fallen/normal acc 0.838/0.893/0.987 | lr 1.00e-04
step 19650 | loss 0.2094 | fall/fallen/normal acc 0.905/0.868/0.974 | lr 1.00e-04
step 19700 | loss 0.1668 | fall/fallen/normal acc 0.881/0.941/0.964 | lr 1.00e-04
step 19750 | loss 0.1425 | fall/fallen/normal acc 0.843/0.874/0.996 | lr 1.00e-04
step 19800 | loss 0.0961 | fall/fallen/normal acc 0.937/0.922/0.974 | lr 1.00e-04
[VAL] step 19800 | f1 0.7840 | fallen prec 0.8925 rec 0.5680 | train_loss 0.1163
  [CKPT] 已存 step_19800_model.pt
step 19850 | loss 0.2700 | fall/fallen/normal acc 0.810/0.753/0.997 | lr 1.00e-04
step 19900 | loss 0.1984 | fall/fallen/normal acc 0.866/0.847/0.974 | lr 1.00e-04
step 19950 | loss 0.0946 | fall/fallen/normal acc 0.945/0.934/0.970 | lr 1.00e-04
step 20000 | loss 0.1525 | fall/fallen/normal acc 0.930/0.829/0.978 | lr 1.00e-04
step 20050 | loss 0.1271 | fall/fallen/normal acc 0.791/0.962/0.979 | lr 1.00e-04
step 20100 | loss 0.0929 | fall/fallen/normal acc 0.906/0.946/0.976 | lr 1.00e-04
step 20150 | loss 0.0733 | fall/fallen/normal acc 0.853/0.993/0.976 | lr 1.00e-04
step 20200 | loss 0.1112 | fall/fallen/normal acc 0.939/0.877/0.966 | lr 1.00e-04
step 20250 | loss 0.2528 | fall/fallen/normal acc 0.896/0.943/0.953 | lr 1.00e-04
step 20300 | loss 0.1444 | fall/fallen/normal acc 0.916/0.890/0.990 | lr 1.00e-04
step 20350 | loss 0.1666 | fall/fallen/normal acc 0.940/0.948/0.970 | lr 1.00e-04
step 20400 | loss 0.0901 | fall/fallen/normal acc 0.936/0.849/0.986 | lr 1.00e-04
[VAL] step 20400 | f1 0.8350 | fallen prec 0.8836 rec 0.7039 | train_loss 0.1478
  [CKPT] 已存 step_20400_model.pt
step 20450 | loss 0.1121 | fall/fallen/normal acc 0.764/0.951/0.990 | lr 1.00e-04
step 20500 | loss 0.1140 | fall/fallen/normal acc 0.810/0.959/0.976 | lr 1.00e-04
step 20550 | loss 0.1615 | fall/fallen/normal acc 0.919/0.909/0.962 | lr 1.00e-04
step 20600 | loss 0.1588 | fall/fallen/normal acc 0.818/0.930/0.986 | lr 1.00e-04
step 20650 | loss 0.0930 | fall/fallen/normal acc 0.847/0.882/0.993 | lr 1.00e-04
step 20700 | loss 0.1920 | fall/fallen/normal acc 0.908/0.708/0.976 | lr 1.00e-04
step 20750 | loss 0.0449 | fall/fallen/normal acc 0.968/0.963/0.987 | lr 1.00e-04
step 20800 | loss 0.1000 | fall/fallen/normal acc 0.920/0.935/0.975 | lr 1.00e-04
step 20850 | loss 0.4146 | fall/fallen/normal acc 0.924/0.804/0.992 | lr 1.00e-04
step 20900 | loss 0.1210 | fall/fallen/normal acc 0.844/0.944/0.972 | lr 1.00e-04
step 20950 | loss 0.2127 | fall/fallen/normal acc 0.824/0.904/0.959 | lr 1.00e-04
step 21000 | loss 0.0398 | fall/fallen/normal acc 0.928/0.964/0.982 | lr 1.00e-04
[VAL] step 21000 | f1 0.8348 | fallen prec 0.9483 rec 0.6598 | train_loss 0.1470
  [CKPT] 已存 step_21000_model.pt
step 21050 | loss 0.2661 | fall/fallen/normal acc 0.782/0.900/0.986 | lr 1.00e-04
step 21100 | loss 0.1634 | fall/fallen/normal acc 0.921/0.914/0.969 | lr 1.00e-04
step 21150 | loss 0.1056 | fall/fallen/normal acc 0.894/0.842/0.978 | lr 1.00e-04
step 21200 | loss 0.0804 | fall/fallen/normal acc 0.923/0.895/0.991 | lr 1.00e-04
step 21250 | loss 0.1114 | fall/fallen/normal acc 0.928/0.772/0.981 | lr 1.00e-04
step 21300 | loss 0.0763 | fall/fallen/normal acc 0.926/0.979/0.971 | lr 1.00e-04
step 21350 | loss 0.1231 | fall/fallen/normal acc 0.918/0.819/0.976 | lr 1.00e-04
step 21400 | loss 0.1566 | fall/fallen/normal acc 0.906/0.903/0.975 | lr 1.00e-04
step 21450 | loss 0.1858 | fall/fallen/normal acc 0.926/0.781/0.962 | lr 1.00e-04
step 21500 | loss 0.2129 | fall/fallen/normal acc 0.875/0.843/0.963 | lr 1.00e-04
step 21550 | loss 0.1064 | fall/fallen/normal acc 0.935/0.940/0.966 | lr 1.00e-04
step 21600 | loss 0.1113 | fall/fallen/normal acc 0.968/0.747/0.974 | lr 1.00e-04
[VAL] step 21600 | f1 0.8954 | fallen prec 0.8378 rec 0.9064 | train_loss 0.1416
  [CKPT] 已存 step_21600_model.pt
step 21650 | loss 0.0878 | fall/fallen/normal acc 0.857/0.981/0.992 | lr 1.00e-04
step 21700 | loss 0.0236 | fall/fallen/normal acc 0.986/0.950/1.000 | lr 1.00e-04
step 21750 | loss 0.2150 | fall/fallen/normal acc 0.920/0.855/0.970 | lr 1.00e-04
step 21800 | loss 0.1582 | fall/fallen/normal acc 0.905/0.897/0.979 | lr 1.00e-04
step 21850 | loss 0.1023 | fall/fallen/normal acc 0.917/0.811/0.994 | lr 1.00e-04
step 21900 | loss 0.1832 | fall/fallen/normal acc 0.877/0.824/0.982 | lr 1.00e-04
step 21950 | loss 0.1292 | fall/fallen/normal acc 0.949/0.759/0.983 | lr 1.00e-04
step 22000 | loss 0.2306 | fall/fallen/normal acc 0.922/0.889/0.936 | lr 1.00e-04
step 22050 | loss 0.1918 | fall/fallen/normal acc 0.879/0.948/0.984 | lr 1.00e-04
step 22100 | loss 0.1927 | fall/fallen/normal acc 0.892/0.762/0.972 | lr 1.00e-04
step 22150 | loss 0.2123 | fall/fallen/normal acc 0.926/0.593/0.976 | lr 1.00e-04
step 22200 | loss 0.0665 | fall/fallen/normal acc 0.950/0.975/0.972 | lr 1.00e-04
[VAL] step 22200 | f1 0.8465 | fallen prec 0.9622 rec 0.6652 | train_loss 0.1494
  [CKPT] 已存 step_22200_model.pt
step 22250 | loss 0.0555 | fall/fallen/normal acc 0.894/0.962/0.993 | lr 1.00e-04
step 22300 | loss 0.1443 | fall/fallen/normal acc 0.849/0.852/0.981 | lr 1.00e-04
step 22350 | loss 0.2054 | fall/fallen/normal acc 0.821/0.914/0.982 | lr 1.00e-04
step 22400 | loss 0.1547 | fall/fallen/normal acc 0.845/0.840/0.976 | lr 1.00e-04
step 22450 | loss 0.1275 | fall/fallen/normal acc 0.941/0.945/0.940 | lr 1.00e-04
step 22500 | loss 0.2408 | fall/fallen/normal acc 0.821/0.854/0.991 | lr 1.00e-04
step 22550 | loss 0.2455 | fall/fallen/normal acc 0.711/0.949/0.978 | lr 1.00e-04
step 22600 | loss 0.2099 | fall/fallen/normal acc 0.906/0.836/0.956 | lr 1.00e-04
step 22650 | loss 0.0895 | fall/fallen/normal acc 0.891/0.946/0.985 | lr 1.00e-04
step 22700 | loss 0.2046 | fall/fallen/normal acc 0.863/0.831/0.989 | lr 1.00e-04
step 22750 | loss 0.0468 | fall/fallen/normal acc 0.911/0.985/0.986 | lr 1.00e-04
step 22800 | loss 0.1149 | fall/fallen/normal acc 0.922/0.730/0.961 | lr 1.00e-04
[VAL] step 22800 | f1 0.8201 | fallen prec 0.9683 rec 0.6049 | train_loss 0.1533
  [CKPT] 已存 step_22800_model.pt
step 22850 | loss 0.3652 | fall/fallen/normal acc 0.949/0.720/0.983 | lr 1.00e-04
step 22900 | loss 0.0709 | fall/fallen/normal acc 0.930/0.922/0.987 | lr 1.00e-04
step 22950 | loss 0.1418 | fall/fallen/normal acc 0.897/0.861/0.981 | lr 1.00e-04
step 23000 | loss 0.0969 | fall/fallen/normal acc 0.873/0.917/0.976 | lr 1.00e-04
step 23050 | loss 0.0864 | fall/fallen/normal acc 0.863/0.901/0.982 | lr 1.00e-04
step 23100 | loss 0.1867 | fall/fallen/normal acc 0.804/0.867/0.980 | lr 1.00e-04
step 23150 | loss 0.0737 | fall/fallen/normal acc 0.904/0.951/0.981 | lr 1.00e-04
step 23200 | loss 0.1732 | fall/fallen/normal acc 0.893/0.957/0.973 | lr 1.00e-04
step 23250 | loss 0.0462 | fall/fallen/normal acc 0.924/0.964/0.987 | lr 1.00e-04
step 23300 | loss 0.1150 | fall/fallen/normal acc 0.907/0.951/0.986 | lr 1.00e-04
step 23350 | loss 0.1538 | fall/fallen/normal acc 0.900/0.917/0.966 | lr 1.00e-04
step 23400 | loss 0.1496 | fall/fallen/normal acc 0.744/0.891/0.988 | lr 1.00e-04
[VAL] step 23400 | f1 0.8383 | fallen prec 0.8934 rec 0.8146 | train_loss 0.1383
  [CKPT] 已存 step_23400_model.pt
step 23450 | loss 0.1744 | fall/fallen/normal acc 0.905/0.894/0.935 | lr 1.00e-04
step 23500 | loss 0.2279 | fall/fallen/normal acc 0.809/0.642/0.988 | lr 1.00e-04
step 23550 | loss 0.0565 | fall/fallen/normal acc 0.956/0.973/0.984 | lr 1.00e-04
step 23600 | loss 0.1821 | fall/fallen/normal acc 0.886/0.939/0.983 | lr 1.00e-04
step 23650 | loss 0.0976 | fall/fallen/normal acc 0.913/0.963/0.995 | lr 1.00e-04
step 23700 | loss 0.2877 | fall/fallen/normal acc 0.923/0.754/0.949 | lr 1.00e-04
step 23750 | loss 0.0939 | fall/fallen/normal acc 0.832/0.866/0.986 | lr 1.00e-04
step 23800 | loss 0.0831 | fall/fallen/normal acc 0.874/0.985/0.989 | lr 1.00e-04
step 23850 | loss 0.1490 | fall/fallen/normal acc 0.864/0.901/0.975 | lr 1.00e-04
step 23900 | loss 0.1034 | fall/fallen/normal acc 0.822/0.884/0.992 | lr 1.00e-04
step 23950 | loss 0.2650 | fall/fallen/normal acc 0.895/0.724/0.967 | lr 1.00e-04
step 24000 | loss 0.1855 | fall/fallen/normal acc 0.762/0.885/0.972 | lr 1.00e-04
[VAL] step 24000 | f1 0.8425 | fallen prec 0.9492 rec 0.7057 | train_loss 0.1588
  [CKPT] 已存 step_24000_model.pt
step 24050 | loss 0.1892 | fall/fallen/normal acc 0.868/0.890/0.964 | lr 1.00e-04
step 24100 | loss 0.1500 | fall/fallen/normal acc 0.871/0.954/0.983 | lr 1.00e-04
step 24150 | loss 0.2282 | fall/fallen/normal acc 0.859/0.896/0.982 | lr 1.00e-04
step 24200 | loss 0.1898 | fall/fallen/normal acc 0.864/0.837/0.974 | lr 1.00e-04
step 24250 | loss 0.1383 | fall/fallen/normal acc 0.966/0.924/0.969 | lr 1.00e-04
step 24300 | loss 0.1368 | fall/fallen/normal acc 0.921/0.865/0.969 | lr 1.00e-04
step 24350 | loss 0.2330 | fall/fallen/normal acc 0.891/0.911/0.976 | lr 1.00e-04
step 24400 | loss 0.0894 | fall/fallen/normal acc 0.988/0.933/0.969 | lr 1.00e-04
step 24450 | loss 0.3441 | fall/fallen/normal acc 0.841/0.862/0.959 | lr 1.00e-04
step 24500 | loss 0.0676 | fall/fallen/normal acc 0.970/0.944/0.973 | lr 1.00e-04
step 24550 | loss 0.1503 | fall/fallen/normal acc 0.840/0.957/0.966 | lr 1.00e-04
step 24600 | loss 0.0760 | fall/fallen/normal acc 0.972/0.838/0.983 | lr 1.00e-04
[VAL] step 24600 | f1 0.9016 | fallen prec 0.9474 rec 0.8434 | train_loss 0.1661
  [CKPT] 已存 step_24600_model.pt
  [BEST] 新最优 f1=0.9016 → best_model.pt
step 24650 | loss 0.1966 | fall/fallen/normal acc 0.833/0.869/0.992 | lr 1.00e-04
step 24700 | loss 0.0924 | fall/fallen/normal acc 0.951/0.904/0.979 | lr 1.00e-04
step 24750 | loss 0.1313 | fall/fallen/normal acc 0.890/0.974/0.974 | lr 1.00e-04
step 24800 | loss 0.2295 | fall/fallen/normal acc 0.760/0.865/0.989 | lr 1.00e-04
step 24850 | loss 0.0799 | fall/fallen/normal acc 0.931/0.971/0.975 | lr 1.00e-04
step 24900 | loss 0.1328 | fall/fallen/normal acc 0.791/0.957/0.978 | lr 1.00e-04
step 24950 | loss 0.0877 | fall/fallen/normal acc 0.991/0.842/0.965 | lr 1.00e-04
step 25000 | loss 0.1513 | fall/fallen/normal acc 0.827/0.955/0.977 | lr 1.00e-04
step 25050 | loss 0.1428 | fall/fallen/normal acc 0.971/0.915/0.982 | lr 1.00e-04
step 25100 | loss 0.3425 | fall/fallen/normal acc 0.923/0.817/0.970 | lr 1.00e-04
step 25150 | loss 0.1739 | fall/fallen/normal acc 0.857/0.916/0.963 | lr 1.00e-04
step 25200 | loss 0.1014 | fall/fallen/normal acc 0.923/0.940/0.968 | lr 1.00e-04
[VAL] step 25200 | f1 0.8850 | fallen prec 0.9537 rec 0.8335 | train_loss 0.1552
  [CKPT] 已存 step_25200_model.pt
step 25250 | loss 0.1287 | fall/fallen/normal acc 0.854/0.965/0.963 | lr 1.00e-04
step 25300 | loss 0.1053 | fall/fallen/normal acc 0.882/0.916/0.970 | lr 1.00e-04
step 25350 | loss 0.0678 | fall/fallen/normal acc 0.972/0.976/0.980 | lr 1.00e-04
step 25400 | loss 0.0649 | fall/fallen/normal acc 0.947/0.972/0.974 | lr 1.00e-04
step 25450 | loss 0.1543 | fall/fallen/normal acc 0.870/0.831/0.983 | lr 1.00e-04
step 25500 | loss 0.0722 | fall/fallen/normal acc 0.876/0.956/0.989 | lr 1.00e-04
step 25550 | loss 0.1334 | fall/fallen/normal acc 0.791/0.949/0.986 | lr 1.00e-04
step 25600 | loss 0.1236 | fall/fallen/normal acc 0.986/0.986/0.959 | lr 1.00e-04
step 25650 | loss 0.1062 | fall/fallen/normal acc 0.796/0.983/0.979 | lr 1.00e-04
step 25700 | loss 0.1238 | fall/fallen/normal acc 0.896/0.863/0.972 | lr 1.00e-04
step 25750 | loss 0.0936 | fall/fallen/normal acc 0.876/0.916/0.993 | lr 1.00e-04
step 25800 | loss 0.0962 | fall/fallen/normal acc 0.932/0.870/0.973 | lr 1.00e-04
[VAL] step 25800 | f1 0.8509 | fallen prec 0.9160 rec 0.7165 | train_loss 0.1058
  [CKPT] 已存 step_25800_model.pt
step 25850 | loss 0.0851 | fall/fallen/normal acc 0.883/0.937/0.983 | lr 1.00e-04
step 25900 | loss 0.1047 | fall/fallen/normal acc 0.974/0.906/0.963 | lr 1.00e-04
step 25950 | loss 0.3793 | fall/fallen/normal acc 0.912/0.781/0.950 | lr 1.00e-04
step 26000 | loss 0.1013 | fall/fallen/normal acc 0.910/0.927/0.964 | lr 1.00e-04
step 26050 | loss 0.0795 | fall/fallen/normal acc 0.948/0.942/0.974 | lr 1.00e-04
step 26100 | loss 0.2376 | fall/fallen/normal acc 0.830/0.804/0.967 | lr 1.00e-04
step 26150 | loss 0.1362 | fall/fallen/normal acc 0.845/0.911/0.964 | lr 1.00e-04
step 26200 | loss 0.1054 | fall/fallen/normal acc 0.941/0.884/0.988 | lr 1.00e-04
step 26250 | loss 0.1153 | fall/fallen/normal acc 0.930/0.909/0.962 | lr 1.00e-04
step 26300 | loss 0.1530 | fall/fallen/normal acc 0.944/0.873/0.971 | lr 1.00e-04
step 26350 | loss 0.2624 | fall/fallen/normal acc 0.784/0.807/0.970 | lr 1.00e-04
step 26400 | loss 0.1122 | fall/fallen/normal acc 0.760/0.854/0.987 | lr 1.00e-04
[VAL] step 26400 | f1 0.8883 | fallen prec 0.8882 rec 0.8650 | train_loss 0.1560
  [CKPT] 已存 step_26400_model.pt
step 26450 | loss 0.1680 | fall/fallen/normal acc 0.894/0.818/0.974 | lr 1.00e-04
step 26500 | loss 0.1341 | fall/fallen/normal acc 0.787/0.942/0.972 | lr 1.00e-04
step 26550 | loss 0.0838 | fall/fallen/normal acc 0.910/0.914/0.989 | lr 1.00e-04
step 26600 | loss 0.0522 | fall/fallen/normal acc 0.961/0.917/0.998 | lr 1.00e-04
step 26650 | loss 0.1037 | fall/fallen/normal acc 0.953/0.925/0.965 | lr 1.00e-04
step 26700 | loss 0.2970 | fall/fallen/normal acc 0.888/0.924/0.951 | lr 1.00e-04
step 26750 | loss 0.3367 | fall/fallen/normal acc 0.745/0.838/0.977 | lr 1.00e-04
step 26800 | loss 0.1301 | fall/fallen/normal acc 0.927/0.906/0.976 | lr 1.00e-04
step 26850 | loss 0.1029 | fall/fallen/normal acc 0.891/0.868/0.981 | lr 1.00e-04
step 26900 | loss 0.0751 | fall/fallen/normal acc 0.922/0.886/0.992 | lr 1.00e-04
step 26950 | loss 0.0570 | fall/fallen/normal acc 0.967/0.969/0.980 | lr 1.00e-04
step 27000 | loss 0.1307 | fall/fallen/normal acc 0.901/0.724/0.979 | lr 1.00e-04
[VAL] step 27000 | f1 0.8688 | fallen prec 0.9040 rec 0.8218 | train_loss 0.1393
  [CKPT] 已存 step_27000_model.pt
step 27050 | loss 0.0593 | fall/fallen/normal acc 0.950/0.895/0.993 | lr 1.00e-04
step 27100 | loss 0.1285 | fall/fallen/normal acc 0.878/0.897/0.987 | lr 1.00e-04
step 27150 | loss 0.1585 | fall/fallen/normal acc 0.941/0.868/0.962 | lr 1.00e-04
step 27200 | loss 0.1535 | fall/fallen/normal acc 0.860/0.771/0.968 | lr 1.00e-04
step 27250 | loss 0.2423 | fall/fallen/normal acc 0.937/0.906/0.963 | lr 1.00e-04
step 27300 | loss 0.0876 | fall/fallen/normal acc 0.929/0.933/0.965 | lr 1.00e-04
step 27350 | loss 0.0625 | fall/fallen/normal acc 0.867/0.970/0.993 | lr 1.00e-04
step 27400 | loss 0.0968 | fall/fallen/normal acc 0.896/0.839/0.984 | lr 1.00e-04
step 27450 | loss 0.0792 | fall/fallen/normal acc 1.000/0.907/0.978 | lr 1.00e-04
step 27500 | loss 0.0527 | fall/fallen/normal acc 0.948/0.965/0.987 | lr 1.00e-04
step 27550 | loss 0.1471 | fall/fallen/normal acc 0.871/0.890/0.990 | lr 1.00e-04
step 27600 | loss 0.0865 | fall/fallen/normal acc 0.934/0.934/0.973 | lr 1.00e-04
[VAL] step 27600 | f1 0.8956 | fallen prec 0.7857 rec 0.9703 | train_loss 0.1129
  [CKPT] 已存 step_27600_model.pt
step 27650 | loss 0.1321 | fall/fallen/normal acc 0.854/0.927/0.973 | lr 1.00e-04
step 27700 | loss 0.0563 | fall/fallen/normal acc 0.951/0.946/0.985 | lr 1.00e-04
step 27750 | loss 0.2886 | fall/fallen/normal acc 0.825/0.888/0.970 | lr 1.00e-04
step 27800 | loss 0.3102 | fall/fallen/normal acc 0.922/0.652/0.980 | lr 1.00e-04
step 27850 | loss 0.0813 | fall/fallen/normal acc 0.945/0.915/0.986 | lr 1.00e-04
step 27900 | loss 0.1578 | fall/fallen/normal acc 0.906/0.904/0.981 | lr 1.00e-04
step 27950 | loss 0.1130 | fall/fallen/normal acc 0.893/0.944/0.964 | lr 1.00e-04
step 28000 | loss 0.1235 | fall/fallen/normal acc 0.857/0.977/0.993 | lr 1.00e-04
step 28050 | loss 0.0469 | fall/fallen/normal acc 0.980/0.862/0.991 | lr 1.00e-04
step 28100 | loss 0.1184 | fall/fallen/normal acc 0.913/0.827/0.979 | lr 1.00e-04
step 28150 | loss 0.1043 | fall/fallen/normal acc 0.943/0.859/0.980 | lr 1.00e-04
step 28200 | loss 0.2639 | fall/fallen/normal acc 0.810/0.949/0.966 | lr 1.00e-04
[VAL] step 28200 | f1 0.8891 | fallen prec 0.7800 rec 0.9064 | train_loss 0.1497
  [CKPT] 已存 step_28200_model.pt
step 28250 | loss 0.0503 | fall/fallen/normal acc 0.943/0.955/0.986 | lr 1.00e-04
step 28300 | loss 0.3883 | fall/fallen/normal acc 0.887/0.726/0.959 | lr 1.00e-04
step 28350 | loss 0.2383 | fall/fallen/normal acc 0.936/0.846/0.976 | lr 1.00e-04
step 28400 | loss 0.1272 | fall/fallen/normal acc 0.918/0.928/0.977 | lr 1.00e-04
step 28450 | loss 0.1100 | fall/fallen/normal acc 0.711/0.900/0.989 | lr 1.00e-04
step 28500 | loss 0.1552 | fall/fallen/normal acc 0.892/0.906/0.983 | lr 1.00e-04
step 28550 | loss 0.1309 | fall/fallen/normal acc 0.899/0.849/0.988 | lr 1.00e-04
step 28600 | loss 0.0796 | fall/fallen/normal acc 0.882/0.969/0.982 | lr 1.00e-04
step 28650 | loss 0.0632 | fall/fallen/normal acc 0.973/0.964/0.976 | lr 1.00e-04
step 28700 | loss 0.0762 | fall/fallen/normal acc 0.971/0.943/0.975 | lr 1.00e-04
step 28750 | loss 0.1548 | fall/fallen/normal acc 0.960/0.838/0.966 | lr 1.00e-04
step 28800 | loss 0.1407 | fall/fallen/normal acc 0.901/0.871/0.960 | lr 1.00e-04
[VAL] step 28800 | f1 0.8017 | fallen prec 0.9476 rec 0.5050 | train_loss 0.1429
  [CKPT] 已存 step_28800_model.pt
[EPOCH 3] 完成，已存 epoch_3_model.pt
[DONE] 已存 last_model.pt
[TOTAL] 28800 步, 58056.5s
