== W2/1a launch Sun Oct  4 23:12:25 CST 2026 | W2-Exp-1a boundary λ=0.3 @9600 ==
== W2/1a cmd: /root/miniconda3/bin/python -u experiments/train_p9e1.py --data_mp4 DATASET-omnifall/splits/syn/random/train.csv --val_data data/p9e1_frames_val --npz data/omnifall_dinov2_giant_frame.npz --model_name facebook/dinov2-giant --epochs 3 --early_stop_patience 0 --val_every 600 --val_n 150 --window 64 --stride 16 --batch 2 --lr 1e-4 --seed 42 --workers 16 --out logs/phase11/w2_1a --use_boundary_head --boundary_lambda 0.3
TRAIN_PID=2859
[1] 加载 facebook/dinov2-giant(fp16) + LoRA(r=16) + Phase6 bridge 头
Loading weights:   0%|          | 0/727 [00:00<?, ?it/s]Loading weights:  90%|████████▉ | 653/727 [00:00<00:00, 6527.95it/s]Loading weights: 100%|██████████| 727/727 [00:00<00:00, 6329.24it/s]
/root/miniconda3/lib/python3.12/site-packages/torch/nn/modules/transformer.py:392: UserWarning: enable_nested_tensor is True, but self.use_nested_tensor is False because encoder_layer.norm_first was True
  warnings.warn(
  梯度 checkpointing: True
  可训练参数: 10.82M (LoRA + 时序头；主干冻结 fp16)
  Phase11 Exp-1a boundary head: ON (λ=0.3, k=3)
[2] mp4 现解码数据集: DATASET-omnifall/splits/syn/random/train.csv (window=64, stride=16, workers=16)
  训练视频: 9600 | 窗口: 19200 | 类权重 fall/fallen/normal: [1.318, 1.545, 0.137]
  boundary loss: λ=0.3 | 正/负帧 21,748/1,207,052 (正类率 1.77%) | pos_weight=55.50
  aux_static loss: 关（λ=0，训练行为与基线一致）
step 50 | loss 4.5831 | fall/fallen/normal acc 0.082/0.049/0.905 | lr 1.00e-04
step 100 | loss 3.8236 | fall/fallen/normal acc 0.021/0.342/0.979 | lr 1.00e-04
step 150 | loss 2.6648 | fall/fallen/normal acc 0.002/0.450/0.988 | lr 1.00e-04
step 200 | loss 2.3096 | fall/fallen/normal acc 0.124/0.464/0.968 | lr 1.00e-04
step 250 | loss 2.3347 | fall/fallen/normal acc 0.378/0.210/0.932 | lr 1.00e-04
step 300 | loss 2.4751 | fall/fallen/normal acc 0.102/0.461/0.925 | lr 1.00e-04
step 350 | loss 1.6209 | fall/fallen/normal acc 0.297/0.240/0.965 | lr 1.00e-04
step 400 | loss 2.3783 | fall/fallen/normal acc 0.550/0.391/0.878 | lr 1.00e-04
step 450 | loss 2.5442 | fall/fallen/normal acc 0.317/0.408/0.887 | lr 1.00e-04
step 500 | loss 1.1978 | fall/fallen/normal acc 0.613/0.380/0.953 | lr 1.00e-04
step 550 | loss 1.3641 | fall/fallen/normal acc 0.054/0.693/0.969 | lr 1.00e-04
step 600 | loss 1.0793 | fall/fallen/normal acc 0.378/0.480/0.956 | lr 1.00e-04
[VAL] step 600 | f1 0.6837 | fallen prec 0.6215 rec 0.7552 | train_loss 2.3646
  [BEST] 新最优 f1=0.6837 → best_model.pt
step 650 | loss 2.3599 | fall/fallen/normal acc 0.193/0.643/0.964 | lr 1.00e-04
step 700 | loss 1.9342 | fall/fallen/normal acc 0.477/0.467/0.975 | lr 1.00e-04
step 750 | loss 1.0099 | fall/fallen/normal acc 0.522/0.629/0.953 | lr 1.00e-04
step 800 | loss 2.0904 | fall/fallen/normal acc 0.223/0.487/0.943 | lr 1.00e-04
step 850 | loss 1.2649 | fall/fallen/normal acc 0.430/0.519/0.948 | lr 1.00e-04
step 900 | loss 1.5573 | fall/fallen/normal acc 0.388/0.648/0.945 | lr 1.00e-04
step 950 | loss 1.3945 | fall/fallen/normal acc 0.771/0.538/0.930 | lr 1.00e-04
step 1000 | loss 1.3800 | fall/fallen/normal acc 0.749/0.181/0.942 | lr 1.00e-04
step 1050 | loss 1.6862 | fall/fallen/normal acc 0.565/0.431/0.948 | lr 1.00e-04
step 1100 | loss 1.3915 | fall/fallen/normal acc 0.763/0.208/0.950 | lr 1.00e-04
step 1150 | loss 1.1103 | fall/fallen/normal acc 0.645/0.631/0.955 | lr 1.00e-04
step 1200 | loss 1.1025 | fall/fallen/normal acc 0.575/0.503/0.951 | lr 1.00e-04
[VAL] step 1200 | f1 0.6076 | fallen prec 0.9502 rec 0.2061 | train_loss 1.5235
step 1250 | loss 1.6901 | fall/fallen/normal acc 0.626/0.157/0.946 | lr 1.00e-04
step 1300 | loss 1.1877 | fall/fallen/normal acc 0.597/0.743/0.952 | lr 1.00e-04
step 1350 | loss 1.0014 | fall/fallen/normal acc 0.582/0.554/0.964 | lr 1.00e-04
step 1400 | loss 0.9437 | fall/fallen/normal acc 0.446/0.345/0.943 | lr 1.00e-04
step 1450 | loss 1.0773 | fall/fallen/normal acc 0.626/0.463/0.893 | lr 1.00e-04
step 1500 | loss 0.7568 | fall/fallen/normal acc 0.822/0.660/0.951 | lr 1.00e-04
step 1550 | loss 1.4818 | fall/fallen/normal acc 0.245/0.320/0.956 | lr 1.00e-04
step 1600 | loss 1.0669 | fall/fallen/normal acc 0.637/0.656/0.903 | lr 1.00e-04
step 1650 | loss 1.3412 | fall/fallen/normal acc 0.577/0.438/0.907 | lr 1.00e-04
step 1700 | loss 1.5567 | fall/fallen/normal acc 0.831/0.559/0.967 | lr 1.00e-04
step 1750 | loss 1.0282 | fall/fallen/normal acc 0.646/0.475/0.980 | lr 1.00e-04
step 1800 | loss 1.4182 | fall/fallen/normal acc 0.405/0.428/0.957 | lr 1.00e-04
[VAL] step 1800 | f1 0.7154 | fallen prec 0.9811 rec 0.4203 | train_loss 1.2125
  [BEST] 新最优 f1=0.7154 → best_model.pt
step 1850 | loss 0.5666 | fall/fallen/normal acc 0.682/0.468/0.952 | lr 1.00e-04
step 1900 | loss 0.9301 | fall/fallen/normal acc 0.755/0.576/0.952 | lr 1.00e-04
step 1950 | loss 0.5584 | fall/fallen/normal acc 0.642/0.610/0.960 | lr 1.00e-04
step 2000 | loss 0.9545 | fall/fallen/normal acc 0.699/0.686/0.916 | lr 1.00e-04
step 2050 | loss 0.8850 | fall/fallen/normal acc 0.459/0.712/0.952 | lr 1.00e-04
step 2100 | loss 1.1668 | fall/fallen/normal acc 0.787/0.435/0.941 | lr 1.00e-04
step 2150 | loss 0.8604 | fall/fallen/normal acc 0.667/0.299/0.965 | lr 1.00e-04
step 2200 | loss 1.3222 | fall/fallen/normal acc 0.852/0.351/0.971 | lr 1.00e-04
step 2250 | loss 0.5541 | fall/fallen/normal acc 0.816/0.660/0.934 | lr 1.00e-04
step 2300 | loss 1.6459 | fall/fallen/normal acc 0.480/0.261/0.956 | lr 1.00e-04
step 2350 | loss 0.8661 | fall/fallen/normal acc 0.273/0.109/0.985 | lr 1.00e-04
step 2400 | loss 0.5613 | fall/fallen/normal acc 0.751/0.429/0.956 | lr 1.00e-04
[VAL] step 2400 | f1 0.8509 | fallen prec 0.8227 rec 0.9019 | train_loss 0.9060
  [BEST] 新最优 f1=0.8509 → best_model.pt
step 2450 | loss 1.0330 | fall/fallen/normal acc 0.711/0.229/0.971 | lr 1.00e-04
step 2500 | loss 2.1803 | fall/fallen/normal acc 0.336/0.175/0.965 | lr 1.00e-04
step 2550 | loss 0.5646 | fall/fallen/normal acc 0.525/0.728/0.950 | lr 1.00e-04
step 2600 | loss 1.0843 | fall/fallen/normal acc 0.572/0.463/0.969 | lr 1.00e-04
step 2650 | loss 1.0896 | fall/fallen/normal acc 0.637/0.465/0.939 | lr 1.00e-04
step 2700 | loss 1.0883 | fall/fallen/normal acc 0.482/0.773/0.960 | lr 1.00e-04
step 2750 | loss 0.6803 | fall/fallen/normal acc 0.487/0.772/0.965 | lr 1.00e-04
step 2800 | loss 0.6775 | fall/fallen/normal acc 0.738/0.677/0.946 | lr 1.00e-04
step 2850 | loss 0.8145 | fall/fallen/normal acc 0.740/0.842/0.949 | lr 1.00e-04
step 2900 | loss 0.4320 | fall/fallen/normal acc 0.724/0.711/0.974 | lr 1.00e-04
step 2950 | loss 1.1204 | fall/fallen/normal acc 0.571/0.365/0.962 | lr 1.00e-04
step 3000 | loss 0.5927 | fall/fallen/normal acc 0.695/0.744/0.918 | lr 1.00e-04
[VAL] step 3000 | f1 0.8538 | fallen prec 0.8750 rec 0.8758 | train_loss 0.9465
  [BEST] 新最优 f1=0.8538 → best_model.pt
step 3050 | loss 1.3760 | fall/fallen/normal acc 0.622/0.448/0.895 | lr 1.00e-04
step 3100 | loss 0.6476 | fall/fallen/normal acc 0.726/0.550/0.956 | lr 1.00e-04
step 3150 | loss 0.3920 | fall/fallen/normal acc 0.500/0.886/0.968 | lr 1.00e-04
step 3200 | loss 0.8154 | fall/fallen/normal acc 0.478/0.659/0.964 | lr 1.00e-04
step 3250 | loss 0.4692 | fall/fallen/normal acc 0.736/0.550/0.952 | lr 1.00e-04
step 3300 | loss 1.2371 | fall/fallen/normal acc 0.466/0.458/0.971 | lr 1.00e-04
step 3350 | loss 0.5272 | fall/fallen/normal acc 0.849/0.507/0.960 | lr 1.00e-04
step 3400 | loss 0.7256 | fall/fallen/normal acc 0.677/0.589/0.976 | lr 1.00e-04
step 3450 | loss 1.1598 | fall/fallen/normal acc 0.517/0.709/0.954 | lr 1.00e-04
step 3500 | loss 1.5199 | fall/fallen/normal acc 0.668/0.608/0.972 | lr 1.00e-04
step 3550 | loss 0.5748 | fall/fallen/normal acc 0.620/0.756/0.955 | lr 1.00e-04
step 3600 | loss 1.0987 | fall/fallen/normal acc 0.583/0.526/0.941 | lr 1.00e-04
[VAL] step 3600 | f1 0.7848 | fallen prec 0.8412 rec 0.6103 | train_loss 0.8786
step 3650 | loss 0.8087 | fall/fallen/normal acc 0.682/0.644/0.945 | lr 1.00e-04
step 3700 | loss 0.6990 | fall/fallen/normal acc 0.797/0.561/0.975 | lr 1.00e-04
step 3750 | loss 1.0764 | fall/fallen/normal acc 0.693/0.679/0.938 | lr 1.00e-04
step 3800 | loss 0.8424 | fall/fallen/normal acc 0.590/0.395/0.973 | lr 1.00e-04
step 3850 | loss 0.3790 | fall/fallen/normal acc 0.744/0.266/0.993 | lr 1.00e-04
step 3900 | loss 1.2079 | fall/fallen/normal acc 0.700/0.483/0.953 | lr 1.00e-04
step 3950 | loss 1.2226 | fall/fallen/normal acc 0.710/0.729/0.959 | lr 1.00e-04
step 4000 | loss 0.3393 | fall/fallen/normal acc 0.843/0.545/0.970 | lr 1.00e-04
step 4050 | loss 0.7543 | fall/fallen/normal acc 0.784/0.826/0.965 | lr 1.00e-04
step 4100 | loss 0.7765 | fall/fallen/normal acc 0.628/0.577/0.914 | lr 1.00e-04
step 4150 | loss 0.8228 | fall/fallen/normal acc 0.575/0.756/0.950 | lr 1.00e-04
step 4200 | loss 0.7265 | fall/fallen/normal acc 0.748/0.591/0.918 | lr 1.00e-04
[VAL] step 4200 | f1 0.8609 | fallen prec 0.8058 rec 0.8479 | train_loss 0.8046
  [BEST] 新最优 f1=0.8609 → best_model.pt
step 4250 | loss 0.9154 | fall/fallen/normal acc 0.696/0.634/0.969 | lr 1.00e-04
step 4300 | loss 1.3936 | fall/fallen/normal acc 0.480/0.586/0.948 | lr 1.00e-04
step 4350 | loss 0.6700 | fall/fallen/normal acc 0.564/0.436/0.961 | lr 1.00e-04
step 4400 | loss 0.5321 | fall/fallen/normal acc 0.760/0.865/0.967 | lr 1.00e-04
step 4450 | loss 0.6838 | fall/fallen/normal acc 0.849/0.510/0.947 | lr 1.00e-04
step 4500 | loss 0.7697 | fall/fallen/normal acc 0.818/0.478/0.935 | lr 1.00e-04
step 4550 | loss 0.5821 | fall/fallen/normal acc 0.572/0.739/0.952 | lr 1.00e-04
step 4600 | loss 1.1269 | fall/fallen/normal acc 0.610/0.555/0.985 | lr 1.00e-04
step 4650 | loss 0.8262 | fall/fallen/normal acc 0.615/0.767/0.962 | lr 1.00e-04
step 4700 | loss 0.5663 | fall/fallen/normal acc 0.905/0.601/0.941 | lr 1.00e-04
step 4750 | loss 0.9399 | fall/fallen/normal acc 0.506/0.755/0.951 | lr 1.00e-04
step 4800 | loss 0.8809 | fall/fallen/normal acc 0.621/0.318/0.947 | lr 1.00e-04
[VAL] step 4800 | f1 0.7792 | fallen prec 0.9651 rec 0.5482 | train_loss 0.8239
step 4850 | loss 0.4463 | fall/fallen/normal acc 0.606/0.619/0.973 | lr 1.00e-04
step 4900 | loss 0.3933 | fall/fallen/normal acc 0.710/0.829/0.984 | lr 1.00e-04
step 4950 | loss 0.6777 | fall/fallen/normal acc 0.720/0.714/0.953 | lr 1.00e-04
step 5000 | loss 0.6712 | fall/fallen/normal acc 0.733/0.640/0.939 | lr 1.00e-04
step 5050 | loss 0.4613 | fall/fallen/normal acc 0.802/0.709/0.967 | lr 1.00e-04
step 5100 | loss 0.5270 | fall/fallen/normal acc 0.832/0.762/0.964 | lr 1.00e-04
step 5150 | loss 0.9866 | fall/fallen/normal acc 0.673/0.689/0.913 | lr 1.00e-04
step 5200 | loss 0.4904 | fall/fallen/normal acc 0.722/0.811/0.956 | lr 1.00e-04
step 5250 | loss 0.9920 | fall/fallen/normal acc 0.611/0.497/0.975 | lr 1.00e-04
step 5300 | loss 0.6427 | fall/fallen/normal acc 0.749/0.893/0.960 | lr 1.00e-04
step 5350 | loss 0.8907 | fall/fallen/normal acc 0.469/0.480/0.945 | lr 1.00e-04
step 5400 | loss 0.3841 | fall/fallen/normal acc 0.885/0.689/0.957 | lr 1.00e-04
[VAL] step 5400 | f1 0.8594 | fallen prec 0.8094 rec 0.8947 | train_loss 0.6303
step 5450 | loss 0.8261 | fall/fallen/normal acc 0.783/0.422/0.947 | lr 1.00e-04
step 5500 | loss 0.5817 | fall/fallen/normal acc 0.687/0.810/0.961 | lr 1.00e-04
step 5550 | loss 0.2539 | fall/fallen/normal acc 0.908/0.782/0.985 | lr 1.00e-04
step 5600 | loss 0.8769 | fall/fallen/normal acc 0.800/0.830/0.956 | lr 1.00e-04
step 5650 | loss 0.9233 | fall/fallen/normal acc 0.231/0.576/0.961 | lr 1.00e-04
step 5700 | loss 0.6055 | fall/fallen/normal acc 0.581/0.634/0.951 | lr 1.00e-04
step 5750 | loss 1.1156 | fall/fallen/normal acc 0.708/0.884/0.945 | lr 1.00e-04
step 5800 | loss 0.8622 | fall/fallen/normal acc 0.684/0.446/0.951 | lr 1.00e-04
step 5850 | loss 0.5810 | fall/fallen/normal acc 0.862/0.720/0.921 | lr 1.00e-04
step 5900 | loss 0.9156 | fall/fallen/normal acc 0.859/0.607/0.984 | lr 1.00e-04
step 5950 | loss 0.5960 | fall/fallen/normal acc 0.635/0.930/0.956 | lr 1.00e-04
step 6000 | loss 0.6930 | fall/fallen/normal acc 0.669/0.798/0.943 | lr 1.00e-04
[VAL] step 6000 | f1 0.8712 | fallen prec 0.9598 rec 0.7948 | train_loss 0.7359
  [BEST] 新最优 f1=0.8712 → best_model.pt
step 6050 | loss 0.5185 | fall/fallen/normal acc 0.688/0.575/0.941 | lr 1.00e-04
step 6100 | loss 0.5402 | fall/fallen/normal acc 0.793/0.716/0.967 | lr 1.00e-04
step 6150 | loss 0.3679 | fall/fallen/normal acc 0.870/0.460/0.973 | lr 1.00e-04
step 6200 | loss 0.6883 | fall/fallen/normal acc 0.786/0.684/0.980 | lr 1.00e-04
step 6250 | loss 1.1397 | fall/fallen/normal acc 0.641/0.447/0.956 | lr 1.00e-04
step 6300 | loss 0.5790 | fall/fallen/normal acc 0.838/0.686/0.950 | lr 1.00e-04
step 6350 | loss 0.6789 | fall/fallen/normal acc 0.536/0.744/0.950 | lr 1.00e-04
step 6400 | loss 0.5425 | fall/fallen/normal acc 0.736/0.772/0.974 | lr 1.00e-04
step 6450 | loss 0.4919 | fall/fallen/normal acc 0.769/0.839/0.966 | lr 1.00e-04
step 6500 | loss 0.9913 | fall/fallen/normal acc 0.377/0.919/0.984 | lr 1.00e-04
step 6550 | loss 0.6512 | fall/fallen/normal acc 0.664/0.506/0.974 | lr 1.00e-04
step 6600 | loss 0.5142 | fall/fallen/normal acc 0.802/0.679/0.956 | lr 1.00e-04
[VAL] step 6600 | f1 0.8151 | fallen prec 0.9791 rec 0.6742 | train_loss 0.6420
step 6650 | loss 0.7335 | fall/fallen/normal acc 0.656/0.746/0.957 | lr 1.00e-04
step 6700 | loss 0.5374 | fall/fallen/normal acc 0.819/0.574/0.965 | lr 1.00e-04
step 6750 | loss 0.7784 | fall/fallen/normal acc 0.668/0.697/0.979 | lr 1.00e-04
step 6800 | loss 0.3613 | fall/fallen/normal acc 0.769/0.808/0.960 | lr 1.00e-04
step 6850 | loss 0.4337 | fall/fallen/normal acc 0.767/0.942/0.949 | lr 1.00e-04
step 6900 | loss 0.4028 | fall/fallen/normal acc 0.888/0.866/0.962 | lr 1.00e-04
step 6950 | loss 0.5753 | fall/fallen/normal acc 0.763/0.769/0.940 | lr 1.00e-04
step 7000 | loss 0.7740 | fall/fallen/normal acc 0.565/0.621/0.988 | lr 1.00e-04
step 7050 | loss 0.5538 | fall/fallen/normal acc 0.681/0.658/0.955 | lr 1.00e-04
step 7100 | loss 0.3263 | fall/fallen/normal acc 0.753/0.815/0.965 | lr 1.00e-04
step 7150 | loss 0.4357 | fall/fallen/normal acc 0.786/0.683/0.976 | lr 1.00e-04
step 7200 | loss 0.4829 | fall/fallen/normal acc 0.781/0.901/0.981 | lr 1.00e-04
[VAL] step 7200 | f1 0.8511 | fallen prec 0.9794 rec 0.7282 | train_loss 0.5329
step 7250 | loss 0.5435 | fall/fallen/normal acc 0.750/0.822/0.956 | lr 1.00e-04
step 7300 | loss 0.9676 | fall/fallen/normal acc 0.481/0.595/0.971 | lr 1.00e-04
step 7350 | loss 0.4664 | fall/fallen/normal acc 0.743/0.661/0.958 | lr 1.00e-04
step 7400 | loss 0.6535 | fall/fallen/normal acc 0.641/0.508/0.948 | lr 1.00e-04
step 7450 | loss 1.1331 | fall/fallen/normal acc 0.516/0.497/0.959 | lr 1.00e-04
step 7500 | loss 0.5499 | fall/fallen/normal acc 0.861/0.724/0.966 | lr 1.00e-04
step 7550 | loss 0.5016 | fall/fallen/normal acc 0.707/0.602/0.959 | lr 1.00e-04
step 7600 | loss 0.9861 | fall/fallen/normal acc 0.754/0.774/0.957 | lr 1.00e-04
step 7650 | loss 1.3996 | fall/fallen/normal acc 0.640/0.466/0.945 | lr 1.00e-04
step 7700 | loss 0.3577 | fall/fallen/normal acc 0.832/0.797/0.972 | lr 1.00e-04
step 7750 | loss 0.5157 | fall/fallen/normal acc 0.788/0.849/0.952 | lr 1.00e-04
step 7800 | loss 0.2657 | fall/fallen/normal acc 0.940/0.629/0.988 | lr 1.00e-04
[VAL] step 7800 | f1 0.8544 | fallen prec 0.7483 rec 0.8884 | train_loss 0.6950
step 7850 | loss 0.7052 | fall/fallen/normal acc 0.641/0.582/0.957 | lr 1.00e-04
step 7900 | loss 0.8550 | fall/fallen/normal acc 0.364/0.596/0.961 | lr 1.00e-04
step 7950 | loss 0.2787 | fall/fallen/normal acc 0.811/0.853/0.972 | lr 1.00e-04
step 8000 | loss 0.7271 | fall/fallen/normal acc 0.795/0.592/0.941 | lr 1.00e-04
step 8050 | loss 0.4552 | fall/fallen/normal acc 0.778/0.847/0.954 | lr 1.00e-04
step 8100 | loss 0.5667 | fall/fallen/normal acc 0.472/0.784/0.963 | lr 1.00e-04
step 8150 | loss 0.4540 | fall/fallen/normal acc 0.753/0.761/0.985 | lr 1.00e-04
step 8200 | loss 0.3398 | fall/fallen/normal acc 0.802/0.823/0.977 | lr 1.00e-04
step 8250 | loss 1.0976 | fall/fallen/normal acc 0.769/0.617/0.943 | lr 1.00e-04
step 8300 | loss 0.9170 | fall/fallen/normal acc 0.645/0.516/0.951 | lr 1.00e-04
step 8350 | loss 0.4359 | fall/fallen/normal acc 0.899/0.559/0.957 | lr 1.00e-04
step 8400 | loss 0.7388 | fall/fallen/normal acc 0.655/0.851/0.967 | lr 1.00e-04
[VAL] step 8400 | f1 0.8699 | fallen prec 0.8331 rec 0.9208 | train_loss 0.6309
step 8450 | loss 0.5162 | fall/fallen/normal acc 0.887/0.804/0.952 | lr 1.00e-04
step 8500 | loss 0.4322 | fall/fallen/normal acc 0.686/0.829/0.973 | lr 1.00e-04
step 8550 | loss 1.1141 | fall/fallen/normal acc 0.733/0.820/0.928 | lr 1.00e-04
step 8600 | loss 0.6826 | fall/fallen/normal acc 0.857/0.635/0.944 | lr 1.00e-04
step 8650 | loss 0.8972 | fall/fallen/normal acc 0.769/0.779/0.932 | lr 1.00e-04
step 8700 | loss 0.7304 | fall/fallen/normal acc 0.808/0.661/0.940 | lr 1.00e-04
step 8750 | loss 0.7320 | fall/fallen/normal acc 0.796/0.555/0.978 | lr 1.00e-04
step 8800 | loss 0.4732 | fall/fallen/normal acc 0.924/0.738/0.929 | lr 1.00e-04
step 8850 | loss 0.6653 | fall/fallen/normal acc 0.665/0.517/0.932 | lr 1.00e-04
step 8900 | loss 0.6361 | fall/fallen/normal acc 0.670/0.849/0.939 | lr 1.00e-04
step 8950 | loss 0.5878 | fall/fallen/normal acc 0.516/0.775/0.954 | lr 1.00e-04
step 9000 | loss 0.4034 | fall/fallen/normal acc 0.717/0.857/0.984 | lr 1.00e-04
[VAL] step 9000 | f1 0.8844 | fallen prec 0.8388 rec 0.9649 | train_loss 0.6559
  [BEST] 新最优 f1=0.8844 → best_model.pt
step 9050 | loss 0.3000 | fall/fallen/normal acc 0.901/0.878/0.970 | lr 1.00e-04
step 9100 | loss 0.5257 | fall/fallen/normal acc 0.781/0.617/0.950 | lr 1.00e-04
step 9150 | loss 0.7722 | fall/fallen/normal acc 0.727/0.708/0.923 | lr 1.00e-04
step 9200 | loss 0.2741 | fall/fallen/normal acc 0.899/0.797/0.943 | lr 1.00e-04
step 9250 | loss 1.0226 | fall/fallen/normal acc 0.781/0.639/0.942 | lr 1.00e-04
step 9300 | loss 0.6676 | fall/fallen/normal acc 0.775/0.882/0.970 | lr 1.00e-04
step 9350 | loss 0.5532 | fall/fallen/normal acc 0.908/0.629/0.918 | lr 1.00e-04
step 9400 | loss 1.0055 | fall/fallen/normal acc 0.720/0.552/0.926 | lr 1.00e-04
step 9450 | loss 0.7967 | fall/fallen/normal acc 0.970/0.345/0.964 | lr 1.00e-04
step 9500 | loss 0.6549 | fall/fallen/normal acc 0.769/0.581/0.966 | lr 1.00e-04
step 9550 | loss 0.6055 | fall/fallen/normal acc 0.854/0.515/0.990 | lr 1.00e-04
step 9600 | loss 0.7715 | fall/fallen/normal acc 0.751/0.868/0.920 | lr 1.00e-04
[VAL] step 9600 | f1 0.8857 | fallen prec 0.8354 rec 0.9316 | train_loss 0.6625
  [BEST] 新最优 f1=0.8857 → best_model.pt
[EPOCH 1] 完成，已存 epoch_1_model.pt
step 9650 | loss 0.7489 | fall/fallen/normal acc 0.702/0.642/0.963 | lr 1.00e-04
step 9700 | loss 0.5250 | fall/fallen/normal acc 0.757/0.758/0.918 | lr 1.00e-04
step 9750 | loss 0.5752 | fall/fallen/normal acc 0.652/0.640/0.947 | lr 1.00e-04
step 9800 | loss 0.3992 | fall/fallen/normal acc 0.947/0.737/0.949 | lr 1.00e-04
step 9850 | loss 0.6726 | fall/fallen/normal acc 0.782/0.759/0.935 | lr 1.00e-04
step 9900 | loss 0.4305 | fall/fallen/normal acc 0.738/0.814/0.966 | lr 1.00e-04
step 9950 | loss 0.4029 | fall/fallen/normal acc 0.808/0.791/0.979 | lr 1.00e-04
step 10000 | loss 0.5405 | fall/fallen/normal acc 0.824/0.751/0.970 | lr 1.00e-04
step 10050 | loss 0.6198 | fall/fallen/normal acc 0.924/0.632/0.971 | lr 1.00e-04
step 10100 | loss 0.3549 | fall/fallen/normal acc 0.673/0.956/0.966 | lr 1.00e-04
step 10150 | loss 0.7037 | fall/fallen/normal acc 0.738/0.692/0.971 | lr 1.00e-04
step 10200 | loss 0.3817 | fall/fallen/normal acc 0.755/0.700/0.985 | lr 1.00e-04
[VAL] step 10200 | f1 0.8496 | fallen prec 0.6982 rec 0.9703 | train_loss 0.5296
step 10250 | loss 0.4317 | fall/fallen/normal acc 0.837/0.770/0.963 | lr 1.00e-04
step 10300 | loss 0.6066 | fall/fallen/normal acc 0.883/0.578/0.967 | lr 1.00e-04
step 10350 | loss 0.3334 | fall/fallen/normal acc 0.840/0.644/0.945 | lr 1.00e-04
step 10400 | loss 0.4512 | fall/fallen/normal acc 0.783/0.852/0.983 | lr 1.00e-04
step 10450 | loss 0.6700 | fall/fallen/normal acc 0.865/0.844/0.921 | lr 1.00e-04
step 10500 | loss 0.5798 | fall/fallen/normal acc 0.657/0.876/0.966 | lr 1.00e-04
step 10550 | loss 0.5836 | fall/fallen/normal acc 0.653/0.760/0.967 | lr 1.00e-04
step 10600 | loss 0.5002 | fall/fallen/normal acc 0.860/0.754/0.971 | lr 1.00e-04
step 10650 | loss 0.6790 | fall/fallen/normal acc 0.739/0.732/0.942 | lr 1.00e-04
step 10700 | loss 0.7046 | fall/fallen/normal acc 0.767/0.564/0.961 | lr 1.00e-04
step 10750 | loss 0.4365 | fall/fallen/normal acc 0.746/0.269/0.982 | lr 1.00e-04
step 10800 | loss 0.6378 | fall/fallen/normal acc 0.753/0.779/0.964 | lr 1.00e-04
[VAL] step 10800 | f1 0.8523 | fallen prec 0.7433 rec 0.9541 | train_loss 0.5512
step 10850 | loss 0.3254 | fall/fallen/normal acc 0.710/0.927/0.974 | lr 1.00e-04
step 10900 | loss 0.7721 | fall/fallen/normal acc 0.884/0.796/0.930 | lr 1.00e-04
step 10950 | loss 0.5280 | fall/fallen/normal acc 0.725/0.798/0.951 | lr 1.00e-04
step 11000 | loss 0.4149 | fall/fallen/normal acc 0.875/0.810/0.943 | lr 1.00e-04
step 11050 | loss 0.6839 | fall/fallen/normal acc 0.810/0.876/0.947 | lr 1.00e-04
step 11100 | loss 1.1146 | fall/fallen/normal acc 0.659/0.752/0.935 | lr 1.00e-04
step 11150 | loss 0.5655 | fall/fallen/normal acc 0.809/0.552/0.938 | lr 1.00e-04
step 11200 | loss 1.0387 | fall/fallen/normal acc 0.641/0.530/0.930 | lr 1.00e-04
step 11250 | loss 0.4041 | fall/fallen/normal acc 0.779/0.882/0.952 | lr 1.00e-04
step 11300 | loss 0.4719 | fall/fallen/normal acc 0.676/0.786/0.955 | lr 1.00e-04
step 11350 | loss 0.4385 | fall/fallen/normal acc 0.853/0.814/0.971 | lr 1.00e-04
step 11400 | loss 0.9678 | fall/fallen/normal acc 0.551/0.358/0.970 | lr 1.00e-04
[VAL] step 11400 | f1 0.8775 | fallen prec 0.8453 rec 0.9298 | train_loss 0.6438
step 11450 | loss 0.1046 | fall/fallen/normal acc 0.941/0.967/0.984 | lr 1.00e-04
step 11500 | loss 1.0653 | fall/fallen/normal acc 0.839/0.879/0.967 | lr 1.00e-04
step 11550 | loss 0.6137 | fall/fallen/normal acc 0.772/0.707/0.954 | lr 1.00e-04
step 11600 | loss 0.3145 | fall/fallen/normal acc 0.896/0.828/0.986 | lr 1.00e-04
step 11650 | loss 0.6327 | fall/fallen/normal acc 0.881/0.877/0.971 | lr 1.00e-04
step 11700 | loss 0.6281 | fall/fallen/normal acc 0.745/0.735/0.950 | lr 1.00e-04
step 11750 | loss 0.5288 | fall/fallen/normal acc 0.744/0.540/0.961 | lr 1.00e-04
step 11800 | loss 0.6595 | fall/fallen/normal acc 0.841/0.707/0.976 | lr 1.00e-04
step 11850 | loss 0.3959 | fall/fallen/normal acc 0.922/0.842/0.971 | lr 1.00e-04
step 11900 | loss 0.9123 | fall/fallen/normal acc 0.723/0.240/0.939 | lr 1.00e-04
step 11950 | loss 0.3608 | fall/fallen/normal acc 0.858/0.812/0.969 | lr 1.00e-04
step 12000 | loss 0.8066 | fall/fallen/normal acc 0.615/0.624/0.953 | lr 1.00e-04
[VAL] step 12000 | f1 0.8624 | fallen prec 0.8590 rec 0.9271 | train_loss 0.5852
step 12050 | loss 0.3846 | fall/fallen/normal acc 0.817/0.800/0.958 | lr 1.00e-04
step 12100 | loss 0.3313 | fall/fallen/normal acc 0.828/0.689/0.980 | lr 1.00e-04
step 12150 | loss 0.6862 | fall/fallen/normal acc 0.768/0.533/0.957 | lr 1.00e-04
step 12200 | loss 0.5607 | fall/fallen/normal acc 0.590/0.798/0.960 | lr 1.00e-04
step 12250 | loss 0.3065 | fall/fallen/normal acc 0.808/0.921/0.969 | lr 1.00e-04
step 12300 | loss 0.9945 | fall/fallen/normal acc 0.812/0.660/0.935 | lr 1.00e-04
step 12350 | loss 0.6591 | fall/fallen/normal acc 0.785/0.734/0.981 | lr 1.00e-04
step 12400 | loss 0.5074 | fall/fallen/normal acc 0.741/0.851/0.954 | lr 1.00e-04
step 12450 | loss 0.6921 | fall/fallen/normal acc 0.714/0.693/0.957 | lr 1.00e-04
step 12500 | loss 0.5471 | fall/fallen/normal acc 0.837/0.473/0.966 | lr 1.00e-04
step 12550 | loss 0.5650 | fall/fallen/normal acc 0.818/0.812/0.931 | lr 1.00e-04
step 12600 | loss 0.4140 | fall/fallen/normal acc 0.839/0.862/0.976 | lr 1.00e-04
[VAL] step 12600 | f1 0.8432 | fallen prec 0.9821 rec 0.7426 | train_loss 0.5540
step 12650 | loss 0.6381 | fall/fallen/normal acc 0.748/0.934/0.947 | lr 1.00e-04
step 12700 | loss 0.4892 | fall/fallen/normal acc 0.778/0.864/0.968 | lr 1.00e-04
step 12750 | loss 0.8907 | fall/fallen/normal acc 0.737/0.646/0.964 | lr 1.00e-04
step 12800 | loss 0.2895 | fall/fallen/normal acc 0.866/0.802/0.965 | lr 1.00e-04
step 12850 | loss 0.6414 | fall/fallen/normal acc 0.670/0.898/0.929 | lr 1.00e-04
step 12900 | loss 0.6130 | fall/fallen/normal acc 0.835/0.764/0.970 | lr 1.00e-04
step 12950 | loss 0.4823 | fall/fallen/normal acc 0.825/0.842/0.963 | lr 1.00e-04
step 13000 | loss 0.6958 | fall/fallen/normal acc 0.738/0.762/0.965 | lr 1.00e-04
step 13050 | loss 0.4780 | fall/fallen/normal acc 0.824/0.633/0.946 | lr 1.00e-04
step 13100 | loss 0.5693 | fall/fallen/normal acc 0.680/0.718/0.971 | lr 1.00e-04
step 13150 | loss 0.3992 | fall/fallen/normal acc 0.701/0.896/0.945 | lr 1.00e-04
step 13200 | loss 0.5395 | fall/fallen/normal acc 0.850/0.565/0.976 | lr 1.00e-04
[VAL] step 13200 | f1 0.8569 | fallen prec 0.8317 rec 0.9433 | train_loss 0.5605
step 13250 | loss 0.7053 | fall/fallen/normal acc 0.695/0.924/0.978 | lr 1.00e-04
step 13300 | loss 0.2758 | fall/fallen/normal acc 0.798/0.762/0.973 | lr 1.00e-04
step 13350 | loss 0.5438 | fall/fallen/normal acc 0.571/0.768/0.932 | lr 1.00e-04
step 13400 | loss 0.2554 | fall/fallen/normal acc 0.882/0.710/0.979 | lr 1.00e-04
step 13450 | loss 0.5293 | fall/fallen/normal acc 0.795/0.885/0.940 | lr 1.00e-04
step 13500 | loss 0.5158 | fall/fallen/normal acc 0.771/0.507/0.963 | lr 1.00e-04
step 13550 | loss 0.3859 | fall/fallen/normal acc 0.936/0.799/0.964 | lr 1.00e-04
step 13600 | loss 1.1485 | fall/fallen/normal acc 0.457/0.573/0.985 | lr 1.00e-04
step 13650 | loss 0.2593 | fall/fallen/normal acc 0.916/0.856/0.982 | lr 1.00e-04
step 13700 | loss 0.7460 | fall/fallen/normal acc 0.764/0.817/0.986 | lr 1.00e-04
step 13750 | loss 1.1808 | fall/fallen/normal acc 0.630/0.435/0.954 | lr 1.00e-04
step 13800 | loss 0.6762 | fall/fallen/normal acc 0.729/0.682/0.988 | lr 1.00e-04
[VAL] step 13800 | f1 0.8509 | fallen prec 0.8078 rec 0.8965 | train_loss 0.6018
step 13850 | loss 0.7020 | fall/fallen/normal acc 0.788/0.869/0.978 | lr 1.00e-04
step 13900 | loss 0.5600 | fall/fallen/normal acc 0.809/0.618/0.975 | lr 1.00e-04
step 13950 | loss 0.7400 | fall/fallen/normal acc 0.875/0.826/0.963 | lr 1.00e-04
step 14000 | loss 0.6599 | fall/fallen/normal acc 0.851/0.729/0.952 | lr 1.00e-04
step 14050 | loss 0.5229 | fall/fallen/normal acc 0.835/0.847/0.937 | lr 1.00e-04
step 14100 | loss 0.5684 | fall/fallen/normal acc 0.741/0.746/0.984 | lr 1.00e-04
step 14150 | loss 0.5148 | fall/fallen/normal acc 0.767/0.773/0.983 | lr 1.00e-04
step 14200 | loss 0.8920 | fall/fallen/normal acc 0.669/0.769/0.940 | lr 1.00e-04
step 14250 | loss 0.7056 | fall/fallen/normal acc 0.836/0.713/0.984 | lr 1.00e-04
step 14300 | loss 0.4864 | fall/fallen/normal acc 0.770/0.890/0.984 | lr 1.00e-04
step 14350 | loss 0.5975 | fall/fallen/normal acc 0.717/0.883/0.959 | lr 1.00e-04
step 14400 | loss 0.5099 | fall/fallen/normal acc 0.781/0.692/0.976 | lr 1.00e-04
[VAL] step 14400 | f1 0.7832 | fallen prec 0.9115 rec 0.6121 | train_loss 0.6216
step 14450 | loss 0.4794 | fall/fallen/normal acc 0.915/0.738/0.978 | lr 1.00e-04
step 14500 | loss 0.6183 | fall/fallen/normal acc 0.861/0.861/0.968 | lr 1.00e-04
step 14550 | loss 0.5495 | fall/fallen/normal acc 0.847/0.876/0.979 | lr 1.00e-04
step 14600 | loss 0.6932 | fall/fallen/normal acc 0.769/0.701/0.902 | lr 1.00e-04
step 14650 | loss 0.2450 | fall/fallen/normal acc 0.801/0.863/0.976 | lr 1.00e-04
step 14700 | loss 0.2507 | fall/fallen/normal acc 0.787/0.929/0.962 | lr 1.00e-04
step 14750 | loss 0.5457 | fall/fallen/normal acc 0.977/0.374/0.938 | lr 1.00e-04
step 14800 | loss 0.9509 | fall/fallen/normal acc 0.659/0.886/0.979 | lr 1.00e-04
step 14850 | loss 0.4679 | fall/fallen/normal acc 0.844/0.851/0.958 | lr 1.00e-04
step 14900 | loss 0.3958 | fall/fallen/normal acc 0.910/0.830/0.950 | lr 1.00e-04
step 14950 | loss 0.3029 | fall/fallen/normal acc 0.859/0.896/0.976 | lr 1.00e-04
step 15000 | loss 0.5431 | fall/fallen/normal acc 0.881/0.891/0.942 | lr 1.00e-04
[VAL] step 15000 | f1 0.7994 | fallen prec 0.7489 rec 0.9100 | train_loss 0.5035
step 15050 | loss 1.1237 | fall/fallen/normal acc 0.713/0.747/0.921 | lr 1.00e-04
step 15100 | loss 0.8065 | fall/fallen/normal acc 0.701/0.637/0.965 | lr 1.00e-04
step 15150 | loss 0.2676 | fall/fallen/normal acc 0.823/0.807/0.975 | lr 1.00e-04
step 15200 | loss 0.2727 | fall/fallen/normal acc 0.691/0.962/0.959 | lr 1.00e-04
step 15250 | loss 0.6429 | fall/fallen/normal acc 0.901/0.636/0.935 | lr 1.00e-04
step 15300 | loss 0.3776 | fall/fallen/normal acc 0.832/0.714/0.991 | lr 1.00e-04
step 15350 | loss 0.3819 | fall/fallen/normal acc 0.809/0.811/0.983 | lr 1.00e-04
step 15400 | loss 0.4881 | fall/fallen/normal acc 0.779/0.760/0.986 | lr 1.00e-04
step 15450 | loss 0.5900 | fall/fallen/normal acc 0.810/0.827/0.968 | lr 1.00e-04
step 15500 | loss 0.5756 | fall/fallen/normal acc 0.785/0.606/0.962 | lr 1.00e-04
step 15550 | loss 0.1728 | fall/fallen/normal acc 0.851/0.924/0.977 | lr 1.00e-04
step 15600 | loss 0.3674 | fall/fallen/normal acc 0.764/0.928/0.977 | lr 1.00e-04
[VAL] step 15600 | f1 0.8362 | fallen prec 0.9082 rec 0.8371 | train_loss 0.5056
step 15650 | loss 0.7693 | fall/fallen/normal acc 0.877/0.523/0.956 | lr 1.00e-04
step 15700 | loss 0.4035 | fall/fallen/normal acc 0.851/0.954/0.954 | lr 1.00e-04
step 15750 | loss 0.5207 | fall/fallen/normal acc 0.779/0.830/0.937 | lr 1.00e-04
step 15800 | loss 0.4214 | fall/fallen/normal acc 0.826/0.827/0.980 | lr 1.00e-04
step 15850 | loss 0.5077 | fall/fallen/normal acc 0.653/0.940/0.973 | lr 1.00e-04
step 15900 | loss 0.6036 | fall/fallen/normal acc 0.864/0.650/0.966 | lr 1.00e-04
step 15950 | loss 0.9585 | fall/fallen/normal acc 0.823/0.495/0.967 | lr 1.00e-04
step 16000 | loss 0.2562 | fall/fallen/normal acc 0.857/0.833/0.971 | lr 1.00e-04
step 16050 | loss 0.4486 | fall/fallen/normal acc 0.916/0.839/0.960 | lr 1.00e-04
step 16100 | loss 0.5128 | fall/fallen/normal acc 0.786/0.800/0.983 | lr 1.00e-04
step 16150 | loss 0.2777 | fall/fallen/normal acc 0.824/0.844/0.983 | lr 1.00e-04
step 16200 | loss 0.6654 | fall/fallen/normal acc 0.751/0.818/0.975 | lr 1.00e-04
[VAL] step 16200 | f1 0.8419 | fallen prec 0.8379 rec 0.9262 | train_loss 0.5288
step 16250 | loss 0.5353 | fall/fallen/normal acc 0.811/0.861/0.968 | lr 1.00e-04
step 16300 | loss 0.8625 | fall/fallen/normal acc 0.707/0.759/0.932 | lr 1.00e-04
step 16350 | loss 0.3487 | fall/fallen/normal acc 0.865/0.924/0.961 | lr 1.00e-04
step 16400 | loss 0.4618 | fall/fallen/normal acc 0.833/0.889/0.960 | lr 1.00e-04
step 16450 | loss 0.4543 | fall/fallen/normal acc 0.890/0.365/0.993 | lr 1.00e-04
step 16500 | loss 1.1562 | fall/fallen/normal acc 0.627/0.643/0.948 | lr 1.00e-04
step 16550 | loss 0.7435 | fall/fallen/normal acc 0.769/0.708/0.958 | lr 1.00e-04
step 16600 | loss 0.4848 | fall/fallen/normal acc 0.751/0.851/0.984 | lr 1.00e-04
step 16650 | loss 0.3001 | fall/fallen/normal acc 0.711/0.927/0.985 | lr 1.00e-04
step 16700 | loss 0.4107 | fall/fallen/normal acc 0.806/0.819/0.970 | lr 1.00e-04
step 16750 | loss 0.5530 | fall/fallen/normal acc 0.878/0.604/0.989 | lr 1.00e-04
step 16800 | loss 0.7016 | fall/fallen/normal acc 0.881/0.896/0.930 | lr 1.00e-04
[VAL] step 16800 | f1 0.8653 | fallen prec 0.9036 rec 0.8272 | train_loss 0.5844
step 16850 | loss 0.4524 | fall/fallen/normal acc 0.800/0.687/0.993 | lr 1.00e-04
step 16900 | loss 0.9836 | fall/fallen/normal acc 0.625/0.573/0.958 | lr 1.00e-04
step 16950 | loss 0.6529 | fall/fallen/normal acc 0.655/0.883/0.948 | lr 1.00e-04
step 17000 | loss 0.3390 | fall/fallen/normal acc 0.775/0.879/0.962 | lr 1.00e-04
step 17050 | loss 0.7945 | fall/fallen/normal acc 0.910/0.669/0.958 | lr 1.00e-04
step 17100 | loss 0.2804 | fall/fallen/normal acc 0.696/0.918/0.991 | lr 1.00e-04
step 17150 | loss 0.4918 | fall/fallen/normal acc 0.685/0.846/0.975 | lr 1.00e-04
step 17200 | loss 0.3420 | fall/fallen/normal acc 0.815/0.964/0.978 | lr 1.00e-04
step 17250 | loss 0.6624 | fall/fallen/normal acc 0.719/0.812/0.962 | lr 1.00e-04
step 17300 | loss 0.2614 | fall/fallen/normal acc 0.876/0.924/0.974 | lr 1.00e-04
step 17350 | loss 0.3773 | fall/fallen/normal acc 0.695/0.904/0.978 | lr 1.00e-04
step 17400 | loss 0.2840 | fall/fallen/normal acc 0.716/0.900/0.977 | lr 1.00e-04
[VAL] step 17400 | f1 0.8160 | fallen prec 0.9838 rec 0.6562 | train_loss 0.4935
step 17450 | loss 0.5811 | fall/fallen/normal acc 0.741/0.737/0.961 | lr 1.00e-04
step 17500 | loss 0.7546 | fall/fallen/normal acc 0.752/0.610/0.945 | lr 1.00e-04
step 17550 | loss 0.5455 | fall/fallen/normal acc 0.897/0.870/0.960 | lr 1.00e-04
step 17600 | loss 0.2790 | fall/fallen/normal acc 0.865/0.861/0.989 | lr 1.00e-04
step 17650 | loss 0.4503 | fall/fallen/normal acc 0.863/0.909/0.956 | lr 1.00e-04
step 17700 | loss 0.7895 | fall/fallen/normal acc 0.892/0.564/0.956 | lr 1.00e-04
step 17750 | loss 0.3991 | fall/fallen/normal acc 0.844/0.650/0.969 | lr 1.00e-04
step 17800 | loss 0.5830 | fall/fallen/normal acc 0.791/0.784/0.951 | lr 1.00e-04
step 17850 | loss 0.4425 | fall/fallen/normal acc 0.923/0.887/0.945 | lr 1.00e-04
step 17900 | loss 0.7654 | fall/fallen/normal acc 0.768/0.433/0.951 | lr 1.00e-04
step 17950 | loss 0.5853 | fall/fallen/normal acc 0.904/0.700/0.980 | lr 1.00e-04
step 18000 | loss 0.4715 | fall/fallen/normal acc 0.776/0.938/0.983 | lr 1.00e-04
[VAL] step 18000 | f1 0.8686 | fallen prec 0.8741 rec 0.9064 | train_loss 0.5539
step 18050 | loss 0.9030 | fall/fallen/normal acc 0.894/0.618/0.956 | lr 1.00e-04
step 18100 | loss 0.6248 | fall/fallen/normal acc 0.672/0.784/0.959 | lr 1.00e-04
step 18150 | loss 0.4270 | fall/fallen/normal acc 0.894/0.953/0.983 | lr 1.00e-04
step 18200 | loss 0.6373 | fall/fallen/normal acc 0.762/0.816/0.954 | lr 1.00e-04
step 18250 | loss 0.4591 | fall/fallen/normal acc 0.950/0.775/0.963 | lr 1.00e-04
step 18300 | loss 0.4398 | fall/fallen/normal acc 0.861/0.827/0.929 | lr 1.00e-04
step 18350 | loss 0.8379 | fall/fallen/normal acc 0.893/0.387/0.949 | lr 1.00e-04
step 18400 | loss 0.4414 | fall/fallen/normal acc 0.856/0.781/0.937 | lr 1.00e-04
step 18450 | loss 1.1147 | fall/fallen/normal acc 0.686/0.590/0.974 | lr 1.00e-04
step 18500 | loss 0.4069 | fall/fallen/normal acc 0.942/0.735/0.982 | lr 1.00e-04
step 18550 | loss 0.3265 | fall/fallen/normal acc 0.848/0.700/0.988 | lr 1.00e-04
step 18600 | loss 0.8105 | fall/fallen/normal acc 0.806/0.914/0.943 | lr 1.00e-04
[VAL] step 18600 | f1 0.8653 | fallen prec 0.8880 rec 0.8704 | train_loss 0.6191
step 18650 | loss 0.5600 | fall/fallen/normal acc 0.808/0.723/0.943 | lr 1.00e-04
step 18700 | loss 0.4646 | fall/fallen/normal acc 0.824/0.598/0.945 | lr 1.00e-04
step 18750 | loss 0.1706 | fall/fallen/normal acc 0.659/0.998/0.965 | lr 1.00e-04
step 18800 | loss 1.2716 | fall/fallen/normal acc 0.870/0.582/0.904 | lr 1.00e-04
step 18850 | loss 0.7483 | fall/fallen/normal acc 0.643/0.930/0.908 | lr 1.00e-04
step 18900 | loss 0.3461 | fall/fallen/normal acc 0.840/0.728/0.987 | lr 1.00e-04
step 18950 | loss 0.5495 | fall/fallen/normal acc 0.751/0.669/0.976 | lr 1.00e-04
step 19000 | loss 0.4441 | fall/fallen/normal acc 0.755/0.826/0.943 | lr 1.00e-04
step 19050 | loss 0.9077 | fall/fallen/normal acc 0.687/0.797/0.981 | lr 1.00e-04
step 19100 | loss 1.0089 | fall/fallen/normal acc 0.761/0.852/0.953 | lr 1.00e-04
step 19150 | loss 0.4791 | fall/fallen/normal acc 0.650/0.707/0.959 | lr 1.00e-04
step 19200 | loss 0.2966 | fall/fallen/normal acc 0.878/0.869/0.975 | lr 1.00e-04
[VAL] step 19200 | f1 0.8359 | fallen prec 0.7418 rec 0.8794 | train_loss 0.6039
[EPOCH 2] 完成，已存 epoch_2_model.pt
step 19250 | loss 0.2536 | fall/fallen/normal acc 0.861/0.969/0.974 | lr 1.00e-04
step 19300 | loss 0.5681 | fall/fallen/normal acc 0.741/0.797/0.979 | lr 1.00e-04
step 19350 | loss 0.5222 | fall/fallen/normal acc 0.661/0.912/0.951 | lr 1.00e-04
step 19400 | loss 0.3742 | fall/fallen/normal acc 0.883/0.832/0.989 | lr 1.00e-04
step 19450 | loss 0.4996 | fall/fallen/normal acc 0.874/0.829/0.955 | lr 1.00e-04
step 19500 | loss 0.4163 | fall/fallen/normal acc 0.833/0.739/0.951 | lr 1.00e-04
step 19550 | loss 0.4459 | fall/fallen/normal acc 0.912/0.563/0.969 | lr 1.00e-04
step 19600 | loss 0.4476 | fall/fallen/normal acc 0.880/0.815/0.975 | lr 1.00e-04
step 19650 | loss 0.3126 | fall/fallen/normal acc 0.753/0.912/0.974 | lr 1.00e-04
step 19700 | loss 0.8695 | fall/fallen/normal acc 0.682/0.767/0.938 | lr 1.00e-04
step 19750 | loss 0.6839 | fall/fallen/normal acc 0.877/0.809/0.929 | lr 1.00e-04
step 19800 | loss 0.3125 | fall/fallen/normal acc 0.927/0.763/0.971 | lr 1.00e-04
[VAL] step 19800 | f1 0.8025 | fallen prec 0.8417 rec 0.7705 | train_loss 0.4755
step 19850 | loss 0.3072 | fall/fallen/normal acc 0.940/0.779/0.974 | lr 1.00e-04
step 19900 | loss 0.2283 | fall/fallen/normal acc 0.858/0.937/0.964 | lr 1.00e-04
step 19950 | loss 0.3444 | fall/fallen/normal acc 0.863/0.764/0.960 | lr 1.00e-04
step 20000 | loss 0.4960 | fall/fallen/normal acc 0.945/0.860/0.970 | lr 1.00e-04
step 20050 | loss 0.3366 | fall/fallen/normal acc 0.904/0.864/0.964 | lr 1.00e-04
step 20100 | loss 0.4818 | fall/fallen/normal acc 0.853/0.906/0.987 | lr 1.00e-04
step 20150 | loss 0.3694 | fall/fallen/normal acc 0.906/0.803/0.948 | lr 1.00e-04
step 20200 | loss 0.3786 | fall/fallen/normal acc 0.671/0.881/0.966 | lr 1.00e-04
step 20250 | loss 0.3522 | fall/fallen/normal acc 0.691/0.804/0.998 | lr 1.00e-04
step 20300 | loss 0.5072 | fall/fallen/normal acc 0.783/0.832/0.958 | lr 1.00e-04
step 20350 | loss 0.7025 | fall/fallen/normal acc 0.777/0.578/0.943 | lr 1.00e-04
step 20400 | loss 0.3760 | fall/fallen/normal acc 0.715/0.808/0.962 | lr 1.00e-04
[VAL] step 20400 | f1 0.8368 | fallen prec 0.9844 rec 0.6832 | train_loss 0.4067
step 20450 | loss 0.2475 | fall/fallen/normal acc 0.875/0.812/0.981 | lr 1.00e-04
step 20500 | loss 0.5148 | fall/fallen/normal acc 0.802/0.718/0.983 | lr 1.00e-04
step 20550 | loss 0.4720 | fall/fallen/normal acc 0.955/0.803/0.934 | lr 1.00e-04
step 20600 | loss 0.4237 | fall/fallen/normal acc 0.904/0.864/0.953 | lr 1.00e-04
step 20650 | loss 0.3696 | fall/fallen/normal acc 0.687/0.855/0.982 | lr 1.00e-04
step 20700 | loss 0.9691 | fall/fallen/normal acc 0.713/0.740/0.975 | lr 1.00e-04
step 20750 | loss 0.4494 | fall/fallen/normal acc 0.934/0.886/0.949 | lr 1.00e-04
step 20800 | loss 0.4839 | fall/fallen/normal acc 0.877/0.759/0.955 | lr 1.00e-04
step 20850 | loss 0.5763 | fall/fallen/normal acc 0.527/0.763/0.978 | lr 1.00e-04
step 20900 | loss 0.2928 | fall/fallen/normal acc 0.855/0.936/0.963 | lr 1.00e-04
step 20950 | loss 0.4118 | fall/fallen/normal acc 0.790/0.802/0.967 | lr 1.00e-04
step 21000 | loss 0.3016 | fall/fallen/normal acc 0.902/0.667/0.982 | lr 1.00e-04
[VAL] step 21000 | f1 0.8875 | fallen prec 0.8188 rec 0.9352 | train_loss 0.4594
  [BEST] 新最优 f1=0.8875 → best_model.pt
step 21050 | loss 0.8961 | fall/fallen/normal acc 0.855/0.816/0.967 | lr 1.00e-04
step 21100 | loss 0.4558 | fall/fallen/normal acc 0.835/0.852/0.982 | lr 1.00e-04
step 21150 | loss 0.3238 | fall/fallen/normal acc 0.866/0.945/0.987 | lr 1.00e-04
step 21200 | loss 0.5739 | fall/fallen/normal acc 0.807/0.643/0.981 | lr 1.00e-04
step 21250 | loss 0.5701 | fall/fallen/normal acc 0.859/0.822/0.938 | lr 1.00e-04
step 21300 | loss 0.3410 | fall/fallen/normal acc 0.851/0.866/0.960 | lr 1.00e-04
step 21350 | loss 0.3454 | fall/fallen/normal acc 0.898/0.653/0.985 | lr 1.00e-04
step 21400 | loss 0.1930 | fall/fallen/normal acc 0.817/0.844/0.988 | lr 1.00e-04
step 21450 | loss 0.8016 | fall/fallen/normal acc 0.841/0.752/0.991 | lr 1.00e-04
step 21500 | loss 0.3273 | fall/fallen/normal acc 0.911/0.931/0.971 | lr 1.00e-04
step 21550 | loss 0.4680 | fall/fallen/normal acc 0.781/0.853/0.967 | lr 1.00e-04
step 21600 | loss 0.3492 | fall/fallen/normal acc 0.831/0.856/0.966 | lr 1.00e-04
[VAL] step 21600 | f1 0.8671 | fallen prec 0.9225 rec 0.8677 | train_loss 0.4704
step 21650 | loss 0.3554 | fall/fallen/normal acc 0.749/0.915/0.974 | lr 1.00e-04
step 21700 | loss 0.3866 | fall/fallen/normal acc 0.789/0.785/0.979 | lr 1.00e-04
step 21750 | loss 0.3346 | fall/fallen/normal acc 0.822/0.973/0.960 | lr 1.00e-04
step 21800 | loss 0.5662 | fall/fallen/normal acc 0.881/0.832/0.973 | lr 1.00e-04
step 21850 | loss 0.4989 | fall/fallen/normal acc 0.867/0.723/0.954 | lr 1.00e-04
step 21900 | loss 0.7719 | fall/fallen/normal acc 0.675/0.604/0.961 | lr 1.00e-04
step 21950 | loss 0.4018 | fall/fallen/normal acc 0.795/0.797/0.978 | lr 1.00e-04
step 22000 | loss 0.4890 | fall/fallen/normal acc 0.865/0.726/0.975 | lr 1.00e-04
step 22050 | loss 0.4401 | fall/fallen/normal acc 0.575/0.792/0.978 | lr 1.00e-04
step 22100 | loss 0.4984 | fall/fallen/normal acc 0.612/0.814/0.963 | lr 1.00e-04
step 22150 | loss 0.3500 | fall/fallen/normal acc 0.918/0.580/0.962 | lr 1.00e-04
step 22200 | loss 0.7102 | fall/fallen/normal acc 0.914/0.690/0.959 | lr 1.00e-04
[VAL] step 22200 | f1 0.8441 | fallen prec 0.8821 rec 0.8821 | train_loss 0.4836
step 22250 | loss 0.7589 | fall/fallen/normal acc 0.832/0.761/0.939 | lr 1.00e-04
step 22300 | loss 0.4385 | fall/fallen/normal acc 0.776/0.675/0.972 | lr 1.00e-04
step 22350 | loss 0.4132 | fall/fallen/normal acc 0.898/0.878/0.969 | lr 1.00e-04
step 22400 | loss 0.4481 | fall/fallen/normal acc 0.821/0.833/0.981 | lr 1.00e-04
step 22450 | loss 0.5627 | fall/fallen/normal acc 0.870/0.457/0.969 | lr 1.00e-04
step 22500 | loss 0.3376 | fall/fallen/normal acc 0.720/0.801/0.992 | lr 1.00e-04
step 22550 | loss 0.2534 | fall/fallen/normal acc 0.932/0.809/0.985 | lr 1.00e-04
step 22600 | loss 0.5012 | fall/fallen/normal acc 0.793/0.753/0.959 | lr 1.00e-04
step 22650 | loss 0.6360 | fall/fallen/normal acc 0.890/0.887/0.976 | lr 1.00e-04
step 22700 | loss 0.3222 | fall/fallen/normal acc 0.833/0.815/0.971 | lr 1.00e-04
step 22750 | loss 0.6681 | fall/fallen/normal acc 0.886/0.826/0.966 | lr 1.00e-04
step 22800 | loss 0.4599 | fall/fallen/normal acc 0.818/0.862/0.950 | lr 1.00e-04
[VAL] step 22800 | f1 0.8750 | fallen prec 0.9123 rec 0.8614 | train_loss 0.4833
step 22850 | loss 0.5170 | fall/fallen/normal acc 0.851/0.722/0.980 | lr 1.00e-04
step 22900 | loss 0.7032 | fall/fallen/normal acc 0.886/0.716/0.927 | lr 1.00e-04
step 22950 | loss 0.3946 | fall/fallen/normal acc 0.868/0.789/0.947 | lr 1.00e-04
step 23000 | loss 0.1721 | fall/fallen/normal acc 0.888/0.942/0.980 | lr 1.00e-04
step 23050 | loss 0.6236 | fall/fallen/normal acc 0.945/0.872/0.954 | lr 1.00e-04
step 23100 | loss 0.5130 | fall/fallen/normal acc 0.684/0.722/0.981 | lr 1.00e-04
step 23150 | loss 0.5573 | fall/fallen/normal acc 0.788/0.735/0.941 | lr 1.00e-04
step 23200 | loss 0.2952 | fall/fallen/normal acc 0.743/0.896/0.972 | lr 1.00e-04
step 23250 | loss 0.3952 | fall/fallen/normal acc 0.649/0.716/0.973 | lr 1.00e-04
step 23300 | loss 0.4955 | fall/fallen/normal acc 0.885/0.677/0.957 | lr 1.00e-04
step 23350 | loss 0.2971 | fall/fallen/normal acc 0.813/0.966/0.965 | lr 1.00e-04
step 23400 | loss 0.3746 | fall/fallen/normal acc 0.899/0.835/0.969 | lr 1.00e-04
[VAL] step 23400 | f1 0.8985 | fallen prec 0.9072 rec 0.9244 | train_loss 0.4449
  [BEST] 新最优 f1=0.8985 → best_model.pt
step 23450 | loss 0.2100 | fall/fallen/normal acc 0.864/0.944/0.962 | lr 1.00e-04
step 23500 | loss 0.2415 | fall/fallen/normal acc 0.780/0.954/0.979 | lr 1.00e-04
step 23550 | loss 0.5959 | fall/fallen/normal acc 0.762/0.778/0.985 | lr 1.00e-04
step 23600 | loss 0.5780 | fall/fallen/normal acc 0.908/0.968/0.944 | lr 1.00e-04
step 23650 | loss 0.1690 | fall/fallen/normal acc 0.832/0.971/0.982 | lr 1.00e-04
step 23700 | loss 0.6923 | fall/fallen/normal acc 0.884/0.878/0.944 | lr 1.00e-04
step 23750 | loss 0.4152 | fall/fallen/normal acc 0.798/0.817/0.985 | lr 1.00e-04
step 23800 | loss 0.3923 | fall/fallen/normal acc 0.845/0.862/0.970 | lr 1.00e-04
step 23850 | loss 1.1231 | fall/fallen/normal acc 0.795/0.765/0.970 | lr 1.00e-04
step 23900 | loss 0.4177 | fall/fallen/normal acc 0.771/0.956/0.948 | lr 1.00e-04
step 23950 | loss 0.3297 | fall/fallen/normal acc 0.827/0.895/0.989 | lr 1.00e-04
step 24000 | loss 0.2483 | fall/fallen/normal acc 0.913/0.902/0.958 | lr 1.00e-04
[VAL] step 24000 | f1 0.8420 | fallen prec 0.8337 rec 0.7804 | train_loss 0.4511
step 24050 | loss 0.4094 | fall/fallen/normal acc 0.860/0.840/0.963 | lr 1.00e-04
step 24100 | loss 0.2979 | fall/fallen/normal acc 0.792/0.851/0.984 | lr 1.00e-04
step 24150 | loss 0.3783 | fall/fallen/normal acc 0.881/0.724/0.968 | lr 1.00e-04
step 24200 | loss 0.2890 | fall/fallen/normal acc 0.802/0.804/0.975 | lr 1.00e-04
step 24250 | loss 0.6718 | fall/fallen/normal acc 0.834/0.679/0.964 | lr 1.00e-04
step 24300 | loss 0.3122 | fall/fallen/normal acc 0.782/0.838/0.983 | lr 1.00e-04
step 24350 | loss 0.3156 | fall/fallen/normal acc 0.916/0.885/0.948 | lr 1.00e-04
step 24400 | loss 0.4553 | fall/fallen/normal acc 0.902/0.576/0.978 | lr 1.00e-04
step 24450 | loss 0.7194 | fall/fallen/normal acc 0.851/0.899/0.955 | lr 1.00e-04
step 24500 | loss 0.2824 | fall/fallen/normal acc 0.902/0.953/0.950 | lr 1.00e-04
step 24550 | loss 0.5875 | fall/fallen/normal acc 0.761/0.971/0.970 | lr 1.00e-04
step 24600 | loss 1.1873 | fall/fallen/normal acc 0.654/0.704/0.958 | lr 1.00e-04
[VAL] step 24600 | f1 0.8721 | fallen prec 0.8229 rec 0.9451 | train_loss 0.4922
step 24650 | loss 0.5308 | fall/fallen/normal acc 0.917/0.938/0.968 | lr 1.00e-04
step 24700 | loss 0.3544 | fall/fallen/normal acc 0.895/0.916/0.967 | lr 1.00e-04
step 24750 | loss 0.2836 | fall/fallen/normal acc 0.857/0.773/0.970 | lr 1.00e-04
step 24800 | loss 0.2751 | fall/fallen/normal acc 0.795/0.907/0.974 | lr 1.00e-04
step 24850 | loss 0.2184 | fall/fallen/normal acc 0.879/0.848/0.977 | lr 1.00e-04
step 24900 | loss 0.4534 | fall/fallen/normal acc 0.768/0.792/0.986 | lr 1.00e-04
step 24950 | loss 0.3274 | fall/fallen/normal acc 0.912/0.893/0.955 | lr 1.00e-04
step 25000 | loss 0.2485 | fall/fallen/normal acc 0.849/0.837/0.981 | lr 1.00e-04
step 25050 | loss 0.4007 | fall/fallen/normal acc 0.947/0.890/0.971 | lr 1.00e-04
step 25100 | loss 1.1415 | fall/fallen/normal acc 0.584/0.703/0.971 | lr 1.00e-04
step 25150 | loss 0.1728 | fall/fallen/normal acc 0.955/0.939/0.982 | lr 1.00e-04
step 25200 | loss 1.4142 | fall/fallen/normal acc 0.553/0.854/0.975 | lr 1.00e-04
[VAL] step 25200 | f1 0.8449 | fallen prec 0.7817 rec 0.8866 | train_loss 0.4851
step 25250 | loss 0.3051 | fall/fallen/normal acc 0.865/0.844/0.976 | lr 1.00e-04
step 25300 | loss 0.1757 | fall/fallen/normal acc 0.716/0.993/0.985 | lr 1.00e-04
step 25350 | loss 0.3280 | fall/fallen/normal acc 0.830/0.963/0.988 | lr 1.00e-04
step 25400 | loss 0.4028 | fall/fallen/normal acc 0.894/0.911/0.959 | lr 1.00e-04
step 25450 | loss 0.1849 | fall/fallen/normal acc 0.970/0.964/0.974 | lr 1.00e-04
step 25500 | loss 1.1278 | fall/fallen/normal acc 0.753/0.656/0.970 | lr 1.00e-04
step 25550 | loss 0.3090 | fall/fallen/normal acc 0.897/0.913/0.965 | lr 1.00e-04
step 25600 | loss 0.6881 | fall/fallen/normal acc 0.798/0.743/0.930 | lr 1.00e-04
step 25650 | loss 0.3371 | fall/fallen/normal acc 0.763/0.811/0.972 | lr 1.00e-04
step 25700 | loss 0.3805 | fall/fallen/normal acc 0.819/0.760/0.992 | lr 1.00e-04
step 25750 | loss 0.6508 | fall/fallen/normal acc 0.828/0.840/0.945 | lr 1.00e-04
step 25800 | loss 0.6035 | fall/fallen/normal acc 0.871/0.863/0.963 | lr 1.00e-04
[VAL] step 25800 | f1 0.8943 | fallen prec 0.8545 rec 0.9307 | train_loss 0.4578
step 25850 | loss 0.2978 | fall/fallen/normal acc 0.865/0.899/0.977 | lr 1.00e-04
step 25900 | loss 0.3180 | fall/fallen/normal acc 0.952/0.888/0.974 | lr 1.00e-04
step 25950 | loss 0.3169 | fall/fallen/normal acc 0.782/0.826/0.960 | lr 1.00e-04
step 26000 | loss 0.7819 | fall/fallen/normal acc 0.706/0.727/0.970 | lr 1.00e-04
step 26050 | loss 0.2907 | fall/fallen/normal acc 0.770/0.878/0.977 | lr 1.00e-04
step 26100 | loss 0.3198 | fall/fallen/normal acc 0.891/0.832/0.972 | lr 1.00e-04
step 26150 | loss 0.5535 | fall/fallen/normal acc 0.884/0.816/0.962 | lr 1.00e-04
step 26200 | loss 0.1831 | fall/fallen/normal acc 0.899/0.940/0.977 | lr 1.00e-04
step 26250 | loss 0.2847 | fall/fallen/normal acc 0.790/0.936/0.963 | lr 1.00e-04
step 26300 | loss 0.3470 | fall/fallen/normal acc 0.926/0.780/0.969 | lr 1.00e-04
step 26350 | loss 0.4736 | fall/fallen/normal acc 0.907/0.898/0.970 | lr 1.00e-04
step 26400 | loss 0.4076 | fall/fallen/normal acc 0.823/0.688/0.971 | lr 1.00e-04
[VAL] step 26400 | f1 0.8717 | fallen prec 0.7189 rec 0.9532 | train_loss 0.3812
step 26450 | loss 0.6390 | fall/fallen/normal acc 0.845/0.755/0.952 | lr 1.00e-04
step 26500 | loss 0.3786 | fall/fallen/normal acc 0.711/0.914/0.990 | lr 1.00e-04
step 26550 | loss 0.9009 | fall/fallen/normal acc 0.749/0.623/0.957 | lr 1.00e-04
step 26600 | loss 0.4157 | fall/fallen/normal acc 0.834/0.826/0.959 | lr 1.00e-04
step 26650 | loss 0.8070 | fall/fallen/normal acc 0.868/0.856/0.950 | lr 1.00e-04
step 26700 | loss 0.3760 | fall/fallen/normal acc 0.746/0.912/0.988 | lr 1.00e-04
step 26750 | loss 0.3761 | fall/fallen/normal acc 0.934/0.860/0.966 | lr 1.00e-04
step 26800 | loss 0.2734 | fall/fallen/normal acc 0.888/0.891/0.971 | lr 1.00e-04
step 26850 | loss 0.4528 | fall/fallen/normal acc 0.855/0.841/0.956 | lr 1.00e-04
step 26900 | loss 0.5254 | fall/fallen/normal acc 0.902/0.785/0.974 | lr 1.00e-04
step 26950 | loss 0.9401 | fall/fallen/normal acc 0.813/0.613/0.977 | lr 1.00e-04
step 27000 | loss 0.3230 | fall/fallen/normal acc 0.773/0.931/0.985 | lr 1.00e-04
[VAL] step 27000 | f1 0.8505 | fallen prec 0.8805 rec 0.8758 | train_loss 0.5340
step 27050 | loss 0.3457 | fall/fallen/normal acc 0.927/0.949/0.942 | lr 1.00e-04
step 27100 | loss 0.4311 | fall/fallen/normal acc 0.760/0.919/0.966 | lr 1.00e-04
step 27150 | loss 0.2483 | fall/fallen/normal acc 0.966/0.903/0.985 | lr 1.00e-04
step 27200 | loss 0.3457 | fall/fallen/normal acc 0.795/0.986/0.965 | lr 1.00e-04
step 27250 | loss 0.6612 | fall/fallen/normal acc 0.927/0.616/0.978 | lr 1.00e-04
step 27300 | loss 0.2701 | fall/fallen/normal acc 0.925/0.968/0.956 | lr 1.00e-04
step 27350 | loss 0.4449 | fall/fallen/normal acc 0.815/0.779/0.968 | lr 1.00e-04
step 27400 | loss 0.4630 | fall/fallen/normal acc 0.939/0.693/0.973 | lr 1.00e-04
step 27450 | loss 0.5312 | fall/fallen/normal acc 0.848/0.927/0.973 | lr 1.00e-04
step 27500 | loss 0.2524 | fall/fallen/normal acc 0.816/0.888/0.983 | lr 1.00e-04
step 27550 | loss 0.3661 | fall/fallen/normal acc 0.692/0.883/0.967 | lr 1.00e-04
step 27600 | loss 0.3118 | fall/fallen/normal acc 0.913/0.891/0.958 | lr 1.00e-04
[VAL] step 27600 | f1 0.8375 | fallen prec 0.8719 rec 0.8452 | train_loss 0.3893
step 27650 | loss 0.7590 | fall/fallen/normal acc 0.835/0.846/0.971 | lr 1.00e-04
step 27700 | loss 0.5722 | fall/fallen/normal acc 0.835/0.772/0.944 | lr 1.00e-04
step 27750 | loss 1.3794 | fall/fallen/normal acc 0.670/0.601/0.960 | lr 1.00e-04
step 27800 | loss 0.4891 | fall/fallen/normal acc 0.858/0.796/0.937 | lr 1.00e-04
step 27850 | loss 0.2726 | fall/fallen/normal acc 0.877/0.993/0.977 | lr 1.00e-04
step 27900 | loss 0.4369 | fall/fallen/normal acc 0.937/0.686/0.979 | lr 1.00e-04
step 27950 | loss 0.6709 | fall/fallen/normal acc 0.700/0.924/0.950 | lr 1.00e-04
step 28000 | loss 0.4680 | fall/fallen/normal acc 0.811/0.970/0.949 | lr 1.00e-04
step 28050 | loss 0.7087 | fall/fallen/normal acc 0.827/0.743/0.967 | lr 1.00e-04
step 28100 | loss 0.4531 | fall/fallen/normal acc 0.890/0.667/0.973 | lr 1.00e-04
step 28150 | loss 0.3807 | fall/fallen/normal acc 0.825/0.902/0.964 | lr 1.00e-04
step 28200 | loss 0.3118 | fall/fallen/normal acc 0.868/0.937/0.975 | lr 1.00e-04
[VAL] step 28200 | f1 0.8581 | fallen prec 0.8564 rec 0.8641 | train_loss 0.5752
step 28250 | loss 0.5438 | fall/fallen/normal acc 0.922/0.769/0.964 | lr 1.00e-04
step 28300 | loss 0.4386 | fall/fallen/normal acc 0.835/0.931/0.974 | lr 1.00e-04
step 28350 | loss 0.4210 | fall/fallen/normal acc 0.922/0.706/0.960 | lr 1.00e-04
step 28400 | loss 0.3450 | fall/fallen/normal acc 0.925/0.659/0.979 | lr 1.00e-04
step 28450 | loss 0.3465 | fall/fallen/normal acc 0.950/0.875/0.920 | lr 1.00e-04
step 28500 | loss 0.3729 | fall/fallen/normal acc 0.923/0.717/0.973 | lr 1.00e-04
step 28550 | loss 0.4796 | fall/fallen/normal acc 0.916/0.935/0.976 | lr 1.00e-04
step 28600 | loss 0.4722 | fall/fallen/normal acc 0.813/0.853/0.955 | lr 1.00e-04
step 28650 | loss 0.4241 | fall/fallen/normal acc 0.906/0.833/0.959 | lr 1.00e-04
step 28700 | loss 0.1456 | fall/fallen/normal acc 0.953/0.927/0.979 | lr 1.00e-04
step 28750 | loss 0.2675 | fall/fallen/normal acc 0.737/0.934/0.974 | lr 1.00e-04
step 28800 | loss 0.3988 | fall/fallen/normal acc 0.846/0.935/0.973 | lr 1.00e-04
[VAL] step 28800 | f1 0.7941 | fallen prec 0.9971 rec 0.6274 | train_loss 0.3880
[EPOCH 3] 完成，已存 epoch_3_model.pt
[DONE] 已存 last_model.pt
[TOTAL] 28800 步, 58257.3s
WATCHDOG: pid=2859 exited rc=0 verdict=done @ Mon Oct  5 15:32:25 CST 2026
ALL_DONE arm=1a verdict=done rc=0 @ Mon Oct  5 15:32:25 CST 2026
