
=============== [2026-09-14 01:49:53] BASELINE START model=timesformer tag=timesformer ===============

/root/miniconda3/lib/python3.10/site-packages/torchvision/io/image.py:13: UserWarning: Failed to load image Python extension: '/root/miniconda3/lib/python3.10/site-packages/torchvision/image.so: undefined symbol: _ZN3c1017RegisterOperatorsD1Ev'If you don't plan on using image functionality from `torchvision.io`, you can ignore this warning. Otherwise, there might be something wrong with your environment. Did you have `libjpeg` or `libpng` installed before building `torchvision` from source?
  warn(
[data] model=timesformer frames=8 | train clips=96000 (missing=0), val clips=12000 (missing=0)
[data] label counts=[8278, 7164, 80558] -> weights=[1.328, 1.535, 0.137]
[timesformer] K400 weights loaded (missing=2, unexpected=0, head re-init=2)
[model] timesformer params=121.26M
  ep1 step20 loss=0.9839 (24.4 clips/s)
  ep1 step40 loss=0.8389 (26.5 clips/s)
  ep1 step60 loss=0.8434 (27.3 clips/s)
  ep1 step80 loss=0.9358 (27.6 clips/s)
  ep1 step100 loss=0.8834 (27.8 clips/s)
  ep1 step120 loss=0.9103 (27.9 clips/s)
  ep1 step140 loss=0.9114 (27.9 clips/s)
  ep1 step160 loss=0.9005 (28.0 clips/s)
  ep1 step180 loss=0.8711 (28.0 clips/s)
  ep1 step200 loss=0.8754 (28.1 clips/s)
  ep1 step220 loss=0.8878 (28.1 clips/s)
  ep1 step240 loss=0.8625 (28.1 clips/s)
  ep1 step260 loss=0.8685 (28.1 clips/s)
  ep1 step280 loss=0.8715 (28.1 clips/s)
  ep1 step300 loss=0.8634 (28.1 clips/s)
  ep1 step320 loss=0.8413 (28.1 clips/s)
  ep1 step340 loss=0.8390 (28.1 clips/s)
  ep1 step360 loss=0.8590 (28.1 clips/s)
  ep1 step380 loss=0.8602 (28.1 clips/s)
  ep1 step400 loss=0.8716 (28.1 clips/s)
  ep1 step420 loss=0.8788 (28.1 clips/s)
  ep1 step440 loss=0.8777 (28.1 clips/s)
  ep1 step460 loss=0.8660 (28.1 clips/s)
  ep1 step480 loss=0.8598 (28.1 clips/s)
  ep1 step500 loss=0.8509 (28.1 clips/s)
  ep1 step520 loss=0.8476 (28.1 clips/s)
  ep1 step540 loss=0.8420 (28.1 clips/s)
  ep1 step560 loss=0.8322 (28.1 clips/s)
  ep1 step580 loss=0.8241 (28.1 clips/s)
  ep1 step600 loss=0.8121 (28.1 clips/s)
  ep1 step620 loss=0.8037 (28.1 clips/s)
  ep1 step640 loss=0.8086 (28.1 clips/s)
  ep1 step660 loss=0.8093 (28.1 clips/s)
  ep1 step680 loss=0.8063 (28.1 clips/s)
  ep1 step700 loss=0.8063 (28.1 clips/s)
  ep1 step720 loss=0.8031 (28.1 clips/s)
  ep1 step740 loss=0.8013 (28.1 clips/s)
  ep1 step760 loss=0.7979 (28.1 clips/s)
  ep1 step780 loss=0.7994 (28.1 clips/s)
  ep1 step800 loss=0.7921 (28.1 clips/s)
  ep1 step820 loss=0.7879 (28.1 clips/s)
  ep1 step840 loss=0.7828 (28.1 clips/s)
  ep1 step860 loss=0.7815 (28.1 clips/s)
  ep1 step880 loss=0.7766 (28.1 clips/s)
  ep1 step900 loss=0.7776 (28.1 clips/s)
  ep1 step920 loss=0.7721 (28.1 clips/s)
  ep1 step940 loss=0.7702 (28.1 clips/s)
  ep1 step960 loss=0.7692 (28.1 clips/s)
  ep1 step980 loss=0.7616 (28.1 clips/s)
  ep1 step1000 loss=0.7600 (28.1 clips/s)
  ep1 step1020 loss=0.7571 (28.1 clips/s)
  ep1 step1040 loss=0.7552 (28.1 clips/s)
  ep1 step1060 loss=0.7507 (28.1 clips/s)
  ep1 step1080 loss=0.7483 (28.1 clips/s)
  ep1 step1100 loss=0.7457 (28.1 clips/s)
  ep1 step1120 loss=0.7415 (28.1 clips/s)
  ep1 step1140 loss=0.7389 (28.1 clips/s)
  ep1 step1160 loss=0.7361 (28.1 clips/s)
  ep1 step1180 loss=0.7319 (28.1 clips/s)
  ep1 step1200 loss=0.7299 (28.1 clips/s)
  ep1 step1220 loss=0.7293 (28.1 clips/s)
  ep1 step1240 loss=0.7238 (28.1 clips/s)
  ep1 step1260 loss=0.7212 (28.1 clips/s)
  ep1 step1280 loss=0.7165 (28.1 clips/s)
  ep1 step1300 loss=0.7144 (28.1 clips/s)
  ep1 step1320 loss=0.7122 (28.1 clips/s)
  ep1 step1340 loss=0.7110 (28.1 clips/s)
  ep1 step1360 loss=0.7092 (28.1 clips/s)
  ep1 step1380 loss=0.7079 (28.1 clips/s)
  ep1 step1400 loss=0.7080 (28.1 clips/s)
  ep1 step1420 loss=0.7055 (28.1 clips/s)
  ep1 step1440 loss=0.7019 (28.1 clips/s)
  ep1 step1460 loss=0.6981 (28.1 clips/s)
  ep1 step1480 loss=0.6987 (28.1 clips/s)
  ep1 step1500 loss=0.6955 (28.1 clips/s)
  ep1 step1520 loss=0.6938 (28.1 clips/s)
  ep1 step1540 loss=0.6915 (28.1 clips/s)
  ep1 step1560 loss=0.6895 (28.1 clips/s)
  ep1 step1580 loss=0.6863 (28.1 clips/s)
  ep1 step1600 loss=0.6844 (28.1 clips/s)
  ep1 step1620 loss=0.6810 (28.1 clips/s)
  ep1 step1640 loss=0.6805 (28.1 clips/s)
  ep1 step1660 loss=0.6786 (28.1 clips/s)
  ep1 step1680 loss=0.6754 (28.1 clips/s)
  ep1 step1700 loss=0.6724 (28.1 clips/s)
  ep1 step1720 loss=0.6721 (28.1 clips/s)
  ep1 step1740 loss=0.6710 (28.1 clips/s)
  ep1 step1760 loss=0.6711 (28.1 clips/s)
  ep1 step1780 loss=0.6700 (28.1 clips/s)
  ep1 step1800 loss=0.6691 (28.1 clips/s)
  ep1 step1820 loss=0.6669 (28.1 clips/s)
  ep1 step1840 loss=0.6679 (28.1 clips/s)
  ep1 step1860 loss=0.6658 (28.1 clips/s)
  ep1 step1880 loss=0.6635 (28.1 clips/s)
  ep1 step1900 loss=0.6621 (28.1 clips/s)
  ep1 step1920 loss=0.6592 (28.1 clips/s)
  ep1 step1940 loss=0.6566 (28.1 clips/s)
  ep1 step1960 loss=0.6543 (28.1 clips/s)
  ep1 step1980 loss=0.6523 (28.1 clips/s)
  ep1 step2000 loss=0.6509 (28.1 clips/s)
  ep1 step2020 loss=0.6496 (28.1 clips/s)
  ep1 step2040 loss=0.6488 (28.1 clips/s)
  ep1 step2060 loss=0.6467 (28.1 clips/s)
  ep1 step2080 loss=0.6452 (28.1 clips/s)
  ep1 step2100 loss=0.6434 (28.1 clips/s)
  ep1 step2120 loss=0.6404 (28.1 clips/s)
  ep1 step2140 loss=0.6392 (28.1 clips/s)
  ep1 step2160 loss=0.6371 (28.1 clips/s)
  ep1 step2180 loss=0.6356 (28.1 clips/s)
  ep1 step2200 loss=0.6339 (28.1 clips/s)
  ep1 step2220 loss=0.6336 (28.1 clips/s)
  ep1 step2240 loss=0.6338 (28.1 clips/s)
  ep1 step2260 loss=0.6339 (28.1 clips/s)
  ep1 step2280 loss=0.6325 (28.1 clips/s)
  ep1 step2300 loss=0.6314 (28.1 clips/s)
  ep1 step2320 loss=0.6296 (28.1 clips/s)
  ep1 step2340 loss=0.6283 (28.1 clips/s)
  ep1 step2360 loss=0.6273 (28.1 clips/s)
  ep1 step2380 loss=0.6255 (28.1 clips/s)
  ep1 step2400 loss=0.6246 (28.1 clips/s)
  ep1 step2420 loss=0.6239 (28.1 clips/s)
  ep1 step2440 loss=0.6227 (28.1 clips/s)
  ep1 step2460 loss=0.6217 (28.1 clips/s)
  ep1 step2480 loss=0.6214 (28.1 clips/s)
  ep1 step2500 loss=0.6198 (28.1 clips/s)
  ep1 step2520 loss=0.6189 (28.1 clips/s)
  ep1 step2540 loss=0.6178 (28.1 clips/s)
  ep1 step2560 loss=0.6173 (28.1 clips/s)
  ep1 step2580 loss=0.6169 (28.1 clips/s)
  ep1 step2600 loss=0.6156 (28.1 clips/s)
  ep1 step2620 loss=0.6135 (28.1 clips/s)
  ep1 step2640 loss=0.6122 (28.1 clips/s)
  ep1 step2660 loss=0.6114 (28.1 clips/s)
  ep1 step2680 loss=0.6102 (28.1 clips/s)
  ep1 step2700 loss=0.6093 (28.1 clips/s)
  ep1 step2720 loss=0.6080 (28.1 clips/s)
  ep1 step2740 loss=0.6076 (28.1 clips/s)
  ep1 step2760 loss=0.6068 (28.1 clips/s)
  ep1 step2780 loss=0.6054 (28.1 clips/s)
  ep1 step2800 loss=0.6047 (28.1 clips/s)
  ep1 step2820 loss=0.6034 (28.1 clips/s)
  ep1 step2840 loss=0.6024 (28.1 clips/s)
  ep1 step2860 loss=0.6016 (28.1 clips/s)
  ep1 step2880 loss=0.6008 (28.1 clips/s)
  ep1 step2900 loss=0.6002 (28.1 clips/s)
  ep1 step2920 loss=0.5991 (28.1 clips/s)
  ep1 step2940 loss=0.5985 (28.1 clips/s)
  ep1 step2960 loss=0.5977 (28.1 clips/s)
  ep1 step2980 loss=0.5961 (28.1 clips/s)
  ep1 step3000 loss=0.5947 (28.1 clips/s)
  ep1 step3020 loss=0.5926 (28.1 clips/s)
  ep1 step3040 loss=0.5928 (28.1 clips/s)
  ep1 step3060 loss=0.5915 (28.1 clips/s)
  ep1 step3080 loss=0.5911 (28.1 clips/s)
  ep1 step3100 loss=0.5898 (28.1 clips/s)
  ep1 step3120 loss=0.5897 (28.1 clips/s)
  ep1 step3140 loss=0.5892 (28.1 clips/s)
  ep1 step3160 loss=0.5893 (28.1 clips/s)
  ep1 step3180 loss=0.5886 (28.1 clips/s)
  ep1 step3200 loss=0.5873 (28.1 clips/s)
  ep1 step3220 loss=0.5874 (28.1 clips/s)
  ep1 step3240 loss=0.5866 (28.1 clips/s)
  ep1 step3260 loss=0.5862 (28.1 clips/s)
  ep1 step3280 loss=0.5856 (28.1 clips/s)
  ep1 step3300 loss=0.5845 (28.1 clips/s)
  ep1 step3320 loss=0.5837 (28.1 clips/s)
  ep1 step3340 loss=0.5828 (28.1 clips/s)
  ep1 step3360 loss=0.5818 (28.1 clips/s)
  ep1 step3380 loss=0.5806 (28.1 clips/s)
  ep1 step3400 loss=0.5793 (28.1 clips/s)
  ep1 step3420 loss=0.5785 (28.1 clips/s)
  ep1 step3440 loss=0.5792 (28.1 clips/s)
  ep1 step3460 loss=0.5787 (28.1 clips/s)
  ep1 step3480 loss=0.5783 (28.1 clips/s)
  ep1 step3500 loss=0.5777 (28.1 clips/s)
  ep1 step3520 loss=0.5765 (28.1 clips/s)
  ep1 step3540 loss=0.5759 (28.1 clips/s)
  ep1 step3560 loss=0.5762 (28.1 clips/s)
  ep1 step3580 loss=0.5757 (28.1 clips/s)
  ep1 step3600 loss=0.5753 (28.1 clips/s)
  ep1 step3620 loss=0.5746 (28.1 clips/s)
  ep1 step3640 loss=0.5746 (28.1 clips/s)
  ep1 step3660 loss=0.5741 (28.1 clips/s)
  ep1 step3680 loss=0.5736 (28.1 clips/s)
  ep1 step3700 loss=0.5731 (28.1 clips/s)
  ep1 step3720 loss=0.5723 (28.1 clips/s)
  ep1 step3740 loss=0.5718 (28.1 clips/s)
  ep1 step3760 loss=0.5717 (28.1 clips/s)
  ep1 step3780 loss=0.5708 (28.1 clips/s)
  ep1 step3800 loss=0.5698 (28.1 clips/s)
  ep1 step3820 loss=0.5692 (28.1 clips/s)
  ep1 step3840 loss=0.5686 (28.1 clips/s)
  ep1 step3860 loss=0.5673 (28.1 clips/s)
  ep1 step3880 loss=0.5665 (28.1 clips/s)
  ep1 step3900 loss=0.5663 (28.1 clips/s)
  ep1 step3920 loss=0.5652 (28.1 clips/s)
  ep1 step3940 loss=0.5640 (28.1 clips/s)
  ep1 step3960 loss=0.5631 (28.1 clips/s)
  ep1 step3980 loss=0.5618 (28.1 clips/s)
  ep1 step4000 loss=0.5623 (28.1 clips/s)
  ep1 step4020 loss=0.5616 (28.1 clips/s)
  ep1 step4040 loss=0.5607 (28.1 clips/s)
  ep1 step4060 loss=0.5599 (28.1 clips/s)
  ep1 step4080 loss=0.5588 (28.1 clips/s)
  ep1 step4100 loss=0.5583 (28.1 clips/s)
  ep1 step4120 loss=0.5575 (28.1 clips/s)
  ep1 step4140 loss=0.5575 (28.1 clips/s)
  ep1 step4160 loss=0.5563 (28.1 clips/s)
  ep1 step4180 loss=0.5557 (28.1 clips/s)
  ep1 step4200 loss=0.5557 (28.1 clips/s)
  ep1 step4220 loss=0.5549 (28.1 clips/s)
  ep1 step4240 loss=0.5546 (28.1 clips/s)
  ep1 step4260 loss=0.5551 (28.1 clips/s)
  ep1 step4280 loss=0.5541 (28.1 clips/s)
  ep1 step4300 loss=0.5535 (28.1 clips/s)
  ep1 step4320 loss=0.5532 (28.1 clips/s)
  ep1 step4340 loss=0.5527 (28.1 clips/s)
  ep1 step4360 loss=0.5517 (28.1 clips/s)
  ep1 step4380 loss=0.5514 (28.1 clips/s)
  ep1 step4400 loss=0.5504 (28.1 clips/s)
  ep1 step4420 loss=0.5507 (28.1 clips/s)
  ep1 step4440 loss=0.5509 (28.1 clips/s)
  ep1 step4460 loss=0.5502 (28.1 clips/s)
  ep1 step4480 loss=0.5496 (28.1 clips/s)
  ep1 step4500 loss=0.5491 (28.1 clips/s)
  ep1 step4520 loss=0.5488 (28.1 clips/s)
  ep1 step4540 loss=0.5478 (28.1 clips/s)
  ep1 step4560 loss=0.5475 (28.1 clips/s)
  ep1 step4580 loss=0.5466 (28.1 clips/s)
  ep1 step4600 loss=0.5464 (28.1 clips/s)
  ep1 step4620 loss=0.5466 (28.1 clips/s)
  ep1 step4640 loss=0.5466 (28.1 clips/s)
  ep1 step4660 loss=0.5459 (28.1 clips/s)
  ep1 step4680 loss=0.5448 (28.1 clips/s)
  ep1 step4700 loss=0.5446 (28.1 clips/s)
  ep1 step4720 loss=0.5440 (28.1 clips/s)
  ep1 step4740 loss=0.5435 (28.1 clips/s)
  ep1 step4760 loss=0.5434 (28.1 clips/s)
  ep1 step4780 loss=0.5434 (28.1 clips/s)
  ep1 step4800 loss=0.5432 (28.1 clips/s)
  ep1 step4820 loss=0.5424 (28.1 clips/s)
  ep1 step4840 loss=0.5412 (28.1 clips/s)
  ep1 step4860 loss=0.5419 (28.1 clips/s)
  ep1 step4880 loss=0.5412 (28.1 clips/s)
  ep1 step4900 loss=0.5408 (28.1 clips/s)
  ep1 step4920 loss=0.5401 (28.1 clips/s)
  ep1 step4940 loss=0.5390 (28.1 clips/s)
  ep1 step4960 loss=0.5385 (28.1 clips/s)
  ep1 step4980 loss=0.5378 (28.1 clips/s)
  ep1 step5000 loss=0.5370 (28.1 clips/s)
  ep1 step5020 loss=0.5367 (28.1 clips/s)
  ep1 step5040 loss=0.5364 (28.1 clips/s)
  ep1 step5060 loss=0.5362 (28.1 clips/s)
  ep1 step5080 loss=0.5359 (28.1 clips/s)
  ep1 step5100 loss=0.5353 (28.1 clips/s)
  ep1 step5120 loss=0.5351 (28.1 clips/s)
  ep1 step5140 loss=0.5342 (28.1 clips/s)
  ep1 step5160 loss=0.5330 (28.1 clips/s)
  ep1 step5180 loss=0.5331 (28.1 clips/s)
  ep1 step5200 loss=0.5326 (28.1 clips/s)
  ep1 step5220 loss=0.5319 (28.1 clips/s)
  ep1 step5240 loss=0.5313 (28.1 clips/s)
  ep1 step5260 loss=0.5308 (28.1 clips/s)
  ep1 step5280 loss=0.5306 (28.1 clips/s)
  ep1 step5300 loss=0.5304 (28.1 clips/s)
  ep1 step5320 loss=0.5303 (28.1 clips/s)
  ep1 step5340 loss=0.5296 (28.1 clips/s)
  ep1 step5360 loss=0.5290 (28.1 clips/s)
  ep1 step5380 loss=0.5281 (28.1 clips/s)
  ep1 step5400 loss=0.5273 (28.1 clips/s)
  ep1 step5420 loss=0.5273 (28.1 clips/s)
  ep1 step5440 loss=0.5275 (28.1 clips/s)
  ep1 step5460 loss=0.5272 (28.1 clips/s)
  ep1 step5480 loss=0.5269 (28.1 clips/s)
  ep1 step5500 loss=0.5264 (28.1 clips/s)
  ep1 step5520 loss=0.5257 (28.1 clips/s)
  ep1 step5540 loss=0.5257 (28.1 clips/s)
  ep1 step5560 loss=0.5260 (28.1 clips/s)
  ep1 step5580 loss=0.5252 (28.1 clips/s)
  ep1 step5600 loss=0.5249 (28.1 clips/s)
  ep1 step5620 loss=0.5244 (28.1 clips/s)
  ep1 step5640 loss=0.5236 (28.1 clips/s)
  ep1 step5660 loss=0.5233 (28.1 clips/s)
  ep1 step5680 loss=0.5227 (28.1 clips/s)
  ep1 step5700 loss=0.5219 (28.1 clips/s)
  ep1 step5720 loss=0.5216 (28.1 clips/s)
  ep1 step5740 loss=0.5206 (28.1 clips/s)
  ep1 step5760 loss=0.5203 (28.1 clips/s)
  ep1 step5780 loss=0.5198 (28.1 clips/s)
  ep1 step5800 loss=0.5195 (28.1 clips/s)
  ep1 step5820 loss=0.5194 (28.1 clips/s)
  ep1 step5840 loss=0.5186 (28.1 clips/s)
  ep1 step5860 loss=0.5181 (28.1 clips/s)
  ep1 step5880 loss=0.5173 (28.1 clips/s)
  ep1 step5900 loss=0.5170 (28.1 clips/s)
  ep1 step5920 loss=0.5174 (28.1 clips/s)
  ep1 step5940 loss=0.5167 (28.1 clips/s)
  ep1 step5960 loss=0.5167 (28.1 clips/s)
  ep1 step5980 loss=0.5158 (28.1 clips/s)
  ep1 step6000 loss=0.5160 (28.1 clips/s)
[epoch 1] loss=0.5160 val_avg_f1=0.7037 val_acc=0.8706 (59.2 min)
  ep2 step6020 loss=0.3862 (26.5 clips/s)
  ep2 step6040 loss=0.3886 (27.3 clips/s)
  ep2 step6060 loss=0.3722 (27.7 clips/s)
  ep2 step6080 loss=0.3832 (27.8 clips/s)
  ep2 step6100 loss=0.3785 (27.9 clips/s)
  ep2 step6120 loss=0.3682 (27.9 clips/s)
  ep2 step6140 loss=0.3755 (27.9 clips/s)
  ep2 step6160 loss=0.3781 (28.0 clips/s)
  ep2 step6180 loss=0.3658 (28.1 clips/s)
  ep2 step6200 loss=0.3658 (28.1 clips/s)
  ep2 step6220 loss=0.3661 (28.1 clips/s)
  ep2 step6240 loss=0.3693 (28.1 clips/s)
  ep2 step6260 loss=0.3683 (28.1 clips/s)
  ep2 step6280 loss=0.3660 (28.1 clips/s)
  ep2 step6300 loss=0.3788 (28.1 clips/s)
  ep2 step6320 loss=0.3770 (28.1 clips/s)
  ep2 step6340 loss=0.3735 (28.1 clips/s)
  ep2 step6360 loss=0.3714 (28.1 clips/s)
  ep2 step6380 loss=0.3823 (28.1 clips/s)
  ep2 step6400 loss=0.3808 (28.1 clips/s)
  ep2 step6420 loss=0.3758 (28.2 clips/s)
  ep2 step6440 loss=0.3762 (28.2 clips/s)
  ep2 step6460 loss=0.3716 (28.1 clips/s)
  ep2 step6480 loss=0.3673 (28.1 clips/s)
  ep2 step6500 loss=0.3655 (28.2 clips/s)
  ep2 step6520 loss=0.3639 (28.2 clips/s)
  ep2 step6540 loss=0.3645 (28.2 clips/s)
  ep2 step6560 loss=0.3596 (28.2 clips/s)
  ep2 step6580 loss=0.3584 (28.2 clips/s)
  ep2 step6600 loss=0.3633 (28.2 clips/s)
  ep2 step6620 loss=0.3587 (28.2 clips/s)
  ep2 step6640 loss=0.3577 (28.2 clips/s)
  ep2 step6660 loss=0.3626 (28.2 clips/s)
  ep2 step6680 loss=0.3620 (28.2 clips/s)
  ep2 step6700 loss=0.3633 (28.2 clips/s)
  ep2 step6720 loss=0.3660 (28.2 clips/s)
  ep2 step6740 loss=0.3647 (28.2 clips/s)
  ep2 step6760 loss=0.3631 (28.2 clips/s)
  ep2 step6780 loss=0.3642 (28.2 clips/s)
  ep2 step6800 loss=0.3653 (28.2 clips/s)
  ep2 step6820 loss=0.3680 (28.2 clips/s)
  ep2 step6840 loss=0.3697 (28.2 clips/s)
  ep2 step6860 loss=0.3693 (28.2 clips/s)
  ep2 step6880 loss=0.3718 (28.2 clips/s)
  ep2 step6900 loss=0.3709 (28.2 clips/s)
  ep2 step6920 loss=0.3732 (28.2 clips/s)
  ep2 step6940 loss=0.3741 (28.2 clips/s)
  ep2 step6960 loss=0.3720 (28.2 clips/s)
  ep2 step6980 loss=0.3721 (28.2 clips/s)
  ep2 step7000 loss=0.3716 (28.2 clips/s)
  ep2 step7020 loss=0.3698 (28.2 clips/s)
  ep2 step7040 loss=0.3737 (28.2 clips/s)
  ep2 step7060 loss=0.3725 (28.2 clips/s)
  ep2 step7080 loss=0.3723 (28.2 clips/s)
  ep2 step7100 loss=0.3727 (28.2 clips/s)
  ep2 step7120 loss=0.3721 (28.2 clips/s)
  ep2 step7140 loss=0.3756 (28.2 clips/s)
  ep2 step7160 loss=0.3761 (28.2 clips/s)
  ep2 step7180 loss=0.3750 (28.2 clips/s)
  ep2 step7200 loss=0.3756 (28.2 clips/s)
  ep2 step7220 loss=0.3760 (28.2 clips/s)
  ep2 step7240 loss=0.3737 (28.2 clips/s)
  ep2 step7260 loss=0.3740 (28.2 clips/s)
  ep2 step7280 loss=0.3738 (28.2 clips/s)
  ep2 step7300 loss=0.3732 (28.2 clips/s)
  ep2 step7320 loss=0.3725 (28.2 clips/s)
  ep2 step7340 loss=0.3726 (28.2 clips/s)
  ep2 step7360 loss=0.3756 (28.2 clips/s)
  ep2 step7380 loss=0.3747 (28.2 clips/s)
  ep2 step7400 loss=0.3729 (28.2 clips/s)
  ep2 step7420 loss=0.3744 (28.2 clips/s)
  ep2 step7440 loss=0.3749 (28.2 clips/s)
  ep2 step7460 loss=0.3742 (28.2 clips/s)
  ep2 step7480 loss=0.3735 (28.2 clips/s)
  ep2 step7500 loss=0.3751 (28.2 clips/s)
  ep2 step7520 loss=0.3738 (28.2 clips/s)
  ep2 step7540 loss=0.3747 (28.2 clips/s)
  ep2 step7560 loss=0.3745 (28.2 clips/s)
  ep2 step7580 loss=0.3744 (28.2 clips/s)
  ep2 step7600 loss=0.3733 (28.2 clips/s)
  ep2 step7620 loss=0.3730 (28.2 clips/s)
  ep2 step7640 loss=0.3737 (28.2 clips/s)
  ep2 step7660 loss=0.3735 (28.2 clips/s)
  ep2 step7680 loss=0.3745 (28.2 clips/s)
  ep2 step7700 loss=0.3756 (28.2 clips/s)
  ep2 step7720 loss=0.3762 (28.2 clips/s)
  ep2 step7740 loss=0.3755 (28.2 clips/s)
  ep2 step7760 loss=0.3740 (28.2 clips/s)
  ep2 step7780 loss=0.3732 (28.2 clips/s)
  ep2 step7800 loss=0.3726 (28.2 clips/s)
  ep2 step7820 loss=0.3735 (28.2 clips/s)
  ep2 step7840 loss=0.3727 (28.2 clips/s)
  ep2 step7860 loss=0.3716 (28.2 clips/s)
  ep2 step7880 loss=0.3714 (28.2 clips/s)
  ep2 step7900 loss=0.3722 (28.2 clips/s)
  ep2 step7920 loss=0.3721 (28.2 clips/s)
  ep2 step7940 loss=0.3711 (28.2 clips/s)
  ep2 step7960 loss=0.3706 (28.2 clips/s)
  ep2 step7980 loss=0.3712 (28.2 clips/s)
  ep2 step8000 loss=0.3707 (28.2 clips/s)
  ep2 step8020 loss=0.3706 (28.2 clips/s)
  ep2 step8040 loss=0.3702 (28.2 clips/s)
  ep2 step8060 loss=0.3696 (28.2 clips/s)
  ep2 step8080 loss=0.3703 (28.2 clips/s)
  ep2 step8100 loss=0.3731 (28.2 clips/s)
  ep2 step8120 loss=0.3731 (28.2 clips/s)
  ep2 step8140 loss=0.3731 (28.2 clips/s)
  ep2 step8160 loss=0.3728 (28.2 clips/s)
  ep2 step8180 loss=0.3741 (28.2 clips/s)
  ep2 step8200 loss=0.3748 (28.2 clips/s)
  ep2 step8220 loss=0.3751 (28.2 clips/s)
  ep2 step8240 loss=0.3743 (28.2 clips/s)
  ep2 step8260 loss=0.3742 (28.2 clips/s)
  ep2 step8280 loss=0.3738 (28.2 clips/s)
  ep2 step8300 loss=0.3737 (28.2 clips/s)
  ep2 step8320 loss=0.3737 (28.2 clips/s)
  ep2 step8340 loss=0.3725 (28.2 clips/s)
  ep2 step8360 loss=0.3738 (28.2 clips/s)
  ep2 step8380 loss=0.3743 (28.2 clips/s)
  ep2 step8400 loss=0.3739 (28.2 clips/s)
  ep2 step8420 loss=0.3747 (28.2 clips/s)
  ep2 step8440 loss=0.3753 (28.2 clips/s)
  ep2 step8460 loss=0.3756 (28.2 clips/s)
  ep2 step8480 loss=0.3752 (28.2 clips/s)
  ep2 step8500 loss=0.3743 (28.2 clips/s)
  ep2 step8520 loss=0.3730 (28.2 clips/s)
  ep2 step8540 loss=0.3719 (28.2 clips/s)
  ep2 step8560 loss=0.3732 (28.2 clips/s)
  ep2 step8580 loss=0.3746 (28.2 clips/s)
  ep2 step8600 loss=0.3755 (28.2 clips/s)
  ep2 step8620 loss=0.3756 (28.2 clips/s)
  ep2 step8640 loss=0.3749 (28.2 clips/s)
  ep2 step8660 loss=0.3741 (28.2 clips/s)
  ep2 step8680 loss=0.3733 (28.2 clips/s)
  ep2 step8700 loss=0.3733 (28.2 clips/s)
  ep2 step8720 loss=0.3730 (28.2 clips/s)
  ep2 step8740 loss=0.3730 (28.2 clips/s)
  ep2 step8760 loss=0.3729 (28.2 clips/s)
  ep2 step8780 loss=0.3734 (28.2 clips/s)
  ep2 step8800 loss=0.3741 (28.2 clips/s)
  ep2 step8820 loss=0.3749 (28.2 clips/s)
  ep2 step8840 loss=0.3775 (28.2 clips/s)
  ep2 step8860 loss=0.3787 (28.2 clips/s)
  ep2 step8880 loss=0.3802 (28.2 clips/s)
  ep2 step8900 loss=0.3804 (28.2 clips/s)
  ep2 step8920 loss=0.3802 (28.2 clips/s)
  ep2 step8940 loss=0.3811 (28.2 clips/s)
  ep2 step8960 loss=0.3821 (28.2 clips/s)
  ep2 step8980 loss=0.3825 (28.2 clips/s)
  ep2 step9000 loss=0.3826 (28.2 clips/s)
  ep2 step9020 loss=0.3827 (28.2 clips/s)
  ep2 step9040 loss=0.3832 (28.2 clips/s)
  ep2 step9060 loss=0.3824 (28.2 clips/s)
  ep2 step9080 loss=0.3822 (28.2 clips/s)
  ep2 step9100 loss=0.3822 (28.2 clips/s)
  ep2 step9120 loss=0.3820 (28.2 clips/s)
  ep2 step9140 loss=0.3823 (28.2 clips/s)
  ep2 step9160 loss=0.3825 (28.2 clips/s)
  ep2 step9180 loss=0.3824 (28.2 clips/s)
  ep2 step9200 loss=0.3815 (28.2 clips/s)
  ep2 step9220 loss=0.3812 (28.2 clips/s)
  ep2 step9240 loss=0.3815 (28.2 clips/s)
  ep2 step9260 loss=0.3809 (28.2 clips/s)
  ep2 step9280 loss=0.3805 (28.2 clips/s)
  ep2 step9300 loss=0.3807 (28.2 clips/s)
  ep2 step9320 loss=0.3808 (28.2 clips/s)
  ep2 step9340 loss=0.3811 (28.2 clips/s)
  ep2 step9360 loss=0.3805 (28.2 clips/s)
  ep2 step9380 loss=0.3796 (28.2 clips/s)
  ep2 step9400 loss=0.3801 (28.2 clips/s)
  ep2 step9420 loss=0.3803 (28.2 clips/s)
  ep2 step9440 loss=0.3802 (28.2 clips/s)
  ep2 step9460 loss=0.3817 (28.2 clips/s)
  ep2 step9480 loss=0.3818 (28.2 clips/s)
  ep2 step9500 loss=0.3813 (28.2 clips/s)
  ep2 step9520 loss=0.3816 (28.2 clips/s)
  ep2 step9540 loss=0.3815 (28.2 clips/s)
  ep2 step9560 loss=0.3814 (28.3 clips/s)
  ep2 step9580 loss=0.3815 (28.3 clips/s)
  ep2 step9600 loss=0.3808 (28.3 clips/s)
  ep2 step9620 loss=0.3810 (28.3 clips/s)
  ep2 step9640 loss=0.3815 (28.3 clips/s)
  ep2 step9660 loss=0.3812 (28.2 clips/s)
  ep2 step9680 loss=0.3819 (28.2 clips/s)
  ep2 step9700 loss=0.3811 (28.2 clips/s)
  ep2 step9720 loss=0.3811 (28.2 clips/s)
  ep2 step9740 loss=0.3807 (28.2 clips/s)
  ep2 step9760 loss=0.3803 (28.2 clips/s)
  ep2 step9780 loss=0.3797 (28.2 clips/s)
  ep2 step9800 loss=0.3788 (28.2 clips/s)
  ep2 step9820 loss=0.3786 (28.2 clips/s)
  ep2 step9840 loss=0.3777 (28.2 clips/s)
  ep2 step9860 loss=0.3779 (28.2 clips/s)
  ep2 step9880 loss=0.3783 (28.2 clips/s)
  ep2 step9900 loss=0.3781 (28.2 clips/s)
  ep2 step9920 loss=0.3777 (28.2 clips/s)
  ep2 step9940 loss=0.3789 (28.2 clips/s)
  ep2 step9960 loss=0.3784 (28.2 clips/s)
  ep2 step9980 loss=0.3784 (28.2 clips/s)
  ep2 step10000 loss=0.3782 (28.3 clips/s)
  ep2 step10020 loss=0.3785 (28.3 clips/s)
  ep2 step10040 loss=0.3784 (28.3 clips/s)
  ep2 step10060 loss=0.3785 (28.3 clips/s)
  ep2 step10080 loss=0.3786 (28.3 clips/s)
  ep2 step10100 loss=0.3785 (28.3 clips/s)
  ep2 step10120 loss=0.3779 (28.3 clips/s)
  ep2 step10140 loss=0.3782 (28.3 clips/s)
  ep2 step10160 loss=0.3791 (28.3 clips/s)
  ep2 step10180 loss=0.3798 (28.3 clips/s)
  ep2 step10200 loss=0.3798 (28.3 clips/s)
  ep2 step10220 loss=0.3796 (28.3 clips/s)
  ep2 step10240 loss=0.3793 (28.2 clips/s)
  ep2 step10260 loss=0.3794 (28.2 clips/s)
  ep2 step10280 loss=0.3800 (28.2 clips/s)
  ep2 step10300 loss=0.3795 (28.2 clips/s)
  ep2 step10320 loss=0.3795 (28.2 clips/s)
  ep2 step10340 loss=0.3800 (28.2 clips/s)
  ep2 step10360 loss=0.3804 (28.2 clips/s)
  ep2 step10380 loss=0.3801 (28.2 clips/s)
  ep2 step10400 loss=0.3796 (28.2 clips/s)
  ep2 step10420 loss=0.3803 (28.2 clips/s)
  ep2 step10440 loss=0.3802 (28.2 clips/s)
  ep2 step10460 loss=0.3797 (28.3 clips/s)
  ep2 step10480 loss=0.3799 (28.3 clips/s)
  ep2 step10500 loss=0.3797 (28.3 clips/s)
  ep2 step10520 loss=0.3798 (28.3 clips/s)
  ep2 step10540 loss=0.3800 (28.2 clips/s)
  ep2 step10560 loss=0.3797 (28.3 clips/s)
  ep2 step10580 loss=0.3804 (28.3 clips/s)
  ep2 step10600 loss=0.3802 (28.3 clips/s)
  ep2 step10620 loss=0.3799 (28.3 clips/s)
  ep2 step10640 loss=0.3796 (28.3 clips/s)
  ep2 step10660 loss=0.3801 (28.3 clips/s)
  ep2 step10680 loss=0.3801 (28.3 clips/s)
  ep2 step10700 loss=0.3801 (28.3 clips/s)
  ep2 step10720 loss=0.3799 (28.3 clips/s)
  ep2 step10740 loss=0.3791 (28.3 clips/s)
  ep2 step10760 loss=0.3789 (28.3 clips/s)
  ep2 step10780 loss=0.3787 (28.3 clips/s)
  ep2 step10800 loss=0.3780 (28.3 clips/s)
  ep2 step10820 loss=0.3782 (28.3 clips/s)
  ep2 step10840 loss=0.3776 (28.3 clips/s)
  ep2 step10860 loss=0.3783 (28.3 clips/s)
  ep2 step10880 loss=0.3788 (28.3 clips/s)
  ep2 step10900 loss=0.3787 (28.3 clips/s)
  ep2 step10920 loss=0.3786 (28.3 clips/s)
  ep2 step10940 loss=0.3781 (28.3 clips/s)
  ep2 step10960 loss=0.3778 (28.3 clips/s)
  ep2 step10980 loss=0.3782 (28.3 clips/s)
  ep2 step11000 loss=0.3780 (28.3 clips/s)
  ep2 step11020 loss=0.3783 (28.3 clips/s)
  ep2 step11040 loss=0.3781 (28.3 clips/s)
  ep2 step11060 loss=0.3780 (28.3 clips/s)
  ep2 step11080 loss=0.3782 (28.3 clips/s)
  ep2 step11100 loss=0.3783 (28.3 clips/s)
  ep2 step11120 loss=0.3779 (28.3 clips/s)
  ep2 step11140 loss=0.3779 (28.3 clips/s)
  ep2 step11160 loss=0.3777 (28.3 clips/s)
  ep2 step11180 loss=0.3779 (28.3 clips/s)
  ep2 step11200 loss=0.3782 (28.3 clips/s)
  ep2 step11220 loss=0.3782 (28.3 clips/s)
  ep2 step11240 loss=0.3781 (28.3 clips/s)
  ep2 step11260 loss=0.3781 (28.3 clips/s)
  ep2 step11280 loss=0.3780 (28.3 clips/s)
  ep2 step11300 loss=0.3787 (28.3 clips/s)
  ep2 step11320 loss=0.3785 (28.3 clips/s)
  ep2 step11340 loss=0.3783 (28.3 clips/s)
  ep2 step11360 loss=0.3784 (28.3 clips/s)
  ep2 step11380 loss=0.3786 (28.3 clips/s)
  ep2 step11400 loss=0.3786 (28.3 clips/s)
  ep2 step11420 loss=0.3782 (28.3 clips/s)
  ep2 step11440 loss=0.3783 (28.3 clips/s)
  ep2 step11460 loss=0.3784 (28.3 clips/s)
  ep2 step11480 loss=0.3784 (28.3 clips/s)
  ep2 step11500 loss=0.3784 (28.3 clips/s)
  ep2 step11520 loss=0.3780 (28.3 clips/s)
  ep2 step11540 loss=0.3783 (28.3 clips/s)
  ep2 step11560 loss=0.3779 (28.3 clips/s)
  ep2 step11580 loss=0.3777 (28.3 clips/s)
  ep2 step11600 loss=0.3775 (28.3 clips/s)
  ep2 step11620 loss=0.3780 (28.3 clips/s)
  ep2 step11640 loss=0.3781 (28.3 clips/s)
  ep2 step11660 loss=0.3788 (28.3 clips/s)
  ep2 step11680 loss=0.3793 (28.3 clips/s)
  ep2 step11700 loss=0.3796 (28.3 clips/s)
  ep2 step11720 loss=0.3802 (28.3 clips/s)
  ep2 step11740 loss=0.3798 (28.3 clips/s)
  ep2 step11760 loss=0.3795 (28.3 clips/s)
  ep2 step11780 loss=0.3801 (28.3 clips/s)
  ep2 step11800 loss=0.3799 (28.3 clips/s)
  ep2 step11820 loss=0.3797 (28.3 clips/s)
  ep2 step11840 loss=0.3803 (28.3 clips/s)
  ep2 step11860 loss=0.3801 (28.3 clips/s)
  ep2 step11880 loss=0.3801 (28.3 clips/s)
  ep2 step11900 loss=0.3802 (28.3 clips/s)
  ep2 step11920 loss=0.3800 (28.3 clips/s)
  ep2 step11940 loss=0.3806 (28.3 clips/s)
  ep2 step11960 loss=0.3803 (28.3 clips/s)
  ep2 step11980 loss=0.3800 (28.3 clips/s)
  ep2 step12000 loss=0.3798 (28.3 clips/s)
[epoch 2] loss=0.3798 val_avg_f1=0.7145 val_acc=0.8989 (58.9 min)
  ep3 step12020 loss=0.4506 (26.7 clips/s)
  ep3 step12040 loss=0.4156 (27.5 clips/s)
  ep3 step12060 loss=0.3683 (27.7 clips/s)
  ep3 step12080 loss=0.3446 (27.9 clips/s)
  ep3 step12100 loss=0.3396 (28.0 clips/s)
  ep3 step12120 loss=0.3399 (28.0 clips/s)
  ep3 step12140 loss=0.3437 (28.1 clips/s)
  ep3 step12160 loss=0.3393 (28.1 clips/s)
  ep3 step12180 loss=0.3410 (28.1 clips/s)
  ep3 step12200 loss=0.3379 (28.1 clips/s)
  ep3 step12220 loss=0.3245 (28.2 clips/s)
  ep3 step12240 loss=0.3237 (28.2 clips/s)
  ep3 step12260 loss=0.3154 (28.2 clips/s)
  ep3 step12280 loss=0.3291 (28.2 clips/s)
  ep3 step12300 loss=0.3313 (28.2 clips/s)
  ep3 step12320 loss=0.3274 (28.2 clips/s)
  ep3 step12340 loss=0.3316 (28.2 clips/s)
  ep3 step12360 loss=0.3286 (28.2 clips/s)
  ep3 step12380 loss=0.3283 (28.2 clips/s)
  ep3 step12400 loss=0.3267 (28.2 clips/s)
  ep3 step12420 loss=0.3239 (28.2 clips/s)
  ep3 step12440 loss=0.3224 (28.2 clips/s)
  ep3 step12460 loss=0.3199 (28.3 clips/s)
  ep3 step12480 loss=0.3173 (28.3 clips/s)
  ep3 step12500 loss=0.3169 (28.3 clips/s)
  ep3 step12520 loss=0.3189 (28.3 clips/s)
  ep3 step12540 loss=0.3271 (28.3 clips/s)
  ep3 step12560 loss=0.3280 (28.2 clips/s)
  ep3 step12580 loss=0.3290 (28.2 clips/s)
  ep3 step12600 loss=0.3246 (28.2 clips/s)
  ep3 step12620 loss=0.3199 (28.2 clips/s)
  ep3 step12640 loss=0.3190 (28.2 clips/s)
  ep3 step12660 loss=0.3153 (28.2 clips/s)
  ep3 step12680 loss=0.3129 (28.3 clips/s)
  ep3 step12700 loss=0.3114 (28.3 clips/s)
  ep3 step12720 loss=0.3125 (28.3 clips/s)
  ep3 step12740 loss=0.3166 (28.2 clips/s)
  ep3 step12760 loss=0.3137 (28.2 clips/s)
  ep3 step12780 loss=0.3140 (28.2 clips/s)
  ep3 step12800 loss=0.3195 (28.2 clips/s)
  ep3 step12820 loss=0.3245 (28.2 clips/s)
  ep3 step12840 loss=0.3231 (28.3 clips/s)
  ep3 step12860 loss=0.3219 (28.3 clips/s)
  ep3 step12880 loss=0.3222 (28.3 clips/s)
  ep3 step12900 loss=0.3214 (28.3 clips/s)
  ep3 step12920 loss=0.3185 (28.3 clips/s)
  ep3 step12940 loss=0.3178 (28.3 clips/s)
  ep3 step12960 loss=0.3209 (28.3 clips/s)
  ep3 step12980 loss=0.3188 (28.3 clips/s)
  ep3 step13000 loss=0.3204 (28.3 clips/s)
  ep3 step13020 loss=0.3203 (28.3 clips/s)
  ep3 step13040 loss=0.3195 (28.3 clips/s)
  ep3 step13060 loss=0.3159 (28.3 clips/s)
  ep3 step13080 loss=0.3147 (28.3 clips/s)
  ep3 step13100 loss=0.3170 (28.3 clips/s)
  ep3 step13120 loss=0.3169 (28.3 clips/s)
  ep3 step13140 loss=0.3171 (28.3 clips/s)
  ep3 step13160 loss=0.3169 (28.3 clips/s)
  ep3 step13180 loss=0.3162 (28.3 clips/s)
  ep3 step13200 loss=0.3147 (28.3 clips/s)
  ep3 step13220 loss=0.3168 (28.3 clips/s)
  ep3 step13240 loss=0.3166 (28.3 clips/s)
  ep3 step13260 loss=0.3163 (28.3 clips/s)
  ep3 step13280 loss=0.3175 (28.3 clips/s)
  ep3 step13300 loss=0.3156 (28.3 clips/s)
  ep3 step13320 loss=0.3156 (28.3 clips/s)
  ep3 step13340 loss=0.3134 (28.3 clips/s)
  ep3 step13360 loss=0.3134 (28.3 clips/s)
  ep3 step13380 loss=0.3152 (28.3 clips/s)
  ep3 step13400 loss=0.3162 (28.3 clips/s)
  ep3 step13420 loss=0.3152 (28.3 clips/s)
  ep3 step13440 loss=0.3150 (28.3 clips/s)
  ep3 step13460 loss=0.3142 (28.3 clips/s)
  ep3 step13480 loss=0.3130 (28.3 clips/s)
  ep3 step13500 loss=0.3125 (28.3 clips/s)
  ep3 step13520 loss=0.3131 (28.3 clips/s)
  ep3 step13540 loss=0.3136 (28.3 clips/s)
  ep3 step13560 loss=0.3138 (28.3 clips/s)
  ep3 step13580 loss=0.3151 (28.3 clips/s)
  ep3 step13600 loss=0.3156 (28.3 clips/s)
  ep3 step13620 loss=0.3157 (28.3 clips/s)
  ep3 step13640 loss=0.3148 (28.3 clips/s)
  ep3 step13660 loss=0.3162 (28.3 clips/s)
  ep3 step13680 loss=0.3158 (28.3 clips/s)
  ep3 step13700 loss=0.3164 (28.3 clips/s)
  ep3 step13720 loss=0.3165 (28.3 clips/s)
  ep3 step13740 loss=0.3164 (28.3 clips/s)
  ep3 step13760 loss=0.3160 (28.3 clips/s)
  ep3 step13780 loss=0.3167 (28.3 clips/s)
  ep3 step13800 loss=0.3180 (28.3 clips/s)
  ep3 step13820 loss=0.3181 (28.3 clips/s)
  ep3 step13840 loss=0.3175 (28.3 clips/s)
  ep3 step13860 loss=0.3179 (28.3 clips/s)
  ep3 step13880 loss=0.3184 (28.3 clips/s)
  ep3 step13900 loss=0.3195 (28.3 clips/s)
  ep3 step13920 loss=0.3202 (28.3 clips/s)
  ep3 step13940 loss=0.3194 (28.3 clips/s)
  ep3 step13960 loss=0.3195 (28.3 clips/s)
  ep3 step13980 loss=0.3187 (28.3 clips/s)
  ep3 step14000 loss=0.3188 (28.3 clips/s)
  ep3 step14020 loss=0.3188 (28.3 clips/s)
  ep3 step14040 loss=0.3186 (28.3 clips/s)
  ep3 step14060 loss=0.3182 (28.3 clips/s)
  ep3 step14080 loss=0.3202 (28.3 clips/s)
  ep3 step14100 loss=0.3194 (28.3 clips/s)
  ep3 step14120 loss=0.3190 (28.3 clips/s)
  ep3 step14140 loss=0.3171 (28.3 clips/s)
  ep3 step14160 loss=0.3177 (28.3 clips/s)
  ep3 step14180 loss=0.3180 (28.3 clips/s)
  ep3 step14200 loss=0.3183 (28.3 clips/s)
  ep3 step14220 loss=0.3178 (28.3 clips/s)
  ep3 step14240 loss=0.3169 (28.3 clips/s)
  ep3 step14260 loss=0.3162 (28.3 clips/s)
  ep3 step14280 loss=0.3159 (28.3 clips/s)
  ep3 step14300 loss=0.3156 (28.3 clips/s)
  ep3 step14320 loss=0.3150 (28.3 clips/s)
  ep3 step14340 loss=0.3137 (28.3 clips/s)
  ep3 step14360 loss=0.3146 (28.3 clips/s)
  ep3 step14380 loss=0.3150 (28.3 clips/s)
  ep3 step14400 loss=0.3149 (28.3 clips/s)
  ep3 step14420 loss=0.3143 (28.3 clips/s)
  ep3 step14440 loss=0.3138 (28.3 clips/s)
  ep3 step14460 loss=0.3142 (28.3 clips/s)
  ep3 step14480 loss=0.3152 (28.3 clips/s)
  ep3 step14500 loss=0.3144 (28.3 clips/s)
  ep3 step14520 loss=0.3137 (28.3 clips/s)
  ep3 step14540 loss=0.3132 (28.3 clips/s)
  ep3 step14560 loss=0.3143 (28.3 clips/s)
  ep3 step14580 loss=0.3143 (28.3 clips/s)
  ep3 step14600 loss=0.3142 (28.3 clips/s)
  ep3 step14620 loss=0.3146 (28.3 clips/s)
  ep3 step14640 loss=0.3142 (28.3 clips/s)
  ep3 step14660 loss=0.3138 (28.3 clips/s)
  ep3 step14680 loss=0.3141 (28.3 clips/s)
  ep3 step14700 loss=0.3142 (28.3 clips/s)
  ep3 step14720 loss=0.3145 (28.3 clips/s)
  ep3 step14740 loss=0.3139 (28.3 clips/s)
  ep3 step14760 loss=0.3135 (28.3 clips/s)
  ep3 step14780 loss=0.3144 (28.3 clips/s)
  ep3 step14800 loss=0.3138 (28.3 clips/s)
  ep3 step14820 loss=0.3138 (28.3 clips/s)
  ep3 step14840 loss=0.3143 (28.3 clips/s)
  ep3 step14860 loss=0.3143 (28.3 clips/s)
  ep3 step14880 loss=0.3148 (28.3 clips/s)
  ep3 step14900 loss=0.3147 (28.3 clips/s)
  ep3 step14920 loss=0.3142 (28.3 clips/s)
  ep3 step14940 loss=0.3148 (28.3 clips/s)
  ep3 step14960 loss=0.3142 (28.3 clips/s)
  ep3 step14980 loss=0.3136 (28.3 clips/s)
  ep3 step15000 loss=0.3135 (28.3 clips/s)
  ep3 step15020 loss=0.3130 (28.3 clips/s)
  ep3 step15040 loss=0.3123 (28.3 clips/s)
  ep3 step15060 loss=0.3132 (28.3 clips/s)
  ep3 step15080 loss=0.3150 (28.3 clips/s)
  ep3 step15100 loss=0.3148 (28.3 clips/s)
  ep3 step15120 loss=0.3144 (28.3 clips/s)
  ep3 step15140 loss=0.3150 (28.3 clips/s)
  ep3 step15160 loss=0.3147 (28.3 clips/s)
  ep3 step15180 loss=0.3145 (28.3 clips/s)
  ep3 step15200 loss=0.3142 (28.3 clips/s)
  ep3 step15220 loss=0.3132 (28.3 clips/s)
  ep3 step15240 loss=0.3133 (28.3 clips/s)
  ep3 step15260 loss=0.3135 (28.3 clips/s)
  ep3 step15280 loss=0.3133 (28.3 clips/s)
  ep3 step15300 loss=0.3135 (28.3 clips/s)
  ep3 step15320 loss=0.3130 (28.3 clips/s)
  ep3 step15340 loss=0.3132 (28.3 clips/s)
  ep3 step15360 loss=0.3129 (28.3 clips/s)
  ep3 step15380 loss=0.3128 (28.3 clips/s)
  ep3 step15400 loss=0.3127 (28.3 clips/s)
  ep3 step15420 loss=0.3134 (28.3 clips/s)
  ep3 step15440 loss=0.3139 (28.3 clips/s)
  ep3 step15460 loss=0.3145 (28.3 clips/s)
  ep3 step15480 loss=0.3144 (28.3 clips/s)
  ep3 step15500 loss=0.3149 (28.3 clips/s)
  ep3 step15520 loss=0.3146 (28.3 clips/s)
  ep3 step15540 loss=0.3141 (28.3 clips/s)
  ep3 step15560 loss=0.3142 (28.3 clips/s)
  ep3 step15580 loss=0.3140 (28.3 clips/s)
  ep3 step15600 loss=0.3138 (28.3 clips/s)
  ep3 step15620 loss=0.3135 (28.3 clips/s)
  ep3 step15640 loss=0.3137 (28.3 clips/s)
  ep3 step15660 loss=0.3133 (28.3 clips/s)
  ep3 step15680 loss=0.3133 (28.3 clips/s)
  ep3 step15700 loss=0.3138 (28.3 clips/s)
  ep3 step15720 loss=0.3140 (28.3 clips/s)
  ep3 step15740 loss=0.3140 (28.3 clips/s)
  ep3 step15760 loss=0.3146 (28.3 clips/s)
  ep3 step15780 loss=0.3142 (28.3 clips/s)
  ep3 step15800 loss=0.3138 (28.3 clips/s)
  ep3 step15820 loss=0.3138 (28.3 clips/s)
  ep3 step15840 loss=0.3141 (28.3 clips/s)
  ep3 step15860 loss=0.3143 (28.3 clips/s)
  ep3 step15880 loss=0.3140 (28.3 clips/s)
  ep3 step15900 loss=0.3150 (28.3 clips/s)
  ep3 step15920 loss=0.3153 (28.3 clips/s)
  ep3 step15940 loss=0.3151 (28.3 clips/s)
  ep3 step15960 loss=0.3151 (28.3 clips/s)
  ep3 step15980 loss=0.3147 (28.3 clips/s)
  ep3 step16000 loss=0.3151 (28.3 clips/s)
  ep3 step16020 loss=0.3146 (28.3 clips/s)
  ep3 step16040 loss=0.3144 (28.3 clips/s)
  ep3 step16060 loss=0.3145 (28.3 clips/s)
  ep3 step16080 loss=0.3144 (28.3 clips/s)
  ep3 step16100 loss=0.3143 (28.3 clips/s)
  ep3 step16120 loss=0.3150 (28.3 clips/s)
  ep3 step16140 loss=0.3146 (28.3 clips/s)
  ep3 step16160 loss=0.3143 (28.3 clips/s)
  ep3 step16180 loss=0.3146 (28.3 clips/s)
  ep3 step16200 loss=0.3139 (28.3 clips/s)
  ep3 step16220 loss=0.3134 (28.3 clips/s)
  ep3 step16240 loss=0.3133 (28.3 clips/s)
  ep3 step16260 loss=0.3135 (28.3 clips/s)
  ep3 step16280 loss=0.3129 (28.3 clips/s)
  ep3 step16300 loss=0.3130 (28.3 clips/s)
  ep3 step16320 loss=0.3131 (28.3 clips/s)
  ep3 step16340 loss=0.3131 (28.3 clips/s)
  ep3 step16360 loss=0.3132 (28.3 clips/s)
  ep3 step16380 loss=0.3132 (28.3 clips/s)
  ep3 step16400 loss=0.3133 (28.3 clips/s)
  ep3 step16420 loss=0.3143 (28.3 clips/s)
  ep3 step16440 loss=0.3147 (28.3 clips/s)
  ep3 step16460 loss=0.3144 (28.3 clips/s)
  ep3 step16480 loss=0.3141 (28.3 clips/s)
  ep3 step16500 loss=0.3136 (28.3 clips/s)
  ep3 step16520 loss=0.3131 (28.3 clips/s)
  ep3 step16540 loss=0.3141 (28.3 clips/s)
  ep3 step16560 loss=0.3139 (28.3 clips/s)
  ep3 step16580 loss=0.3141 (28.3 clips/s)
  ep3 step16600 loss=0.3140 (28.3 clips/s)
  ep3 step16620 loss=0.3139 (28.3 clips/s)
  ep3 step16640 loss=0.3149 (28.3 clips/s)
  ep3 step16660 loss=0.3147 (28.3 clips/s)
  ep3 step16680 loss=0.3147 (28.3 clips/s)
  ep3 step16700 loss=0.3142 (28.3 clips/s)
  ep3 step16720 loss=0.3145 (28.3 clips/s)
  ep3 step16740 loss=0.3146 (28.3 clips/s)
  ep3 step16760 loss=0.3149 (28.3 clips/s)
  ep3 step16780 loss=0.3152 (28.3 clips/s)
  ep3 step16800 loss=0.3147 (28.3 clips/s)
  ep3 step16820 loss=0.3155 (28.3 clips/s)
  ep3 step16840 loss=0.3157 (28.3 clips/s)
  ep3 step16860 loss=0.3160 (28.3 clips/s)
  ep3 step16880 loss=0.3161 (28.3 clips/s)
  ep3 step16900 loss=0.3156 (28.3 clips/s)
  ep3 step16920 loss=0.3155 (28.3 clips/s)
  ep3 step16940 loss=0.3152 (28.3 clips/s)
  ep3 step16960 loss=0.3153 (28.3 clips/s)
  ep3 step16980 loss=0.3151 (28.3 clips/s)
  ep3 step17000 loss=0.3149 (28.3 clips/s)
  ep3 step17020 loss=0.3154 (28.3 clips/s)
  ep3 step17040 loss=0.3158 (28.3 clips/s)
  ep3 step17060 loss=0.3153 (28.3 clips/s)
  ep3 step17080 loss=0.3156 (28.3 clips/s)
  ep3 step17100 loss=0.3159 (28.3 clips/s)
  ep3 step17120 loss=0.3162 (28.3 clips/s)
  ep3 step17140 loss=0.3165 (28.3 clips/s)
  ep3 step17160 loss=0.3165 (28.3 clips/s)
  ep3 step17180 loss=0.3169 (28.3 clips/s)
  ep3 step17200 loss=0.3167 (28.3 clips/s)
  ep3 step17220 loss=0.3172 (28.3 clips/s)
  ep3 step17240 loss=0.3177 (28.3 clips/s)
  ep3 step17260 loss=0.3174 (28.3 clips/s)
  ep3 step17280 loss=0.3174 (28.3 clips/s)
  ep3 step17300 loss=0.3172 (28.3 clips/s)
  ep3 step17320 loss=0.3172 (28.3 clips/s)
  ep3 step17340 loss=0.3169 (28.3 clips/s)
  ep3 step17360 loss=0.3171 (28.3 clips/s)
  ep3 step17380 loss=0.3168 (28.3 clips/s)
  ep3 step17400 loss=0.3170 (28.3 clips/s)
  ep3 step17420 loss=0.3169 (28.3 clips/s)
  ep3 step17440 loss=0.3171 (28.3 clips/s)
  ep3 step17460 loss=0.3167 (28.3 clips/s)
  ep3 step17480 loss=0.3169 (28.3 clips/s)
  ep3 step17500 loss=0.3170 (28.3 clips/s)
  ep3 step17520 loss=0.3172 (28.3 clips/s)
  ep3 step17540 loss=0.3177 (28.3 clips/s)
  ep3 step17560 loss=0.3177 (28.3 clips/s)
  ep3 step17580 loss=0.3179 (28.3 clips/s)
  ep3 step17600 loss=0.3180 (28.3 clips/s)
  ep3 step17620 loss=0.3181 (28.3 clips/s)
  ep3 step17640 loss=0.3176 (28.3 clips/s)
  ep3 step17660 loss=0.3176 (28.3 clips/s)
  ep3 step17680 loss=0.3174 (28.3 clips/s)
  ep3 step17700 loss=0.3178 (28.3 clips/s)
  ep3 step17720 loss=0.3176 (28.3 clips/s)
  ep3 step17740 loss=0.3179 (28.3 clips/s)
  ep3 step17760 loss=0.3179 (28.3 clips/s)
  ep3 step17780 loss=0.3176 (28.3 clips/s)
  ep3 step17800 loss=0.3181 (28.3 clips/s)
  ep3 step17820 loss=0.3175 (28.3 clips/s)
  ep3 step17840 loss=0.3173 (28.3 clips/s)
  ep3 step17860 loss=0.3176 (28.3 clips/s)
  ep3 step17880 loss=0.3176 (28.3 clips/s)
  ep3 step17900 loss=0.3176 (28.3 clips/s)
  ep3 step17920 loss=0.3175 (28.3 clips/s)
  ep3 step17940 loss=0.3175 (28.3 clips/s)
  ep3 step17960 loss=0.3180 (28.3 clips/s)
  ep3 step17980 loss=0.3181 (28.3 clips/s)
  ep3 step18000 loss=0.3183 (28.3 clips/s)
[epoch 3] loss=0.3183 val_avg_f1=0.6980 val_acc=0.8601 (58.8 min)
  ep4 step18020 loss=0.2017 (26.5 clips/s)
  ep4 step18040 loss=0.2536 (27.4 clips/s)
  ep4 step18060 loss=0.2639 (27.7 clips/s)
  ep4 step18080 loss=0.2471 (27.9 clips/s)
  ep4 step18100 loss=0.2251 (28.0 clips/s)
  ep4 step18120 loss=0.2421 (28.1 clips/s)
  ep4 step18140 loss=0.2425 (28.1 clips/s)
  ep4 step18160 loss=0.2352 (28.2 clips/s)
  ep4 step18180 loss=0.2411 (28.2 clips/s)
  ep4 step18200 loss=0.2404 (28.2 clips/s)
  ep4 step18220 loss=0.2437 (28.2 clips/s)
  ep4 step18240 loss=0.2348 (28.2 clips/s)
  ep4 step18260 loss=0.2378 (28.2 clips/s)
  ep4 step18280 loss=0.2334 (28.2 clips/s)
  ep4 step18300 loss=0.2346 (28.3 clips/s)
  ep4 step18320 loss=0.2374 (28.3 clips/s)
  ep4 step18340 loss=0.2316 (28.3 clips/s)
  ep4 step18360 loss=0.2296 (28.3 clips/s)
  ep4 step18380 loss=0.2301 (28.3 clips/s)
  ep4 step18400 loss=0.2326 (28.3 clips/s)
  ep4 step18420 loss=0.2297 (28.3 clips/s)
  ep4 step18440 loss=0.2301 (28.3 clips/s)
  ep4 step18460 loss=0.2310 (28.3 clips/s)
  ep4 step18480 loss=0.2272 (28.3 clips/s)
  ep4 step18500 loss=0.2271 (28.3 clips/s)
  ep4 step18520 loss=0.2267 (28.3 clips/s)
  ep4 step18540 loss=0.2334 (28.3 clips/s)
  ep4 step18560 loss=0.2338 (28.3 clips/s)
  ep4 step18580 loss=0.2342 (28.3 clips/s)
  ep4 step18600 loss=0.2351 (28.3 clips/s)
  ep4 step18620 loss=0.2323 (28.3 clips/s)
  ep4 step18640 loss=0.2326 (28.3 clips/s)
  ep4 step18660 loss=0.2286 (28.3 clips/s)
  ep4 step18680 loss=0.2284 (28.3 clips/s)
  ep4 step18700 loss=0.2292 (28.3 clips/s)
  ep4 step18720 loss=0.2278 (28.3 clips/s)
  ep4 step18740 loss=0.2290 (28.3 clips/s)
  ep4 step18760 loss=0.2259 (28.3 clips/s)
  ep4 step18780 loss=0.2256 (28.3 clips/s)
  ep4 step18800 loss=0.2289 (28.4 clips/s)
  ep4 step18820 loss=0.2297 (28.4 clips/s)
  ep4 step18840 loss=0.2301 (28.4 clips/s)
  ep4 step18860 loss=0.2292 (28.4 clips/s)
  ep4 step18880 loss=0.2316 (28.4 clips/s)
  ep4 step18900 loss=0.2306 (28.4 clips/s)
  ep4 step18920 loss=0.2304 (28.4 clips/s)
  ep4 step18940 loss=0.2313 (28.4 clips/s)
  ep4 step18960 loss=0.2315 (28.4 clips/s)
  ep4 step18980 loss=0.2338 (28.4 clips/s)
  ep4 step19000 loss=0.2328 (28.4 clips/s)
  ep4 step19020 loss=0.2339 (28.4 clips/s)
  ep4 step19040 loss=0.2343 (28.4 clips/s)
  ep4 step19060 loss=0.2328 (28.4 clips/s)
  ep4 step19080 loss=0.2321 (28.4 clips/s)
  ep4 step19100 loss=0.2311 (28.4 clips/s)
  ep4 step19120 loss=0.2287 (28.4 clips/s)
  ep4 step19140 loss=0.2267 (28.4 clips/s)
  ep4 step19160 loss=0.2266 (28.4 clips/s)
  ep4 step19180 loss=0.2271 (28.4 clips/s)
  ep4 step19200 loss=0.2279 (28.4 clips/s)
  ep4 step19220 loss=0.2293 (28.4 clips/s)
  ep4 step19240 loss=0.2285 (28.4 clips/s)
  ep4 step19260 loss=0.2295 (28.4 clips/s)
  ep4 step19280 loss=0.2307 (28.4 clips/s)
  ep4 step19300 loss=0.2302 (28.4 clips/s)
  ep4 step19320 loss=0.2303 (28.4 clips/s)
  ep4 step19340 loss=0.2302 (28.4 clips/s)
  ep4 step19360 loss=0.2321 (28.4 clips/s)
  ep4 step19380 loss=0.2322 (28.4 clips/s)
  ep4 step19400 loss=0.2324 (28.4 clips/s)
  ep4 step19420 loss=0.2317 (28.4 clips/s)
  ep4 step19440 loss=0.2324 (28.4 clips/s)
  ep4 step19460 loss=0.2308 (28.4 clips/s)
  ep4 step19480 loss=0.2323 (28.4 clips/s)
  ep4 step19500 loss=0.2324 (28.4 clips/s)
  ep4 step19520 loss=0.2327 (28.4 clips/s)
  ep4 step19540 loss=0.2316 (28.4 clips/s)
  ep4 step19560 loss=0.2309 (28.4 clips/s)
  ep4 step19580 loss=0.2311 (28.4 clips/s)
  ep4 step19600 loss=0.2297 (28.4 clips/s)
  ep4 step19620 loss=0.2289 (28.4 clips/s)
  ep4 step19640 loss=0.2288 (28.4 clips/s)
  ep4 step19660 loss=0.2285 (28.4 clips/s)
  ep4 step19680 loss=0.2291 (28.4 clips/s)
  ep4 step19700 loss=0.2296 (28.4 clips/s)
  ep4 step19720 loss=0.2303 (28.4 clips/s)
  ep4 step19740 loss=0.2310 (28.4 clips/s)
  ep4 step19760 loss=0.2304 (28.4 clips/s)
  ep4 step19780 loss=0.2305 (28.4 clips/s)
  ep4 step19800 loss=0.2317 (28.4 clips/s)
  ep4 step19820 loss=0.2308 (28.4 clips/s)
  ep4 step19840 loss=0.2315 (28.4 clips/s)
  ep4 step19860 loss=0.2320 (28.4 clips/s)
  ep4 step19880 loss=0.2311 (28.4 clips/s)
  ep4 step19900 loss=0.2306 (28.4 clips/s)
  ep4 step19920 loss=0.2304 (28.4 clips/s)
  ep4 step19940 loss=0.2297 (28.4 clips/s)
  ep4 step19960 loss=0.2292 (28.4 clips/s)
  ep4 step19980 loss=0.2287 (28.4 clips/s)
  ep4 step20000 loss=0.2302 (28.4 clips/s)
  ep4 step20020 loss=0.2304 (28.4 clips/s)
  ep4 step20040 loss=0.2304 (28.4 clips/s)
  ep4 step20060 loss=0.2291 (28.4 clips/s)
  ep4 step20080 loss=0.2284 (28.4 clips/s)
  ep4 step20100 loss=0.2279 (28.4 clips/s)
  ep4 step20120 loss=0.2278 (28.4 clips/s)
  ep4 step20140 loss=0.2268 (28.4 clips/s)
  ep4 step20160 loss=0.2272 (28.4 clips/s)
  ep4 step20180 loss=0.2269 (28.4 clips/s)
  ep4 step20200 loss=0.2258 (28.4 clips/s)
  ep4 step20220 loss=0.2254 (28.4 clips/s)
  ep4 step20240 loss=0.2248 (28.4 clips/s)
  ep4 step20260 loss=0.2253 (28.4 clips/s)
  ep4 step20280 loss=0.2260 (28.4 clips/s)
  ep4 step20300 loss=0.2270 (28.4 clips/s)
  ep4 step20320 loss=0.2267 (28.4 clips/s)
  ep4 step20340 loss=0.2263 (28.4 clips/s)
  ep4 step20360 loss=0.2258 (28.4 clips/s)
  ep4 step20380 loss=0.2254 (28.4 clips/s)
  ep4 step20400 loss=0.2267 (28.4 clips/s)
  ep4 step20420 loss=0.2262 (28.4 clips/s)
  ep4 step20440 loss=0.2259 (28.4 clips/s)
  ep4 step20460 loss=0.2251 (28.4 clips/s)
  ep4 step20480 loss=0.2254 (28.4 clips/s)
  ep4 step20500 loss=0.2247 (28.4 clips/s)
  ep4 step20520 loss=0.2260 (28.4 clips/s)
  ep4 step20540 loss=0.2249 (28.4 clips/s)
  ep4 step20560 loss=0.2253 (28.4 clips/s)
  ep4 step20580 loss=0.2247 (28.4 clips/s)
  ep4 step20600 loss=0.2254 (28.4 clips/s)
  ep4 step20620 loss=0.2263 (28.4 clips/s)
  ep4 step20640 loss=0.2256 (28.4 clips/s)
  ep4 step20660 loss=0.2249 (28.4 clips/s)
  ep4 step20680 loss=0.2249 (28.4 clips/s)
  ep4 step20700 loss=0.2249 (28.4 clips/s)
  ep4 step20720 loss=0.2252 (28.4 clips/s)
  ep4 step20740 loss=0.2257 (28.4 clips/s)
  ep4 step20760 loss=0.2257 (28.4 clips/s)
  ep4 step20780 loss=0.2253 (28.4 clips/s)
  ep4 step20800 loss=0.2257 (28.4 clips/s)
  ep4 step20820 loss=0.2262 (28.4 clips/s)
  ep4 step20840 loss=0.2259 (28.4 clips/s)
  ep4 step20860 loss=0.2253 (28.4 clips/s)
  ep4 step20880 loss=0.2253 (28.4 clips/s)
  ep4 step20900 loss=0.2263 (28.4 clips/s)
  ep4 step20920 loss=0.2266 (28.4 clips/s)
  ep4 step20940 loss=0.2275 (28.4 clips/s)
  ep4 step20960 loss=0.2273 (28.4 clips/s)
  ep4 step20980 loss=0.2267 (28.4 clips/s)
  ep4 step21000 loss=0.2271 (28.4 clips/s)
  ep4 step21020 loss=0.2270 (28.4 clips/s)
  ep4 step21040 loss=0.2276 (28.4 clips/s)
  ep4 step21060 loss=0.2281 (28.4 clips/s)
  ep4 step21080 loss=0.2277 (28.4 clips/s)
  ep4 step21100 loss=0.2276 (28.4 clips/s)
  ep4 step21120 loss=0.2275 (28.4 clips/s)
  ep4 step21140 loss=0.2278 (28.4 clips/s)
  ep4 step21160 loss=0.2276 (28.4 clips/s)
  ep4 step21180 loss=0.2268 (28.4 clips/s)
  ep4 step21200 loss=0.2273 (28.4 clips/s)
  ep4 step21220 loss=0.2268 (28.4 clips/s)
  ep4 step21240 loss=0.2270 (28.4 clips/s)
  ep4 step21260 loss=0.2270 (28.4 clips/s)
  ep4 step21280 loss=0.2269 (28.4 clips/s)
  ep4 step21300 loss=0.2264 (28.4 clips/s)
  ep4 step21320 loss=0.2258 (28.4 clips/s)
  ep4 step21340 loss=0.2260 (28.4 clips/s)
  ep4 step21360 loss=0.2258 (28.4 clips/s)
  ep4 step21380 loss=0.2254 (28.4 clips/s)
  ep4 step21400 loss=0.2255 (28.4 clips/s)
  ep4 step21420 loss=0.2251 (28.4 clips/s)
  ep4 step21440 loss=0.2245 (28.4 clips/s)
  ep4 step21460 loss=0.2245 (28.4 clips/s)
  ep4 step21480 loss=0.2240 (28.4 clips/s)
  ep4 step21500 loss=0.2235 (28.4 clips/s)
  ep4 step21520 loss=0.2244 (28.4 clips/s)
  ep4 step21540 loss=0.2251 (28.4 clips/s)
  ep4 step21560 loss=0.2253 (28.4 clips/s)
  ep4 step21580 loss=0.2262 (28.4 clips/s)
  ep4 step21600 loss=0.2265 (28.4 clips/s)
  ep4 step21620 loss=0.2264 (28.4 clips/s)
  ep4 step21640 loss=0.2262 (28.4 clips/s)
  ep4 step21660 loss=0.2264 (28.4 clips/s)
  ep4 step21680 loss=0.2264 (28.4 clips/s)
  ep4 step21700 loss=0.2261 (28.4 clips/s)
  ep4 step21720 loss=0.2270 (28.4 clips/s)
  ep4 step21740 loss=0.2276 (28.4 clips/s)
  ep4 step21760 loss=0.2280 (28.4 clips/s)
  ep4 step21780 loss=0.2288 (28.4 clips/s)
  ep4 step21800 loss=0.2289 (28.4 clips/s)
  ep4 step21820 loss=0.2287 (28.4 clips/s)
  ep4 step21840 loss=0.2284 (28.4 clips/s)
  ep4 step21860 loss=0.2289 (28.4 clips/s)
  ep4 step21880 loss=0.2293 (28.4 clips/s)
  ep4 step21900 loss=0.2294 (28.4 clips/s)
  ep4 step21920 loss=0.2291 (28.4 clips/s)
  ep4 step21940 loss=0.2291 (28.4 clips/s)
  ep4 step21960 loss=0.2286 (28.4 clips/s)
  ep4 step21980 loss=0.2287 (28.4 clips/s)
  ep4 step22000 loss=0.2286 (28.4 clips/s)
  ep4 step22020 loss=0.2296 (28.4 clips/s)
  ep4 step22040 loss=0.2296 (28.4 clips/s)
  ep4 step22060 loss=0.2296 (28.4 clips/s)
  ep4 step22080 loss=0.2293 (28.4 clips/s)
  ep4 step22100 loss=0.2291 (28.4 clips/s)
  ep4 step22120 loss=0.2293 (28.4 clips/s)
  ep4 step22140 loss=0.2303 (28.4 clips/s)
  ep4 step22160 loss=0.2308 (28.4 clips/s)
  ep4 step22180 loss=0.2306 (28.4 clips/s)
  ep4 step22200 loss=0.2309 (28.4 clips/s)
  ep4 step22220 loss=0.2310 (28.4 clips/s)
  ep4 step22240 loss=0.2305 (28.4 clips/s)
  ep4 step22260 loss=0.2310 (28.4 clips/s)
  ep4 step22280 loss=0.2312 (28.4 clips/s)
  ep4 step22300 loss=0.2312 (28.4 clips/s)
  ep4 step22320 loss=0.2313 (28.4 clips/s)
  ep4 step22340 loss=0.2315 (28.4 clips/s)
  ep4 step22360 loss=0.2317 (28.4 clips/s)
  ep4 step22380 loss=0.2316 (28.4 clips/s)
  ep4 step22400 loss=0.2315 (28.4 clips/s)
  ep4 step22420 loss=0.2318 (28.4 clips/s)
  ep4 step22440 loss=0.2314 (28.4 clips/s)
  ep4 step22460 loss=0.2309 (28.4 clips/s)
  ep4 step22480 loss=0.2307 (28.4 clips/s)
  ep4 step22500 loss=0.2313 (28.4 clips/s)
  ep4 step22520 loss=0.2312 (28.4 clips/s)
  ep4 step22540 loss=0.2319 (28.4 clips/s)
  ep4 step22560 loss=0.2323 (28.4 clips/s)
  ep4 step22580 loss=0.2326 (28.4 clips/s)
  ep4 step22600 loss=0.2325 (28.4 clips/s)
  ep4 step22620 loss=0.2325 (28.4 clips/s)
  ep4 step22640 loss=0.2322 (28.4 clips/s)
  ep4 step22660 loss=0.2321 (28.4 clips/s)
  ep4 step22680 loss=0.2315 (28.4 clips/s)
  ep4 step22700 loss=0.2324 (28.4 clips/s)
  ep4 step22720 loss=0.2323 (28.4 clips/s)
  ep4 step22740 loss=0.2321 (28.4 clips/s)
  ep4 step22760 loss=0.2320 (28.4 clips/s)
  ep4 step22780 loss=0.2317 (28.4 clips/s)
  ep4 step22800 loss=0.2314 (28.4 clips/s)
  ep4 step22820 loss=0.2311 (28.4 clips/s)
  ep4 step22840 loss=0.2306 (28.4 clips/s)
  ep4 step22860 loss=0.2302 (28.4 clips/s)
  ep4 step22880 loss=0.2299 (28.4 clips/s)
  ep4 step22900 loss=0.2302 (28.4 clips/s)
  ep4 step22920 loss=0.2304 (28.4 clips/s)
  ep4 step22940 loss=0.2306 (28.4 clips/s)
  ep4 step22960 loss=0.2308 (28.4 clips/s)
  ep4 step22980 loss=0.2306 (28.4 clips/s)
  ep4 step23000 loss=0.2306 (28.4 clips/s)
  ep4 step23020 loss=0.2307 (28.4 clips/s)
  ep4 step23040 loss=0.2309 (28.4 clips/s)
  ep4 step23060 loss=0.2321 (28.4 clips/s)
  ep4 step23080 loss=0.2321 (28.4 clips/s)
  ep4 step23100 loss=0.2318 (28.4 clips/s)
  ep4 step23120 loss=0.2323 (28.4 clips/s)
  ep4 step23140 loss=0.2326 (28.4 clips/s)
  ep4 step23160 loss=0.2326 (28.4 clips/s)
  ep4 step23180 loss=0.2323 (28.4 clips/s)
  ep4 step23200 loss=0.2324 (28.4 clips/s)
  ep4 step23220 loss=0.2325 (28.4 clips/s)
  ep4 step23240 loss=0.2321 (28.4 clips/s)
  ep4 step23260 loss=0.2318 (28.4 clips/s)
  ep4 step23280 loss=0.2322 (28.4 clips/s)
  ep4 step23300 loss=0.2321 (28.4 clips/s)
  ep4 step23320 loss=0.2324 (28.4 clips/s)
  ep4 step23340 loss=0.2325 (28.4 clips/s)
  ep4 step23360 loss=0.2322 (28.4 clips/s)
  ep4 step23380 loss=0.2321 (28.4 clips/s)
  ep4 step23400 loss=0.2321 (28.4 clips/s)
  ep4 step23420 loss=0.2322 (28.4 clips/s)
  ep4 step23440 loss=0.2317 (28.4 clips/s)
  ep4 step23460 loss=0.2317 (28.4 clips/s)
  ep4 step23480 loss=0.2316 (28.4 clips/s)
  ep4 step23500 loss=0.2315 (28.4 clips/s)
  ep4 step23520 loss=0.2311 (28.4 clips/s)
  ep4 step23540 loss=0.2315 (28.4 clips/s)
  ep4 step23560 loss=0.2320 (28.4 clips/s)
  ep4 step23580 loss=0.2326 (28.4 clips/s)
  ep4 step23600 loss=0.2322 (28.4 clips/s)
  ep4 step23620 loss=0.2329 (28.4 clips/s)
  ep4 step23640 loss=0.2329 (28.4 clips/s)
  ep4 step23660 loss=0.2324 (28.4 clips/s)
  ep4 step23680 loss=0.2326 (28.4 clips/s)
  ep4 step23700 loss=0.2330 (28.4 clips/s)
  ep4 step23720 loss=0.2331 (28.4 clips/s)
  ep4 step23740 loss=0.2329 (28.4 clips/s)
  ep4 step23760 loss=0.2327 (28.4 clips/s)
  ep4 step23780 loss=0.2324 (28.4 clips/s)
  ep4 step23800 loss=0.2323 (28.4 clips/s)
  ep4 step23820 loss=0.2327 (28.4 clips/s)
  ep4 step23840 loss=0.2330 (28.4 clips/s)
  ep4 step23860 loss=0.2332 (28.4 clips/s)
  ep4 step23880 loss=0.2330 (28.4 clips/s)
  ep4 step23900 loss=0.2330 (28.4 clips/s)
  ep4 step23920 loss=0.2331 (28.4 clips/s)
  ep4 step23940 loss=0.2329 (28.4 clips/s)
  ep4 step23960 loss=0.2325 (28.4 clips/s)
  ep4 step23980 loss=0.2326 (28.4 clips/s)
  ep4 step24000 loss=0.2327 (28.4 clips/s)
[epoch 4] loss=0.2327 val_avg_f1=0.7141 val_acc=0.9002 (58.6 min)
[train] early stop: no val improvement for 2 epoch(s)
[train] finished in 235.4 min, best val avg_f1=0.7145
/root/autodl-tmp/experiments/train_p10_tsm.py:338: FutureWarning: You are using `torch.load` with `weights_only=False` (the current default value), which uses the default pickle module implicitly. It is possible to construct malicious pickle data which will execute arbitrary code during unpickling (See https://github.com/pytorch/pytorch/blob/main/SECURITY.md#untrusted-models for more details). In a future release, the default value for `weights_only` will be flipped to `True`. This limits the functions that could be executed during unpickling. Arbitrary objects will no longer be allowed to be loaded via this mode unless they are explicitly allowlisted by the user via `torch.serialization.add_safe_globals`. We recommend you start setting `weights_only=True` for any use case where you don't have full control of the loaded file. Please open an issue on GitHub for any issues related to this experimental feature.
  ckpt = torch.load(ckpt_path, map_location="cpu")
[test] 1200 videos -> 12000 clips (stride=8)
[test] avg_f1=0.7142 acc=0.8970 fall_f1=0.6340 fallen_f1=0.5627 (n=12000)
[train] logs -> /root/autodl-tmp/logs/phase10/timesformer

=============== [2026-09-14 05:47:48] TRAINING DONE ===============


=============== [2026-09-14 05:47:48] EVAL: dense per-frame dump ===============

/root/miniconda3/lib/python3.10/site-packages/torchvision/io/image.py:13: UserWarning: Failed to load image Python extension: '/root/miniconda3/lib/python3.10/site-packages/torchvision/image.so: undefined symbol: _ZN3c1017RegisterOperatorsD1Ev'If you don't plan on using image functionality from `torchvision.io`, you can ignore this warning. Otherwise, there might be something wrong with your environment. Did you have `libjpeg` or `libpng` installed before building `torchvision` from source?
  warn(
[data] model=timesformer frames=8 | train clips=96000 (missing=0), val clips=12000 (missing=0)
[data] label counts=[8278, 7164, 80558] -> weights=[1.328, 1.535, 0.137]
[timesformer] K400 weights loaded (missing=2, unexpected=0, head re-init=2)
[model] timesformer params=121.26M
/root/autodl-tmp/experiments/train_p10_tsm.py:338: FutureWarning: You are using `torch.load` with `weights_only=False` (the current default value), which uses the default pickle module implicitly. It is possible to construct malicious pickle data which will execute arbitrary code during unpickling (See https://github.com/pytorch/pytorch/blob/main/SECURITY.md#untrusted-models for more details). In a future release, the default value for `weights_only` will be flipped to `True`. This limits the functions that could be executed during unpickling. Arbitrary objects will no longer be allowed to be loaded via this mode unless they are explicitly allowlisted by the user via `torch.serialization.add_safe_globals`. We recommend you start setting `weights_only=True` for any use case where you don't have full control of the loaded file. Please open an issue on GitHub for any issues related to this experimental feature.
  ckpt = torch.load(ckpt_path, map_location="cpu")
[test] 1200 videos -> 87600 clips (stride=1)
[test] avg_f1=0.7140 acc=0.8978 fall_f1=0.6324 fallen_f1=0.5630 (n=96000)

=============== [2026-09-14 06:04:27] EVAL: timeline metrics ===============

=== timeline (event-level, per-video) ===
  videos=1200  has_fall=211  has_fallen=150
  fall_f1=0.6630  fallen_f1=0.4817  avg_f1=0.5881
  coverage: fall=0.919  fallen=0.640
  false alarm: fall=0.066  fallen=0.055
  flips/video=0.58  order_correct=0.986
=== instance (same frames) ===
  avg_f1=0.7140 acc=0.8978 fall_f1=0.6324 fallen_f1=0.5630 n=96000
saved -> logs/phase10/timesformer/timeline_results.json

=============== [2026-09-14 06:04:33] EVAL: same-frame comparison vs E1-full ===============

common videos = 1200
E1-full    inst: acc=0.9370 avg_f1=0.8296 fall_f1=0.7689 fallen_f1=0.7510
           time: fall_f1=0.7827 fallen_f1=0.6989 avg_f1=0.7413 | cov 0.962/0.833 | FA 0.026/0.035 | flips 0.63
timesformer inst: acc=0.8978 avg_f1=0.7140 fall_f1=0.6324 fallen_f1=0.5630
           time: fall_f1=0.6630 fallen_f1=0.4817 avg_f1=0.5881 | cov 0.919/0.640 | FA 0.066/0.055 | flips 0.58
delta (timesformer - E1): acc -0.0393 | avg_f1 -0.1156 | fall_f1 -0.1365 | fallen_f1 -0.1880
saved -> logs/phase10/timesformer/compare_e1_vs_timesformer.json

=============== [2026-09-14 06:04:36] ALL DONE 鈥?logs/phase10/timesformer/P10_timesformer_DONE ===============

Connection to connect.nmb2.seetacloud.com closed by remote host.
