======================================================================================
W1 判定（§7.2 勘误版 · 曲线口径）  arm = w1_4   （对照 A0 = a0_2000）
  协议 = voted   主判据 = P@R=0.80 + 支配关系   否决余量 = 0.05
======================================================================================

【主判据】逐轴 P@R 与支配关系（全量 test 1200，voted 协议）
  轴        a0_2000 P@R     本臂 P@R         Δ   支配关系
  ----------------------------------------------------------------------------------
  fall        0.5941     0.6771   +0.0830   本臂 支配 a0_2000（同召回下精度处处不低，均值高 +0.0455）
  fallen      0.5716     0.6086   +0.0371   本臂 两端更好但**中段回落**（逐点差区间 [-0.0105, +0.0640]）；全区间均值 +0.0411（正 = 本臂 更好）

--------------------------------------------------------------------------------------
判定：【强通过 ✅】
    - fall 轴：本臂支配 A0（均值 +0.0455）
  → 进入 W2 的候选，仍需 9600 确认（§7.2 是止损闸门，不是择优器）

--------------------------------------------------------------------------------------
【辅助读数】旧 §7.2 单点表 —— **不参与判定**，仅保留历史可比性
⚠ 单点差异里混着'落点'成分，其摆动幅度已实测超过原判据阈值，不可据以判胜负
指标                                A0        本臂         Δ   原阈值（已废）
--------------------------------------------------------------------------------------
fall_prec                     0.6447    0.6833   +0.0385   强通过 ≥ 0.6947
fall_rec                      0.7525    0.7951   +0.0426   否决 < 0.7225
fallen_prec                   0.6985    0.7662   +0.0678   否决 < 0.6785
fallen_rec                    0.5990    0.5624   -0.0366   
avg_f1 (merged_raw)           0.7665    0.7827   +0.0162   
逐视频 avg_f1                    0.6077    0.6185   +0.0108   否决 < 0.5877
边界 F1 (τ=3)                   0.1810    0.1945   +0.0135   强通过 ≥ 0.2310

--------------------------------------------------------------------------------------
⚠ 提醒（§3.1 / §7.4）：单点比较不可用——同一臂内跨 ckpt 的极差（fall_prec 0.119 / fall_rec 0.166）已超过原判据阈值。
   本判定是**止损闸门**；最终择优在 §7.3 的 9600 上做。
