== W1/4 launch Fri Oct  2 10:54:35 CST 2026 | Exp-4 姿态12d+concat ==
== W1/4 cmd: /root/miniconda3/bin/python -u experiments/train_p9e1.py --data_mp4 data/e1_2000_manifest.csv --val_data data/p9e1_frames_val --npz data/omnifall_dinov2_giant_frame.npz --model_name facebook/dinov2-giant --epochs 3 --early_stop_patience 0 --val_every 600 --val_n 150 --window 64 --stride 16 --batch 2 --lr 1e-4 --seed 42 --workers 16 --out logs/phase11/w1_4 --pose_npz data/omnifall_pose_semantic_accel.npz
TRAIN_PID=583265
[1] 加载 facebook/dinov2-giant(fp16) + LoRA(r=16) + Phase6 bridge 头
/root/miniconda3/lib/python3.10/site-packages/torchvision/io/image.py:13: UserWarning: Failed to load image Python extension: '/root/miniconda3/lib/python3.10/site-packages/torchvision/image.so: undefined symbol: _ZN3c1017RegisterOperatorsD1Ev'If you don't plan on using image functionality from `torchvision.io`, you can ignore this warning. Otherwise, there might be something wrong with your environment. Did you have `libjpeg` or `libpng` installed before building `torchvision` from source?
  warn(
Loading weights:   0%|          | 0/727 [00:00<?, ?it/s]Loading weights:  69%|██████▉   | 504/727 [00:00<00:00, 5036.69it/s]Loading weights: 100%|██████████| 727/727 [00:00<00:00, 4791.82it/s]
/root/miniconda3/lib/python3.10/site-packages/torch/nn/modules/transformer.py:379: UserWarning: enable_nested_tensor is True, but self.use_nested_tensor is False because encoder_layer.norm_first was True
  warnings.warn(
  梯度 checkpointing: True
  可训练参数: 10.83M (LoRA + 时序头；主干冻结 fp16)
[2] mp4 现解码数据集: data/e1_2000_manifest.csv (window=64, stride=16, workers=16)
  训练视频: 2000 | 窗口: 4000 | 类权重 fall/fallen/normal: [1.336, 1.532, 0.132]
  aux_static loss: 关（λ=0，训练行为与基线一致）
step 50 | loss 2.9374 | fall/fallen/normal acc 0.004/0.308/0.901 | lr 1.00e-04
step 100 | loss 1.4981 | fall/fallen/normal acc 0.000/0.000/0.991 | lr 1.00e-04
step 150 | loss 2.2664 | fall/fallen/normal acc 0.023/0.082/0.968 | lr 1.00e-04
step 200 | loss 1.9894 | fall/fallen/normal acc 0.153/0.183/0.915 | lr 1.00e-04
step 250 | loss 1.3905 | fall/fallen/normal acc 0.330/0.374/0.933 | lr 1.00e-04
step 300 | loss 1.6838 | fall/fallen/normal acc 0.366/0.478/0.887 | lr 1.00e-04
step 350 | loss 1.6123 | fall/fallen/normal acc 0.324/0.233/0.960 | lr 1.00e-04
step 400 | loss 0.9241 | fall/fallen/normal acc 0.523/0.434/0.954 | lr 1.00e-04
step 450 | loss 0.9309 | fall/fallen/normal acc 0.403/0.523/0.946 | lr 1.00e-04
step 500 | loss 0.9174 | fall/fallen/normal acc 0.457/0.481/0.936 | lr 1.00e-04
step 550 | loss 1.2239 | fall/fallen/normal acc 0.531/0.483/0.899 | lr 1.00e-04
step 600 | loss 0.6760 | fall/fallen/normal acc 0.617/0.653/0.963 | lr 1.00e-04
[VAL] step 600 | f1 0.6975 | fallen prec 0.7180 rec 0.6166 | train_loss 1.5042
  [BEST] 新最优 f1=0.6975 → best_model.pt
step 650 | loss 1.1466 | fall/fallen/normal acc 0.560/0.362/0.962 | lr 1.00e-04
step 700 | loss 1.1311 | fall/fallen/normal acc 0.492/0.362/0.924 | lr 1.00e-04
step 750 | loss 0.6713 | fall/fallen/normal acc 0.580/0.625/0.966 | lr 1.00e-04
step 800 | loss 0.7037 | fall/fallen/normal acc 0.636/0.585/0.939 | lr 1.00e-04
step 850 | loss 0.4813 | fall/fallen/normal acc 0.483/0.737/0.954 | lr 1.00e-04
step 900 | loss 0.4468 | fall/fallen/normal acc 0.546/0.605/0.973 | lr 1.00e-04
step 950 | loss 1.1442 | fall/fallen/normal acc 0.627/0.352/0.963 | lr 1.00e-04
step 1000 | loss 0.7100 | fall/fallen/normal acc 0.635/0.353/0.969 | lr 1.00e-04
step 1050 | loss 0.5101 | fall/fallen/normal acc 0.509/0.596/0.957 | lr 1.00e-04
step 1100 | loss 1.0979 | fall/fallen/normal acc 0.621/0.405/0.977 | lr 1.00e-04
step 1150 | loss 0.5326 | fall/fallen/normal acc 0.532/0.756/0.954 | lr 1.00e-04
step 1200 | loss 1.1067 | fall/fallen/normal acc 0.505/0.501/0.941 | lr 1.00e-04
[VAL] step 1200 | f1 0.6166 | fallen prec 0.9749 rec 0.2097 | train_loss 0.8069
step 1250 | loss 0.3302 | fall/fallen/normal acc 0.570/0.711/0.976 | lr 1.00e-04
step 1300 | loss 0.5359 | fall/fallen/normal acc 0.541/0.682/0.955 | lr 1.00e-04
step 1350 | loss 0.3194 | fall/fallen/normal acc 0.811/0.829/0.951 | lr 1.00e-04
step 1400 | loss 0.6450 | fall/fallen/normal acc 0.510/0.750/0.958 | lr 1.00e-04
step 1450 | loss 0.3113 | fall/fallen/normal acc 0.848/0.503/0.957 | lr 1.00e-04
step 1500 | loss 0.6051 | fall/fallen/normal acc 0.751/0.498/0.957 | lr 1.00e-04
step 1550 | loss 0.4502 | fall/fallen/normal acc 0.757/0.650/0.939 | lr 1.00e-04
step 1600 | loss 0.3673 | fall/fallen/normal acc 0.604/0.819/0.966 | lr 1.00e-04
step 1650 | loss 0.5863 | fall/fallen/normal acc 0.569/0.742/0.951 | lr 1.00e-04
step 1700 | loss 0.3799 | fall/fallen/normal acc 0.732/0.456/0.952 | lr 1.00e-04
step 1750 | loss 1.0063 | fall/fallen/normal acc 0.794/0.343/0.995 | lr 1.00e-04
step 1800 | loss 0.5331 | fall/fallen/normal acc 0.817/0.487/0.974 | lr 1.00e-04
[VAL] step 1800 | f1 0.6673 | fallen prec 0.9130 rec 0.3780 | train_loss 0.5058
step 1850 | loss 0.3621 | fall/fallen/normal acc 0.782/0.696/0.943 | lr 1.00e-04
step 1900 | loss 0.2762 | fall/fallen/normal acc 0.505/0.803/0.965 | lr 1.00e-04
step 1950 | loss 0.4013 | fall/fallen/normal acc 0.791/0.854/0.961 | lr 1.00e-04
step 2000 | loss 0.5975 | fall/fallen/normal acc 0.619/0.626/0.949 | lr 1.00e-04
[EPOCH 1] 完成，已存 epoch_1_model.pt
step 2050 | loss 0.2601 | fall/fallen/normal acc 0.791/0.852/0.961 | lr 1.00e-04
step 2100 | loss 0.4738 | fall/fallen/normal acc 0.706/0.702/0.955 | lr 1.00e-04
step 2150 | loss 0.2110 | fall/fallen/normal acc 0.618/0.838/0.984 | lr 1.00e-04
step 2200 | loss 0.3114 | fall/fallen/normal acc 0.518/0.719/0.982 | lr 1.00e-04
step 2250 | loss 0.2600 | fall/fallen/normal acc 0.857/0.648/0.973 | lr 1.00e-04
step 2300 | loss 0.2146 | fall/fallen/normal acc 0.810/0.772/0.980 | lr 1.00e-04
step 2350 | loss 0.3634 | fall/fallen/normal acc 0.738/0.836/0.947 | lr 1.00e-04
step 2400 | loss 0.2929 | fall/fallen/normal acc 0.714/0.763/0.986 | lr 1.00e-04
[VAL] step 2400 | f1 0.8081 | fallen prec 0.7882 rec 0.7840 | train_loss 0.2984
  [BEST] 新最优 f1=0.8081 → best_model.pt
step 2450 | loss 0.1633 | fall/fallen/normal acc 0.920/0.819/0.970 | lr 1.00e-04
step 2500 | loss 0.3685 | fall/fallen/normal acc 0.787/0.587/0.971 | lr 1.00e-04
step 2550 | loss 0.4256 | fall/fallen/normal acc 0.799/0.720/0.961 | lr 1.00e-04
step 2600 | loss 0.2133 | fall/fallen/normal acc 0.757/0.864/0.984 | lr 1.00e-04
step 2650 | loss 0.1453 | fall/fallen/normal acc 0.878/0.816/0.983 | lr 1.00e-04
step 2700 | loss 0.2880 | fall/fallen/normal acc 0.863/0.859/0.978 | lr 1.00e-04
step 2750 | loss 0.1708 | fall/fallen/normal acc 0.717/0.911/0.985 | lr 1.00e-04
step 2800 | loss 0.2553 | fall/fallen/normal acc 0.819/0.773/0.986 | lr 1.00e-04
step 2850 | loss 0.3064 | fall/fallen/normal acc 0.769/0.844/0.946 | lr 1.00e-04
step 2900 | loss 0.2245 | fall/fallen/normal acc 0.808/0.887/0.962 | lr 1.00e-04
step 2950 | loss 0.1952 | fall/fallen/normal acc 0.815/0.940/0.978 | lr 1.00e-04
step 3000 | loss 0.1021 | fall/fallen/normal acc 0.951/0.825/0.965 | lr 1.00e-04
[VAL] step 3000 | f1 0.7898 | fallen prec 0.8865 rec 0.6049 | train_loss 0.2382
step 3050 | loss 0.1237 | fall/fallen/normal acc 0.897/0.867/0.982 | lr 1.00e-04
step 3100 | loss 0.4070 | fall/fallen/normal acc 0.880/0.749/0.959 | lr 1.00e-04
step 3150 | loss 0.0691 | fall/fallen/normal acc 0.975/0.784/0.999 | lr 1.00e-04
step 3200 | loss 0.5048 | fall/fallen/normal acc 0.857/0.786/0.920 | lr 1.00e-04
step 3250 | loss 0.3441 | fall/fallen/normal acc 0.939/0.660/0.976 | lr 1.00e-04
step 3300 | loss 0.2429 | fall/fallen/normal acc 0.775/0.760/0.977 | lr 1.00e-04
step 3350 | loss 0.1319 | fall/fallen/normal acc 0.844/0.958/0.963 | lr 1.00e-04
step 3400 | loss 0.2105 | fall/fallen/normal acc 0.673/0.830/0.986 | lr 1.00e-04
step 3450 | loss 0.2571 | fall/fallen/normal acc 0.700/0.600/0.981 | lr 1.00e-04
step 3500 | loss 0.1402 | fall/fallen/normal acc 0.975/0.679/0.970 | lr 1.00e-04
step 3550 | loss 0.1270 | fall/fallen/normal acc 0.843/0.945/0.980 | lr 1.00e-04
step 3600 | loss 0.1230 | fall/fallen/normal acc 0.843/0.902/0.978 | lr 1.00e-04
[VAL] step 3600 | f1 0.8222 | fallen prec 0.8194 rec 0.7759 | train_loss 0.2234
  [BEST] 新最优 f1=0.8222 → best_model.pt
step 3650 | loss 0.2081 | fall/fallen/normal acc 0.848/0.880/0.950 | lr 1.00e-04
step 3700 | loss 0.2974 | fall/fallen/normal acc 0.789/0.643/0.980 | lr 1.00e-04
step 3750 | loss 0.1548 | fall/fallen/normal acc 0.714/0.953/0.988 | lr 1.00e-04
step 3800 | loss 0.2493 | fall/fallen/normal acc 0.865/0.772/0.976 | lr 1.00e-04
step 3850 | loss 0.3150 | fall/fallen/normal acc 0.831/0.724/0.968 | lr 1.00e-04
step 3900 | loss 0.1822 | fall/fallen/normal acc 0.757/0.791/0.972 | lr 1.00e-04
step 3950 | loss 0.3128 | fall/fallen/normal acc 0.926/0.661/0.986 | lr 1.00e-04
step 4000 | loss 0.1854 | fall/fallen/normal acc 0.808/0.917/0.974 | lr 1.00e-04
[EPOCH 2] 完成，已存 epoch_2_model.pt
step 4050 | loss 0.1490 | fall/fallen/normal acc 0.925/0.954/0.978 | lr 1.00e-04
step 4100 | loss 0.1155 | fall/fallen/normal acc 0.923/0.900/0.992 | lr 1.00e-04
step 4150 | loss 0.1825 | fall/fallen/normal acc 0.928/0.853/0.976 | lr 1.00e-04
step 4200 | loss 0.1220 | fall/fallen/normal acc 0.919/0.931/0.967 | lr 1.00e-04
[VAL] step 4200 | f1 0.7657 | fallen prec 0.9383 rec 0.5203 | train_loss 0.1423
step 4250 | loss 0.1398 | fall/fallen/normal acc 0.924/0.781/0.989 | lr 1.00e-04
step 4300 | loss 0.1924 | fall/fallen/normal acc 0.861/0.795/0.985 | lr 1.00e-04
step 4350 | loss 0.0833 | fall/fallen/normal acc 0.934/0.885/0.997 | lr 1.00e-04
step 4400 | loss 0.1683 | fall/fallen/normal acc 0.903/0.699/0.974 | lr 1.00e-04
step 4450 | loss 0.1754 | fall/fallen/normal acc 0.900/0.943/0.967 | lr 1.00e-04
step 4500 | loss 0.1889 | fall/fallen/normal acc 0.906/0.828/0.985 | lr 1.00e-04
step 4550 | loss 0.0937 | fall/fallen/normal acc 0.780/0.970/0.995 | lr 1.00e-04
step 4600 | loss 0.2802 | fall/fallen/normal acc 0.937/0.797/0.966 | lr 1.00e-04
step 4650 | loss 0.1801 | fall/fallen/normal acc 0.905/0.872/0.980 | lr 1.00e-04
step 4700 | loss 0.0877 | fall/fallen/normal acc 0.933/0.853/0.991 | lr 1.00e-04
step 4750 | loss 0.2183 | fall/fallen/normal acc 0.859/0.944/0.979 | lr 1.00e-04
step 4800 | loss 0.1617 | fall/fallen/normal acc 0.799/0.929/0.977 | lr 1.00e-04
[VAL] step 4800 | f1 0.8161 | fallen prec 0.8637 rec 0.7246 | train_loss 0.1641
step 4850 | loss 0.0719 | fall/fallen/normal acc 0.934/0.905/0.979 | lr 1.00e-04
step 4900 | loss 0.1923 | fall/fallen/normal acc 0.772/0.927/0.951 | lr 1.00e-04
step 4950 | loss 0.1451 | fall/fallen/normal acc 0.841/0.931/0.985 | lr 1.00e-04
step 5000 | loss 0.0737 | fall/fallen/normal acc 0.934/0.920/0.985 | lr 1.00e-04
step 5050 | loss 0.1618 | fall/fallen/normal acc 0.809/0.950/0.993 | lr 1.00e-04
step 5100 | loss 0.1115 | fall/fallen/normal acc 0.890/0.901/0.982 | lr 1.00e-04
step 5150 | loss 0.1021 | fall/fallen/normal acc 0.819/0.948/0.990 | lr 1.00e-04
step 5200 | loss 0.1147 | fall/fallen/normal acc 0.861/0.957/0.982 | lr 1.00e-04
step 5250 | loss 0.1350 | fall/fallen/normal acc 0.857/0.936/0.994 | lr 1.00e-04
step 5300 | loss 0.2432 | fall/fallen/normal acc 0.921/0.852/0.961 | lr 1.00e-04
step 5350 | loss 0.1274 | fall/fallen/normal acc 0.928/0.866/0.977 | lr 1.00e-04
step 5400 | loss 0.1116 | fall/fallen/normal acc 0.894/0.936/0.982 | lr 1.00e-04
[VAL] step 5400 | f1 0.8486 | fallen prec 0.8917 rec 0.7192 | train_loss 0.1325
  [BEST] 新最优 f1=0.8486 → best_model.pt
step 5450 | loss 0.0249 | fall/fallen/normal acc 0.966/0.983/0.997 | lr 1.00e-04
step 5500 | loss 0.4978 | fall/fallen/normal acc 0.940/0.822/0.981 | lr 1.00e-04
step 5550 | loss 0.1471 | fall/fallen/normal acc 0.913/0.862/0.989 | lr 1.00e-04
step 5600 | loss 0.0662 | fall/fallen/normal acc 0.947/0.946/0.992 | lr 1.00e-04
step 5650 | loss 0.1039 | fall/fallen/normal acc 0.914/0.911/0.975 | lr 1.00e-04
step 5700 | loss 0.0581 | fall/fallen/normal acc 0.948/0.946/0.994 | lr 1.00e-04
step 5750 | loss 0.1732 | fall/fallen/normal acc 0.929/0.528/0.980 | lr 1.00e-04
step 5800 | loss 0.0515 | fall/fallen/normal acc 0.857/0.869/0.996 | lr 1.00e-04
step 5850 | loss 0.0409 | fall/fallen/normal acc 0.959/0.974/0.981 | lr 1.00e-04
step 5900 | loss 0.2839 | fall/fallen/normal acc 0.920/0.923/0.979 | lr 1.00e-04
step 5950 | loss 0.1930 | fall/fallen/normal acc 0.816/0.927/0.974 | lr 1.00e-04
step 6000 | loss 0.1596 | fall/fallen/normal acc 0.899/0.898/0.968 | lr 1.00e-04
[VAL] step 6000 | f1 0.8389 | fallen prec 0.8008 rec 0.7597 | train_loss 0.1500
[EPOCH 3] 完成，已存 epoch_3_model.pt
[DONE] 已存 last_model.pt
[TOTAL] 6000 步, 31737.6s
WATCHDOG: pid=583265 exited rc=0 verdict=done @ Fri Oct  2 19:44:35 CST 2026
ALL_DONE arm=4 verdict=done rc=0 @ Fri Oct  2 19:44:35 CST 2026
