
=============== [2026-09-14 00:47:54] BASELINE START model=c3d tag=c3d ===============

/root/miniconda3/lib/python3.10/site-packages/torchvision/io/image.py:13: UserWarning: Failed to load image Python extension: '/root/miniconda3/lib/python3.10/site-packages/torchvision/image.so: undefined symbol: _ZN3c1017RegisterOperatorsD1Ev'If you don't plan on using image functionality from `torchvision.io`, you can ignore this warning. Otherwise, there might be something wrong with your environment. Did you have `libjpeg` or `libpng` installed before building `torchvision` from source?
  warn(
[data] model=c3d frames=16 | train clips=86400 (missing=0), val clips=10800 (missing=0)
[data] label counts=[7384, 6607, 72409] -> weights=[1.352, 1.511, 0.138]
[model] c3d params=78.01M
  ep1 step20 loss=1.4511 (99.9 clips/s)
  ep1 step40 loss=1.4141 (127.1 clips/s)
  ep1 step60 loss=1.3880 (139.9 clips/s)
  ep1 step80 loss=1.3663 (147.4 clips/s)
  ep1 step100 loss=1.3239 (152.2 clips/s)
  ep1 step120 loss=1.2758 (155.6 clips/s)
  ep1 step140 loss=1.2568 (158.0 clips/s)
  ep1 step160 loss=1.2227 (159.8 clips/s)
  ep1 step180 loss=1.2102 (161.3 clips/s)
  ep1 step200 loss=1.1965 (162.4 clips/s)
  ep1 step220 loss=1.1784 (163.4 clips/s)
  ep1 step240 loss=1.1559 (164.2 clips/s)
  ep1 step260 loss=1.1374 (164.8 clips/s)
  ep1 step280 loss=1.1281 (165.4 clips/s)
  ep1 step300 loss=1.1178 (165.9 clips/s)
  ep1 step320 loss=1.1110 (166.3 clips/s)
  ep1 step340 loss=1.1047 (166.6 clips/s)
  ep1 step360 loss=1.1038 (166.9 clips/s)
  ep1 step380 loss=1.0972 (167.2 clips/s)
  ep1 step400 loss=1.0899 (167.5 clips/s)
  ep1 step420 loss=1.0827 (167.7 clips/s)
  ep1 step440 loss=1.0783 (167.9 clips/s)
  ep1 step460 loss=1.0686 (168.1 clips/s)
  ep1 step480 loss=1.0667 (168.3 clips/s)
  ep1 step500 loss=1.0640 (168.4 clips/s)
  ep1 step520 loss=1.0628 (168.6 clips/s)
  ep1 step540 loss=1.0596 (168.7 clips/s)
  ep1 step560 loss=1.0544 (168.8 clips/s)
  ep1 step580 loss=1.0548 (168.9 clips/s)
  ep1 step600 loss=1.0513 (169.0 clips/s)
  ep1 step620 loss=1.0476 (169.1 clips/s)
  ep1 step640 loss=1.0445 (169.1 clips/s)
  ep1 step660 loss=1.0420 (169.2 clips/s)
  ep1 step680 loss=1.0404 (169.3 clips/s)
  ep1 step700 loss=1.0377 (169.3 clips/s)
  ep1 step720 loss=1.0342 (169.4 clips/s)
  ep1 step740 loss=1.0343 (169.4 clips/s)
  ep1 step760 loss=1.0302 (169.5 clips/s)
  ep1 step780 loss=1.0308 (169.5 clips/s)
  ep1 step800 loss=1.0296 (169.6 clips/s)
  ep1 step820 loss=1.0297 (169.6 clips/s)
  ep1 step840 loss=1.0261 (169.7 clips/s)
  ep1 step860 loss=1.0234 (169.7 clips/s)
  ep1 step880 loss=1.0206 (169.7 clips/s)
  ep1 step900 loss=1.0184 (169.8 clips/s)
  ep1 step920 loss=1.0165 (169.8 clips/s)
  ep1 step940 loss=1.0155 (169.8 clips/s)
  ep1 step960 loss=1.0131 (169.8 clips/s)
  ep1 step980 loss=1.0110 (169.9 clips/s)
  ep1 step1000 loss=1.0094 (169.9 clips/s)
  ep1 step1020 loss=1.0074 (169.9 clips/s)
  ep1 step1040 loss=1.0052 (169.9 clips/s)
  ep1 step1060 loss=1.0025 (169.9 clips/s)
  ep1 step1080 loss=1.0030 (170.0 clips/s)
  ep1 step1100 loss=1.0028 (170.0 clips/s)
  ep1 step1120 loss=1.0013 (170.0 clips/s)
  ep1 step1140 loss=0.9992 (170.0 clips/s)
  ep1 step1160 loss=0.9963 (170.0 clips/s)
  ep1 step1180 loss=0.9963 (170.0 clips/s)
  ep1 step1200 loss=0.9929 (170.0 clips/s)
  ep1 step1220 loss=0.9934 (170.1 clips/s)
  ep1 step1240 loss=0.9922 (170.1 clips/s)
  ep1 step1260 loss=0.9909 (170.1 clips/s)
  ep1 step1280 loss=0.9897 (170.1 clips/s)
  ep1 step1300 loss=0.9889 (170.1 clips/s)
  ep1 step1320 loss=0.9871 (170.1 clips/s)
  ep1 step1340 loss=0.9844 (170.1 clips/s)
  ep1 step1360 loss=0.9830 (170.1 clips/s)
  ep1 step1380 loss=0.9802 (170.1 clips/s)
  ep1 step1400 loss=0.9802 (170.1 clips/s)
  ep1 step1420 loss=0.9789 (170.1 clips/s)
  ep1 step1440 loss=0.9790 (170.1 clips/s)
  ep1 step1460 loss=0.9774 (170.1 clips/s)
  ep1 step1480 loss=0.9778 (170.2 clips/s)
  ep1 step1500 loss=0.9764 (170.1 clips/s)
  ep1 step1520 loss=0.9762 (170.2 clips/s)
  ep1 step1540 loss=0.9757 (170.2 clips/s)
  ep1 step1560 loss=0.9754 (170.2 clips/s)
  ep1 step1580 loss=0.9742 (170.2 clips/s)
  ep1 step1600 loss=0.9725 (170.2 clips/s)
  ep1 step1620 loss=0.9709 (170.2 clips/s)
  ep1 step1640 loss=0.9692 (170.2 clips/s)
  ep1 step1660 loss=0.9688 (170.2 clips/s)
  ep1 step1680 loss=0.9689 (170.2 clips/s)
  ep1 step1700 loss=0.9683 (170.2 clips/s)
  ep1 step1720 loss=0.9671 (170.2 clips/s)
  ep1 step1740 loss=0.9653 (170.2 clips/s)
  ep1 step1760 loss=0.9654 (170.2 clips/s)
  ep1 step1780 loss=0.9635 (170.2 clips/s)
  ep1 step1800 loss=0.9623 (170.2 clips/s)
  ep1 step1820 loss=0.9604 (170.2 clips/s)
  ep1 step1840 loss=0.9605 (170.2 clips/s)
  ep1 step1860 loss=0.9597 (170.3 clips/s)
  ep1 step1880 loss=0.9583 (170.3 clips/s)
  ep1 step1900 loss=0.9578 (170.3 clips/s)
  ep1 step1920 loss=0.9571 (170.3 clips/s)
  ep1 step1940 loss=0.9557 (170.3 clips/s)
  ep1 step1960 loss=0.9548 (170.3 clips/s)
  ep1 step1980 loss=0.9538 (170.3 clips/s)
  ep1 step2000 loss=0.9526 (170.3 clips/s)
  ep1 step2020 loss=0.9516 (170.3 clips/s)
  ep1 step2040 loss=0.9509 (170.3 clips/s)
  ep1 step2060 loss=0.9492 (170.3 clips/s)
  ep1 step2080 loss=0.9478 (170.3 clips/s)
  ep1 step2100 loss=0.9473 (170.3 clips/s)
  ep1 step2120 loss=0.9459 (170.3 clips/s)
  ep1 step2140 loss=0.9453 (170.2 clips/s)
  ep1 step2160 loss=0.9441 (170.2 clips/s)
  ep1 step2180 loss=0.9424 (170.2 clips/s)
  ep1 step2200 loss=0.9416 (170.2 clips/s)
  ep1 step2220 loss=0.9400 (170.2 clips/s)
  ep1 step2240 loss=0.9393 (170.2 clips/s)
  ep1 step2260 loss=0.9377 (170.2 clips/s)
  ep1 step2280 loss=0.9367 (170.1 clips/s)
  ep1 step2300 loss=0.9360 (169.5 clips/s)
  ep1 step2320 loss=0.9351 (169.2 clips/s)
  ep1 step2340 loss=0.9350 (169.2 clips/s)
  ep1 step2360 loss=0.9344 (169.3 clips/s)
  ep1 step2380 loss=0.9336 (169.3 clips/s)
  ep1 step2400 loss=0.9325 (169.3 clips/s)
  ep1 step2420 loss=0.9326 (169.3 clips/s)
  ep1 step2440 loss=0.9307 (169.3 clips/s)
  ep1 step2460 loss=0.9301 (169.3 clips/s)
  ep1 step2480 loss=0.9298 (169.3 clips/s)
  ep1 step2500 loss=0.9290 (169.3 clips/s)
  ep1 step2520 loss=0.9289 (169.4 clips/s)
  ep1 step2540 loss=0.9281 (169.4 clips/s)
  ep1 step2560 loss=0.9268 (169.4 clips/s)
  ep1 step2580 loss=0.9266 (169.4 clips/s)
  ep1 step2600 loss=0.9259 (169.4 clips/s)
  ep1 step2620 loss=0.9247 (169.4 clips/s)
  ep1 step2640 loss=0.9238 (169.4 clips/s)
  ep1 step2660 loss=0.9230 (169.4 clips/s)
  ep1 step2680 loss=0.9226 (169.4 clips/s)
  ep1 step2700 loss=0.9216 (169.5 clips/s)
[epoch 1] loss=0.9216 val_avg_f1=0.5361 val_acc=0.7669 (8.9 min)
  ep2 step2720 loss=0.7525 (131.5 clips/s)
  ep2 step2740 loss=0.7699 (148.7 clips/s)
  ep2 step2760 loss=0.7663 (155.5 clips/s)
  ep2 step2780 loss=0.7626 (159.1 clips/s)
  ep2 step2800 loss=0.7867 (161.3 clips/s)
  ep2 step2820 loss=0.7936 (162.9 clips/s)
  ep2 step2840 loss=0.7927 (164.0 clips/s)
  ep2 step2860 loss=0.7932 (164.9 clips/s)
  ep2 step2880 loss=0.7960 (165.5 clips/s)
  ep2 step2900 loss=0.7871 (166.1 clips/s)
  ep2 step2920 loss=0.7844 (166.5 clips/s)
  ep2 step2940 loss=0.7993 (166.8 clips/s)
  ep2 step2960 loss=0.7958 (167.1 clips/s)
  ep2 step2980 loss=0.7914 (167.4 clips/s)
  ep2 step3000 loss=0.7906 (167.6 clips/s)
  ep2 step3020 loss=0.7892 (167.8 clips/s)
  ep2 step3040 loss=0.7863 (168.0 clips/s)
  ep2 step3060 loss=0.7847 (168.1 clips/s)
  ep2 step3080 loss=0.7777 (168.3 clips/s)
  ep2 step3100 loss=0.7808 (168.4 clips/s)
  ep2 step3120 loss=0.7813 (168.5 clips/s)
  ep2 step3140 loss=0.7820 (168.6 clips/s)
  ep2 step3160 loss=0.7825 (168.7 clips/s)
  ep2 step3180 loss=0.7831 (168.8 clips/s)
  ep2 step3200 loss=0.7847 (168.9 clips/s)
  ep2 step3220 loss=0.7846 (168.9 clips/s)
  ep2 step3240 loss=0.7828 (169.0 clips/s)
  ep2 step3260 loss=0.7880 (169.1 clips/s)
  ep2 step3280 loss=0.7877 (169.1 clips/s)
  ep2 step3300 loss=0.7856 (169.2 clips/s)
  ep2 step3320 loss=0.7854 (169.2 clips/s)
  ep2 step3340 loss=0.7852 (169.3 clips/s)
  ep2 step3360 loss=0.7843 (169.3 clips/s)
  ep2 step3380 loss=0.7856 (169.3 clips/s)
  ep2 step3400 loss=0.7856 (169.4 clips/s)
  ep2 step3420 loss=0.7864 (169.4 clips/s)
  ep2 step3440 loss=0.7852 (169.4 clips/s)
  ep2 step3460 loss=0.7841 (169.5 clips/s)
  ep2 step3480 loss=0.7857 (169.5 clips/s)
  ep2 step3500 loss=0.7864 (169.5 clips/s)
  ep2 step3520 loss=0.7866 (169.5 clips/s)
  ep2 step3540 loss=0.7836 (169.6 clips/s)
  ep2 step3560 loss=0.7836 (169.6 clips/s)
  ep2 step3580 loss=0.7819 (169.6 clips/s)
  ep2 step3600 loss=0.7835 (169.6 clips/s)
  ep2 step3620 loss=0.7833 (169.6 clips/s)
  ep2 step3640 loss=0.7824 (169.7 clips/s)
  ep2 step3660 loss=0.7803 (169.7 clips/s)
  ep2 step3680 loss=0.7802 (169.7 clips/s)
  ep2 step3700 loss=0.7793 (169.7 clips/s)
  ep2 step3720 loss=0.7774 (169.7 clips/s)
  ep2 step3740 loss=0.7791 (169.7 clips/s)
  ep2 step3760 loss=0.7781 (169.7 clips/s)
  ep2 step3780 loss=0.7768 (169.7 clips/s)
  ep2 step3800 loss=0.7766 (169.7 clips/s)
  ep2 step3820 loss=0.7756 (169.7 clips/s)
  ep2 step3840 loss=0.7753 (169.7 clips/s)
  ep2 step3860 loss=0.7743 (169.8 clips/s)
  ep2 step3880 loss=0.7743 (169.8 clips/s)
  ep2 step3900 loss=0.7741 (169.8 clips/s)
  ep2 step3920 loss=0.7747 (169.8 clips/s)
  ep2 step3940 loss=0.7754 (169.8 clips/s)
  ep2 step3960 loss=0.7746 (169.8 clips/s)
  ep2 step3980 loss=0.7725 (169.8 clips/s)
  ep2 step4000 loss=0.7737 (169.8 clips/s)
  ep2 step4020 loss=0.7730 (169.8 clips/s)
  ep2 step4040 loss=0.7725 (169.8 clips/s)
  ep2 step4060 loss=0.7724 (169.8 clips/s)
  ep2 step4080 loss=0.7714 (169.8 clips/s)
  ep2 step4100 loss=0.7712 (169.8 clips/s)
  ep2 step4120 loss=0.7705 (169.8 clips/s)
  ep2 step4140 loss=0.7718 (169.8 clips/s)
  ep2 step4160 loss=0.7726 (169.8 clips/s)
  ep2 step4180 loss=0.7723 (169.9 clips/s)
  ep2 step4200 loss=0.7702 (169.9 clips/s)
  ep2 step4220 loss=0.7698 (169.9 clips/s)
  ep2 step4240 loss=0.7682 (169.9 clips/s)
  ep2 step4260 loss=0.7680 (169.9 clips/s)
  ep2 step4280 loss=0.7687 (169.9 clips/s)
  ep2 step4300 loss=0.7683 (169.9 clips/s)
  ep2 step4320 loss=0.7682 (169.9 clips/s)
  ep2 step4340 loss=0.7683 (169.9 clips/s)
  ep2 step4360 loss=0.7663 (169.9 clips/s)
  ep2 step4380 loss=0.7667 (169.9 clips/s)
  ep2 step4400 loss=0.7670 (169.9 clips/s)
  ep2 step4420 loss=0.7662 (169.9 clips/s)
  ep2 step4440 loss=0.7658 (169.9 clips/s)
  ep2 step4460 loss=0.7661 (169.9 clips/s)
  ep2 step4480 loss=0.7652 (169.9 clips/s)
  ep2 step4500 loss=0.7644 (169.9 clips/s)
  ep2 step4520 loss=0.7639 (169.9 clips/s)
  ep2 step4540 loss=0.7635 (169.9 clips/s)
  ep2 step4560 loss=0.7622 (169.9 clips/s)
  ep2 step4580 loss=0.7623 (170.0 clips/s)
  ep2 step4600 loss=0.7625 (170.0 clips/s)
  ep2 step4620 loss=0.7623 (170.0 clips/s)
  ep2 step4640 loss=0.7613 (170.0 clips/s)
  ep2 step4660 loss=0.7607 (170.0 clips/s)
  ep2 step4680 loss=0.7593 (170.0 clips/s)
  ep2 step4700 loss=0.7587 (170.0 clips/s)
  ep2 step4720 loss=0.7579 (170.0 clips/s)
  ep2 step4740 loss=0.7570 (170.0 clips/s)
  ep2 step4760 loss=0.7567 (170.0 clips/s)
  ep2 step4780 loss=0.7555 (170.0 clips/s)
  ep2 step4800 loss=0.7557 (170.0 clips/s)
  ep2 step4820 loss=0.7552 (170.0 clips/s)
  ep2 step4840 loss=0.7554 (170.0 clips/s)
  ep2 step4860 loss=0.7550 (170.0 clips/s)
  ep2 step4880 loss=0.7540 (170.0 clips/s)
  ep2 step4900 loss=0.7524 (170.0 clips/s)
  ep2 step4920 loss=0.7520 (170.0 clips/s)
  ep2 step4940 loss=0.7507 (170.0 clips/s)
  ep2 step4960 loss=0.7504 (170.0 clips/s)
  ep2 step4980 loss=0.7508 (170.0 clips/s)
  ep2 step5000 loss=0.7500 (170.0 clips/s)
  ep2 step5020 loss=0.7498 (170.0 clips/s)
  ep2 step5040 loss=0.7496 (170.0 clips/s)
  ep2 step5060 loss=0.7490 (170.0 clips/s)
  ep2 step5080 loss=0.7484 (170.0 clips/s)
  ep2 step5100 loss=0.7486 (170.0 clips/s)
  ep2 step5120 loss=0.7477 (170.0 clips/s)
  ep2 step5140 loss=0.7476 (170.0 clips/s)
  ep2 step5160 loss=0.7471 (170.1 clips/s)
  ep2 step5180 loss=0.7469 (170.1 clips/s)
  ep2 step5200 loss=0.7466 (170.1 clips/s)
  ep2 step5220 loss=0.7458 (170.1 clips/s)
  ep2 step5240 loss=0.7463 (170.1 clips/s)
  ep2 step5260 loss=0.7463 (170.1 clips/s)
  ep2 step5280 loss=0.7457 (170.1 clips/s)
  ep2 step5300 loss=0.7455 (170.1 clips/s)
  ep2 step5320 loss=0.7452 (170.1 clips/s)
  ep2 step5340 loss=0.7449 (170.1 clips/s)
  ep2 step5360 loss=0.7446 (170.1 clips/s)
  ep2 step5380 loss=0.7444 (170.1 clips/s)
  ep2 step5400 loss=0.7440 (170.1 clips/s)
[epoch 2] loss=0.7440 val_avg_f1=0.5620 val_acc=0.7475 (8.9 min)
  ep3 step5420 loss=0.7641 (135.0 clips/s)
  ep3 step5440 loss=0.7228 (150.8 clips/s)
  ep3 step5460 loss=0.7041 (156.9 clips/s)
  ep3 step5480 loss=0.6880 (160.2 clips/s)
  ep3 step5500 loss=0.6856 (162.1 clips/s)
  ep3 step5520 loss=0.6846 (163.3 clips/s)
  ep3 step5540 loss=0.6770 (164.3 clips/s)
  ep3 step5560 loss=0.6824 (165.0 clips/s)
  ep3 step5580 loss=0.6791 (165.6 clips/s)
  ep3 step5600 loss=0.6790 (166.1 clips/s)
  ep3 step5620 loss=0.6715 (166.5 clips/s)
  ep3 step5640 loss=0.6681 (166.9 clips/s)
  ep3 step5660 loss=0.6645 (167.1 clips/s)
  ep3 step5680 loss=0.6667 (167.4 clips/s)
  ep3 step5700 loss=0.6700 (167.5 clips/s)
  ep3 step5720 loss=0.6730 (167.7 clips/s)
  ep3 step5740 loss=0.6747 (167.9 clips/s)
  ep3 step5760 loss=0.6745 (168.0 clips/s)
  ep3 step5780 loss=0.6681 (168.1 clips/s)
  ep3 step5800 loss=0.6639 (168.3 clips/s)
  ep3 step5820 loss=0.6683 (168.4 clips/s)
  ep3 step5840 loss=0.6677 (168.5 clips/s)
  ep3 step5860 loss=0.6690 (168.6 clips/s)
  ep3 step5880 loss=0.6706 (168.6 clips/s)
  ep3 step5900 loss=0.6717 (168.7 clips/s)
  ep3 step5920 loss=0.6719 (168.8 clips/s)
  ep3 step5940 loss=0.6718 (168.8 clips/s)
  ep3 step5960 loss=0.6717 (168.9 clips/s)
  ep3 step5980 loss=0.6726 (168.9 clips/s)
  ep3 step6000 loss=0.6725 (169.0 clips/s)
  ep3 step6020 loss=0.6727 (169.0 clips/s)
  ep3 step6040 loss=0.6727 (169.1 clips/s)
  ep3 step6060 loss=0.6721 (169.1 clips/s)
  ep3 step6080 loss=0.6709 (169.2 clips/s)
  ep3 step6100 loss=0.6713 (169.2 clips/s)
  ep3 step6120 loss=0.6731 (169.2 clips/s)
  ep3 step6140 loss=0.6741 (169.2 clips/s)
  ep3 step6160 loss=0.6750 (169.3 clips/s)
  ep3 step6180 loss=0.6745 (169.3 clips/s)
  ep3 step6200 loss=0.6778 (169.3 clips/s)
  ep3 step6220 loss=0.6757 (169.4 clips/s)
  ep3 step6240 loss=0.6768 (169.4 clips/s)
  ep3 step6260 loss=0.6746 (169.4 clips/s)
  ep3 step6280 loss=0.6769 (169.4 clips/s)
  ep3 step6300 loss=0.6758 (169.4 clips/s)
  ep3 step6320 loss=0.6753 (169.4 clips/s)
  ep3 step6340 loss=0.6748 (169.5 clips/s)
  ep3 step6360 loss=0.6737 (169.5 clips/s)
  ep3 step6380 loss=0.6733 (169.5 clips/s)
  ep3 step6400 loss=0.6735 (169.5 clips/s)
  ep3 step6420 loss=0.6731 (169.5 clips/s)
  ep3 step6440 loss=0.6724 (169.5 clips/s)
  ep3 step6460 loss=0.6719 (169.5 clips/s)
  ep3 step6480 loss=0.6704 (169.5 clips/s)
  ep3 step6500 loss=0.6697 (169.6 clips/s)
  ep3 step6520 loss=0.6709 (169.6 clips/s)
  ep3 step6540 loss=0.6699 (169.6 clips/s)
  ep3 step6560 loss=0.6713 (169.6 clips/s)
  ep3 step6580 loss=0.6697 (169.6 clips/s)
  ep3 step6600 loss=0.6687 (169.6 clips/s)
  ep3 step6620 loss=0.6683 (169.6 clips/s)
  ep3 step6640 loss=0.6681 (169.6 clips/s)
  ep3 step6660 loss=0.6674 (169.6 clips/s)
  ep3 step6680 loss=0.6669 (169.6 clips/s)
  ep3 step6700 loss=0.6652 (169.7 clips/s)
  ep3 step6720 loss=0.6652 (169.7 clips/s)
  ep3 step6740 loss=0.6650 (169.7 clips/s)
  ep3 step6760 loss=0.6638 (169.7 clips/s)
  ep3 step6780 loss=0.6631 (169.7 clips/s)
  ep3 step6800 loss=0.6622 (169.7 clips/s)
  ep3 step6820 loss=0.6620 (169.7 clips/s)
  ep3 step6840 loss=0.6614 (169.7 clips/s)
  ep3 step6860 loss=0.6607 (169.7 clips/s)
  ep3 step6880 loss=0.6608 (169.7 clips/s)
  ep3 step6900 loss=0.6603 (169.7 clips/s)
  ep3 step6920 loss=0.6605 (169.7 clips/s)
  ep3 step6940 loss=0.6603 (169.7 clips/s)
  ep3 step6960 loss=0.6609 (169.8 clips/s)
  ep3 step6980 loss=0.6608 (169.8 clips/s)
  ep3 step7000 loss=0.6604 (169.8 clips/s)
  ep3 step7020 loss=0.6596 (169.8 clips/s)
  ep3 step7040 loss=0.6602 (169.8 clips/s)
  ep3 step7060 loss=0.6598 (169.8 clips/s)
  ep3 step7080 loss=0.6594 (169.8 clips/s)
  ep3 step7100 loss=0.6592 (169.8 clips/s)
  ep3 step7120 loss=0.6585 (169.8 clips/s)
  ep3 step7140 loss=0.6585 (169.8 clips/s)
  ep3 step7160 loss=0.6579 (169.8 clips/s)
  ep3 step7180 loss=0.6583 (169.8 clips/s)
  ep3 step7200 loss=0.6583 (169.8 clips/s)
  ep3 step7220 loss=0.6579 (169.8 clips/s)
  ep3 step7240 loss=0.6572 (169.8 clips/s)
  ep3 step7260 loss=0.6566 (169.8 clips/s)
  ep3 step7280 loss=0.6563 (169.8 clips/s)
  ep3 step7300 loss=0.6556 (169.8 clips/s)
  ep3 step7320 loss=0.6557 (169.9 clips/s)
  ep3 step7340 loss=0.6557 (169.9 clips/s)
  ep3 step7360 loss=0.6549 (169.9 clips/s)
  ep3 step7380 loss=0.6544 (169.9 clips/s)
  ep3 step7400 loss=0.6538 (169.9 clips/s)
  ep3 step7420 loss=0.6536 (169.9 clips/s)
  ep3 step7440 loss=0.6525 (169.9 clips/s)
  ep3 step7460 loss=0.6525 (169.9 clips/s)
  ep3 step7480 loss=0.6519 (169.9 clips/s)
  ep3 step7500 loss=0.6510 (169.9 clips/s)
  ep3 step7520 loss=0.6496 (169.9 clips/s)
  ep3 step7540 loss=0.6502 (169.9 clips/s)
  ep3 step7560 loss=0.6501 (169.9 clips/s)
  ep3 step7580 loss=0.6495 (169.9 clips/s)
  ep3 step7600 loss=0.6503 (169.9 clips/s)
  ep3 step7620 loss=0.6496 (169.9 clips/s)
  ep3 step7640 loss=0.6496 (169.9 clips/s)
  ep3 step7660 loss=0.6490 (169.9 clips/s)
  ep3 step7680 loss=0.6484 (169.9 clips/s)
  ep3 step7700 loss=0.6491 (169.9 clips/s)
  ep3 step7720 loss=0.6489 (169.9 clips/s)
  ep3 step7740 loss=0.6485 (169.9 clips/s)
  ep3 step7760 loss=0.6483 (169.9 clips/s)
  ep3 step7780 loss=0.6487 (169.9 clips/s)
  ep3 step7800 loss=0.6483 (170.0 clips/s)
  ep3 step7820 loss=0.6481 (170.0 clips/s)
  ep3 step7840 loss=0.6482 (170.0 clips/s)
  ep3 step7860 loss=0.6485 (170.0 clips/s)
  ep3 step7880 loss=0.6479 (170.0 clips/s)
  ep3 step7900 loss=0.6483 (170.0 clips/s)
  ep3 step7920 loss=0.6487 (170.0 clips/s)
  ep3 step7940 loss=0.6492 (170.0 clips/s)
  ep3 step7960 loss=0.6491 (170.0 clips/s)
  ep3 step7980 loss=0.6488 (170.0 clips/s)
  ep3 step8000 loss=0.6482 (170.0 clips/s)
  ep3 step8020 loss=0.6485 (170.0 clips/s)
  ep3 step8040 loss=0.6478 (170.0 clips/s)
  ep3 step8060 loss=0.6474 (170.0 clips/s)
  ep3 step8080 loss=0.6475 (170.0 clips/s)
  ep3 step8100 loss=0.6470 (170.0 clips/s)
[epoch 3] loss=0.6470 val_avg_f1=0.6085 val_acc=0.7862 (8.9 min)
  ep4 step8120 loss=0.6109 (127.4 clips/s)
  ep4 step8140 loss=0.5792 (146.0 clips/s)
  ep4 step8160 loss=0.5871 (153.4 clips/s)
  ep4 step8180 loss=0.5749 (157.4 clips/s)
  ep4 step8200 loss=0.5587 (159.9 clips/s)
  ep4 step8220 loss=0.5783 (161.6 clips/s)
  ep4 step8240 loss=0.5925 (162.8 clips/s)
  ep4 step8260 loss=0.5919 (163.7 clips/s)
  ep4 step8280 loss=0.5926 (164.5 clips/s)
  ep4 step8300 loss=0.5917 (165.0 clips/s)
  ep4 step8320 loss=0.5921 (165.5 clips/s)
  ep4 step8340 loss=0.5936 (165.9 clips/s)
  ep4 step8360 loss=0.5946 (166.3 clips/s)
  ep4 step8380 loss=0.5892 (166.6 clips/s)
  ep4 step8400 loss=0.5820 (166.8 clips/s)
  ep4 step8420 loss=0.5795 (167.1 clips/s)
  ep4 step8440 loss=0.5790 (167.3 clips/s)
  ep4 step8460 loss=0.5796 (167.5 clips/s)
  ep4 step8480 loss=0.5827 (167.6 clips/s)
  ep4 step8500 loss=0.5800 (167.7 clips/s)
  ep4 step8520 loss=0.5841 (167.9 clips/s)
  ep4 step8540 loss=0.5849 (168.0 clips/s)
  ep4 step8560 loss=0.5847 (168.1 clips/s)
  ep4 step8580 loss=0.5834 (168.2 clips/s)
  ep4 step8600 loss=0.5836 (168.3 clips/s)
  ep4 step8620 loss=0.5812 (168.4 clips/s)
  ep4 step8640 loss=0.5801 (168.5 clips/s)
  ep4 step8660 loss=0.5778 (168.5 clips/s)
  ep4 step8680 loss=0.5749 (168.6 clips/s)
  ep4 step8700 loss=0.5718 (168.6 clips/s)
  ep4 step8720 loss=0.5728 (168.7 clips/s)
  ep4 step8740 loss=0.5733 (168.7 clips/s)
  ep4 step8760 loss=0.5716 (168.8 clips/s)
  ep4 step8780 loss=0.5689 (168.8 clips/s)
  ep4 step8800 loss=0.5713 (168.9 clips/s)
  ep4 step8820 loss=0.5709 (168.9 clips/s)
  ep4 step8840 loss=0.5712 (169.0 clips/s)
  ep4 step8860 loss=0.5712 (169.0 clips/s)
  ep4 step8880 loss=0.5723 (169.0 clips/s)
  ep4 step8900 loss=0.5731 (169.1 clips/s)
  ep4 step8920 loss=0.5723 (169.1 clips/s)
  ep4 step8940 loss=0.5741 (169.1 clips/s)
  ep4 step8960 loss=0.5741 (169.2 clips/s)
  ep4 step8980 loss=0.5738 (169.2 clips/s)
  ep4 step9000 loss=0.5727 (169.2 clips/s)
  ep4 step9020 loss=0.5725 (169.3 clips/s)
  ep4 step9040 loss=0.5722 (169.3 clips/s)
  ep4 step9060 loss=0.5726 (169.3 clips/s)
  ep4 step9080 loss=0.5740 (169.3 clips/s)
  ep4 step9100 loss=0.5740 (169.4 clips/s)
  ep4 step9120 loss=0.5747 (169.4 clips/s)
  ep4 step9140 loss=0.5745 (169.4 clips/s)
  ep4 step9160 loss=0.5748 (169.4 clips/s)
  ep4 step9180 loss=0.5746 (169.4 clips/s)
  ep4 step9200 loss=0.5755 (169.4 clips/s)
  ep4 step9220 loss=0.5754 (169.5 clips/s)
  ep4 step9240 loss=0.5758 (169.5 clips/s)
  ep4 step9260 loss=0.5750 (169.5 clips/s)
  ep4 step9280 loss=0.5737 (169.5 clips/s)
  ep4 step9300 loss=0.5733 (169.5 clips/s)
  ep4 step9320 loss=0.5725 (169.5 clips/s)
  ep4 step9340 loss=0.5708 (169.5 clips/s)
  ep4 step9360 loss=0.5716 (169.6 clips/s)
  ep4 step9380 loss=0.5713 (169.6 clips/s)
  ep4 step9400 loss=0.5724 (169.6 clips/s)
  ep4 step9420 loss=0.5725 (169.6 clips/s)
  ep4 step9440 loss=0.5732 (169.6 clips/s)
  ep4 step9460 loss=0.5740 (169.6 clips/s)
  ep4 step9480 loss=0.5743 (169.6 clips/s)
