/root/miniconda3/lib/python3.10/site-packages/torchvision/io/image.py:13: UserWarning: Failed to load image Python extension: '/root/miniconda3/lib/python3.10/site-packages/torchvision/image.so: undefined symbol: _ZN3c1017RegisterOperatorsD1Ev'If you don't plan on using image functionality from `torchvision.io`, you can ignore this warning. Otherwise, there might be something wrong with your environment. Did you have `libjpeg` or `libpng` installed before building `torchvision` from source?
  warn(
/root/autodl-tmp/experiments/train_p10_tsm.py:232: FutureWarning: You are using `torch.load` with `weights_only=False` (the current default value), which uses the default pickle module implicitly. It is possible to construct malicious pickle data which will execute arbitrary code during unpickling (See https://github.com/pytorch/pytorch/blob/main/SECURITY.md#untrusted-models for more details). In a future release, the default value for `weights_only` will be flipped to `True`. This limits the functions that could be executed during unpickling. Arbitrary objects will no longer be allowed to be loaded via this mode unless they are explicitly allowlisted by the user via `torch.serialization.add_safe_globals`. We recommend you start setting `weights_only=True` for any use case where you don't have full control of the loaded file. Please open an issue on GitHub for any issues related to this experimental feature.
  ckpt = torch.load(args.tune_from, map_location="cpu")
[data] train clips=96000 (missing video dirs=0), val clips=12000 (missing=0)
[data] window label counts=[8278, 7164, 80558] -> class weights=[1.328, 1.535, 0.137]
=> base model: resnet50
Adding temporal shift...
=> n_segment per stage: [8, 8, 8, 8]
=> Processing stage with 3 blocks residual
=> Using fold div: 8
=> Using fold div: 8
=> Using fold div: 8
=> Processing stage with 4 blocks residual
=> Using fold div: 8
=> Using fold div: 8
=> Using fold div: 8
=> Using fold div: 8
=> Processing stage with 6 blocks residual
=> Using fold div: 8
=> Using fold div: 8
=> Using fold div: 8
=> Using fold div: 8
=> Using fold div: 8
=> Using fold div: 8
=> Processing stage with 3 blocks residual
=> Using fold div: 8
=> Using fold div: 8
=> Using fold div: 8
[tsm] loaded 318/320 tensors from data/tsm_k400_r50_8f.pth
=> converted 16 TemporalShift modules to FastTemporalShift
[model] TSN-TSM resnet50 params=23.51M, num_frames=8
  ep1 step20 loss=1.0313 (56.1 clips/s)
  ep1 step40 loss=1.0553 (66.3 clips/s)
  ep1 step60 loss=0.9979 (70.6 clips/s)
  ep1 step80 loss=0.9370 (72.9 clips/s)
  ep1 step100 loss=0.9038 (74.4 clips/s)
  ep1 step120 loss=0.8679 (75.4 clips/s)
  ep1 step140 loss=0.8452 (76.1 clips/s)
  ep1 step160 loss=0.8380 (76.6 clips/s)
  ep1 step180 loss=0.8346 (77.0 clips/s)
  ep1 step200 loss=0.8354 (77.4 clips/s)
  ep1 step220 loss=0.8207 (77.6 clips/s)
  ep1 step240 loss=0.8152 (77.9 clips/s)
  ep1 step260 loss=0.8082 (78.1 clips/s)
  ep1 step280 loss=0.7932 (78.2 clips/s)
  ep1 step300 loss=0.7870 (78.4 clips/s)
  ep1 step320 loss=0.7808 (78.5 clips/s)
  ep1 step340 loss=0.7687 (78.6 clips/s)
  ep1 step360 loss=0.7647 (78.7 clips/s)
  ep1 step380 loss=0.7573 (78.8 clips/s)
  ep1 step400 loss=0.7534 (78.8 clips/s)
  ep1 step420 loss=0.7456 (78.9 clips/s)
  ep1 step440 loss=0.7394 (79.0 clips/s)
  ep1 step460 loss=0.7376 (79.0 clips/s)
  ep1 step480 loss=0.7354 (79.1 clips/s)
  ep1 step500 loss=0.7335 (79.1 clips/s)
  ep1 step520 loss=0.7304 (79.2 clips/s)
  ep1 step540 loss=0.7271 (79.2 clips/s)
  ep1 step560 loss=0.7243 (79.2 clips/s)
  ep1 step580 loss=0.7172 (79.3 clips/s)
  ep1 step600 loss=0.7153 (79.3 clips/s)
  ep1 step620 loss=0.7127 (79.3 clips/s)
  ep1 step640 loss=0.7080 (79.4 clips/s)
  ep1 step660 loss=0.7063 (79.4 clips/s)
  ep1 step680 loss=0.7030 (79.4 clips/s)
  ep1 step700 loss=0.7007 (79.4 clips/s)
  ep1 step720 loss=0.6960 (79.5 clips/s)
  ep1 step740 loss=0.6938 (79.5 clips/s)
  ep1 step760 loss=0.6929 (79.5 clips/s)
  ep1 step780 loss=0.6901 (79.5 clips/s)
  ep1 step800 loss=0.6873 (79.5 clips/s)
  ep1 step820 loss=0.6843 (79.5 clips/s)
  ep1 step840 loss=0.6824 (79.6 clips/s)
  ep1 step860 loss=0.6811 (79.6 clips/s)
  ep1 step880 loss=0.6797 (79.6 clips/s)
  ep1 step900 loss=0.6760 (79.6 clips/s)
  ep1 step920 loss=0.6729 (79.6 clips/s)
  ep1 step940 loss=0.6704 (79.6 clips/s)
  ep1 step960 loss=0.6667 (79.6 clips/s)
  ep1 step980 loss=0.6644 (79.7 clips/s)
  ep1 step1000 loss=0.6596 (79.7 clips/s)
  ep1 step1020 loss=0.6568 (79.7 clips/s)
  ep1 step1040 loss=0.6541 (79.7 clips/s)
  ep1 step1060 loss=0.6509 (79.7 clips/s)
  ep1 step1080 loss=0.6487 (79.7 clips/s)
  ep1 step1100 loss=0.6473 (79.7 clips/s)
  ep1 step1120 loss=0.6482 (79.7 clips/s)
  ep1 step1140 loss=0.6459 (79.7 clips/s)
  ep1 step1160 loss=0.6424 (79.7 clips/s)
  ep1 step1180 loss=0.6410 (79.7 clips/s)
  ep1 step1200 loss=0.6374 (79.8 clips/s)
  ep1 step1220 loss=0.6368 (79.8 clips/s)
  ep1 step1240 loss=0.6342 (79.8 clips/s)
  ep1 step1260 loss=0.6329 (79.8 clips/s)
  ep1 step1280 loss=0.6333 (79.8 clips/s)
  ep1 step1300 loss=0.6309 (79.8 clips/s)
  ep1 step1320 loss=0.6287 (79.8 clips/s)
  ep1 step1340 loss=0.6275 (79.8 clips/s)
  ep1 step1360 loss=0.6260 (79.8 clips/s)
  ep1 step1380 loss=0.6242 (79.8 clips/s)
  ep1 step1400 loss=0.6236 (79.8 clips/s)
  ep1 step1420 loss=0.6200 (79.8 clips/s)
  ep1 step1440 loss=0.6187 (79.8 clips/s)
  ep1 step1460 loss=0.6169 (79.8 clips/s)
  ep1 step1480 loss=0.6149 (79.8 clips/s)
  ep1 step1500 loss=0.6140 (79.8 clips/s)
  ep1 step1520 loss=0.6124 (79.8 clips/s)
  ep1 step1540 loss=0.6122 (79.9 clips/s)
  ep1 step1560 loss=0.6114 (79.9 clips/s)
  ep1 step1580 loss=0.6105 (79.9 clips/s)
  ep1 step1600 loss=0.6086 (79.9 clips/s)
  ep1 step1620 loss=0.6084 (79.9 clips/s)
  ep1 step1640 loss=0.6079 (79.9 clips/s)
  ep1 step1660 loss=0.6068 (79.9 clips/s)
  ep1 step1680 loss=0.6050 (79.9 clips/s)
  ep1 step1700 loss=0.6042 (79.9 clips/s)
  ep1 step1720 loss=0.6024 (79.9 clips/s)
  ep1 step1740 loss=0.6014 (79.9 clips/s)
  ep1 step1760 loss=0.6006 (79.9 clips/s)
  ep1 step1780 loss=0.6005 (79.9 clips/s)
  ep1 step1800 loss=0.6000 (79.9 clips/s)
  ep1 step1820 loss=0.5988 (79.9 clips/s)
  ep1 step1840 loss=0.5974 (79.9 clips/s)
  ep1 step1860 loss=0.5963 (79.9 clips/s)
  ep1 step1880 loss=0.5949 (79.9 clips/s)
  ep1 step1900 loss=0.5936 (79.9 clips/s)
  ep1 step1920 loss=0.5914 (79.9 clips/s)
  ep1 step1940 loss=0.5910 (79.9 clips/s)
  ep1 step1960 loss=0.5891 (79.9 clips/s)
  ep1 step1980 loss=0.5871 (79.9 clips/s)
  ep1 step2000 loss=0.5859 (79.9 clips/s)
  ep1 step2020 loss=0.5849 (79.9 clips/s)
  ep1 step2040 loss=0.5833 (79.9 clips/s)
  ep1 step2060 loss=0.5811 (79.9 clips/s)
  ep1 step2080 loss=0.5808 (79.9 clips/s)
  ep1 step2100 loss=0.5799 (79.9 clips/s)
  ep1 step2120 loss=0.5798 (80.0 clips/s)
  ep1 step2140 loss=0.5791 (80.0 clips/s)
  ep1 step2160 loss=0.5787 (80.0 clips/s)
  ep1 step2180 loss=0.5790 (80.0 clips/s)
  ep1 step2200 loss=0.5778 (80.0 clips/s)
  ep1 step2220 loss=0.5764 (80.0 clips/s)
  ep1 step2240 loss=0.5751 (80.0 clips/s)
  ep1 step2260 loss=0.5742 (80.0 clips/s)
  ep1 step2280 loss=0.5738 (80.0 clips/s)
  ep1 step2300 loss=0.5731 (80.0 clips/s)
  ep1 step2320 loss=0.5717 (80.0 clips/s)
  ep1 step2340 loss=0.5715 (80.0 clips/s)
  ep1 step2360 loss=0.5712 (80.0 clips/s)
  ep1 step2380 loss=0.5704 (80.0 clips/s)
  ep1 step2400 loss=0.5693 (80.0 clips/s)
  ep1 step2420 loss=0.5683 (80.0 clips/s)
  ep1 step2440 loss=0.5672 (80.0 clips/s)
  ep1 step2460 loss=0.5664 (80.0 clips/s)
  ep1 step2480 loss=0.5649 (80.0 clips/s)
  ep1 step2500 loss=0.5636 (80.0 clips/s)
  ep1 step2520 loss=0.5627 (80.0 clips/s)
  ep1 step2540 loss=0.5621 (80.0 clips/s)
  ep1 step2560 loss=0.5611 (80.0 clips/s)
  ep1 step2580 loss=0.5592 (80.0 clips/s)
  ep1 step2600 loss=0.5588 (80.0 clips/s)
  ep1 step2620 loss=0.5580 (80.0 clips/s)
  ep1 step2640 loss=0.5573 (80.0 clips/s)
  ep1 step2660 loss=0.5567 (80.0 clips/s)
  ep1 step2680 loss=0.5562 (80.0 clips/s)
  ep1 step2700 loss=0.5557 (80.0 clips/s)
  ep1 step2720 loss=0.5547 (80.0 clips/s)
  ep1 step2740 loss=0.5542 (80.0 clips/s)
  ep1 step2760 loss=0.5529 (80.0 clips/s)
  ep1 step2780 loss=0.5512 (80.0 clips/s)
  ep1 step2800 loss=0.5507 (80.0 clips/s)
  ep1 step2820 loss=0.5490 (80.0 clips/s)
  ep1 step2840 loss=0.5472 (80.0 clips/s)
  ep1 step2860 loss=0.5469 (80.0 clips/s)
  ep1 step2880 loss=0.5458 (80.0 clips/s)
  ep1 step2900 loss=0.5453 (80.0 clips/s)
  ep1 step2920 loss=0.5448 (80.0 clips/s)
  ep1 step2940 loss=0.5443 (80.0 clips/s)
  ep1 step2960 loss=0.5433 (80.0 clips/s)
  ep1 step2980 loss=0.5433 (80.0 clips/s)
  ep1 step3000 loss=0.5428 (80.0 clips/s)
[epoch 1] loss=0.5428 val_avg_f1=0.6953 val_acc=0.8583 (20.7 min)
  ep2 step3020 loss=0.4237 (71.1 clips/s)
  ep2 step3040 loss=0.4071 (75.4 clips/s)
  ep2 step3060 loss=0.3922 (77.0 clips/s)
  ep2 step3080 loss=0.4048 (77.8 clips/s)
  ep2 step3100 loss=0.4076 (78.3 clips/s)
  ep2 step3120 loss=0.4019 (78.6 clips/s)
  ep2 step3140 loss=0.4116 (78.8 clips/s)
  ep2 step3160 loss=0.4029 (79.0 clips/s)
  ep2 step3180 loss=0.3990 (79.2 clips/s)
  ep2 step3200 loss=0.3970 (79.3 clips/s)
  ep2 step3220 loss=0.3911 (79.4 clips/s)
  ep2 step3240 loss=0.3938 (79.4 clips/s)
  ep2 step3260 loss=0.4015 (79.5 clips/s)
  ep2 step3280 loss=0.3991 (79.6 clips/s)
  ep2 step3300 loss=0.3972 (79.6 clips/s)
  ep2 step3320 loss=0.3963 (79.7 clips/s)
  ep2 step3340 loss=0.3982 (79.7 clips/s)
  ep2 step3360 loss=0.3985 (79.7 clips/s)
  ep2 step3380 loss=0.3985 (79.8 clips/s)
  ep2 step3400 loss=0.3973 (79.8 clips/s)
  ep2 step3420 loss=0.3958 (79.8 clips/s)
  ep2 step3440 loss=0.3922 (79.8 clips/s)
  ep2 step3460 loss=0.3950 (79.8 clips/s)
  ep2 step3480 loss=0.3944 (79.9 clips/s)
  ep2 step3500 loss=0.3945 (79.9 clips/s)
  ep2 step3520 loss=0.3941 (79.9 clips/s)
  ep2 step3540 loss=0.3933 (79.9 clips/s)
  ep2 step3560 loss=0.3943 (79.9 clips/s)
  ep2 step3580 loss=0.3998 (79.9 clips/s)
  ep2 step3600 loss=0.3992 (79.9 clips/s)
  ep2 step3620 loss=0.4007 (80.0 clips/s)
  ep2 step3640 loss=0.3994 (80.0 clips/s)
  ep2 step3660 loss=0.3979 (80.0 clips/s)
  ep2 step3680 loss=0.4008 (80.0 clips/s)
  ep2 step3700 loss=0.3995 (80.0 clips/s)
  ep2 step3720 loss=0.3986 (80.0 clips/s)
  ep2 step3740 loss=0.3994 (80.0 clips/s)
  ep2 step3760 loss=0.3982 (80.0 clips/s)
  ep2 step3780 loss=0.3965 (80.0 clips/s)
  ep2 step3800 loss=0.3974 (80.0 clips/s)
  ep2 step3820 loss=0.3963 (80.0 clips/s)
  ep2 step3840 loss=0.3972 (80.0 clips/s)
  ep2 step3860 loss=0.3979 (80.0 clips/s)
  ep2 step3880 loss=0.3974 (80.0 clips/s)
  ep2 step3900 loss=0.3962 (80.0 clips/s)
  ep2 step3920 loss=0.3967 (80.0 clips/s)
  ep2 step3940 loss=0.3975 (80.0 clips/s)
  ep2 step3960 loss=0.3960 (80.0 clips/s)
  ep2 step3980 loss=0.3963 (80.0 clips/s)
  ep2 step4000 loss=0.3944 (80.1 clips/s)
  ep2 step4020 loss=0.3938 (80.1 clips/s)
  ep2 step4040 loss=0.3926 (80.1 clips/s)
  ep2 step4060 loss=0.3912 (80.1 clips/s)
  ep2 step4080 loss=0.3901 (80.1 clips/s)
  ep2 step4100 loss=0.3900 (80.1 clips/s)
  ep2 step4120 loss=0.3899 (80.1 clips/s)
  ep2 step4140 loss=0.3897 (80.1 clips/s)
  ep2 step4160 loss=0.3894 (80.1 clips/s)
  ep2 step4180 loss=0.3895 (80.1 clips/s)
  ep2 step4200 loss=0.3897 (80.1 clips/s)
  ep2 step4220 loss=0.3917 (80.1 clips/s)
  ep2 step4240 loss=0.3928 (80.1 clips/s)
  ep2 step4260 loss=0.3924 (80.1 clips/s)
  ep2 step4280 loss=0.3931 (80.1 clips/s)
  ep2 step4300 loss=0.3922 (80.1 clips/s)
  ep2 step4320 loss=0.3909 (80.1 clips/s)
  ep2 step4340 loss=0.3903 (80.1 clips/s)
  ep2 step4360 loss=0.3892 (80.1 clips/s)
  ep2 step4380 loss=0.3880 (80.1 clips/s)
  ep2 step4400 loss=0.3866 (80.1 clips/s)
  ep2 step4420 loss=0.3876 (80.1 clips/s)
  ep2 step4440 loss=0.3876 (80.1 clips/s)
  ep2 step4460 loss=0.3871 (80.1 clips/s)
  ep2 step4480 loss=0.3873 (80.1 clips/s)
  ep2 step4500 loss=0.3866 (80.1 clips/s)
  ep2 step4520 loss=0.3866 (80.1 clips/s)
  ep2 step4540 loss=0.3860 (80.1 clips/s)
  ep2 step4560 loss=0.3853 (80.1 clips/s)
  ep2 step4580 loss=0.3847 (80.1 clips/s)
  ep2 step4600 loss=0.3847 (80.1 clips/s)
  ep2 step4620 loss=0.3845 (80.1 clips/s)
  ep2 step4640 loss=0.3835 (80.1 clips/s)
  ep2 step4660 loss=0.3821 (80.1 clips/s)
  ep2 step4680 loss=0.3827 (80.1 clips/s)
  ep2 step4700 loss=0.3831 (80.1 clips/s)
  ep2 step4720 loss=0.3820 (80.1 clips/s)
  ep2 step4740 loss=0.3822 (80.1 clips/s)
  ep2 step4760 loss=0.3810 (80.1 clips/s)
  ep2 step4780 loss=0.3802 (80.1 clips/s)
  ep2 step4800 loss=0.3799 (80.1 clips/s)
  ep2 step4820 loss=0.3810 (80.1 clips/s)
  ep2 step4840 loss=0.3809 (80.1 clips/s)
  ep2 step4860 loss=0.3817 (80.1 clips/s)
  ep2 step4880 loss=0.3808 (80.1 clips/s)
  ep2 step4900 loss=0.3804 (80.1 clips/s)
  ep2 step4920 loss=0.3794 (80.1 clips/s)
  ep2 step4940 loss=0.3782 (80.1 clips/s)
  ep2 step4960 loss=0.3780 (80.1 clips/s)
  ep2 step4980 loss=0.3780 (80.1 clips/s)
  ep2 step5000 loss=0.3786 (80.1 clips/s)
  ep2 step5020 loss=0.3778 (80.1 clips/s)
  ep2 step5040 loss=0.3774 (80.1 clips/s)
  ep2 step5060 loss=0.3769 (80.1 clips/s)
  ep2 step5080 loss=0.3769 (80.1 clips/s)
  ep2 step5100 loss=0.3771 (80.1 clips/s)
  ep2 step5120 loss=0.3772 (80.1 clips/s)
  ep2 step5140 loss=0.3769 (80.1 clips/s)
  ep2 step5160 loss=0.3772 (80.1 clips/s)
  ep2 step5180 loss=0.3773 (80.1 clips/s)
  ep2 step5200 loss=0.3776 (80.1 clips/s)
  ep2 step5220 loss=0.3768 (80.1 clips/s)
  ep2 step5240 loss=0.3770 (80.1 clips/s)
  ep2 step5260 loss=0.3764 (80.1 clips/s)
  ep2 step5280 loss=0.3760 (80.1 clips/s)
  ep2 step5300 loss=0.3757 (80.1 clips/s)
  ep2 step5320 loss=0.3753 (80.1 clips/s)
  ep2 step5340 loss=0.3758 (80.1 clips/s)
  ep2 step5360 loss=0.3751 (80.1 clips/s)
  ep2 step5380 loss=0.3752 (80.1 clips/s)
  ep2 step5400 loss=0.3757 (80.1 clips/s)
  ep2 step5420 loss=0.3750 (80.1 clips/s)
  ep2 step5440 loss=0.3747 (80.1 clips/s)
  ep2 step5460 loss=0.3751 (80.1 clips/s)
  ep2 step5480 loss=0.3750 (80.1 clips/s)
  ep2 step5500 loss=0.3755 (80.1 clips/s)
  ep2 step5520 loss=0.3753 (80.1 clips/s)
  ep2 step5540 loss=0.3751 (80.1 clips/s)
  ep2 step5560 loss=0.3760 (80.1 clips/s)
  ep2 step5580 loss=0.3754 (80.1 clips/s)
  ep2 step5600 loss=0.3750 (80.1 clips/s)
  ep2 step5620 loss=0.3752 (80.1 clips/s)
  ep2 step5640 loss=0.3754 (80.1 clips/s)
  ep2 step5660 loss=0.3751 (80.1 clips/s)
  ep2 step5680 loss=0.3741 (80.1 clips/s)
  ep2 step5700 loss=0.3746 (80.1 clips/s)
  ep2 step5720 loss=0.3747 (80.1 clips/s)
  ep2 step5740 loss=0.3746 (80.1 clips/s)
  ep2 step5760 loss=0.3738 (80.1 clips/s)
  ep2 step5780 loss=0.3735 (80.1 clips/s)
  ep2 step5800 loss=0.3733 (80.1 clips/s)
  ep2 step5820 loss=0.3735 (80.1 clips/s)
  ep2 step5840 loss=0.3730 (80.1 clips/s)
  ep2 step5860 loss=0.3728 (80.1 clips/s)
  ep2 step5880 loss=0.3724 (80.1 clips/s)
  ep2 step5900 loss=0.3717 (80.2 clips/s)
  ep2 step5920 loss=0.3716 (80.2 clips/s)
  ep2 step5940 loss=0.3713 (80.2 clips/s)
  ep2 step5960 loss=0.3707 (80.2 clips/s)
  ep2 step5980 loss=0.3705 (80.2 clips/s)
  ep2 step6000 loss=0.3696 (80.2 clips/s)
[epoch 2] loss=0.3696 val_avg_f1=0.7335 val_acc=0.8940 (20.6 min)
  ep3 step6020 loss=0.3856 (71.2 clips/s)
  ep3 step6040 loss=0.3277 (75.4 clips/s)
  ep3 step6060 loss=0.3307 (77.0 clips/s)
  ep3 step6080 loss=0.3257 (77.8 clips/s)
  ep3 step6100 loss=0.3205 (78.2 clips/s)
  ep3 step6120 loss=0.3241 (78.6 clips/s)
  ep3 step6140 loss=0.3278 (78.8 clips/s)
  ep3 step6160 loss=0.3211 (79.0 clips/s)
  ep3 step6180 loss=0.3279 (79.1 clips/s)
  ep3 step6200 loss=0.3305 (79.2 clips/s)
  ep3 step6220 loss=0.3331 (79.3 clips/s)
  ep3 step6240 loss=0.3339 (79.4 clips/s)
  ep3 step6260 loss=0.3291 (79.4 clips/s)
  ep3 step6280 loss=0.3294 (79.5 clips/s)
  ep3 step6300 loss=0.3291 (79.6 clips/s)
  ep3 step6320 loss=0.3267 (79.6 clips/s)
  ep3 step6340 loss=0.3241 (79.6 clips/s)
  ep3 step6360 loss=0.3225 (79.7 clips/s)
  ep3 step6380 loss=0.3206 (79.7 clips/s)
  ep3 step6400 loss=0.3182 (79.7 clips/s)
  ep3 step6420 loss=0.3157 (79.7 clips/s)
  ep3 step6440 loss=0.3140 (79.8 clips/s)
  ep3 step6460 loss=0.3127 (79.8 clips/s)
  ep3 step6480 loss=0.3109 (79.8 clips/s)
  ep3 step6500 loss=0.3104 (79.8 clips/s)
  ep3 step6520 loss=0.3113 (79.8 clips/s)
  ep3 step6540 loss=0.3127 (79.9 clips/s)
  ep3 step6560 loss=0.3120 (79.9 clips/s)
  ep3 step6580 loss=0.3118 (79.9 clips/s)
  ep3 step6600 loss=0.3123 (79.9 clips/s)
  ep3 step6620 loss=0.3124 (79.9 clips/s)
  ep3 step6640 loss=0.3123 (79.9 clips/s)
  ep3 step6660 loss=0.3141 (79.9 clips/s)
  ep3 step6680 loss=0.3131 (79.9 clips/s)
  ep3 step6700 loss=0.3125 (79.9 clips/s)
  ep3 step6720 loss=0.3121 (80.0 clips/s)
  ep3 step6740 loss=0.3102 (80.0 clips/s)
  ep3 step6760 loss=0.3098 (80.0 clips/s)
  ep3 step6780 loss=0.3094 (80.0 clips/s)
  ep3 step6800 loss=0.3105 (80.0 clips/s)
  ep3 step6820 loss=0.3088 (80.0 clips/s)
  ep3 step6840 loss=0.3090 (80.0 clips/s)
  ep3 step6860 loss=0.3063 (80.0 clips/s)
  ep3 step6880 loss=0.3076 (80.0 clips/s)
  ep3 step6900 loss=0.3058 (80.0 clips/s)
  ep3 step6920 loss=0.3045 (80.0 clips/s)
  ep3 step6940 loss=0.3050 (80.0 clips/s)
  ep3 step6960 loss=0.3053 (80.0 clips/s)
  ep3 step6980 loss=0.3057 (80.0 clips/s)
  ep3 step7000 loss=0.3046 (80.0 clips/s)
  ep3 step7020 loss=0.3048 (80.0 clips/s)
  ep3 step7040 loss=0.3060 (80.0 clips/s)
  ep3 step7060 loss=0.3047 (80.0 clips/s)
  ep3 step7080 loss=0.3037 (80.0 clips/s)
  ep3 step7100 loss=0.3026 (80.0 clips/s)
  ep3 step7120 loss=0.3032 (80.0 clips/s)
  ep3 step7140 loss=0.3026 (80.1 clips/s)
  ep3 step7160 loss=0.3027 (80.1 clips/s)
  ep3 step7180 loss=0.3013 (80.1 clips/s)
  ep3 step7200 loss=0.3019 (80.1 clips/s)
  ep3 step7220 loss=0.3015 (80.1 clips/s)
  ep3 step7240 loss=0.3018 (80.1 clips/s)
  ep3 step7260 loss=0.3029 (80.1 clips/s)
  ep3 step7280 loss=0.3020 (80.1 clips/s)
  ep3 step7300 loss=0.3019 (80.1 clips/s)
  ep3 step7320 loss=0.3006 (80.1 clips/s)
  ep3 step7340 loss=0.3010 (80.1 clips/s)
  ep3 step7360 loss=0.3023 (80.1 clips/s)
  ep3 step7380 loss=0.3012 (80.1 clips/s)
  ep3 step7400 loss=0.3019 (80.1 clips/s)
  ep3 step7420 loss=0.3019 (80.1 clips/s)
  ep3 step7440 loss=0.3020 (80.1 clips/s)
  ep3 step7460 loss=0.3013 (80.1 clips/s)
  ep3 step7480 loss=0.3004 (80.1 clips/s)
  ep3 step7500 loss=0.3013 (80.1 clips/s)
  ep3 step7520 loss=0.3014 (80.1 clips/s)
  ep3 step7540 loss=0.3015 (80.1 clips/s)
  ep3 step7560 loss=0.3017 (80.1 clips/s)
  ep3 step7580 loss=0.3024 (80.1 clips/s)
  ep3 step7600 loss=0.3023 (80.1 clips/s)
  ep3 step7620 loss=0.3023 (80.1 clips/s)
  ep3 step7640 loss=0.3029 (80.1 clips/s)
  ep3 step7660 loss=0.3023 (80.1 clips/s)
  ep3 step7680 loss=0.3022 (80.1 clips/s)
  ep3 step7700 loss=0.3024 (80.1 clips/s)
  ep3 step7720 loss=0.3028 (80.1 clips/s)
  ep3 step7740 loss=0.3017 (80.1 clips/s)
  ep3 step7760 loss=0.3014 (80.1 clips/s)
  ep3 step7780 loss=0.3016 (80.1 clips/s)
  ep3 step7800 loss=0.3013 (80.1 clips/s)
  ep3 step7820 loss=0.3011 (80.1 clips/s)
  ep3 step7840 loss=0.3007 (80.1 clips/s)
  ep3 step7860 loss=0.3008 (80.1 clips/s)
  ep3 step7880 loss=0.3004 (80.1 clips/s)
  ep3 step7900 loss=0.3007 (80.1 clips/s)
  ep3 step7920 loss=0.3008 (80.1 clips/s)
  ep3 step7940 loss=0.3008 (80.1 clips/s)
  ep3 step7960 loss=0.3006 (80.1 clips/s)
  ep3 step7980 loss=0.3003 (80.1 clips/s)
  ep3 step8000 loss=0.3000 (80.1 clips/s)
  ep3 step8020 loss=0.2993 (80.1 clips/s)
  ep3 step8040 loss=0.2991 (80.1 clips/s)
  ep3 step8060 loss=0.2991 (80.1 clips/s)
  ep3 step8080 loss=0.2990 (80.1 clips/s)
  ep3 step8100 loss=0.2990 (80.1 clips/s)
  ep3 step8120 loss=0.2992 (80.1 clips/s)
  ep3 step8140 loss=0.2996 (80.1 clips/s)
  ep3 step8160 loss=0.2993 (80.1 clips/s)
  ep3 step8180 loss=0.2992 (80.1 clips/s)
  ep3 step8200 loss=0.2990 (80.1 clips/s)
  ep3 step8220 loss=0.2990 (80.1 clips/s)
  ep3 step8240 loss=0.2986 (80.1 clips/s)
  ep3 step8260 loss=0.2989 (80.1 clips/s)
  ep3 step8280 loss=0.2982 (80.1 clips/s)
  ep3 step8300 loss=0.2982 (80.1 clips/s)
  ep3 step8320 loss=0.2981 (80.1 clips/s)
  ep3 step8340 loss=0.2979 (80.1 clips/s)
  ep3 step8360 loss=0.2983 (80.2 clips/s)
  ep3 step8380 loss=0.2974 (80.2 clips/s)
  ep3 step8400 loss=0.2971 (80.2 clips/s)
  ep3 step8420 loss=0.2966 (80.2 clips/s)
  ep3 step8440 loss=0.2973 (80.2 clips/s)
  ep3 step8460 loss=0.2974 (80.2 clips/s)
  ep3 step8480 loss=0.2970 (80.2 clips/s)
  ep3 step8500 loss=0.2971 (80.2 clips/s)
  ep3 step8520 loss=0.2966 (80.2 clips/s)
  ep3 step8540 loss=0.2968 (80.2 clips/s)
  ep3 step8560 loss=0.2967 (80.2 clips/s)
  ep3 step8580 loss=0.2964 (80.2 clips/s)
  ep3 step8600 loss=0.2963 (80.2 clips/s)
  ep3 step8620 loss=0.2959 (80.2 clips/s)
  ep3 step8640 loss=0.2958 (80.2 clips/s)
  ep3 step8660 loss=0.2956 (80.2 clips/s)
  ep3 step8680 loss=0.2953 (80.2 clips/s)
  ep3 step8700 loss=0.2947 (80.2 clips/s)
  ep3 step8720 loss=0.2938 (80.2 clips/s)
  ep3 step8740 loss=0.2938 (80.2 clips/s)
  ep3 step8760 loss=0.2942 (80.2 clips/s)
  ep3 step8780 loss=0.2938 (80.2 clips/s)
  ep3 step8800 loss=0.2937 (80.2 clips/s)
  ep3 step8820 loss=0.2932 (80.2 clips/s)
  ep3 step8840 loss=0.2937 (80.2 clips/s)
  ep3 step8860 loss=0.2938 (80.2 clips/s)
  ep3 step8880 loss=0.2938 (80.2 clips/s)
  ep3 step8900 loss=0.2941 (80.2 clips/s)
  ep3 step8920 loss=0.2940 (80.2 clips/s)
  ep3 step8940 loss=0.2937 (80.2 clips/s)
  ep3 step8960 loss=0.2935 (80.2 clips/s)
  ep3 step8980 loss=0.2931 (80.2 clips/s)
  ep3 step9000 loss=0.2934 (80.2 clips/s)
[epoch 3] loss=0.2934 val_avg_f1=0.7216 val_acc=0.8872 (20.6 min)
  ep4 step9020 loss=0.1681 (71.5 clips/s)
  ep4 step9040 loss=0.1796 (75.6 clips/s)
  ep4 step9060 loss=0.2136 (77.1 clips/s)
  ep4 step9080 loss=0.2036 (77.8 clips/s)
  ep4 step9100 loss=0.2252 (78.3 clips/s)
  ep4 step9120 loss=0.2269 (78.6 clips/s)
  ep4 step9140 loss=0.2307 (78.8 clips/s)
  ep4 step9160 loss=0.2301 (79.0 clips/s)
  ep4 step9180 loss=0.2345 (79.1 clips/s)
  ep4 step9200 loss=0.2335 (79.2 clips/s)
  ep4 step9220 loss=0.2379 (79.3 clips/s)
  ep4 step9240 loss=0.2359 (79.4 clips/s)
  ep4 step9260 loss=0.2348 (79.5 clips/s)
  ep4 step9280 loss=0.2354 (79.5 clips/s)
  ep4 step9300 loss=0.2376 (79.5 clips/s)
  ep4 step9320 loss=0.2394 (79.6 clips/s)
  ep4 step9340 loss=0.2394 (79.6 clips/s)
  ep4 step9360 loss=0.2383 (79.6 clips/s)
  ep4 step9380 loss=0.2363 (79.7 clips/s)
  ep4 step9400 loss=0.2330 (79.7 clips/s)
  ep4 step9420 loss=0.2372 (79.7 clips/s)
  ep4 step9440 loss=0.2381 (79.7 clips/s)
  ep4 step9460 loss=0.2397 (79.8 clips/s)
  ep4 step9480 loss=0.2375 (79.8 clips/s)
  ep4 step9500 loss=0.2417 (79.8 clips/s)
  ep4 step9520 loss=0.2400 (79.8 clips/s)
  ep4 step9540 loss=0.2396 (79.8 clips/s)
  ep4 step9560 loss=0.2380 (79.8 clips/s)
  ep4 step9580 loss=0.2399 (79.8 clips/s)
  ep4 step9600 loss=0.2396 (79.9 clips/s)
  ep4 step9620 loss=0.2403 (79.9 clips/s)
  ep4 step9640 loss=0.2424 (79.9 clips/s)
  ep4 step9660 loss=0.2416 (79.9 clips/s)
  ep4 step9680 loss=0.2413 (79.9 clips/s)
  ep4 step9700 loss=0.2415 (79.9 clips/s)
  ep4 step9720 loss=0.2386 (79.9 clips/s)
  ep4 step9740 loss=0.2398 (79.9 clips/s)
  ep4 step9760 loss=0.2394 (79.9 clips/s)
  ep4 step9780 loss=0.2390 (79.9 clips/s)
  ep4 step9800 loss=0.2400 (79.9 clips/s)
  ep4 step9820 loss=0.2387 (80.0 clips/s)
  ep4 step9840 loss=0.2370 (80.0 clips/s)
  ep4 step9860 loss=0.2369 (80.0 clips/s)
  ep4 step9880 loss=0.2371 (80.0 clips/s)
  ep4 step9900 loss=0.2375 (80.0 clips/s)
  ep4 step9920 loss=0.2367 (80.0 clips/s)
  ep4 step9940 loss=0.2361 (80.0 clips/s)
  ep4 step9960 loss=0.2372 (80.0 clips/s)
  ep4 step9980 loss=0.2378 (80.0 clips/s)
  ep4 step10000 loss=0.2371 (80.0 clips/s)
  ep4 step10020 loss=0.2361 (80.0 clips/s)
  ep4 step10040 loss=0.2376 (80.0 clips/s)
  ep4 step10060 loss=0.2365 (80.0 clips/s)
  ep4 step10080 loss=0.2369 (80.0 clips/s)
  ep4 step10100 loss=0.2372 (80.0 clips/s)
  ep4 step10120 loss=0.2378 (80.0 clips/s)
  ep4 step10140 loss=0.2372 (80.0 clips/s)
  ep4 step10160 loss=0.2373 (80.0 clips/s)
  ep4 step10180 loss=0.2378 (80.0 clips/s)
  ep4 step10200 loss=0.2379 (80.0 clips/s)
  ep4 step10220 loss=0.2380 (80.0 clips/s)
  ep4 step10240 loss=0.2368 (80.0 clips/s)
  ep4 step10260 loss=0.2370 (80.0 clips/s)
  ep4 step10280 loss=0.2372 (80.0 clips/s)
  ep4 step10300 loss=0.2374 (80.0 clips/s)
  ep4 step10320 loss=0.2369 (80.0 clips/s)
  ep4 step10340 loss=0.2374 (80.1 clips/s)
  ep4 step10360 loss=0.2376 (80.1 clips/s)
  ep4 step10380 loss=0.2366 (80.1 clips/s)
  ep4 step10400 loss=0.2364 (80.1 clips/s)
  ep4 step10420 loss=0.2361 (80.1 clips/s)
  ep4 step10440 loss=0.2364 (80.1 clips/s)
  ep4 step10460 loss=0.2362 (80.1 clips/s)
  ep4 step10480 loss=0.2361 (80.1 clips/s)
  ep4 step10500 loss=0.2358 (80.1 clips/s)
  ep4 step10520 loss=0.2366 (80.1 clips/s)
  ep4 step10540 loss=0.2367 (80.1 clips/s)
  ep4 step10560 loss=0.2383 (80.1 clips/s)
  ep4 step10580 loss=0.2380 (80.1 clips/s)
  ep4 step10600 loss=0.2393 (80.1 clips/s)
  ep4 step10620 loss=0.2393 (80.1 clips/s)
  ep4 step10640 loss=0.2395 (80.1 clips/s)
  ep4 step10660 loss=0.2403 (80.1 clips/s)
  ep4 step10680 loss=0.2406 (80.1 clips/s)
  ep4 step10700 loss=0.2403 (80.1 clips/s)
  ep4 step10720 loss=0.2411 (80.1 clips/s)
  ep4 step10740 loss=0.2408 (80.1 clips/s)
  ep4 step10760 loss=0.2407 (80.1 clips/s)
  ep4 step10780 loss=0.2407 (80.1 clips/s)
  ep4 step10800 loss=0.2406 (80.1 clips/s)
  ep4 step10820 loss=0.2407 (80.1 clips/s)
  ep4 step10840 loss=0.2404 (80.1 clips/s)
  ep4 step10860 loss=0.2406 (80.1 clips/s)
  ep4 step10880 loss=0.2410 (80.1 clips/s)
  ep4 step10900 loss=0.2406 (80.1 clips/s)
  ep4 step10920 loss=0.2400 (80.1 clips/s)
  ep4 step10940 loss=0.2395 (80.1 clips/s)
  ep4 step10960 loss=0.2392 (80.1 clips/s)
  ep4 step10980 loss=0.2383 (80.1 clips/s)
  ep4 step11000 loss=0.2375 (80.1 clips/s)
  ep4 step11020 loss=0.2372 (80.1 clips/s)
  ep4 step11040 loss=0.2386 (80.1 clips/s)
  ep4 step11060 loss=0.2387 (80.1 clips/s)
  ep4 step11080 loss=0.2383 (80.1 clips/s)
  ep4 step11100 loss=0.2390 (80.1 clips/s)
  ep4 step11120 loss=0.2387 (80.1 clips/s)
  ep4 step11140 loss=0.2388 (80.1 clips/s)
  ep4 step11160 loss=0.2394 (80.1 clips/s)
  ep4 step11180 loss=0.2394 (80.1 clips/s)
  ep4 step11200 loss=0.2399 (80.1 clips/s)
  ep4 step11220 loss=0.2396 (80.1 clips/s)
  ep4 step11240 loss=0.2401 (80.1 clips/s)
  ep4 step11260 loss=0.2407 (80.1 clips/s)
  ep4 step11280 loss=0.2401 (80.1 clips/s)
  ep4 step11300 loss=0.2400 (80.1 clips/s)
  ep4 step11320 loss=0.2397 (80.1 clips/s)
  ep4 step11340 loss=0.2395 (80.1 clips/s)
  ep4 step11360 loss=0.2400 (80.1 clips/s)
  ep4 step11380 loss=0.2405 (80.1 clips/s)
  ep4 step11400 loss=0.2403 (80.1 clips/s)
  ep4 step11420 loss=0.2403 (80.1 clips/s)
  ep4 step11440 loss=0.2406 (80.1 clips/s)
  ep4 step11460 loss=0.2405 (80.1 clips/s)
  ep4 step11480 loss=0.2407 (80.2 clips/s)
  ep4 step11500 loss=0.2407 (80.2 clips/s)
  ep4 step11520 loss=0.2403 (80.2 clips/s)
  ep4 step11540 loss=0.2404 (80.2 clips/s)
  ep4 step11560 loss=0.2402 (80.2 clips/s)
  ep4 step11580 loss=0.2396 (80.2 clips/s)
  ep4 step11600 loss=0.2397 (80.2 clips/s)
  ep4 step11620 loss=0.2398 (80.2 clips/s)
  ep4 step11640 loss=0.2397 (80.2 clips/s)
  ep4 step11660 loss=0.2399 (80.2 clips/s)
  ep4 step11680 loss=0.2398 (80.2 clips/s)
  ep4 step11700 loss=0.2402 (80.2 clips/s)
  ep4 step11720 loss=0.2405 (80.2 clips/s)
  ep4 step11740 loss=0.2399 (80.2 clips/s)
  ep4 step11760 loss=0.2397 (80.2 clips/s)
  ep4 step11780 loss=0.2402 (80.2 clips/s)
  ep4 step11800 loss=0.2401 (80.2 clips/s)
  ep4 step11820 loss=0.2398 (80.2 clips/s)
  ep4 step11840 loss=0.2397 (80.2 clips/s)
  ep4 step11860 loss=0.2403 (80.2 clips/s)
  ep4 step11880 loss=0.2404 (80.2 clips/s)
  ep4 step11900 loss=0.2403 (80.2 clips/s)
  ep4 step11920 loss=0.2401 (80.2 clips/s)
  ep4 step11940 loss=0.2406 (80.2 clips/s)
  ep4 step11960 loss=0.2401 (80.2 clips/s)
  ep4 step11980 loss=0.2402 (80.2 clips/s)
  ep4 step12000 loss=0.2397 (80.2 clips/s)
[epoch 4] loss=0.2397 val_avg_f1=0.7056 val_acc=0.8752 (20.6 min)
  ep5 step12020 loss=0.2544 (70.8 clips/s)
  ep5 step12040 loss=0.2456 (75.2 clips/s)
  ep5 step12060 loss=0.2374 (76.9 clips/s)
  ep5 step12080 loss=0.2377 (77.7 clips/s)
  ep5 step12100 loss=0.2458 (78.2 clips/s)
  ep5 step12120 loss=0.2445 (78.5 clips/s)
  ep5 step12140 loss=0.2394 (78.8 clips/s)
  ep5 step12160 loss=0.2343 (79.0 clips/s)
  ep5 step12180 loss=0.2311 (79.1 clips/s)
  ep5 step12200 loss=0.2303 (79.2 clips/s)
  ep5 step12220 loss=0.2409 (79.3 clips/s)
  ep5 step12240 loss=0.2361 (79.4 clips/s)
  ep5 step12260 loss=0.2325 (79.5 clips/s)
  ep5 step12280 loss=0.2306 (79.5 clips/s)
  ep5 step12300 loss=0.2251 (79.6 clips/s)
  ep5 step12320 loss=0.2244 (79.6 clips/s)
  ep5 step12340 loss=0.2220 (79.6 clips/s)
  ep5 step12360 loss=0.2212 (79.7 clips/s)
  ep5 step12380 loss=0.2182 (79.7 clips/s)
  ep5 step12400 loss=0.2136 (79.7 clips/s)
  ep5 step12420 loss=0.2109 (79.8 clips/s)
  ep5 step12440 loss=0.2089 (79.8 clips/s)
  ep5 step12460 loss=0.2067 (79.8 clips/s)
  ep5 step12480 loss=0.2047 (79.8 clips/s)
  ep5 step12500 loss=0.2034 (79.8 clips/s)
  ep5 step12520 loss=0.2063 (79.8 clips/s)
  ep5 step12540 loss=0.2059 (79.8 clips/s)
  ep5 step12560 loss=0.2083 (79.9 clips/s)
  ep5 step12580 loss=0.2085 (79.9 clips/s)
  ep5 step12600 loss=0.2091 (79.9 clips/s)
  ep5 step12620 loss=0.2103 (79.9 clips/s)
  ep5 step12640 loss=0.2089 (79.9 clips/s)
  ep5 step12660 loss=0.2088 (79.9 clips/s)
  ep5 step12680 loss=0.2091 (79.9 clips/s)
  ep5 step12700 loss=0.2081 (79.9 clips/s)
  ep5 step12720 loss=0.2087 (79.9 clips/s)
  ep5 step12740 loss=0.2093 (79.9 clips/s)
  ep5 step12760 loss=0.2086 (79.9 clips/s)
  ep5 step12780 loss=0.2085 (80.0 clips/s)
  ep5 step12800 loss=0.2077 (80.0 clips/s)
  ep5 step12820 loss=0.2085 (80.0 clips/s)
  ep5 step12840 loss=0.2074 (80.0 clips/s)
  ep5 step12860 loss=0.2076 (80.0 clips/s)
  ep5 step12880 loss=0.2056 (80.0 clips/s)
  ep5 step12900 loss=0.2070 (80.0 clips/s)
  ep5 step12920 loss=0.2060 (80.0 clips/s)
  ep5 step12940 loss=0.2054 (80.0 clips/s)
  ep5 step12960 loss=0.2063 (80.0 clips/s)
  ep5 step12980 loss=0.2074 (80.0 clips/s)
  ep5 step13000 loss=0.2080 (80.0 clips/s)
  ep5 step13020 loss=0.2067 (80.0 clips/s)
  ep5 step13040 loss=0.2064 (80.0 clips/s)
  ep5 step13060 loss=0.2058 (80.0 clips/s)
  ep5 step13080 loss=0.2067 (80.0 clips/s)
  ep5 step13100 loss=0.2077 (80.0 clips/s)
  ep5 step13120 loss=0.2077 (80.0 clips/s)
  ep5 step13140 loss=0.2079 (80.0 clips/s)
  ep5 step13160 loss=0.2086 (80.0 clips/s)
  ep5 step13180 loss=0.2088 (80.1 clips/s)
  ep5 step13200 loss=0.2076 (80.1 clips/s)
  ep5 step13220 loss=0.2071 (80.1 clips/s)
  ep5 step13240 loss=0.2065 (80.1 clips/s)
  ep5 step13260 loss=0.2059 (80.1 clips/s)
  ep5 step13280 loss=0.2053 (80.1 clips/s)
  ep5 step13300 loss=0.2048 (80.1 clips/s)
  ep5 step13320 loss=0.2061 (80.1 clips/s)
  ep5 step13340 loss=0.2052 (80.1 clips/s)
  ep5 step13360 loss=0.2048 (80.1 clips/s)
  ep5 step13380 loss=0.2036 (80.1 clips/s)
  ep5 step13400 loss=0.2046 (80.1 clips/s)
  ep5 step13420 loss=0.2043 (80.1 clips/s)
  ep5 step13440 loss=0.2034 (80.1 clips/s)
  ep5 step13460 loss=0.2030 (80.1 clips/s)
  ep5 step13480 loss=0.2023 (80.1 clips/s)
  ep5 step13500 loss=0.2036 (80.1 clips/s)
  ep5 step13520 loss=0.2038 (80.1 clips/s)
  ep5 step13540 loss=0.2028 (80.1 clips/s)
  ep5 step13560 loss=0.2029 (80.1 clips/s)
  ep5 step13580 loss=0.2021 (80.1 clips/s)
  ep5 step13600 loss=0.2021 (80.1 clips/s)
  ep5 step13620 loss=0.2023 (80.1 clips/s)
  ep5 step13640 loss=0.2021 (80.1 clips/s)
  ep5 step13660 loss=0.2031 (80.1 clips/s)
  ep5 step13680 loss=0.2026 (80.1 clips/s)
  ep5 step13700 loss=0.2021 (80.1 clips/s)
  ep5 step13720 loss=0.2023 (80.1 clips/s)
  ep5 step13740 loss=0.2025 (80.1 clips/s)
  ep5 step13760 loss=0.2024 (80.1 clips/s)
  ep5 step13780 loss=0.2017 (80.1 clips/s)
  ep5 step13800 loss=0.2014 (80.1 clips/s)
  ep5 step13820 loss=0.2005 (80.1 clips/s)
  ep5 step13840 loss=0.2004 (80.1 clips/s)
  ep5 step13860 loss=0.2009 (80.1 clips/s)
  ep5 step13880 loss=0.2016 (80.1 clips/s)
  ep5 step13900 loss=0.2016 (80.1 clips/s)
  ep5 step13920 loss=0.2017 (80.1 clips/s)
  ep5 step13940 loss=0.2020 (80.1 clips/s)
  ep5 step13960 loss=0.2025 (80.1 clips/s)
  ep5 step13980 loss=0.2023 (80.1 clips/s)
  ep5 step14000 loss=0.2017 (80.1 clips/s)
  ep5 step14020 loss=0.2015 (80.1 clips/s)
  ep5 step14040 loss=0.2013 (80.1 clips/s)
  ep5 step14060 loss=0.2019 (80.1 clips/s)
  ep5 step14080 loss=0.2026 (80.1 clips/s)
  ep5 step14100 loss=0.2025 (80.1 clips/s)
  ep5 step14120 loss=0.2024 (80.1 clips/s)
  ep5 step14140 loss=0.2026 (80.1 clips/s)
  ep5 step14160 loss=0.2028 (80.1 clips/s)
  ep5 step14180 loss=0.2031 (80.1 clips/s)
  ep5 step14200 loss=0.2034 (80.1 clips/s)
  ep5 step14220 loss=0.2033 (80.1 clips/s)
  ep5 step14240 loss=0.2029 (80.1 clips/s)
  ep5 step14260 loss=0.2033 (80.1 clips/s)
  ep5 step14280 loss=0.2030 (80.1 clips/s)
  ep5 step14300 loss=0.2037 (80.1 clips/s)
  ep5 step14320 loss=0.2035 (80.1 clips/s)
  ep5 step14340 loss=0.2033 (80.1 clips/s)
  ep5 step14360 loss=0.2034 (80.2 clips/s)
  ep5 step14380 loss=0.2035 (80.2 clips/s)
  ep5 step14400 loss=0.2038 (80.2 clips/s)
  ep5 step14420 loss=0.2040 (80.2 clips/s)
  ep5 step14440 loss=0.2038 (80.2 clips/s)
  ep5 step14460 loss=0.2037 (80.2 clips/s)
  ep5 step14480 loss=0.2040 (80.2 clips/s)
  ep5 step14500 loss=0.2041 (80.2 clips/s)
  ep5 step14520 loss=0.2038 (80.2 clips/s)
  ep5 step14540 loss=0.2036 (80.2 clips/s)
  ep5 step14560 loss=0.2038 (80.2 clips/s)
  ep5 step14580 loss=0.2032 (80.2 clips/s)
  ep5 step14600 loss=0.2030 (80.2 clips/s)
  ep5 step14620 loss=0.2030 (80.2 clips/s)
  ep5 step14640 loss=0.2032 (80.2 clips/s)
  ep5 step14660 loss=0.2033 (80.2 clips/s)
  ep5 step14680 loss=0.2031 (80.2 clips/s)
  ep5 step14700 loss=0.2030 (80.2 clips/s)
  ep5 step14720 loss=0.2029 (80.2 clips/s)
  ep5 step14740 loss=0.2033 (80.2 clips/s)
  ep5 step14760 loss=0.2037 (80.2 clips/s)
  ep5 step14780 loss=0.2037 (80.2 clips/s)
  ep5 step14800 loss=0.2031 (80.2 clips/s)
  ep5 step14820 loss=0.2035 (80.2 clips/s)
  ep5 step14840 loss=0.2037 (80.2 clips/s)
  ep5 step14860 loss=0.2039 (80.2 clips/s)
  ep5 step14880 loss=0.2036 (80.2 clips/s)
  ep5 step14900 loss=0.2038 (80.2 clips/s)
  ep5 step14920 loss=0.2039 (80.2 clips/s)
  ep5 step14940 loss=0.2039 (80.2 clips/s)
  ep5 step14960 loss=0.2034 (80.2 clips/s)
  ep5 step14980 loss=0.2040 (80.2 clips/s)
  ep5 step15000 loss=0.2039 (80.2 clips/s)
[epoch 5] loss=0.2039 val_avg_f1=0.7019 val_acc=0.8750 (20.6 min)
  ep6 step15020 loss=0.3155 (69.6 clips/s)
  ep6 step15040 loss=0.2313 (74.6 clips/s)
  ep6 step15060 loss=0.2009 (76.4 clips/s)
  ep6 step15080 loss=0.1888 (77.3 clips/s)
  ep6 step15100 loss=0.2007 (77.8 clips/s)
  ep6 step15120 loss=0.1991 (78.2 clips/s)
  ep6 step15140 loss=0.2050 (78.5 clips/s)
  ep6 step15160 loss=0.2053 (78.7 clips/s)
  ep6 step15180 loss=0.1955 (78.9 clips/s)
  ep6 step15200 loss=0.1882 (79.0 clips/s)
  ep6 step15220 loss=0.1922 (79.1 clips/s)
  ep6 step15240 loss=0.1926 (79.2 clips/s)
  ep6 step15260 loss=0.1957 (79.3 clips/s)
  ep6 step15280 loss=0.1901 (79.4 clips/s)
  ep6 step15300 loss=0.1936 (79.4 clips/s)
  ep6 step15320 loss=0.1945 (79.5 clips/s)
  ep6 step15340 loss=0.1947 (79.5 clips/s)
  ep6 step15360 loss=0.1939 (79.6 clips/s)
  ep6 step15380 loss=0.1919 (79.6 clips/s)
  ep6 step15400 loss=0.1892 (79.6 clips/s)
  ep6 step15420 loss=0.1918 (79.7 clips/s)
  ep6 step15440 loss=0.1918 (79.7 clips/s)
  ep6 step15460 loss=0.1922 (79.7 clips/s)
  ep6 step15480 loss=0.1954 (79.7 clips/s)
  ep6 step15500 loss=0.1965 (79.7 clips/s)
  ep6 step15520 loss=0.1998 (79.8 clips/s)
  ep6 step15540 loss=0.1967 (79.8 clips/s)
  ep6 step15560 loss=0.1972 (79.8 clips/s)
  ep6 step15580 loss=0.1959 (79.8 clips/s)
  ep6 step15600 loss=0.1984 (79.8 clips/s)
  ep6 step15620 loss=0.1966 (79.8 clips/s)
  ep6 step15640 loss=0.1973 (79.8 clips/s)
  ep6 step15660 loss=0.1958 (79.9 clips/s)
  ep6 step15680 loss=0.1960 (79.9 clips/s)
  ep6 step15700 loss=0.1961 (79.9 clips/s)
  ep6 step15720 loss=0.1950 (79.9 clips/s)
  ep6 step15740 loss=0.1954 (79.9 clips/s)
  ep6 step15760 loss=0.1947 (79.9 clips/s)
  ep6 step15780 loss=0.1934 (79.9 clips/s)
  ep6 step15800 loss=0.1932 (79.9 clips/s)
  ep6 step15820 loss=0.1921 (79.9 clips/s)
  ep6 step15840 loss=0.1925 (79.9 clips/s)
  ep6 step15860 loss=0.1917 (79.9 clips/s)
  ep6 step15880 loss=0.1924 (79.9 clips/s)
  ep6 step15900 loss=0.1924 (80.0 clips/s)
  ep6 step15920 loss=0.1907 (80.0 clips/s)
  ep6 step15940 loss=0.1913 (80.0 clips/s)
  ep6 step15960 loss=0.1915 (80.0 clips/s)
  ep6 step15980 loss=0.1900 (80.0 clips/s)
  ep6 step16000 loss=0.1886 (80.0 clips/s)
  ep6 step16020 loss=0.1874 (80.0 clips/s)
  ep6 step16040 loss=0.1869 (80.0 clips/s)
  ep6 step16060 loss=0.1855 (80.0 clips/s)
  ep6 step16080 loss=0.1850 (80.0 clips/s)
  ep6 step16100 loss=0.1856 (80.0 clips/s)
  ep6 step16120 loss=0.1865 (80.0 clips/s)
  ep6 step16140 loss=0.1860 (80.0 clips/s)
  ep6 step16160 loss=0.1861 (80.0 clips/s)
  ep6 step16180 loss=0.1863 (80.0 clips/s)
  ep6 step16200 loss=0.1883 (80.0 clips/s)
  ep6 step16220 loss=0.1878 (80.0 clips/s)
  ep6 step16240 loss=0.1880 (80.0 clips/s)
  ep6 step16260 loss=0.1872 (80.0 clips/s)
  ep6 step16280 loss=0.1861 (80.0 clips/s)
  ep6 step16300 loss=0.1855 (80.0 clips/s)
  ep6 step16320 loss=0.1848 (80.0 clips/s)
  ep6 step16340 loss=0.1841 (80.0 clips/s)
  ep6 step16360 loss=0.1847 (80.1 clips/s)
  ep6 step16380 loss=0.1839 (80.1 clips/s)
  ep6 step16400 loss=0.1834 (80.1 clips/s)
  ep6 step16420 loss=0.1826 (80.1 clips/s)
  ep6 step16440 loss=0.1819 (80.1 clips/s)
  ep6 step16460 loss=0.1816 (80.1 clips/s)
  ep6 step16480 loss=0.1807 (80.1 clips/s)
  ep6 step16500 loss=0.1803 (80.1 clips/s)
  ep6 step16520 loss=0.1798 (80.1 clips/s)
  ep6 step16540 loss=0.1805 (80.1 clips/s)
  ep6 step16560 loss=0.1807 (80.1 clips/s)
  ep6 step16580 loss=0.1804 (80.1 clips/s)
  ep6 step16600 loss=0.1811 (80.1 clips/s)
  ep6 step16620 loss=0.1807 (80.1 clips/s)
  ep6 step16640 loss=0.1804 (80.1 clips/s)
  ep6 step16660 loss=0.1801 (80.1 clips/s)
  ep6 step16680 loss=0.1804 (80.1 clips/s)
  ep6 step16700 loss=0.1803 (80.1 clips/s)
  ep6 step16720 loss=0.1801 (80.1 clips/s)
  ep6 step16740 loss=0.1796 (80.1 clips/s)
  ep6 step16760 loss=0.1796 (80.1 clips/s)
  ep6 step16780 loss=0.1789 (80.1 clips/s)
  ep6 step16800 loss=0.1790 (80.1 clips/s)
  ep6 step16820 loss=0.1791 (80.1 clips/s)
  ep6 step16840 loss=0.1785 (80.1 clips/s)
  ep6 step16860 loss=0.1784 (80.1 clips/s)
  ep6 step16880 loss=0.1783 (80.1 clips/s)
  ep6 step16900 loss=0.1784 (80.1 clips/s)
  ep6 step16920 loss=0.1783 (80.1 clips/s)
  ep6 step16940 loss=0.1786 (80.1 clips/s)
  ep6 step16960 loss=0.1782 (80.1 clips/s)
  ep6 step16980 loss=0.1772 (80.1 clips/s)
  ep6 step17000 loss=0.1770 (80.1 clips/s)
  ep6 step17020 loss=0.1780 (80.1 clips/s)
  ep6 step17040 loss=0.1776 (80.1 clips/s)
  ep6 step17060 loss=0.1777 (80.1 clips/s)
  ep6 step17080 loss=0.1774 (80.1 clips/s)
  ep6 step17100 loss=0.1774 (80.1 clips/s)
  ep6 step17120 loss=0.1782 (80.1 clips/s)
  ep6 step17140 loss=0.1774 (80.1 clips/s)
  ep6 step17160 loss=0.1784 (80.1 clips/s)
  ep6 step17180 loss=0.1781 (80.1 clips/s)
  ep6 step17200 loss=0.1779 (80.1 clips/s)
  ep6 step17220 loss=0.1782 (80.1 clips/s)
  ep6 step17240 loss=0.1783 (80.1 clips/s)
  ep6 step17260 loss=0.1788 (80.1 clips/s)
  ep6 step17280 loss=0.1786 (80.1 clips/s)
  ep6 step17300 loss=0.1787 (80.1 clips/s)
  ep6 step17320 loss=0.1794 (80.1 clips/s)
  ep6 step17340 loss=0.1794 (80.1 clips/s)
  ep6 step17360 loss=0.1794 (80.1 clips/s)
  ep6 step17380 loss=0.1791 (80.1 clips/s)
  ep6 step17400 loss=0.1788 (80.1 clips/s)
  ep6 step17420 loss=0.1795 (80.1 clips/s)
  ep6 step17440 loss=0.1790 (80.1 clips/s)
  ep6 step17460 loss=0.1786 (80.1 clips/s)
  ep6 step17480 loss=0.1782 (80.1 clips/s)
  ep6 step17500 loss=0.1783 (80.1 clips/s)
  ep6 step17520 loss=0.1776 (80.1 clips/s)
  ep6 step17540 loss=0.1777 (80.1 clips/s)
  ep6 step17560 loss=0.1770 (80.1 clips/s)
  ep6 step17580 loss=0.1771 (80.1 clips/s)
  ep6 step17600 loss=0.1770 (80.1 clips/s)
  ep6 step17620 loss=0.1768 (80.1 clips/s)
  ep6 step17640 loss=0.1771 (80.1 clips/s)
  ep6 step17660 loss=0.1764 (80.1 clips/s)
  ep6 step17680 loss=0.1766 (80.1 clips/s)
  ep6 step17700 loss=0.1771 (80.1 clips/s)
  ep6 step17720 loss=0.1774 (80.1 clips/s)
  ep6 step17740 loss=0.1773 (80.1 clips/s)
  ep6 step17760 loss=0.1771 (80.1 clips/s)
  ep6 step17780 loss=0.1771 (80.1 clips/s)
  ep6 step17800 loss=0.1768 (80.1 clips/s)
  ep6 step17820 loss=0.1769 (80.1 clips/s)
  ep6 step17840 loss=0.1767 (80.1 clips/s)
  ep6 step17860 loss=0.1766 (80.1 clips/s)
  ep6 step17880 loss=0.1768 (80.1 clips/s)
  ep6 step17900 loss=0.1767 (80.1 clips/s)
  ep6 step17920 loss=0.1761 (80.1 clips/s)
  ep6 step17940 loss=0.1764 (80.1 clips/s)
  ep6 step17960 loss=0.1765 (80.1 clips/s)
  ep6 step17980 loss=0.1763 (80.1 clips/s)
  ep6 step18000 loss=0.1760 (80.1 clips/s)
[epoch 6] loss=0.1760 val_avg_f1=0.7253 val_acc=0.8926 (20.6 min)
  ep7 step18020 loss=0.1710 (69.4 clips/s)
  ep7 step18040 loss=0.1426 (74.4 clips/s)
  ep7 step18060 loss=0.1224 (76.2 clips/s)
  ep7 step18080 loss=0.1487 (77.2 clips/s)
  ep7 step18100 loss=0.1607 (77.8 clips/s)
  ep7 step18120 loss=0.1650 (78.2 clips/s)
  ep7 step18140 loss=0.1604 (78.5 clips/s)
  ep7 step18160 loss=0.1555 (78.7 clips/s)
  ep7 step18180 loss=0.1761 (78.9 clips/s)
  ep7 step18200 loss=0.1728 (79.0 clips/s)
  ep7 step18220 loss=0.1754 (79.1 clips/s)
  ep7 step18240 loss=0.1763 (79.2 clips/s)
  ep7 step18260 loss=0.1744 (79.3 clips/s)
  ep7 step18280 loss=0.1709 (79.3 clips/s)
  ep7 step18300 loss=0.1703 (79.4 clips/s)
  ep7 step18320 loss=0.1691 (79.4 clips/s)
  ep7 step18340 loss=0.1668 (79.5 clips/s)
  ep7 step18360 loss=0.1669 (79.5 clips/s)
  ep7 step18380 loss=0.1656 (79.6 clips/s)
  ep7 step18400 loss=0.1664 (79.6 clips/s)
  ep7 step18420 loss=0.1641 (79.6 clips/s)
  ep7 step18440 loss=0.1623 (79.7 clips/s)
  ep7 step18460 loss=0.1637 (79.7 clips/s)
  ep7 step18480 loss=0.1631 (79.7 clips/s)
  ep7 step18500 loss=0.1613 (79.7 clips/s)
  ep7 step18520 loss=0.1644 (79.7 clips/s)
  ep7 step18540 loss=0.1636 (79.8 clips/s)
  ep7 step18560 loss=0.1635 (79.8 clips/s)
  ep7 step18580 loss=0.1617 (79.8 clips/s)
  ep7 step18600 loss=0.1638 (79.8 clips/s)
  ep7 step18620 loss=0.1629 (79.8 clips/s)
  ep7 step18640 loss=0.1613 (79.8 clips/s)
  ep7 step18660 loss=0.1616 (79.8 clips/s)
  ep7 step18680 loss=0.1610 (79.8 clips/s)
  ep7 step18700 loss=0.1600 (79.9 clips/s)
  ep7 step18720 loss=0.1596 (79.9 clips/s)
  ep7 step18740 loss=0.1602 (79.9 clips/s)
  ep7 step18760 loss=0.1598 (79.9 clips/s)
  ep7 step18780 loss=0.1594 (79.9 clips/s)
  ep7 step18800 loss=0.1594 (79.9 clips/s)
  ep7 step18820 loss=0.1601 (79.9 clips/s)
  ep7 step18840 loss=0.1603 (79.9 clips/s)
  ep7 step18860 loss=0.1587 (79.9 clips/s)
  ep7 step18880 loss=0.1598 (79.9 clips/s)
  ep7 step18900 loss=0.1607 (79.9 clips/s)
  ep7 step18920 loss=0.1607 (79.9 clips/s)
  ep7 step18940 loss=0.1616 (79.9 clips/s)
  ep7 step18960 loss=0.1618 (79.9 clips/s)
  ep7 step18980 loss=0.1624 (80.0 clips/s)
  ep7 step19000 loss=0.1620 (80.0 clips/s)
  ep7 step19020 loss=0.1608 (80.0 clips/s)
  ep7 step19040 loss=0.1597 (80.0 clips/s)
  ep7 step19060 loss=0.1592 (80.0 clips/s)
  ep7 step19080 loss=0.1586 (80.0 clips/s)
  ep7 step19100 loss=0.1586 (80.0 clips/s)
  ep7 step19120 loss=0.1593 (80.0 clips/s)
  ep7 step19140 loss=0.1590 (80.0 clips/s)
  ep7 step19160 loss=0.1582 (80.0 clips/s)
  ep7 step19180 loss=0.1579 (80.0 clips/s)
  ep7 step19200 loss=0.1585 (80.0 clips/s)
  ep7 step19220 loss=0.1580 (80.0 clips/s)
  ep7 step19240 loss=0.1587 (80.0 clips/s)
  ep7 step19260 loss=0.1587 (80.0 clips/s)
  ep7 step19280 loss=0.1576 (80.0 clips/s)
  ep7 step19300 loss=0.1575 (80.0 clips/s)
  ep7 step19320 loss=0.1579 (80.0 clips/s)
  ep7 step19340 loss=0.1581 (80.0 clips/s)
  ep7 step19360 loss=0.1582 (80.0 clips/s)
  ep7 step19380 loss=0.1583 (80.0 clips/s)
  ep7 step19400 loss=0.1576 (80.0 clips/s)
  ep7 step19420 loss=0.1569 (80.0 clips/s)
  ep7 step19440 loss=0.1567 (80.0 clips/s)
  ep7 step19460 loss=0.1573 (80.0 clips/s)
  ep7 step19480 loss=0.1575 (80.0 clips/s)
  ep7 step19500 loss=0.1570 (80.0 clips/s)
  ep7 step19520 loss=0.1568 (80.0 clips/s)
  ep7 step19540 loss=0.1569 (80.0 clips/s)
  ep7 step19560 loss=0.1567 (80.1 clips/s)
  ep7 step19580 loss=0.1564 (80.1 clips/s)
  ep7 step19600 loss=0.1571 (80.1 clips/s)
  ep7 step19620 loss=0.1567 (80.1 clips/s)
  ep7 step19640 loss=0.1570 (80.1 clips/s)
  ep7 step19660 loss=0.1582 (80.1 clips/s)
  ep7 step19680 loss=0.1581 (80.1 clips/s)
  ep7 step19700 loss=0.1577 (80.1 clips/s)
  ep7 step19720 loss=0.1574 (80.1 clips/s)
  ep7 step19740 loss=0.1574 (80.1 clips/s)
  ep7 step19760 loss=0.1570 (80.1 clips/s)
  ep7 step19780 loss=0.1571 (80.1 clips/s)
  ep7 step19800 loss=0.1567 (80.1 clips/s)
  ep7 step19820 loss=0.1575 (80.1 clips/s)
  ep7 step19840 loss=0.1582 (80.1 clips/s)
  ep7 step19860 loss=0.1581 (80.1 clips/s)
  ep7 step19880 loss=0.1582 (80.1 clips/s)
  ep7 step19900 loss=0.1587 (80.1 clips/s)
  ep7 step19920 loss=0.1585 (80.1 clips/s)
  ep7 step19940 loss=0.1585 (80.1 clips/s)
  ep7 step19960 loss=0.1580 (80.1 clips/s)
  ep7 step19980 loss=0.1581 (80.1 clips/s)
  ep7 step20000 loss=0.1584 (80.1 clips/s)
  ep7 step20020 loss=0.1579 (80.1 clips/s)
  ep7 step20040 loss=0.1578 (80.1 clips/s)
  ep7 step20060 loss=0.1580 (80.1 clips/s)
  ep7 step20080 loss=0.1579 (80.1 clips/s)
  ep7 step20100 loss=0.1576 (80.1 clips/s)
  ep7 step20120 loss=0.1580 (80.1 clips/s)
  ep7 step20140 loss=0.1581 (80.1 clips/s)
  ep7 step20160 loss=0.1579 (80.1 clips/s)
  ep7 step20180 loss=0.1572 (80.1 clips/s)
  ep7 step20200 loss=0.1571 (80.1 clips/s)
  ep7 step20220 loss=0.1579 (80.1 clips/s)
  ep7 step20240 loss=0.1576 (80.1 clips/s)
  ep7 step20260 loss=0.1582 (80.1 clips/s)
  ep7 step20280 loss=0.1582 (80.1 clips/s)
  ep7 step20300 loss=0.1581 (80.1 clips/s)
  ep7 step20320 loss=0.1583 (80.1 clips/s)
  ep7 step20340 loss=0.1581 (80.1 clips/s)
  ep7 step20360 loss=0.1577 (80.1 clips/s)
  ep7 step20380 loss=0.1580 (80.1 clips/s)
  ep7 step20400 loss=0.1576 (80.1 clips/s)
  ep7 step20420 loss=0.1572 (80.1 clips/s)
  ep7 step20440 loss=0.1569 (80.1 clips/s)
  ep7 step20460 loss=0.1566 (80.1 clips/s)
  ep7 step20480 loss=0.1567 (80.1 clips/s)
  ep7 step20500 loss=0.1567 (80.1 clips/s)
  ep7 step20520 loss=0.1577 (80.1 clips/s)
  ep7 step20540 loss=0.1574 (80.1 clips/s)
  ep7 step20560 loss=0.1580 (80.1 clips/s)
  ep7 step20580 loss=0.1584 (80.1 clips/s)
  ep7 step20600 loss=0.1578 (80.1 clips/s)
  ep7 step20620 loss=0.1575 (80.1 clips/s)
  ep7 step20640 loss=0.1573 (80.1 clips/s)
  ep7 step20660 loss=0.1573 (80.1 clips/s)
  ep7 step20680 loss=0.1568 (80.1 clips/s)
  ep7 step20700 loss=0.1568 (80.1 clips/s)
  ep7 step20720 loss=0.1567 (80.1 clips/s)
  ep7 step20740 loss=0.1567 (80.1 clips/s)
  ep7 step20760 loss=0.1566 (80.1 clips/s)
  ep7 step20780 loss=0.1569 (80.1 clips/s)
  ep7 step20800 loss=0.1567 (80.1 clips/s)
  ep7 step20820 loss=0.1571 (80.1 clips/s)
  ep7 step20840 loss=0.1570 (80.1 clips/s)
  ep7 step20860 loss=0.1579 (80.1 clips/s)
  ep7 step20880 loss=0.1580 (80.1 clips/s)
  ep7 step20900 loss=0.1580 (80.1 clips/s)
  ep7 step20920 loss=0.1582 (80.1 clips/s)
  ep7 step20940 loss=0.1581 (80.1 clips/s)
  ep7 step20960 loss=0.1577 (80.1 clips/s)
  ep7 step20980 loss=0.1582 (80.1 clips/s)
  ep7 step21000 loss=0.1581 (80.1 clips/s)
[epoch 7] loss=0.1581 val_avg_f1=0.7190 val_acc=0.8922 (20.6 min)
  ep8 step21020 loss=0.1260 (69.1 clips/s)
  ep8 step21040 loss=0.1536 (74.3 clips/s)
  ep8 step21060 loss=0.1268 (76.2 clips/s)
  ep8 step21080 loss=0.1525 (77.2 clips/s)
  ep8 step21100 loss=0.1528 (77.8 clips/s)
  ep8 step21120 loss=0.1395 (78.2 clips/s)
  ep8 step21140 loss=0.1374 (78.5 clips/s)
  ep8 step21160 loss=0.1438 (78.7 clips/s)
  ep8 step21180 loss=0.1417 (78.9 clips/s)
  ep8 step21200 loss=0.1352 (79.0 clips/s)
  ep8 step21220 loss=0.1321 (79.1 clips/s)
  ep8 step21240 loss=0.1326 (79.2 clips/s)
  ep8 step21260 loss=0.1355 (79.3 clips/s)
  ep8 step21280 loss=0.1344 (79.4 clips/s)
  ep8 step21300 loss=0.1332 (79.4 clips/s)
  ep8 step21320 loss=0.1370 (79.5 clips/s)
  ep8 step21340 loss=0.1364 (79.5 clips/s)
  ep8 step21360 loss=0.1387 (79.6 clips/s)
  ep8 step21380 loss=0.1402 (79.6 clips/s)
  ep8 step21400 loss=0.1424 (79.6 clips/s)
  ep8 step21420 loss=0.1427 (79.7 clips/s)
  ep8 step21440 loss=0.1453 (79.7 clips/s)
  ep8 step21460 loss=0.1470 (79.7 clips/s)
  ep8 step21480 loss=0.1486 (79.7 clips/s)
  ep8 step21500 loss=0.1470 (79.8 clips/s)
  ep8 step21520 loss=0.1481 (79.8 clips/s)
  ep8 step21540 loss=0.1486 (79.8 clips/s)
  ep8 step21560 loss=0.1488 (79.8 clips/s)
  ep8 step21580 loss=0.1493 (79.8 clips/s)
  ep8 step21600 loss=0.1471 (79.8 clips/s)
  ep8 step21620 loss=0.1459 (79.8 clips/s)
  ep8 step21640 loss=0.1476 (79.9 clips/s)
  ep8 step21660 loss=0.1452 (79.9 clips/s)
  ep8 step21680 loss=0.1435 (79.9 clips/s)
  ep8 step21700 loss=0.1469 (79.9 clips/s)
  ep8 step21720 loss=0.1465 (79.9 clips/s)
  ep8 step21740 loss=0.1479 (79.9 clips/s)
  ep8 step21760 loss=0.1486 (79.9 clips/s)
  ep8 step21780 loss=0.1484 (79.9 clips/s)
  ep8 step21800 loss=0.1494 (79.9 clips/s)
  ep8 step21820 loss=0.1495 (79.9 clips/s)
  ep8 step21840 loss=0.1494 (80.0 clips/s)
  ep8 step21860 loss=0.1479 (80.0 clips/s)
  ep8 step21880 loss=0.1467 (80.0 clips/s)
  ep8 step21900 loss=0.1458 (80.0 clips/s)
  ep8 step21920 loss=0.1450 (80.0 clips/s)
  ep8 step21940 loss=0.1447 (80.0 clips/s)
  ep8 step21960 loss=0.1441 (80.0 clips/s)
  ep8 step21980 loss=0.1434 (80.0 clips/s)
  ep8 step22000 loss=0.1438 (80.0 clips/s)
  ep8 step22020 loss=0.1447 (80.0 clips/s)
  ep8 step22040 loss=0.1447 (80.0 clips/s)
  ep8 step22060 loss=0.1441 (80.0 clips/s)
  ep8 step22080 loss=0.1444 (80.0 clips/s)
  ep8 step22100 loss=0.1452 (80.0 clips/s)
  ep8 step22120 loss=0.1439 (80.0 clips/s)
  ep8 step22140 loss=0.1439 (80.0 clips/s)
  ep8 step22160 loss=0.1435 (80.0 clips/s)
  ep8 step22180 loss=0.1444 (80.0 clips/s)
  ep8 step22200 loss=0.1434 (80.0 clips/s)
  ep8 step22220 loss=0.1423 (80.0 clips/s)
  ep8 step22240 loss=0.1433 (80.0 clips/s)
  ep8 step22260 loss=0.1426 (80.0 clips/s)
  ep8 step22280 loss=0.1421 (80.0 clips/s)
  ep8 step22300 loss=0.1422 (80.0 clips/s)
  ep8 step22320 loss=0.1440 (80.0 clips/s)
  ep8 step22340 loss=0.1438 (80.0 clips/s)
  ep8 step22360 loss=0.1436 (80.1 clips/s)
  ep8 step22380 loss=0.1431 (80.1 clips/s)
  ep8 step22400 loss=0.1432 (80.1 clips/s)
  ep8 step22420 loss=0.1438 (80.1 clips/s)
  ep8 step22440 loss=0.1431 (80.1 clips/s)
  ep8 step22460 loss=0.1433 (80.1 clips/s)
  ep8 step22480 loss=0.1433 (80.1 clips/s)
  ep8 step22500 loss=0.1438 (80.1 clips/s)
  ep8 step22520 loss=0.1435 (80.1 clips/s)
  ep8 step22540 loss=0.1430 (80.1 clips/s)
  ep8 step22560 loss=0.1433 (80.1 clips/s)
  ep8 step22580 loss=0.1425 (80.1 clips/s)
  ep8 step22600 loss=0.1427 (80.1 clips/s)
  ep8 step22620 loss=0.1426 (80.1 clips/s)
  ep8 step22640 loss=0.1425 (80.1 clips/s)
  ep8 step22660 loss=0.1422 (80.1 clips/s)
  ep8 step22680 loss=0.1419 (80.1 clips/s)
  ep8 step22700 loss=0.1419 (80.1 clips/s)
  ep8 step22720 loss=0.1417 (80.1 clips/s)
  ep8 step22740 loss=0.1424 (80.1 clips/s)
  ep8 step22760 loss=0.1424 (80.1 clips/s)
  ep8 step22780 loss=0.1424 (80.1 clips/s)
  ep8 step22800 loss=0.1428 (80.1 clips/s)
  ep8 step22820 loss=0.1434 (80.1 clips/s)
  ep8 step22840 loss=0.1440 (80.1 clips/s)
  ep8 step22860 loss=0.1440 (80.1 clips/s)
  ep8 step22880 loss=0.1443 (80.1 clips/s)
  ep8 step22900 loss=0.1449 (80.1 clips/s)
  ep8 step22920 loss=0.1444 (80.1 clips/s)
  ep8 step22940 loss=0.1439 (80.1 clips/s)
  ep8 step22960 loss=0.1438 (80.1 clips/s)
  ep8 step22980 loss=0.1443 (80.1 clips/s)
  ep8 step23000 loss=0.1442 (80.1 clips/s)
  ep8 step23020 loss=0.1441 (80.1 clips/s)
  ep8 step23040 loss=0.1445 (80.1 clips/s)
  ep8 step23060 loss=0.1456 (80.1 clips/s)
  ep8 step23080 loss=0.1458 (80.1 clips/s)
  ep8 step23100 loss=0.1461 (80.1 clips/s)
  ep8 step23120 loss=0.1468 (80.1 clips/s)
  ep8 step23140 loss=0.1465 (80.1 clips/s)
  ep8 step23160 loss=0.1461 (80.1 clips/s)
  ep8 step23180 loss=0.1469 (80.1 clips/s)
  ep8 step23200 loss=0.1467 (80.1 clips/s)
  ep8 step23220 loss=0.1463 (80.1 clips/s)
  ep8 step23240 loss=0.1463 (80.1 clips/s)
  ep8 step23260 loss=0.1458 (80.1 clips/s)
  ep8 step23280 loss=0.1455 (80.1 clips/s)
  ep8 step23300 loss=0.1454 (80.1 clips/s)
  ep8 step23320 loss=0.1456 (80.1 clips/s)
  ep8 step23340 loss=0.1456 (80.1 clips/s)
  ep8 step23360 loss=0.1458 (80.1 clips/s)
  ep8 step23380 loss=0.1456 (80.1 clips/s)
  ep8 step23400 loss=0.1453 (80.1 clips/s)
  ep8 step23420 loss=0.1452 (80.1 clips/s)
  ep8 step23440 loss=0.1455 (80.1 clips/s)
  ep8 step23460 loss=0.1452 (80.1 clips/s)
  ep8 step23480 loss=0.1446 (80.1 clips/s)
  ep8 step23500 loss=0.1443 (80.1 clips/s)
  ep8 step23520 loss=0.1443 (80.1 clips/s)
  ep8 step23540 loss=0.1438 (80.1 clips/s)
  ep8 step23560 loss=0.1440 (80.1 clips/s)
  ep8 step23580 loss=0.1437 (80.1 clips/s)
  ep8 step23600 loss=0.1438 (80.1 clips/s)
  ep8 step23620 loss=0.1440 (80.1 clips/s)
  ep8 step23640 loss=0.1440 (80.1 clips/s)
  ep8 step23660 loss=0.1443 (80.1 clips/s)
  ep8 step23680 loss=0.1446 (80.1 clips/s)
  ep8 step23700 loss=0.1449 (80.1 clips/s)
  ep8 step23720 loss=0.1447 (80.1 clips/s)
  ep8 step23740 loss=0.1450 (80.1 clips/s)
  ep8 step23760 loss=0.1449 (80.1 clips/s)
  ep8 step23780 loss=0.1453 (80.1 clips/s)
  ep8 step23800 loss=0.1450 (80.1 clips/s)
  ep8 step23820 loss=0.1450 (80.1 clips/s)
  ep8 step23840 loss=0.1460 (80.1 clips/s)
  ep8 step23860 loss=0.1461 (80.1 clips/s)
  ep8 step23880 loss=0.1461 (80.1 clips/s)
  ep8 step23900 loss=0.1460 (80.1 clips/s)
  ep8 step23920 loss=0.1460 (80.1 clips/s)
  ep8 step23940 loss=0.1461 (80.1 clips/s)
  ep8 step23960 loss=0.1462 (80.1 clips/s)
  ep8 step23980 loss=0.1461 (80.1 clips/s)
  ep8 step24000 loss=0.1464 (80.1 clips/s)
[epoch 8] loss=0.1464 val_avg_f1=0.7140 val_acc=0.8908 (20.6 min)
  ep9 step24020 loss=0.0849 (70.6 clips/s)
  ep9 step24040 loss=0.1555 (75.1 clips/s)
  ep9 step24060 loss=0.1671 (76.8 clips/s)
  ep9 step24080 loss=0.1647 (77.6 clips/s)
  ep9 step24100 loss=0.1503 (78.1 clips/s)
  ep9 step24120 loss=0.1555 (78.4 clips/s)
  ep9 step24140 loss=0.1608 (78.7 clips/s)
  ep9 step24160 loss=0.1535 (78.9 clips/s)
  ep9 step24180 loss=0.1464 (79.0 clips/s)
  ep9 step24200 loss=0.1488 (79.1 clips/s)
  ep9 step24220 loss=0.1390 (79.2 clips/s)
  ep9 step24240 loss=0.1424 (79.3 clips/s)
  ep9 step24260 loss=0.1411 (79.4 clips/s)
  ep9 step24280 loss=0.1435 (79.5 clips/s)
  ep9 step24300 loss=0.1485 (79.5 clips/s)
  ep9 step24320 loss=0.1460 (79.5 clips/s)
  ep9 step24340 loss=0.1467 (79.6 clips/s)
  ep9 step24360 loss=0.1441 (79.6 clips/s)
  ep9 step24380 loss=0.1421 (79.7 clips/s)
  ep9 step24400 loss=0.1415 (79.7 clips/s)
  ep9 step24420 loss=0.1407 (79.7 clips/s)
  ep9 step24440 loss=0.1442 (79.7 clips/s)
  ep9 step24460 loss=0.1434 (79.8 clips/s)
  ep9 step24480 loss=0.1435 (79.8 clips/s)
  ep9 step24500 loss=0.1422 (79.8 clips/s)
  ep9 step24520 loss=0.1419 (79.8 clips/s)
  ep9 step24540 loss=0.1423 (79.8 clips/s)
  ep9 step24560 loss=0.1436 (79.8 clips/s)
  ep9 step24580 loss=0.1412 (79.9 clips/s)
  ep9 step24600 loss=0.1441 (79.9 clips/s)
  ep9 step24620 loss=0.1450 (79.9 clips/s)
  ep9 step24640 loss=0.1439 (79.9 clips/s)
  ep9 step24660 loss=0.1425 (79.9 clips/s)
  ep9 step24680 loss=0.1429 (79.9 clips/s)
  ep9 step24700 loss=0.1419 (79.9 clips/s)
  ep9 step24720 loss=0.1432 (79.9 clips/s)
  ep9 step24740 loss=0.1441 (79.9 clips/s)
  ep9 step24760 loss=0.1437 (79.9 clips/s)
  ep9 step24780 loss=0.1438 (79.9 clips/s)
  ep9 step24800 loss=0.1439 (80.0 clips/s)
  ep9 step24820 loss=0.1437 (80.0 clips/s)
  ep9 step24840 loss=0.1441 (80.0 clips/s)
  ep9 step24860 loss=0.1437 (80.0 clips/s)
  ep9 step24880 loss=0.1423 (80.0 clips/s)
  ep9 step24900 loss=0.1421 (80.0 clips/s)
  ep9 step24920 loss=0.1419 (80.0 clips/s)
  ep9 step24940 loss=0.1426 (80.0 clips/s)
  ep9 step24960 loss=0.1417 (80.0 clips/s)
  ep9 step24980 loss=0.1409 (80.0 clips/s)
  ep9 step25000 loss=0.1405 (80.0 clips/s)
  ep9 step25020 loss=0.1398 (80.0 clips/s)
  ep9 step25040 loss=0.1411 (80.0 clips/s)
  ep9 step25060 loss=0.1417 (80.0 clips/s)
  ep9 step25080 loss=0.1412 (80.0 clips/s)
  ep9 step25100 loss=0.1404 (80.0 clips/s)
  ep9 step25120 loss=0.1399 (80.0 clips/s)
  ep9 step25140 loss=0.1410 (80.0 clips/s)
  ep9 step25160 loss=0.1404 (80.0 clips/s)
  ep9 step25180 loss=0.1400 (80.0 clips/s)
  ep9 step25200 loss=0.1391 (80.1 clips/s)
  ep9 step25220 loss=0.1381 (80.1 clips/s)
  ep9 step25240 loss=0.1383 (80.1 clips/s)
  ep9 step25260 loss=0.1378 (80.1 clips/s)
  ep9 step25280 loss=0.1394 (80.1 clips/s)
  ep9 step25300 loss=0.1396 (80.1 clips/s)
  ep9 step25320 loss=0.1393 (80.1 clips/s)
  ep9 step25340 loss=0.1388 (80.1 clips/s)
  ep9 step25360 loss=0.1388 (80.1 clips/s)
  ep9 step25380 loss=0.1388 (80.1 clips/s)
  ep9 step25400 loss=0.1388 (80.1 clips/s)
  ep9 step25420 loss=0.1384 (80.1 clips/s)
  ep9 step25440 loss=0.1381 (80.1 clips/s)
  ep9 step25460 loss=0.1382 (80.1 clips/s)
  ep9 step25480 loss=0.1387 (80.1 clips/s)
  ep9 step25500 loss=0.1393 (80.1 clips/s)
  ep9 step25520 loss=0.1392 (80.1 clips/s)
  ep9 step25540 loss=0.1385 (80.1 clips/s)
  ep9 step25560 loss=0.1387 (80.1 clips/s)
  ep9 step25580 loss=0.1392 (80.1 clips/s)
  ep9 step25600 loss=0.1386 (80.1 clips/s)
  ep9 step25620 loss=0.1382 (80.1 clips/s)
  ep9 step25640 loss=0.1387 (80.1 clips/s)
  ep9 step25660 loss=0.1386 (80.1 clips/s)
  ep9 step25680 loss=0.1389 (80.1 clips/s)
  ep9 step25700 loss=0.1384 (80.1 clips/s)
  ep9 step25720 loss=0.1382 (80.1 clips/s)
  ep9 step25740 loss=0.1384 (80.1 clips/s)
  ep9 step25760 loss=0.1385 (80.1 clips/s)
  ep9 step25780 loss=0.1384 (80.1 clips/s)
  ep9 step25800 loss=0.1380 (80.1 clips/s)
  ep9 step25820 loss=0.1386 (80.1 clips/s)
  ep9 step25840 loss=0.1386 (80.1 clips/s)
  ep9 step25860 loss=0.1391 (80.1 clips/s)
  ep9 step25880 loss=0.1390 (80.1 clips/s)
  ep9 step25900 loss=0.1390 (80.1 clips/s)
  ep9 step25920 loss=0.1386 (80.1 clips/s)
  ep9 step25940 loss=0.1395 (80.1 clips/s)
  ep9 step25960 loss=0.1391 (80.1 clips/s)
  ep9 step25980 loss=0.1392 (80.1 clips/s)
  ep9 step26000 loss=0.1402 (80.1 clips/s)
  ep9 step26020 loss=0.1399 (80.1 clips/s)
  ep9 step26040 loss=0.1393 (80.1 clips/s)
  ep9 step26060 loss=0.1395 (80.1 clips/s)
  ep9 step26080 loss=0.1395 (80.1 clips/s)
  ep9 step26100 loss=0.1395 (80.1 clips/s)
  ep9 step26120 loss=0.1400 (80.1 clips/s)
  ep9 step26140 loss=0.1395 (80.1 clips/s)
  ep9 step26160 loss=0.1396 (80.1 clips/s)
  ep9 step26180 loss=0.1392 (80.1 clips/s)
  ep9 step26200 loss=0.1391 (80.1 clips/s)
  ep9 step26220 loss=0.1394 (80.1 clips/s)
  ep9 step26240 loss=0.1393 (80.1 clips/s)
  ep9 step26260 loss=0.1395 (80.1 clips/s)
  ep9 step26280 loss=0.1400 (80.1 clips/s)
  ep9 step26300 loss=0.1396 (80.1 clips/s)
  ep9 step26320 loss=0.1395 (80.1 clips/s)
  ep9 step26340 loss=0.1395 (80.1 clips/s)
  ep9 step26360 loss=0.1400 (80.1 clips/s)
  ep9 step26380 loss=0.1402 (80.1 clips/s)
  ep9 step26400 loss=0.1396 (80.1 clips/s)
  ep9 step26420 loss=0.1393 (80.1 clips/s)
  ep9 step26440 loss=0.1400 (80.1 clips/s)
  ep9 step26460 loss=0.1398 (80.1 clips/s)
  ep9 step26480 loss=0.1399 (80.1 clips/s)
  ep9 step26500 loss=0.1395 (80.1 clips/s)
  ep9 step26520 loss=0.1390 (80.1 clips/s)
  ep9 step26540 loss=0.1389 (80.2 clips/s)
  ep9 step26560 loss=0.1393 (80.2 clips/s)
  ep9 step26580 loss=0.1398 (80.2 clips/s)
  ep9 step26600 loss=0.1402 (80.2 clips/s)
  ep9 step26620 loss=0.1405 (80.2 clips/s)
  ep9 step26640 loss=0.1404 (80.2 clips/s)
  ep9 step26660 loss=0.1400 (80.2 clips/s)
  ep9 step26680 loss=0.1399 (80.2 clips/s)
  ep9 step26700 loss=0.1397 (80.2 clips/s)
  ep9 step26720 loss=0.1392 (80.2 clips/s)
  ep9 step26740 loss=0.1391 (80.2 clips/s)
  ep9 step26760 loss=0.1388 (80.2 clips/s)
  ep9 step26780 loss=0.1387 (80.2 clips/s)
  ep9 step26800 loss=0.1382 (80.2 clips/s)
  ep9 step26820 loss=0.1379 (80.2 clips/s)
  ep9 step26840 loss=0.1379 (80.2 clips/s)
  ep9 step26860 loss=0.1374 (80.2 clips/s)
  ep9 step26880 loss=0.1377 (80.2 clips/s)
  ep9 step26900 loss=0.1380 (80.2 clips/s)
  ep9 step26920 loss=0.1378 (80.2 clips/s)
  ep9 step26940 loss=0.1378 (80.2 clips/s)
  ep9 step26960 loss=0.1376 (80.2 clips/s)
  ep9 step26980 loss=0.1375 (80.2 clips/s)
  ep9 step27000 loss=0.1381 (80.2 clips/s)
[epoch 9] loss=0.1381 val_avg_f1=0.7198 val_acc=0.8903 (20.6 min)
  ep10 step27020 loss=0.0966 (71.1 clips/s)
  ep10 step27040 loss=0.1130 (75.4 clips/s)
  ep10 step27060 loss=0.1153 (77.0 clips/s)
  ep10 step27080 loss=0.1347 (77.8 clips/s)
  ep10 step27100 loss=0.1344 (78.2 clips/s)
  ep10 step27120 loss=0.1411 (78.6 clips/s)
  ep10 step27140 loss=0.1461 (78.8 clips/s)
  ep10 step27160 loss=0.1459 (79.0 clips/s)
  ep10 step27180 loss=0.1487 (79.1 clips/s)
  ep10 step27200 loss=0.1476 (79.2 clips/s)
  ep10 step27220 loss=0.1483 (79.3 clips/s)
  ep10 step27240 loss=0.1427 (79.4 clips/s)
  ep10 step27260 loss=0.1403 (79.5 clips/s)
  ep10 step27280 loss=0.1440 (79.5 clips/s)
  ep10 step27300 loss=0.1394 (79.6 clips/s)
  ep10 step27320 loss=0.1385 (79.6 clips/s)
  ep10 step27340 loss=0.1448 (79.6 clips/s)
  ep10 step27360 loss=0.1480 (79.7 clips/s)
  ep10 step27380 loss=0.1459 (79.7 clips/s)
  ep10 step27400 loss=0.1459 (79.7 clips/s)
  ep10 step27420 loss=0.1449 (79.7 clips/s)
  ep10 step27440 loss=0.1441 (79.8 clips/s)
  ep10 step27460 loss=0.1439 (79.8 clips/s)
  ep10 step27480 loss=0.1420 (79.8 clips/s)
  ep10 step27500 loss=0.1398 (79.8 clips/s)
  ep10 step27520 loss=0.1391 (79.8 clips/s)
  ep10 step27540 loss=0.1389 (79.8 clips/s)
  ep10 step27560 loss=0.1365 (79.9 clips/s)
  ep10 step27580 loss=0.1355 (79.9 clips/s)
  ep10 step27600 loss=0.1371 (79.9 clips/s)
  ep10 step27620 loss=0.1367 (79.9 clips/s)
  ep10 step27640 loss=0.1346 (79.9 clips/s)
  ep10 step27660 loss=0.1334 (79.9 clips/s)
  ep10 step27680 loss=0.1322 (79.9 clips/s)
  ep10 step27700 loss=0.1321 (79.9 clips/s)
  ep10 step27720 loss=0.1311 (80.0 clips/s)
  ep10 step27740 loss=0.1304 (80.0 clips/s)
  ep10 step27760 loss=0.1328 (80.0 clips/s)
  ep10 step27780 loss=0.1315 (80.0 clips/s)
  ep10 step27800 loss=0.1313 (80.0 clips/s)
  ep10 step27820 loss=0.1309 (80.0 clips/s)
  ep10 step27840 loss=0.1303 (80.0 clips/s)
  ep10 step27860 loss=0.1288 (80.0 clips/s)
  ep10 step27880 loss=0.1299 (80.0 clips/s)
  ep10 step27900 loss=0.1299 (80.0 clips/s)
  ep10 step27920 loss=0.1296 (80.0 clips/s)
  ep10 step27940 loss=0.1293 (80.0 clips/s)
  ep10 step27960 loss=0.1300 (80.0 clips/s)
  ep10 step27980 loss=0.1311 (80.0 clips/s)
  ep10 step28000 loss=0.1299 (80.0 clips/s)
  ep10 step28020 loss=0.1288 (80.0 clips/s)
  ep10 step28040 loss=0.1290 (80.1 clips/s)
  ep10 step28060 loss=0.1282 (80.1 clips/s)
  ep10 step28080 loss=0.1280 (80.1 clips/s)
  ep10 step28100 loss=0.1278 (80.1 clips/s)
  ep10 step28120 loss=0.1284 (80.1 clips/s)
  ep10 step28140 loss=0.1287 (80.1 clips/s)
  ep10 step28160 loss=0.1291 (80.1 clips/s)
  ep10 step28180 loss=0.1284 (80.1 clips/s)
  ep10 step28200 loss=0.1295 (80.1 clips/s)
  ep10 step28220 loss=0.1297 (80.1 clips/s)
  ep10 step28240 loss=0.1300 (80.1 clips/s)
  ep10 step28260 loss=0.1299 (80.1 clips/s)
  ep10 step28280 loss=0.1299 (80.1 clips/s)
  ep10 step28300 loss=0.1291 (80.1 clips/s)
  ep10 step28320 loss=0.1288 (80.1 clips/s)
  ep10 step28340 loss=0.1291 (80.1 clips/s)
  ep10 step28360 loss=0.1294 (80.1 clips/s)
  ep10 step28380 loss=0.1300 (80.1 clips/s)
  ep10 step28400 loss=0.1300 (80.1 clips/s)
  ep10 step28420 loss=0.1295 (80.1 clips/s)
  ep10 step28440 loss=0.1298 (80.1 clips/s)
  ep10 step28460 loss=0.1298 (80.1 clips/s)
  ep10 step28480 loss=0.1291 (80.1 clips/s)
  ep10 step28500 loss=0.1289 (80.1 clips/s)
  ep10 step28520 loss=0.1301 (80.1 clips/s)
  ep10 step28540 loss=0.1299 (80.1 clips/s)
  ep10 step28560 loss=0.1301 (80.1 clips/s)
  ep10 step28580 loss=0.1300 (80.1 clips/s)
  ep10 step28600 loss=0.1308 (80.1 clips/s)
  ep10 step28620 loss=0.1313 (80.1 clips/s)
  ep10 step28640 loss=0.1308 (80.1 clips/s)
  ep10 step28660 loss=0.1310 (80.1 clips/s)
  ep10 step28680 loss=0.1310 (80.1 clips/s)
  ep10 step28700 loss=0.1319 (80.1 clips/s)
  ep10 step28720 loss=0.1318 (80.1 clips/s)
  ep10 step28740 loss=0.1324 (80.1 clips/s)
  ep10 step28760 loss=0.1320 (80.1 clips/s)
  ep10 step28780 loss=0.1322 (80.1 clips/s)
  ep10 step28800 loss=0.1321 (80.1 clips/s)
  ep10 step28820 loss=0.1325 (80.1 clips/s)
  ep10 step28840 loss=0.1324 (80.1 clips/s)
  ep10 step28860 loss=0.1331 (80.1 clips/s)
  ep10 step28880 loss=0.1337 (80.1 clips/s)
  ep10 step28900 loss=0.1335 (80.1 clips/s)
  ep10 step28920 loss=0.1337 (80.1 clips/s)
  ep10 step28940 loss=0.1337 (80.1 clips/s)
  ep10 step28960 loss=0.1336 (80.1 clips/s)
  ep10 step28980 loss=0.1337 (80.1 clips/s)
  ep10 step29000 loss=0.1339 (80.1 clips/s)
  ep10 step29020 loss=0.1339 (80.1 clips/s)
  ep10 step29040 loss=0.1341 (80.1 clips/s)
  ep10 step29060 loss=0.1343 (80.2 clips/s)
  ep10 step29080 loss=0.1348 (80.2 clips/s)
  ep10 step29100 loss=0.1351 (80.2 clips/s)
  ep10 step29120 loss=0.1352 (80.2 clips/s)
  ep10 step29140 loss=0.1352 (80.2 clips/s)
  ep10 step29160 loss=0.1359 (80.2 clips/s)
  ep10 step29180 loss=0.1352 (80.2 clips/s)
  ep10 step29200 loss=0.1358 (80.2 clips/s)
  ep10 step29220 loss=0.1360 (80.2 clips/s)
  ep10 step29240 loss=0.1358 (80.2 clips/s)
  ep10 step29260 loss=0.1360 (80.2 clips/s)
  ep10 step29280 loss=0.1358 (80.2 clips/s)
  ep10 step29300 loss=0.1368 (80.2 clips/s)
  ep10 step29320 loss=0.1370 (80.2 clips/s)
  ep10 step29340 loss=0.1365 (80.2 clips/s)
  ep10 step29360 loss=0.1362 (80.2 clips/s)
  ep10 step29380 loss=0.1362 (80.2 clips/s)
  ep10 step29400 loss=0.1358 (80.2 clips/s)
  ep10 step29420 loss=0.1354 (80.2 clips/s)
  ep10 step29440 loss=0.1354 (80.2 clips/s)
  ep10 step29460 loss=0.1354 (80.2 clips/s)
  ep10 step29480 loss=0.1359 (80.2 clips/s)
  ep10 step29500 loss=0.1359 (80.2 clips/s)
  ep10 step29520 loss=0.1362 (80.2 clips/s)
  ep10 step29540 loss=0.1360 (80.2 clips/s)
  ep10 step29560 loss=0.1358 (80.2 clips/s)
  ep10 step29580 loss=0.1356 (80.2 clips/s)
  ep10 step29600 loss=0.1353 (80.2 clips/s)
  ep10 step29620 loss=0.1355 (80.2 clips/s)
  ep10 step29640 loss=0.1354 (80.2 clips/s)
  ep10 step29660 loss=0.1351 (80.2 clips/s)
  ep10 step29680 loss=0.1349 (80.2 clips/s)
  ep10 step29700 loss=0.1348 (80.2 clips/s)
  ep10 step29720 loss=0.1349 (80.2 clips/s)
  ep10 step29740 loss=0.1350 (80.2 clips/s)
  ep10 step29760 loss=0.1351 (80.2 clips/s)
  ep10 step29780 loss=0.1351 (80.2 clips/s)
  ep10 step29800 loss=0.1349 (80.2 clips/s)
  ep10 step29820 loss=0.1354 (80.2 clips/s)
  ep10 step29840 loss=0.1355 (80.2 clips/s)
  ep10 step29860 loss=0.1355 (80.2 clips/s)
  ep10 step29880 loss=0.1354 (80.2 clips/s)
  ep10 step29900 loss=0.1356 (80.2 clips/s)
  ep10 step29920 loss=0.1362 (80.2 clips/s)
  ep10 step29940 loss=0.1364 (80.2 clips/s)
  ep10 step29960 loss=0.1365 (80.2 clips/s)
  ep10 step29980 loss=0.1364 (80.2 clips/s)
  ep10 step30000 loss=0.1361 (80.2 clips/s)
[epoch 10] loss=0.1361 val_avg_f1=0.7157 val_acc=0.8914 (20.6 min)
/root/autodl-tmp/experiments/train_p10_tsm.py:490: FutureWarning: You are using `torch.load` with `weights_only=False` (the current default value), which uses the default pickle module implicitly. It is possible to construct malicious pickle data which will execute arbitrary code during unpickling (See https://github.com/pytorch/pytorch/blob/main/SECURITY.md#untrusted-models for more details). In a future release, the default value for `weights_only` will be flipped to `True`. This limits the functions that could be executed during unpickling. Arbitrary objects will no longer be allowed to be loaded via this mode unless they are explicitly allowlisted by the user via `torch.serialization.add_safe_globals`. We recommend you start setting `weights_only=True` for any use case where you don't have full control of the loaded file. Please open an issue on GitHub for any issues related to this experimental feature.
  ckpt = torch.load(best_path, map_location="cpu")
[train] finished in 206.4 min, best val avg_f1=0.7335
[test] 1200 videos -> 12000 clips (stride=8)
[test] avg_f1=0.7053 acc=0.8831 fall_f1=0.6152 fallen_f1=0.5628 (n=12000)
[train] logs -> /root/autodl-tmp/logs/phase10/tsm_r50_8f_9600
[run_p10_tsm] done. logs: logs/phase10/tsm_r50_8f_9600
