[1] device=cuda | window=64 stride=8 | model=facebook/dinov2-giant
[2] 重建 E1Model from C:\Users\Lizhe\Documents\KPDT0507\logs\phase9\e1_5ep\best_model.pt
Loading weights:   0%|          | 0/727 [00:00<?, ?it/s]Loading weights:  80%|███████▉  | 579/727 [00:00<00:00, 5721.99it/s]Loading weights: 100%|██████████| 727/727 [00:00<00:00, 6990.89it/s]
C:\Users\Lizhe\anaconda3\envs\py310\lib\site-packages\torch\nn\modules\transformer.py:379: UserWarning: enable_nested_tensor is True, but self.use_nested_tensor is False because encoder_layer.norm_first was True
  warnings.warn(
[E1Model.from_checkpoint] 已从 best_model.pt 恢复 7.86M LoRA 参数 (rank=16) + 时序头；缺失键 746 个 = 冻结主干（预期）
[3] test 视频数 = 30（limit=30）
  [30/30] 完成 30 视频 / 90 窗口, 跳过 0
[4] 推理完成 30 视频 / 90 窗口, 墙钟 205.2s (6.8s/视频)

  raw  : ev_f1=0.7054 prec=0.7771 rec=0.6458 | fallen_prec=0.5270 avg_f1=0.5230
  canonical(K2=7,W=64): ev_f1=0.7054 prec=0.7771 rec=0.6458 | fallen_prec=0.5270 avg_f1=0.5230
  best(K2=10,W=32): ev_f1=0.7088 prec=0.7854 rec=0.6458 | fallen_prec=0.6393 avg_f1=0.5306

  event_f1 grid（* = best）:
    K2 | W=32    W=64    W=128
  K2=3   | 0.7083      0.7054      0.7054   
  K2=5   | 0.7083      0.7054      0.7054   
  K2=7   | 0.7083      0.7054      0.7054   
  K2=10  | 0.7088*     0.7059      0.7059   
  K2=15  | 0.6997      0.7045      0.7045   
  K2=20  | 0.6850      0.7011      0.7011   

Saved: C:\Users\Lizhe\Documents\KPDT0507\logs\phase9\e1_rulev2\rulev2_e1.json

  ── 对照（同 merged 口径）──
  baseline   raw 0.7558  |  best(K2=7,W=32) 0.7735 (prec 0.7212, rec 0.8339, fallen_prec 0.6913)
  E3-full    raw 0.7556  |  best(K2=5,W=64) 0.7654 (prec 0.6907, rec 0.8581, fallen_prec 0.6378)
  E1@2000    raw 0.7054  |  best(K2=10,W=32) 0.7088 (prec 0.7854, rec 0.6458, fallen_prec 0.6393)
