== W1/1a launch Tue Sep 29 08:07:49 CST 2026 | Exp-1a boundary λ=0.3 ==
== W1/1a cmd: /root/miniconda3/bin/python -u experiments/train_p9e1.py --data_mp4 data/e1_2000_manifest.csv --val_data data/p9e1_frames_val --npz data/omnifall_dinov2_giant_frame.npz --model_name facebook/dinov2-giant --epochs 3 --early_stop_patience 0 --val_every 600 --val_n 150 --window 64 --stride 16 --batch 2 --lr 1e-4 --seed 42 --workers 16 --out logs/phase11/w1_1a --use_boundary_head --boundary_lambda 0.3
TRAIN_PID=909425
[1] 加载 facebook/dinov2-giant(fp16) + LoRA(r=16) + Phase6 bridge 头
/root/miniconda3/lib/python3.10/site-packages/torchvision/io/image.py:13: UserWarning: Failed to load image Python extension: '/root/miniconda3/lib/python3.10/site-packages/torchvision/image.so: undefined symbol: _ZN3c1017RegisterOperatorsD1Ev'If you don't plan on using image functionality from `torchvision.io`, you can ignore this warning. Otherwise, there might be something wrong with your environment. Did you have `libjpeg` or `libpng` installed before building `torchvision` from source?
  warn(
Loading weights:   0%|          | 0/727 [00:00<?, ?it/s]Loading weights:  64%|██████▍   | 465/727 [00:00<00:00, 4615.76it/s]Loading weights: 100%|██████████| 727/727 [00:00<00:00, 4119.59it/s]
/root/miniconda3/lib/python3.10/site-packages/torch/nn/modules/transformer.py:379: UserWarning: enable_nested_tensor is True, but self.use_nested_tensor is False because encoder_layer.norm_first was True
  warnings.warn(
  梯度 checkpointing: True
  可训练参数: 10.82M (LoRA + 时序头；主干冻结 fp16)
  Phase11 Exp-1a boundary head: ON (λ=0.3, k=3)
[2] mp4 现解码数据集: data/e1_2000_manifest.csv (window=64, stride=16, workers=16)
  训练视频: 2000 | 窗口: 4000 | 类权重 fall/fallen/normal: [1.336, 1.532, 0.132]
  boundary loss: λ=0.3 | 正/负帧 4,327/251,673 (正类率 1.69%) | pos_weight=58.16
step 50 | loss 4.5554 | fall/fallen/normal acc 0.017/0.030/0.931 | lr 1.00e-04
step 100 | loss 3.5010 | fall/fallen/normal acc 0.009/0.027/0.991 | lr 1.00e-04
step 150 | loss 3.9395 | fall/fallen/normal acc 0.084/0.189/0.953 | lr 1.00e-04
step 200 | loss 1.8149 | fall/fallen/normal acc 0.124/0.033/0.980 | lr 1.00e-04
step 250 | loss 2.0969 | fall/fallen/normal acc 0.281/0.136/0.974 | lr 1.00e-04
step 300 | loss 2.0281 | fall/fallen/normal acc 0.486/0.329/0.942 | lr 1.00e-04
step 350 | loss 2.2197 | fall/fallen/normal acc 0.173/0.503/0.916 | lr 1.00e-04
step 400 | loss 2.0975 | fall/fallen/normal acc 0.101/0.301/0.970 | lr 1.00e-04
step 450 | loss 2.8456 | fall/fallen/normal acc 0.199/0.404/0.928 | lr 1.00e-04
step 500 | loss 2.6043 | fall/fallen/normal acc 0.259/0.362/0.966 | lr 1.00e-04
step 550 | loss 1.2435 | fall/fallen/normal acc 0.480/0.534/0.966 | lr 1.00e-04
step 600 | loss 1.9930 | fall/fallen/normal acc 0.320/0.605/0.937 | lr 1.00e-04
[VAL] step 600 | f1 0.6544 | fallen prec 0.8293 rec 0.3672 | train_loss 2.5783
  [BEST] 新最优 f1=0.6544 → best_model.pt
step 650 | loss 1.3468 | fall/fallen/normal acc 0.331/0.638/0.938 | lr 1.00e-04
step 700 | loss 1.5930 | fall/fallen/normal acc 0.428/0.359/0.968 | lr 1.00e-04
step 750 | loss 1.3380 | fall/fallen/normal acc 0.595/0.196/0.947 | lr 1.00e-04
step 800 | loss 0.8665 | fall/fallen/normal acc 0.512/0.572/0.961 | lr 1.00e-04
step 850 | loss 1.3780 | fall/fallen/normal acc 0.652/0.689/0.948 | lr 1.00e-04
step 900 | loss 0.9924 | fall/fallen/normal acc 0.601/0.620/0.948 | lr 1.00e-04
step 950 | loss 1.4461 | fall/fallen/normal acc 0.494/0.433/0.901 | lr 1.00e-04
step 1000 | loss 1.3294 | fall/fallen/normal acc 0.686/0.460/0.930 | lr 1.00e-04
step 1050 | loss 1.1218 | fall/fallen/normal acc 0.716/0.102/0.982 | lr 1.00e-04
step 1100 | loss 0.6449 | fall/fallen/normal acc 0.623/0.660/0.959 | lr 1.00e-04
step 1150 | loss 0.8935 | fall/fallen/normal acc 0.518/0.487/0.964 | lr 1.00e-04
step 1200 | loss 1.3991 | fall/fallen/normal acc 0.420/0.813/0.966 | lr 1.00e-04
[VAL] step 1200 | f1 0.7572 | fallen prec 0.8656 rec 0.5797 | train_loss 1.1958
  [BEST] 新最优 f1=0.7572 → best_model.pt
step 1250 | loss 1.6475 | fall/fallen/normal acc 0.459/0.529/0.925 | lr 1.00e-04
step 1300 | loss 0.5765 | fall/fallen/normal acc 0.712/0.678/0.977 | lr 1.00e-04
step 1350 | loss 0.8871 | fall/fallen/normal acc 0.570/0.601/0.962 | lr 1.00e-04
step 1400 | loss 0.5205 | fall/fallen/normal acc 0.566/0.462/0.986 | lr 1.00e-04
step 1450 | loss 0.3352 | fall/fallen/normal acc 0.547/0.927/0.971 | lr 1.00e-04
step 1500 | loss 1.0873 | fall/fallen/normal acc 0.733/0.022/0.976 | lr 1.00e-04
step 1550 | loss 0.9567 | fall/fallen/normal acc 0.743/0.639/0.933 | lr 1.00e-04
step 1600 | loss 1.1125 | fall/fallen/normal acc 0.629/0.717/0.952 | lr 1.00e-04
step 1650 | loss 1.0155 | fall/fallen/normal acc 0.635/0.790/0.952 | lr 1.00e-04
step 1700 | loss 0.6429 | fall/fallen/normal acc 0.706/0.688/0.931 | lr 1.00e-04
step 1750 | loss 0.5329 | fall/fallen/normal acc 0.590/0.850/0.951 | lr 1.00e-04
step 1800 | loss 0.7190 | fall/fallen/normal acc 0.748/0.266/0.941 | lr 1.00e-04
[VAL] step 1800 | f1 0.7792 | fallen prec 0.8208 rec 0.6184 | train_loss 0.8361
  [BEST] 新最优 f1=0.7792 → best_model.pt
step 1850 | loss 1.3984 | fall/fallen/normal acc 0.790/0.362/0.982 | lr 1.00e-04
step 1900 | loss 0.5538 | fall/fallen/normal acc 0.711/0.903/0.923 | lr 1.00e-04
step 1950 | loss 0.9041 | fall/fallen/normal acc 0.598/0.678/0.969 | lr 1.00e-04
step 2000 | loss 0.6524 | fall/fallen/normal acc 0.777/0.800/0.953 | lr 1.00e-04
[EPOCH 1] 完成，已存 epoch_1_model.pt
step 2050 | loss 0.3379 | fall/fallen/normal acc 0.799/0.957/0.993 | lr 1.00e-04
step 2100 | loss 0.5542 | fall/fallen/normal acc 0.834/0.607/0.981 | lr 1.00e-04
step 2150 | loss 0.4117 | fall/fallen/normal acc 0.751/0.882/0.972 | lr 1.00e-04
step 2200 | loss 0.7132 | fall/fallen/normal acc 0.747/0.704/0.974 | lr 1.00e-04
step 2250 | loss 0.6195 | fall/fallen/normal acc 0.683/0.769/0.955 | lr 1.00e-04
step 2300 | loss 0.4987 | fall/fallen/normal acc 0.724/0.648/0.945 | lr 1.00e-04
step 2350 | loss 0.5595 | fall/fallen/normal acc 0.707/0.820/0.961 | lr 1.00e-04
step 2400 | loss 0.2379 | fall/fallen/normal acc 0.920/0.883/0.988 | lr 1.00e-04
[VAL] step 2400 | f1 0.8497 | fallen prec 0.8443 rec 0.8443 | train_loss 0.4916
  [BEST] 新最优 f1=0.8497 → best_model.pt
step 2450 | loss 0.2413 | fall/fallen/normal acc 0.771/0.850/0.973 | lr 1.00e-04
step 2500 | loss 1.1620 | fall/fallen/normal acc 0.636/0.627/0.951 | lr 1.00e-04
step 2550 | loss 1.0685 | fall/fallen/normal acc 0.669/0.312/0.952 | lr 1.00e-04
step 2600 | loss 0.5599 | fall/fallen/normal acc 0.679/0.677/0.934 | lr 1.00e-04
step 2650 | loss 0.6530 | fall/fallen/normal acc 0.855/0.764/0.953 | lr 1.00e-04
step 2700 | loss 0.3367 | fall/fallen/normal acc 0.764/0.835/0.992 | lr 1.00e-04
step 2750 | loss 0.3578 | fall/fallen/normal acc 0.881/0.903/0.964 | lr 1.00e-04
step 2800 | loss 0.4791 | fall/fallen/normal acc 0.784/0.747/0.985 | lr 1.00e-04
step 2850 | loss 0.5331 | fall/fallen/normal acc 0.764/0.719/0.978 | lr 1.00e-04
step 2900 | loss 0.4533 | fall/fallen/normal acc 0.948/0.838/0.967 | lr 1.00e-04
step 2950 | loss 0.6078 | fall/fallen/normal acc 0.876/0.669/0.968 | lr 1.00e-04
step 3000 | loss 1.0424 | fall/fallen/normal acc 0.785/0.854/0.962 | lr 1.00e-04
[VAL] step 3000 | f1 0.7643 | fallen prec 0.8467 rec 0.5815 | train_loss 0.6246
step 3050 | loss 0.5629 | fall/fallen/normal acc 0.779/0.678/0.956 | lr 1.00e-04
step 3100 | loss 0.5926 | fall/fallen/normal acc 0.810/0.710/0.953 | lr 1.00e-04
step 3150 | loss 0.3632 | fall/fallen/normal acc 0.833/0.956/0.983 | lr 1.00e-04
step 3200 | loss 0.6056 | fall/fallen/normal acc 0.856/0.793/0.969 | lr 1.00e-04
step 3250 | loss 0.4355 | fall/fallen/normal acc 0.901/0.931/0.976 | lr 1.00e-04
step 3300 | loss 0.3857 | fall/fallen/normal acc 0.806/0.903/0.984 | lr 1.00e-04
step 3350 | loss 0.6313 | fall/fallen/normal acc 0.750/0.813/0.943 | lr 1.00e-04
step 3400 | loss 0.3568 | fall/fallen/normal acc 0.974/0.751/0.959 | lr 1.00e-04
step 3450 | loss 0.2361 | fall/fallen/normal acc 0.872/0.889/0.980 | lr 1.00e-04
step 3500 | loss 0.5228 | fall/fallen/normal acc 0.908/0.892/0.967 | lr 1.00e-04
step 3550 | loss 0.8439 | fall/fallen/normal acc 0.843/0.735/0.951 | lr 1.00e-04
step 3600 | loss 0.4149 | fall/fallen/normal acc 0.800/0.684/0.974 | lr 1.00e-04
[VAL] step 3600 | f1 0.8166 | fallen prec 0.8314 rec 0.7012 | train_loss 0.4959
step 3650 | loss 0.4209 | fall/fallen/normal acc 0.933/0.828/0.965 | lr 1.00e-04
step 3700 | loss 0.5444 | fall/fallen/normal acc 0.890/0.765/0.958 | lr 1.00e-04
step 3750 | loss 0.2467 | fall/fallen/normal acc 0.898/0.965/0.968 | lr 1.00e-04
step 3800 | loss 0.4303 | fall/fallen/normal acc 0.691/0.852/0.986 | lr 1.00e-04
step 3850 | loss 0.6080 | fall/fallen/normal acc 0.822/0.546/0.958 | lr 1.00e-04
step 3900 | loss 0.3428 | fall/fallen/normal acc 0.856/0.651/0.977 | lr 1.00e-04
step 3950 | loss 0.3659 | fall/fallen/normal acc 0.695/0.925/0.979 | lr 1.00e-04
step 4000 | loss 0.6978 | fall/fallen/normal acc 0.688/0.757/0.982 | lr 1.00e-04
[EPOCH 2] 完成，已存 epoch_2_model.pt
step 4050 | loss 0.4504 | fall/fallen/normal acc 0.852/0.876/0.956 | lr 1.00e-04
step 4100 | loss 0.1619 | fall/fallen/normal acc 0.941/0.936/0.994 | lr 1.00e-04
step 4150 | loss 0.3931 | fall/fallen/normal acc 0.941/0.866/0.978 | lr 1.00e-04
step 4200 | loss 0.2384 | fall/fallen/normal acc 0.937/0.863/0.990 | lr 1.00e-04
[VAL] step 4200 | f1 0.8369 | fallen prec 0.8148 rec 0.8713 | train_loss 0.3110
step 4250 | loss 0.2446 | fall/fallen/normal acc 0.880/0.942/0.977 | lr 1.00e-04
step 4300 | loss 0.1480 | fall/fallen/normal acc 0.947/0.960/0.972 | lr 1.00e-04
step 4350 | loss 0.2340 | fall/fallen/normal acc 0.858/0.885/0.984 | lr 1.00e-04
step 4400 | loss 0.4394 | fall/fallen/normal acc 0.817/0.815/0.976 | lr 1.00e-04
step 4450 | loss 0.3426 | fall/fallen/normal acc 0.765/0.822/0.980 | lr 1.00e-04
step 4500 | loss 0.3007 | fall/fallen/normal acc 0.931/0.919/0.962 | lr 1.00e-04
step 4550 | loss 0.4142 | fall/fallen/normal acc 0.716/0.947/0.983 | lr 1.00e-04
step 4600 | loss 0.3460 | fall/fallen/normal acc 0.874/0.926/0.968 | lr 1.00e-04
step 4650 | loss 0.3118 | fall/fallen/normal acc 0.980/0.930/0.969 | lr 1.00e-04
step 4700 | loss 0.2825 | fall/fallen/normal acc 0.857/0.864/0.973 | lr 1.00e-04
step 4750 | loss 0.4184 | fall/fallen/normal acc 0.927/0.784/0.982 | lr 1.00e-04
step 4800 | loss 0.3752 | fall/fallen/normal acc 0.781/0.697/0.977 | lr 1.00e-04
[VAL] step 4800 | f1 0.8342 | fallen prec 0.8533 rec 0.7381 | train_loss 0.3215
step 4850 | loss 0.4925 | fall/fallen/normal acc 0.873/0.720/0.970 | lr 1.00e-04
step 4900 | loss 0.7417 | fall/fallen/normal acc 0.842/0.618/0.971 | lr 1.00e-04
step 4950 | loss 0.1406 | fall/fallen/normal acc 0.962/0.911/0.983 | lr 1.00e-04
step 5000 | loss 0.4635 | fall/fallen/normal acc 0.915/0.711/0.975 | lr 1.00e-04
step 5050 | loss 0.4841 | fall/fallen/normal acc 0.864/0.872/0.974 | lr 1.00e-04
step 5100 | loss 0.3463 | fall/fallen/normal acc 0.917/0.809/0.970 | lr 1.00e-04
step 5150 | loss 0.4237 | fall/fallen/normal acc 0.866/0.695/0.988 | lr 1.00e-04
step 5200 | loss 0.4960 | fall/fallen/normal acc 0.820/0.938/0.973 | lr 1.00e-04
step 5250 | loss 0.5339 | fall/fallen/normal acc 0.771/0.874/0.968 | lr 1.00e-04
step 5300 | loss 0.2704 | fall/fallen/normal acc 0.894/0.870/0.979 | lr 1.00e-04
step 5350 | loss 0.2466 | fall/fallen/normal acc 0.840/0.967/0.984 | lr 1.00e-04
step 5400 | loss 0.2617 | fall/fallen/normal acc 0.846/0.912/0.979 | lr 1.00e-04
[VAL] step 5400 | f1 0.8577 | fallen prec 0.7941 rec 0.9028 | train_loss 0.4084
  [BEST] 新最优 f1=0.8577 → best_model.pt
step 5450 | loss 0.3857 | fall/fallen/normal acc 0.863/0.916/0.964 | lr 1.00e-04
step 5500 | loss 0.5711 | fall/fallen/normal acc 0.862/0.858/0.977 | lr 1.00e-04
step 5550 | loss 0.3314 | fall/fallen/normal acc 0.828/0.875/0.984 | lr 1.00e-04
step 5600 | loss 0.4018 | fall/fallen/normal acc 0.957/0.865/0.963 | lr 1.00e-04
step 5650 | loss 0.2499 | fall/fallen/normal acc 0.965/0.784/0.991 | lr 1.00e-04
step 5700 | loss 0.3802 | fall/fallen/normal acc 0.867/0.936/0.952 | lr 1.00e-04
step 5750 | loss 0.3650 | fall/fallen/normal acc 0.800/0.721/0.990 | lr 1.00e-04
step 5800 | loss 0.3483 | fall/fallen/normal acc 0.854/0.844/0.981 | lr 1.00e-04
step 5850 | loss 0.2999 | fall/fallen/normal acc 0.934/0.944/0.968 | lr 1.00e-04
step 5900 | loss 0.5070 | fall/fallen/normal acc 0.849/0.871/0.963 | lr 1.00e-04
step 5950 | loss 0.2614 | fall/fallen/normal acc 0.857/0.922/0.970 | lr 1.00e-04
step 6000 | loss 0.4336 | fall/fallen/normal acc 0.809/0.903/0.958 | lr 1.00e-04
[VAL] step 6000 | f1 0.7802 | fallen prec 0.7057 rec 0.9604 | train_loss 0.3779
[EPOCH 3] 完成，已存 epoch_3_model.pt
[DONE] 已存 last_model.pt
[TOTAL] 6000 步, 31778.9s
WATCHDOG: pid=909425 exited rc=0 verdict=done @ Tue Sep 29 16:57:49 CST 2026
ALL_DONE arm=1a verdict=done rc=0 @ Tue Sep 29 16:57:49 CST 2026
