== A0 launch Mon Sep 28 17:05:21 CST 2026 3ep on 2000 ==
== A0 cmd: /root/miniconda3/bin/python -u experiments/train_p9e1.py --data_mp4 data/e1_2000_manifest.csv --val_data data/p9e1_frames_val --npz data/omnifall_dinov2_giant_frame.npz --model_name facebook/dinov2-giant --epochs 3 --early_stop_patience 0 --val_every 600 --val_n 150 --window 64 --stride 16 --batch 2 --lr 1e-4 --seed 42 --workers 16 --out logs/phase11/a0_2000
TRAIN_PID=64955
[1] 加载 facebook/dinov2-giant(fp16) + LoRA(r=16) + Phase6 bridge 头
/root/miniconda3/lib/python3.10/site-packages/torchvision/io/image.py:13: UserWarning: Failed to load image Python extension: '/root/miniconda3/lib/python3.10/site-packages/torchvision/image.so: undefined symbol: _ZN3c1017RegisterOperatorsD1Ev'If you don't plan on using image functionality from `torchvision.io`, you can ignore this warning. Otherwise, there might be something wrong with your environment. Did you have `libjpeg` or `libpng` installed before building `torchvision` from source?
  warn(
Loading weights:   0%|          | 0/727 [00:00<?, ?it/s]Loading weights:  66%|██████▌   | 481/727 [00:00<00:00, 4801.92it/s]Loading weights: 100%|██████████| 727/727 [00:00<00:00, 4290.56it/s]
/root/miniconda3/lib/python3.10/site-packages/torch/nn/modules/transformer.py:379: UserWarning: enable_nested_tensor is True, but self.use_nested_tensor is False because encoder_layer.norm_first was True
  warnings.warn(
  梯度 checkpointing: True
  可训练参数: 10.82M (LoRA + 时序头；主干冻结 fp16)
[2] mp4 现解码数据集: data/e1_2000_manifest.csv (window=64, stride=16, workers=16)
  训练视频: 2000 | 窗口: 4000 | 类权重 fall/fallen/normal: [1.336, 1.532, 0.132]
step 50 | loss 2.6557 | fall/fallen/normal acc 0.034/0.087/0.925 | lr 1.00e-04
step 100 | loss 3.0319 | fall/fallen/normal acc 0.123/0.064/0.959 | lr 1.00e-04
step 150 | loss 2.0364 | fall/fallen/normal acc 0.000/0.000/0.991 | lr 1.00e-04
step 200 | loss 1.8792 | fall/fallen/normal acc 0.167/0.154/0.962 | lr 1.00e-04
step 250 | loss 1.9766 | fall/fallen/normal acc 0.316/0.322/0.903 | lr 1.00e-04
step 300 | loss 1.2318 | fall/fallen/normal acc 0.435/0.309/0.872 | lr 1.00e-04
step 350 | loss 0.8984 | fall/fallen/normal acc 0.486/0.402/0.965 | lr 1.00e-04
step 400 | loss 1.2055 | fall/fallen/normal acc 0.453/0.137/0.920 | lr 1.00e-04
step 450 | loss 0.5494 | fall/fallen/normal acc 0.343/0.510/0.941 | lr 1.00e-04
step 500 | loss 0.9226 | fall/fallen/normal acc 0.525/0.698/0.937 | lr 1.00e-04
step 550 | loss 1.4288 | fall/fallen/normal acc 0.529/0.577/0.942 | lr 1.00e-04
step 600 | loss 1.0718 | fall/fallen/normal acc 0.562/0.171/0.948 | lr 1.00e-04
[VAL] step 600 | f1 0.6928 | fallen prec 0.6445 rec 0.7669 | train_loss 1.5740
  [BEST] 新最优 f1=0.6928 → best_model.pt
step 650 | loss 0.6242 | fall/fallen/normal acc 0.683/0.584/0.940 | lr 1.00e-04
step 700 | loss 0.6251 | fall/fallen/normal acc 0.598/0.596/0.965 | lr 1.00e-04
step 750 | loss 0.6101 | fall/fallen/normal acc 0.547/0.727/0.952 | lr 1.00e-04
step 800 | loss 0.8315 | fall/fallen/normal acc 0.607/0.657/0.938 | lr 1.00e-04
step 850 | loss 0.6446 | fall/fallen/normal acc 0.462/0.102/0.967 | lr 1.00e-04
step 900 | loss 0.7647 | fall/fallen/normal acc 0.386/0.477/0.961 | lr 1.00e-04
step 950 | loss 1.0988 | fall/fallen/normal acc 0.540/0.538/0.909 | lr 1.00e-04
step 1000 | loss 0.5884 | fall/fallen/normal acc 0.657/0.642/0.936 | lr 1.00e-04
step 1050 | loss 0.6105 | fall/fallen/normal acc 0.662/0.448/0.977 | lr 1.00e-04
step 1100 | loss 0.5525 | fall/fallen/normal acc 0.632/0.568/0.959 | lr 1.00e-04
step 1150 | loss 0.8325 | fall/fallen/normal acc 0.807/0.211/0.969 | lr 1.00e-04
step 1200 | loss 0.7760 | fall/fallen/normal acc 0.614/0.644/0.958 | lr 1.00e-04
[VAL] step 1200 | f1 0.8014 | fallen prec 0.8083 rec 0.8767 | train_loss 0.7132
  [BEST] 新最优 f1=0.8014 → best_model.pt
step 1250 | loss 0.7274 | fall/fallen/normal acc 0.586/0.606/0.943 | lr 1.00e-04
step 1300 | loss 0.3001 | fall/fallen/normal acc 0.808/0.785/0.946 | lr 1.00e-04
step 1350 | loss 0.7228 | fall/fallen/normal acc 0.607/0.639/0.946 | lr 1.00e-04
step 1400 | loss 0.2222 | fall/fallen/normal acc 0.787/0.686/0.983 | lr 1.00e-04
step 1450 | loss 0.2792 | fall/fallen/normal acc 0.824/0.745/0.960 | lr 1.00e-04
step 1500 | loss 0.5718 | fall/fallen/normal acc 0.814/0.673/0.962 | lr 1.00e-04
step 1550 | loss 0.4603 | fall/fallen/normal acc 0.898/0.584/0.956 | lr 1.00e-04
step 1600 | loss 0.5173 | fall/fallen/normal acc 0.676/0.725/0.950 | lr 1.00e-04
step 1650 | loss 0.5922 | fall/fallen/normal acc 0.800/0.697/0.978 | lr 1.00e-04
step 1700 | loss 0.6070 | fall/fallen/normal acc 0.599/0.493/0.979 | lr 1.00e-04
step 1750 | loss 0.1668 | fall/fallen/normal acc 0.881/0.685/0.975 | lr 1.00e-04
step 1800 | loss 0.4589 | fall/fallen/normal acc 0.516/0.681/0.972 | lr 1.00e-04
[VAL] step 1800 | f1 0.7303 | fallen prec 0.6224 rec 0.9793 | train_loss 0.4688
step 1850 | loss 0.3485 | fall/fallen/normal acc 0.613/0.780/0.967 | lr 1.00e-04
step 1900 | loss 0.4450 | fall/fallen/normal acc 0.757/0.616/0.939 | lr 1.00e-04
step 1950 | loss 0.4528 | fall/fallen/normal acc 0.655/0.684/0.971 | lr 1.00e-04
step 2000 | loss 0.3527 | fall/fallen/normal acc 0.787/0.805/0.947 | lr 1.00e-04
[EPOCH 1] 完成，已存 epoch_1_model.pt
step 2050 | loss 0.2466 | fall/fallen/normal acc 0.840/0.904/0.976 | lr 1.00e-04
step 2100 | loss 0.3584 | fall/fallen/normal acc 0.747/0.825/0.976 | lr 1.00e-04
step 2150 | loss 0.2441 | fall/fallen/normal acc 0.824/0.769/0.968 | lr 1.00e-04
step 2200 | loss 0.1121 | fall/fallen/normal acc 0.775/0.880/0.986 | lr 1.00e-04
step 2250 | loss 0.3833 | fall/fallen/normal acc 0.792/0.682/0.965 | lr 1.00e-04
step 2300 | loss 0.2970 | fall/fallen/normal acc 0.452/0.814/0.949 | lr 1.00e-04
step 2350 | loss 0.2411 | fall/fallen/normal acc 0.957/0.769/0.957 | lr 1.00e-04
step 2400 | loss 0.0717 | fall/fallen/normal acc 0.855/0.952/0.993 | lr 1.00e-04
[VAL] step 2400 | f1 0.8033 | fallen prec 0.7760 rec 0.8452 | train_loss 0.2443
  [BEST] 新最优 f1=0.8033 → best_model.pt
step 2450 | loss 0.1797 | fall/fallen/normal acc 0.891/0.868/0.966 | lr 1.00e-04
step 2500 | loss 0.1925 | fall/fallen/normal acc 0.906/0.829/0.990 | lr 1.00e-04
step 2550 | loss 0.1122 | fall/fallen/normal acc 0.974/0.969/0.959 | lr 1.00e-04
step 2600 | loss 0.7481 | fall/fallen/normal acc 0.597/0.540/0.966 | lr 1.00e-04
step 2650 | loss 0.2590 | fall/fallen/normal acc 0.707/0.848/0.972 | lr 1.00e-04
step 2700 | loss 0.2243 | fall/fallen/normal acc 0.856/0.800/0.977 | lr 1.00e-04
step 2750 | loss 0.1345 | fall/fallen/normal acc 0.897/0.931/0.958 | lr 1.00e-04
step 2800 | loss 0.1666 | fall/fallen/normal acc 0.901/0.690/0.972 | lr 1.00e-04
step 2850 | loss 0.3959 | fall/fallen/normal acc 0.800/0.809/0.960 | lr 1.00e-04
step 2900 | loss 0.1593 | fall/fallen/normal acc 0.741/0.895/0.984 | lr 1.00e-04
step 2950 | loss 0.5592 | fall/fallen/normal acc 0.686/0.754/0.955 | lr 1.00e-04
step 3000 | loss 0.3162 | fall/fallen/normal acc 0.678/0.836/0.980 | lr 1.00e-04
[VAL] step 3000 | f1 0.7745 | fallen prec 0.9196 rec 0.5869 | train_loss 0.2873
step 3050 | loss 0.2829 | fall/fallen/normal acc 0.837/0.760/0.977 | lr 1.00e-04
step 3100 | loss 0.4441 | fall/fallen/normal acc 0.816/0.509/0.971 | lr 1.00e-04
step 3150 | loss 0.2371 | fall/fallen/normal acc 0.800/0.900/0.957 | lr 1.00e-04
step 3200 | loss 0.2292 | fall/fallen/normal acc 0.830/0.646/0.985 | lr 1.00e-04
step 3250 | loss 0.2935 | fall/fallen/normal acc 0.732/0.602/0.977 | lr 1.00e-04
step 3300 | loss 0.1688 | fall/fallen/normal acc 0.830/0.815/0.972 | lr 1.00e-04
step 3350 | loss 0.1770 | fall/fallen/normal acc 0.887/0.852/0.969 | lr 1.00e-04
step 3400 | loss 0.2406 | fall/fallen/normal acc 0.812/0.689/0.959 | lr 1.00e-04
step 3450 | loss 0.4392 | fall/fallen/normal acc 0.602/0.811/0.989 | lr 1.00e-04
step 3500 | loss 0.2008 | fall/fallen/normal acc 0.894/0.674/0.982 | lr 1.00e-04
step 3550 | loss 0.1355 | fall/fallen/normal acc 0.823/0.863/0.989 | lr 1.00e-04
step 3600 | loss 0.1920 | fall/fallen/normal acc 0.903/0.793/0.971 | lr 1.00e-04
[VAL] step 3600 | f1 0.8226 | fallen prec 0.8049 rec 0.7651 | train_loss 0.2534
  [BEST] 新最优 f1=0.8226 → best_model.pt
step 3650 | loss 0.4513 | fall/fallen/normal acc 0.848/0.762/0.982 | lr 1.00e-04
step 3700 | loss 0.1630 | fall/fallen/normal acc 0.959/0.891/0.976 | lr 1.00e-04
step 3750 | loss 0.2250 | fall/fallen/normal acc 0.813/0.840/0.967 | lr 1.00e-04
step 3800 | loss 0.4645 | fall/fallen/normal acc 0.820/0.768/0.944 | lr 1.00e-04
step 3850 | loss 0.1258 | fall/fallen/normal acc 0.858/0.925/0.967 | lr 1.00e-04
step 3900 | loss 0.1524 | fall/fallen/normal acc 0.908/0.859/0.981 | lr 1.00e-04
step 3950 | loss 0.0776 | fall/fallen/normal acc 0.973/0.912/0.976 | lr 1.00e-04
step 4000 | loss 0.1545 | fall/fallen/normal acc 0.840/0.929/0.967 | lr 1.00e-04
[EPOCH 2] 完成，已存 epoch_2_model.pt
step 4050 | loss 0.1061 | fall/fallen/normal acc 0.954/0.818/0.990 | lr 1.00e-04
step 4100 | loss 0.2989 | fall/fallen/normal acc 0.677/0.786/0.969 | lr 1.00e-04
step 4150 | loss 0.2494 | fall/fallen/normal acc 0.801/0.943/0.979 | lr 1.00e-04
step 4200 | loss 0.1224 | fall/fallen/normal acc 0.924/0.888/0.981 | lr 1.00e-04
[VAL] step 4200 | f1 0.8023 | fallen prec 0.9034 rec 0.6229 | train_loss 0.1942
step 4250 | loss 0.2167 | fall/fallen/normal acc 0.787/0.897/0.979 | lr 1.00e-04
step 4300 | loss 0.1173 | fall/fallen/normal acc 0.925/0.743/0.981 | lr 1.00e-04
step 4350 | loss 0.1374 | fall/fallen/normal acc 0.865/0.850/0.971 | lr 1.00e-04
step 4400 | loss 0.2664 | fall/fallen/normal acc 0.754/0.817/0.983 | lr 1.00e-04
step 4450 | loss 0.0825 | fall/fallen/normal acc 0.920/0.898/0.981 | lr 1.00e-04
step 4500 | loss 0.0914 | fall/fallen/normal acc 0.964/0.365/0.998 | lr 1.00e-04
step 4550 | loss 0.1058 | fall/fallen/normal acc 0.885/0.927/0.982 | lr 1.00e-04
step 4600 | loss 0.1549 | fall/fallen/normal acc 0.895/0.919/0.974 | lr 1.00e-04
step 4650 | loss 0.0980 | fall/fallen/normal acc 0.893/0.844/0.986 | lr 1.00e-04
step 4700 | loss 0.2348 | fall/fallen/normal acc 0.822/0.925/0.968 | lr 1.00e-04
step 4750 | loss 0.1650 | fall/fallen/normal acc 0.930/0.837/0.965 | lr 1.00e-04
step 4800 | loss 0.0479 | fall/fallen/normal acc 0.985/0.969/0.989 | lr 1.00e-04
[VAL] step 4800 | f1 0.8527 | fallen prec 0.8468 rec 0.8605 | train_loss 0.1432
  [BEST] 新最优 f1=0.8527 → best_model.pt
step 4850 | loss 0.1430 | fall/fallen/normal acc 0.914/0.874/0.980 | lr 1.00e-04
step 4900 | loss 0.2250 | fall/fallen/normal acc 0.906/0.835/0.992 | lr 1.00e-04
step 4950 | loss 0.2884 | fall/fallen/normal acc 0.958/0.681/0.983 | lr 1.00e-04
step 5000 | loss 0.1788 | fall/fallen/normal acc 0.782/0.928/0.975 | lr 1.00e-04
step 5050 | loss 0.1332 | fall/fallen/normal acc 0.932/0.961/0.980 | lr 1.00e-04
step 5100 | loss 0.1361 | fall/fallen/normal acc 0.915/0.934/0.976 | lr 1.00e-04
step 5150 | loss 0.1733 | fall/fallen/normal acc 0.862/0.904/0.972 | lr 1.00e-04
step 5200 | loss 0.1474 | fall/fallen/normal acc 0.929/0.854/0.976 | lr 1.00e-04
step 5250 | loss 0.1128 | fall/fallen/normal acc 0.841/0.910/0.985 | lr 1.00e-04
step 5300 | loss 0.0918 | fall/fallen/normal acc 0.816/0.966/0.975 | lr 1.00e-04
step 5350 | loss 0.0963 | fall/fallen/normal acc 0.806/0.964/0.987 | lr 1.00e-04
step 5400 | loss 0.0724 | fall/fallen/normal acc 0.927/0.921/0.994 | lr 1.00e-04
[VAL] step 5400 | f1 0.8469 | fallen prec 0.8729 rec 0.8101 | train_loss 0.1499
step 5450 | loss 0.0450 | fall/fallen/normal acc 0.960/0.954/0.982 | lr 1.00e-04
step 5500 | loss 0.2114 | fall/fallen/normal acc 0.825/0.765/0.980 | lr 1.00e-04
step 5550 | loss 0.1269 | fall/fallen/normal acc 0.824/0.890/0.988 | lr 1.00e-04
step 5600 | loss 0.3792 | fall/fallen/normal acc 0.852/0.698/0.979 | lr 1.00e-04
step 5650 | loss 0.1594 | fall/fallen/normal acc 0.871/0.842/0.975 | lr 1.00e-04
step 5700 | loss 0.1133 | fall/fallen/normal acc 0.978/0.871/0.972 | lr 1.00e-04
step 5750 | loss 0.0858 | fall/fallen/normal acc 0.898/0.979/0.985 | lr 1.00e-04
step 5800 | loss 0.0781 | fall/fallen/normal acc 0.907/0.931/0.992 | lr 1.00e-04
step 5850 | loss 0.1310 | fall/fallen/normal acc 0.918/0.895/0.986 | lr 1.00e-04
step 5900 | loss 0.0546 | fall/fallen/normal acc 0.875/0.997/0.990 | lr 1.00e-04
step 5950 | loss 0.1237 | fall/fallen/normal acc 0.865/0.879/0.992 | lr 1.00e-04
step 6000 | loss 0.1093 | fall/fallen/normal acc 0.879/0.941/0.982 | lr 1.00e-04
[VAL] step 6000 | f1 0.8072 | fallen prec 0.8825 rec 0.6490 | train_loss 0.1348
[EPOCH 3] 完成，已存 epoch_3_model.pt
[DONE] 已存 last_model.pt
[TOTAL] 6000 步, 31769.0s
Traceback (most recent call last):
  File "/root/miniconda3/lib/python3.10/weakref.py", line 667, in _exitfunc
    f()
  File "/root/miniconda3/lib/python3.10/weakref.py", line 591, in __call__
    return info.func(*info.args, **(info.kwargs or {}))
  File "/root/miniconda3/lib/python3.10/tempfile.py", line 859, in _cleanup
    cls._rmtree(name, ignore_errors=ignore_errors)
  File "/root/miniconda3/lib/python3.10/tempfile.py", line 855, in _rmtree
    _shutil.rmtree(name, onerror=onerror)
  File "/root/miniconda3/lib/python3.10/shutil.py", line 730, in rmtree
    onerror(os.rmdir, path, sys.exc_info())
  File "/root/miniconda3/lib/python3.10/shutil.py", line 728, in rmtree
    os.rmdir(path)
OSError: [Errno 116] Stale file handle: '/tmp/tmpsjpsxvbx'
WATCHDOG: pid=64955 exited rc=0 verdict=done @ Tue Sep 29 01:55:21 CST 2026
ALL_DONE verdict=done rc=0 @ Tue Sep 29 01:55:21 CST 2026
WATCHDOG: 评测全部完成 → logs/phase11/a0_2000/eval_all.log
