=== 2026-10-01 10:48:56 ===
  aux_static loss: λ=0.3 | 受罚帧 215,927/256,000（84.3%，真值为 normal）| 只罚 P(fallen)、不罚 P(fall) | 损失值 −log(1−P) 由高 P 的难帧主导，梯度 ∂L/∂logit=P 有界
=== 2026-10-01 11:18:56 ===
step 350 | loss 0.6647 | fall/fallen/normal acc 0.480/0.473/0.962 | lr 1.00e-04 | aux 0.0382
=== 2026-10-01 11:48:56 ===
step 650 | loss 0.7389 | fall/fallen/normal acc 0.583/0.679/0.942 | lr 1.00e-04 | aux 0.0278
=== 2026-10-01 12:18:56 ===
step 1000 | loss 0.7707 | fall/fallen/normal acc 0.604/0.590/0.945 | lr 1.00e-04 | aux 0.0756
=== 2026-10-01 12:48:56 ===
step 1350 | loss 0.6675 | fall/fallen/normal acc 0.795/0.576/0.948 | lr 1.00e-04 | aux 0.0227
=== 2026-10-01 13:18:56 ===
step 1700 | loss 0.6540 | fall/fallen/normal acc 0.626/0.490/0.976 | lr 1.00e-04 | aux 0.0170
=== 2026-10-01 13:48:56 ===
step 2050 | loss 0.2472 | fall/fallen/normal acc 0.832/0.842/0.988 | lr 1.00e-04 | aux 0.0003
=== 2026-10-01 14:18:56 ===
step 2400 | loss 0.1669 | fall/fallen/normal acc 0.723/0.977/0.998 | lr 1.00e-04 | aux 0.0002
=== 2026-10-01 14:48:56 ===
step 2700 | loss 0.1859 | fall/fallen/normal acc 0.916/0.794/0.980 | lr 1.00e-04 | aux 0.0016
=== 2026-10-01 15:18:56 ===
step 3050 | loss 0.3083 | fall/fallen/normal acc 0.883/0.717/0.975 | lr 1.00e-04 | aux 0.0040
=== 2026-10-01 15:48:56 ===
step 3400 | loss 0.2431 | fall/fallen/normal acc 0.746/0.648/0.969 | lr 1.00e-04 | aux 0.0009
=== 2026-10-01 16:18:56 ===
step 3750 | loss 0.2095 | fall/fallen/normal acc 0.813/0.842/0.983 | lr 1.00e-04 | aux 0.0122
=== 2026-10-01 16:48:56 ===
step 4100 | loss 0.1760 | fall/fallen/normal acc 0.840/0.867/0.957 | lr 1.00e-04 | aux 0.0114
=== 2026-10-01 17:18:56 ===
step 4400 | loss 0.1308 | fall/fallen/normal acc 0.833/0.932/0.970 | lr 1.00e-04 | aux 0.0117
=== 2026-10-01 17:48:56 ===
step 4750 | loss 0.0898 | fall/fallen/normal acc 0.919/0.958/0.982 | lr 1.00e-04 | aux 0.0010
=== 2026-10-01 18:18:56 ===
step 5100 | loss 0.1266 | fall/fallen/normal acc 0.917/0.906/0.982 | lr 1.00e-04 | aux 0.0023
=== 2026-10-01 18:48:56 ===
[VAL] step 5400 | f1 0.8103 | fallen prec 0.8735 rec 0.7399 | train_loss 0.1459
=== 2026-10-01 19:18:56 ===
step 5800 | loss 0.0483 | fall/fallen/normal acc 0.925/0.972/0.990 | lr 1.00e-04 | aux 0.0034
=== 2026-10-01 19:48:56 ===
[TOTAL] 6000 步, 31744.1s
ALL_DONE arm=1c verdict=done rc=0 @ Thu Oct  1 19:38:34 CST 2026
