######## E1-full ep3 ########
  状态: ✅
E1-full ep3 的边界指标
====================================================================================
     τ      含边界视频      真值边界      预测边界   micro_P   micro_R  micro_F1  macro_F1
     1        189       249       325    0.0554    0.0723    0.0627    0.0661
     3        189       249       325    0.1077    0.1406    0.1220    0.1329
     5        189       249       325    0.1662    0.2169    0.1882    0.2090

  按切换类型分列（τ=3，micro 口径）
  类型                     视频数      真值      预测         P         R        F1
  normal->fall            40      40      18    0.0000    0.0000    0.0000
  other                   41      41      46    0.1087    0.1220    0.1149
  fall->fallen           139     139     103    0.1845    0.1367    0.1570
  fallen->normal          29      29       9    0.1111    0.0345    0.0526

已写出: logs/phase9/e1_full/boundary_metrics_e1full_ep3.json

######## w2_1a best ########
  状态: ✅
w2_1a best 的边界指标
====================================================================================
     τ      含边界视频      真值边界      预测边界   micro_P   micro_R  micro_F1  macro_F1
     1        189       249       387    0.0904    0.1406    0.1101    0.1222
     3        189       249       387    0.1783    0.2771    0.2170    0.2379
     5        189       249       387    0.2481    0.3855    0.3019    0.3439

  按切换类型分列（τ=3，micro 口径）
  类型                     视频数      真值      预测         P         R        F1
  normal->fall            40      40      14    0.0714    0.0250    0.0370
  other                   41      41      51    0.1569    0.1951    0.1739
  fall->fallen           139     139     148    0.3581    0.3813    0.3693
  fallen->normal          29      29      14    0.0714    0.0345    0.0465

已写出: logs/phase11/w2_1a/boundary_metrics_best.json

######## w2_1a 1 ########
  状态: ✅
w2_1a 1 的边界指标
====================================================================================
     τ      含边界视频      真值边界      预测边界   micro_P   micro_R  micro_F1  macro_F1
     1        189       249       398    0.0879    0.1406    0.1082    0.1252
     3        189       249       398    0.1658    0.2651    0.2040    0.2589
     5        189       249       398    0.2387    0.3815    0.2937    0.3694

  按切换类型分列（τ=3，micro 口径）
  类型                     视频数      真值      预测         P         R        F1
  normal->fall            40      40      26    0.0769    0.0500    0.0606
  other                   41      41      59    0.1017    0.1463    0.1200
  fall->fallen           139     139     135    0.3778    0.3669    0.3723
  fallen->normal          29      29      13    0.0000    0.0000    0.0000

已写出: logs/phase11/w2_1a/boundary_metrics_1.json

######## w2_1a 2 ########
  状态: ✅
w2_1a 2 的边界指标
====================================================================================
     τ      含边界视频      真值边界      预测边界   micro_P   micro_R  micro_F1  macro_F1
     1        189       249       398    0.1256    0.2008    0.1546    0.1762
     3        189       249       398    0.2060    0.3293    0.2535    0.3006
     5        189       249       398    0.2814    0.4498    0.3462    0.4138

  按切换类型分列（τ=3，micro 口径）
  类型                     视频数      真值      预测         P         R        F1
  normal->fall            40      40      27    0.1481    0.1000    0.1194
  other                   41      41      47    0.0638    0.0732    0.0682
  fall->fallen           139     139     153    0.4052    0.4460    0.4247
  fallen->normal          29      29       9    0.0000    0.0000    0.0000

已写出: logs/phase11/w2_1a/boundary_metrics_2.json

######## w2_1a 3 ########
  状态: ✅
w2_1a 3 的边界指标
====================================================================================
     τ      含边界视频      真值边界      预测边界   micro_P   micro_R  micro_F1  macro_F1
     1        189       249       312    0.0577    0.0723    0.0642    0.0586
     3        189       249       312    0.1186    0.1486    0.1319    0.1184
     5        189       249       312    0.1827    0.2289    0.2032    0.1919

  按切换类型分列（τ=3，micro 口径）
  类型                     视频数      真值      预测         P         R        F1
  normal->fall            40      40      19    0.1053    0.0500    0.0678
  other                   41      41      39    0.1282    0.1220    0.1250
  fall->fallen           139     139      81    0.1728    0.1007    0.1273
  fallen->normal          29      29       7    0.2857    0.0690    0.1111

已写出: logs/phase11/w2_1a/boundary_metrics_3.json

######## w2_4 best ########
  状态: ✅
w2_4 best 的边界指标
====================================================================================
     τ      含边界视频      真值边界      预测边界   micro_P   micro_R  micro_F1  macro_F1
     1        189       249       528    0.0947    0.2008    0.1287    0.1378
     3        189       249       528    0.1875    0.3976    0.2548    0.2828
     5        189       249       528    0.2330    0.4940    0.3166    0.3616

  按切换类型分列（τ=3，micro 口径）
  类型                     视频数      真值      预测         P         R        F1
  normal->fall            40      40      59    0.2542    0.3750    0.3030
  other                   41      41      67    0.1493    0.2439    0.1852
  fall->fallen           139     139     126    0.4286    0.3885    0.4075
  fallen->normal          29      29      15    0.0000    0.0000    0.0000

已写出: logs/phase11/w2_4/boundary_metrics_best.json

######## w2_4 1 ########
  状态: ✅
w2_4 1 的边界指标
====================================================================================
     τ      含边界视频      真值边界      预测边界   micro_P   micro_R  micro_F1  macro_F1
     1        189       249       412    0.1019    0.1687    0.1271    0.1451
     3        189       249       412    0.2039    0.3373    0.2542    0.3129
     5        189       249       412    0.2840    0.4699    0.3540    0.4274

  按切换类型分列（τ=3，micro 口径）
  类型                     视频数      真值      预测         P         R        F1
  normal->fall            40      40      19    0.1579    0.0750    0.1017
  other                   41      41      74    0.1757    0.3171    0.2261
  fall->fallen           139     139     143    0.4056    0.4173    0.4113
  fallen->normal          29      29      17    0.0000    0.0000    0.0000

已写出: logs/phase11/w2_4/boundary_metrics_1.json

######## w2_4 2 ########
  状态: ✅
w2_4 2 的边界指标
====================================================================================
     τ      含边界视频      真值边界      预测边界   micro_P   micro_R  micro_F1  macro_F1
     1        189       249       424    0.1038    0.1767    0.1308    0.1639
     3        189       249       424    0.1863    0.3173    0.2348    0.2910
     5        189       249       424    0.2618    0.4458    0.3299    0.4243

  按切换类型分列（τ=3，micro 口径）
  类型                     视频数      真值      预测         P         R        F1
  normal->fall            40      40      17    0.1176    0.0500    0.0702
  other                   41      41      67    0.1045    0.1707    0.1296
  fall->fallen           139     139     154    0.3766    0.4173    0.3959
  fallen->normal          29      29      15    0.0000    0.0000    0.0000

已写出: logs/phase11/w2_4/boundary_metrics_2.json

######## w2_4 3 ########
  状态: ✅
w2_4 3 的边界指标
====================================================================================
     τ      含边界视频      真值边界      预测边界   micro_P   micro_R  micro_F1  macro_F1
     1        189       249       446    0.0426    0.0763    0.0547    0.0507
     3        189       249       446    0.1211    0.2169    0.1554    0.1694
     5        189       249       446    0.1771    0.3173    0.2273    0.2539

  按切换类型分列（τ=3，micro 口径）
  类型                     视频数      真值      预测         P         R        F1
  normal->fall            40      40      40    0.2000    0.2000    0.2000
  other                   41      41      71    0.0845    0.1463    0.1071
  fall->fallen           139     139     134    0.2015    0.1942    0.1978
  fallen->normal          29      29       8    0.1250    0.0345    0.0541

已写出: logs/phase11/w2_4/boundary_metrics_3.json

W3_BOUNDARY_DONE  成功 9 / 失败 0
