============================================================================================
轴 = fall（类 0）   帧级 prec-rec 前沿；每臂为该 ckpt 的整条曲线
============================================================================================
  臂                最优 F1   @recall      P@R=0.50   P@R=0.60   P@R=0.70   P@R=0.75   P@R=0.80   P@R=0.85   P@R=0.90
  A0              0.6938     0.755        0.7820     0.7495     0.6841     0.6437     0.5941     0.5436     0.5054
  1a              0.7376     0.824        0.8036     0.7776     0.7398     0.7147     0.6818     0.6443     0.5887
  4               0.7352     0.814        0.8105     0.7686     0.7217     0.7003     0.6771     0.6306     0.5483

  ── 支配关系（在共同召回区间上，谁在每一点都不低）
    1a 支配 A0（同召回下精度处处不低，均值高 +0.0608）
    4 支配 A0（同召回下精度处处不低，均值高 +0.0455）
    交叉：低召回端（R≈0.50）4 更好；高召回端（R≈0.95）1a 更好；全区间均值 +0.0153（正 = 1a 更好）

  ⚠ 若两条曲线交叉或均值差很小，则两臂**不可分辨**——不要用某个单一落点判胜负。

============================================================================================
轴 = fallen（类 1）   帧级 prec-rec 前沿；每臂为该 ckpt 的整条曲线
============================================================================================
  臂                最优 F1   @recall      P@R=0.50   P@R=0.60   P@R=0.70   P@R=0.75   P@R=0.80   P@R=0.85   P@R=0.90
  A0              0.6712     0.743        0.7484     0.6966     0.6370     0.6061     0.5716     0.4950     0.4092
  1a              0.6896     0.814        0.7426     0.6949     0.6449     0.6219     0.6032     0.5613     0.5012
  4               0.6961     0.715        0.7895     0.7329     0.6915     0.6420     0.6086     0.5419     0.4520

  ── 支配关系（在共同召回区间上，谁在每一点都不低）
    交叉：低召回端（R≈0.50）A0 更好；高召回端（R≈0.95）1a 更好；全区间均值 -0.0268（正 = A0 更好）
    4 两端更好但**中段回落**（逐点差区间 [-0.0640, +0.0105]）；全区间均值 -0.0411（正 = A0 更好）
    交叉：低召回端（R≈0.50）4 更好；高召回端（R≈0.95）1a 更好；全区间均值 -0.0143（正 = 1a 更好）

  ⚠ 若两条曲线交叉或均值差很小，则两臂**不可分辨**——不要用某个单一落点判胜负。

曲线图已保存: logs/phase11/prec_rec_reeval/curves_4.png
数值已写出: logs/phase11/prec_rec_reeval/curves_4.json
