[08:43] 检测到 ALL_DONE_PROBS（第 52 次轮询）
[08:43] 开始拉取 pv
  ✅ a0_2000
  ✅ w1_1a
  ✅ w1_a0cos
[08:43] 出曲线
============================================================================================
轴 = fall（类 0）   帧级 prec-rec 前沿；每臂为该 ckpt 的整条曲线
============================================================================================
  臂                最优 F1   @recall      P@R=0.50   P@R=0.60   P@R=0.70   P@R=0.75   P@R=0.80   P@R=0.85   P@R=0.90
  A0              0.6938     0.755        0.7820     0.7495     0.6841     0.6437     0.5941     0.5436     0.5054
  1a              0.7376     0.824        0.8036     0.7776     0.7398     0.7147     0.6818     0.6443     0.5887
  a0cos           0.6843     0.711        0.8135     0.7356     0.6649     0.6230     0.5914     0.5464     0.4852

  ── 支配关系（在共同召回区间上，谁在每一点都不低）
    交叉：低召回端（R≈0.00）1a 更好；高召回端（R≈1.00）A0 更好；全区间均值 -0.0530（正 = A0 更好）
    交叉：低召回端（R≈0.00）a0cos 更好；高召回端（R≈1.00）a0cos 更好；全区间均值 -0.0452（正 = A0 更好）
    交叉：低召回端（R≈0.00）a0cos 更好；高召回端（R≈1.00）a0cos 更好；全区间均值 +0.0078（正 = 1a 更好）

  ⚠ 若两条曲线交叉或均值差很小，则两臂**不可分辨**——不要用某个单一落点判胜负。

============================================================================================
轴 = fallen（类 1）   帧级 prec-rec 前沿；每臂为该 ckpt 的整条曲线
============================================================================================
  臂                最优 F1   @recall      P@R=0.50   P@R=0.60   P@R=0.70   P@R=0.75   P@R=0.80   P@R=0.85   P@R=0.90
  A0              0.6712     0.743        0.7484     0.6966     0.6370     0.6061     0.5716     0.4950     0.4092
  1a              0.6896     0.814        0.7426     0.6949     0.6449     0.6219     0.6032     0.5613     0.5012
  a0cos           0.6515     0.765        0.6167     0.6113     0.5863     0.5726     0.5434     0.5069     0.4653

  ── 支配关系（在共同召回区间上，谁在每一点都不低）
    交叉：低召回端（R≈0.00）A0 更好；高召回端（R≈1.00）A0 更好；全区间均值 -0.0111（正 = A0 更好）
    交叉：低召回端（R≈0.00）a0cos 更好；高召回端（R≈1.00）a0cos 更好；全区间均值 +0.0808（正 = A0 更好）
    交叉：低召回端（R≈0.00）a0cos 更好；高召回端（R≈1.00）a0cos 更好；全区间均值 +0.0919（正 = 1a 更好）

  ⚠ 若两条曲线交叉或均值差很小，则两臂**不可分辨**——不要用某个单一落点判胜负。

曲线图已保存: logs/phase11/prec_rec_curves.png
数值已写出: logs/phase11/prec_rec_curves.json
[08:43] 完成 → logs/phase11/prec_rec_curves.png / .json
