[1] 加载 facebook/dinov2-giant(fp16) + LoRA(r=16) + Phase6 bridge 头
  梯度 checkpointing: True
  可训练参数: 10.82M (LoRA + 时序头；主干冻结 fp16)
[2] 窗口数据集: data/p9e1_frames (window=64, stride=16)
  训练视频: 2000 | 窗口: 4000 | 类权重 fall/fallen/normal: [1.336, 1.532, 0.132]
step 50 | loss 2.6561 | fall/fallen/normal acc 0.034/0.087/0.925 | lr 1.00e-04
step 100 | loss 3.0311 | fall/fallen/normal acc 0.123/0.064/0.960 | lr 1.00e-04
step 150 | loss 2.0364 | fall/fallen/normal acc 0.000/0.000/0.991 | lr 1.00e-04
step 200 | loss 1.8909 | fall/fallen/normal acc 0.163/0.156/0.963 | lr 1.00e-04
step 250 | loss 1.9723 | fall/fallen/normal acc 0.316/0.321/0.903 | lr 1.00e-04
step 300 | loss 1.2311 | fall/fallen/normal acc 0.435/0.305/0.871 | lr 1.00e-04
step 350 | loss 0.9138 | fall/fallen/normal acc 0.480/0.402/0.966 | lr 1.00e-04
step 400 | loss 1.1925 | fall/fallen/normal acc 0.457/0.130/0.920 | lr 1.00e-04
step 450 | loss 0.5627 | fall/fallen/normal acc 0.332/0.471/0.941 | lr 1.00e-04
step 500 | loss 0.9460 | fall/fallen/normal acc 0.504/0.696/0.937 | lr 1.00e-04
step 550 | loss 1.4388 | fall/fallen/normal acc 0.518/0.563/0.945 | lr 1.00e-04
step 600 | loss 0.9999 | fall/fallen/normal acc 0.553/0.174/0.951 | lr 1.00e-04
[VAL] step 600 | f1 0.6498 | fallen prec 0.6098 rec 0.7515 | train_loss 1.5726
  [BEST] 新最优 f1=0.6498 → best_model.pt
step 650 | loss 0.5926 | fall/fallen/normal acc 0.686/0.720/0.945 | lr 1.00e-04
step 700 | loss 0.8199 | fall/fallen/normal acc 0.630/0.383/0.959 | lr 1.00e-04
step 750 | loss 0.6859 | fall/fallen/normal acc 0.549/0.734/0.952 | lr 1.00e-04
step 800 | loss 0.8935 | fall/fallen/normal acc 0.679/0.570/0.939 | lr 1.00e-04
step 850 | loss 0.4956 | fall/fallen/normal acc 0.582/0.213/0.976 | lr 1.00e-04
step 900 | loss 1.0443 | fall/fallen/normal acc 0.332/0.538/0.974 | lr 1.00e-04
step 950 | loss 1.0975 | fall/fallen/normal acc 0.531/0.622/0.893 | lr 1.00e-04
step 1000 | loss 0.4614 | fall/fallen/normal acc 0.700/0.789/0.940 | lr 1.00e-04
step 1050 | loss 0.6690 | fall/fallen/normal acc 0.622/0.495/0.974 | lr 1.00e-04
step 1100 | loss 0.5969 | fall/fallen/normal acc 0.667/0.473/0.957 | lr 1.00e-04
step 1150 | loss 0.7559 | fall/fallen/normal acc 0.651/0.343/0.968 | lr 1.00e-04
step 1200 | loss 0.8338 | fall/fallen/normal acc 0.707/0.463/0.961 | lr 1.00e-04
[VAL] step 1200 | f1 0.7667 | fallen prec 0.7873 rec 0.7466 | train_loss 0.7455
  [BEST] 新最优 f1=0.7667 → best_model.pt
step 1250 | loss 0.7997 | fall/fallen/normal acc 0.550/0.577/0.938 | lr 1.00e-04
step 1300 | loss 0.3132 | fall/fallen/normal acc 0.798/0.747/0.951 | lr 1.00e-04
step 1350 | loss 0.6319 | fall/fallen/normal acc 0.640/0.713/0.954 | lr 1.00e-04
step 1400 | loss 0.2072 | fall/fallen/normal acc 0.725/0.826/0.988 | lr 1.00e-04
step 1450 | loss 0.2987 | fall/fallen/normal acc 0.762/0.773/0.963 | lr 1.00e-04
step 1500 | loss 0.4955 | fall/fallen/normal acc 0.852/0.706/0.953 | lr 1.00e-04
step 1550 | loss 0.3129 | fall/fallen/normal acc 0.882/0.797/0.956 | lr 1.00e-04
step 1600 | loss 0.5737 | fall/fallen/normal acc 0.633/0.781/0.958 | lr 1.00e-04
step 1650 | loss 0.5277 | fall/fallen/normal acc 0.885/0.667/0.973 | lr 1.00e-04
step 1700 | loss 0.7483 | fall/fallen/normal acc 0.578/0.466/0.980 | lr 1.00e-04
step 1750 | loss 0.0993 | fall/fallen/normal acc 0.933/0.882/0.976 | lr 1.00e-04
step 1800 | loss 0.4134 | fall/fallen/normal acc 0.764/0.693/0.956 | lr 1.00e-04
[VAL] step 1800 | f1 0.7523 | fallen prec 0.6283 rec 0.9668 | train_loss 0.4518
step 1850 | loss 0.3330 | fall/fallen/normal acc 0.635/0.854/0.962 | lr 1.00e-04
step 1900 | loss 0.4984 | fall/fallen/normal acc 0.800/0.673/0.932 | lr 1.00e-04
step 1950 | loss 0.4480 | fall/fallen/normal acc 0.664/0.677/0.971 | lr 1.00e-04
step 2000 | loss 0.4130 | fall/fallen/normal acc 0.718/0.781/0.944 | lr 1.00e-04
[EPOCH 1] 完成，已存 epoch_1_model.pt
step 2050 | loss 0.2209 | fall/fallen/normal acc 0.808/0.932/0.978 | lr 1.00e-04
step 2100 | loss 0.3817 | fall/fallen/normal acc 0.814/0.814/0.968 | lr 1.00e-04
step 2150 | loss 0.2768 | fall/fallen/normal acc 0.806/0.769/0.970 | lr 1.00e-04
step 2200 | loss 0.1487 | fall/fallen/normal acc 0.731/0.975/0.984 | lr 1.00e-04
step 2250 | loss 0.4650 | fall/fallen/normal acc 0.880/0.514/0.975 | lr 1.00e-04
step 2300 | loss 0.2538 | fall/fallen/normal acc 0.664/0.910/0.967 | lr 1.00e-04
step 2350 | loss 0.1954 | fall/fallen/normal acc 0.918/0.851/0.969 | lr 1.00e-04
step 2400 | loss 0.0907 | fall/fallen/normal acc 0.782/0.975/0.999 | lr 1.00e-04
[VAL] step 2400 | f1 0.7957 | fallen prec 0.7788 rec 0.8143 | train_loss 0.2541
  [BEST] 新最优 f1=0.7957 → best_model.pt
step 2450 | loss 0.1410 | fall/fallen/normal acc 0.860/0.893/0.976 | lr 1.00e-04
step 2500 | loss 0.1401 | fall/fallen/normal acc 0.899/0.813/0.987 | lr 1.00e-04
step 2550 | loss 0.1075 | fall/fallen/normal acc 0.967/0.984/0.958 | lr 1.00e-04
step 2600 | loss 0.6687 | fall/fallen/normal acc 0.599/0.600/0.966 | lr 1.00e-04
step 2650 | loss 0.2520 | fall/fallen/normal acc 0.857/0.752/0.967 | lr 1.00e-04
step 2700 | loss 0.1760 | fall/fallen/normal acc 0.816/0.812/0.975 | lr 1.00e-04
step 2750 | loss 0.2154 | fall/fallen/normal acc 0.832/0.879/0.973 | lr 1.00e-04
step 2800 | loss 0.2227 | fall/fallen/normal acc 0.926/0.737/0.964 | lr 1.00e-04
step 2850 | loss 0.3660 | fall/fallen/normal acc 0.826/0.798/0.950 | lr 1.00e-04
step 2900 | loss 0.2065 | fall/fallen/normal acc 0.582/0.862/0.982 | lr 1.00e-04
step 2950 | loss 0.5104 | fall/fallen/normal acc 0.686/0.685/0.956 | lr 1.00e-04
step 3000 | loss 0.3741 | fall/fallen/normal acc 0.657/0.867/0.986 | lr 1.00e-04
[VAL] step 3000 | f1 0.7363 | fallen prec 0.9101 rec 0.3985 | train_loss 0.2817
step 3050 | loss 0.3234 | fall/fallen/normal acc 0.843/0.658/0.972 | lr 1.00e-04
step 3100 | loss 0.5082 | fall/fallen/normal acc 0.742/0.572/0.971 | lr 1.00e-04
step 3150 | loss 0.2579 | fall/fallen/normal acc 0.801/0.900/0.956 | lr 1.00e-04
step 3200 | loss 0.1494 | fall/fallen/normal acc 0.851/0.791/0.988 | lr 1.00e-04
step 3250 | loss 0.2567 | fall/fallen/normal acc 0.712/0.780/0.977 | lr 1.00e-04
step 3300 | loss 0.2186 | fall/fallen/normal acc 0.769/0.834/0.972 | lr 1.00e-04
step 3350 | loss 0.1907 | fall/fallen/normal acc 0.912/0.827/0.966 | lr 1.00e-04
step 3400 | loss 0.2296 | fall/fallen/normal acc 0.793/0.709/0.970 | lr 1.00e-04
step 3450 | loss 0.4731 | fall/fallen/normal acc 0.629/0.851/0.985 | lr 1.00e-04
step 3500 | loss 0.1813 | fall/fallen/normal acc 0.902/0.791/0.978 | lr 1.00e-04
step 3550 | loss 0.2306 | fall/fallen/normal acc 0.860/0.762/0.983 | lr 1.00e-04
step 3600 | loss 0.1349 | fall/fallen/normal acc 0.872/0.902/0.964 | lr 1.00e-04
[VAL] step 3600 | f1 0.7713 | fallen prec 0.7993 rec 0.5978 | train_loss 0.2629
step 3650 | loss 0.4778 | fall/fallen/normal acc 0.841/0.632/0.988 | lr 1.00e-04
step 3700 | loss 0.1149 | fall/fallen/normal acc 0.958/0.960/0.973 | lr 1.00e-04
step 3750 | loss 0.2273 | fall/fallen/normal acc 0.744/0.911/0.974 | lr 1.00e-04
step 3800 | loss 0.4491 | fall/fallen/normal acc 0.791/0.724/0.951 | lr 1.00e-04
step 3850 | loss 0.1527 | fall/fallen/normal acc 0.910/0.943/0.968 | lr 1.00e-04
step 3900 | loss 0.1960 | fall/fallen/normal acc 0.872/0.897/0.967 | lr 1.00e-04
step 3950 | loss 0.1078 | fall/fallen/normal acc 0.923/0.875/0.980 | lr 1.00e-04
step 4000 | loss 0.1933 | fall/fallen/normal acc 0.813/0.962/0.972 | lr 1.00e-04
[EPOCH 2] 完成，已存 epoch_2_model.pt
step 4050 | loss 0.1292 | fall/fallen/normal acc 0.946/0.747/0.987 | lr 1.00e-04
step 4100 | loss 0.2537 | fall/fallen/normal acc 0.710/0.881/0.963 | lr 1.00e-04
step 4150 | loss 0.2137 | fall/fallen/normal acc 0.806/0.975/0.976 | lr 1.00e-04
step 4200 | loss 0.1048 | fall/fallen/normal acc 0.917/0.848/0.986 | lr 1.00e-04
[VAL] step 4200 | f1 0.8128 | fallen prec 0.8260 rec 0.7122 | train_loss 0.1753
  [BEST] 新最优 f1=0.8128 → best_model.pt
step 4250 | loss 0.2172 | fall/fallen/normal acc 0.787/0.895/0.972 | lr 1.00e-04
step 4300 | loss 0.0980 | fall/fallen/normal acc 0.948/0.781/0.979 | lr 1.00e-04
step 4350 | loss 0.1518 | fall/fallen/normal acc 0.838/0.779/0.986 | lr 1.00e-04
step 4400 | loss 0.1761 | fall/fallen/normal acc 0.822/0.836/0.973 | lr 1.00e-04
step 4450 | loss 0.1498 | fall/fallen/normal acc 0.899/0.887/0.969 | lr 1.00e-04
step 4500 | loss 0.0942 | fall/fallen/normal acc 0.961/0.372/0.989 | lr 1.00e-04
step 4550 | loss 0.1204 | fall/fallen/normal acc 0.900/0.977/0.970 | lr 1.00e-04
step 4600 | loss 0.1321 | fall/fallen/normal acc 0.927/0.901/0.974 | lr 1.00e-04
step 4650 | loss 0.1028 | fall/fallen/normal acc 0.918/0.893/0.980 | lr 1.00e-04
step 4700 | loss 0.1984 | fall/fallen/normal acc 0.811/0.891/0.971 | lr 1.00e-04
step 4750 | loss 0.1498 | fall/fallen/normal acc 0.931/0.984/0.964 | lr 1.00e-04
step 4800 | loss 0.1020 | fall/fallen/normal acc 0.994/0.740/0.988 | lr 1.00e-04
[VAL] step 4800 | f1 0.7981 | fallen prec 0.7833 rec 0.7515 | train_loss 0.1411
step 4850 | loss 0.1128 | fall/fallen/normal acc 0.921/0.887/0.981 | lr 1.00e-04
step 4900 | loss 0.1274 | fall/fallen/normal acc 0.946/0.892/0.993 | lr 1.00e-04
step 4950 | loss 0.0973 | fall/fallen/normal acc 0.977/0.867/0.977 | lr 1.00e-04
step 5000 | loss 0.1678 | fall/fallen/normal acc 0.580/0.945/0.984 | lr 1.00e-04
step 5050 | loss 0.1309 | fall/fallen/normal acc 0.872/0.973/0.984 | lr 1.00e-04
step 5100 | loss 0.2270 | fall/fallen/normal acc 0.881/0.937/0.986 | lr 1.00e-04
step 5150 | loss 0.2101 | fall/fallen/normal acc 0.850/0.848/0.969 | lr 1.00e-04
step 5200 | loss 0.1318 | fall/fallen/normal acc 0.885/0.890/0.968 | lr 1.00e-04
step 5250 | loss 0.0703 | fall/fallen/normal acc 0.947/0.923/0.981 | lr 1.00e-04
step 5300 | loss 0.1018 | fall/fallen/normal acc 0.902/0.954/0.989 | lr 1.00e-04
step 5350 | loss 0.0976 | fall/fallen/normal acc 0.837/0.956/0.986 | lr 1.00e-04
step 5400 | loss 0.1058 | fall/fallen/normal acc 0.885/0.903/0.987 | lr 1.00e-04
[VAL] step 5400 | f1 0.8555 | fallen prec 0.8462 rec 0.8253 | train_loss 0.1317
  [BEST] 新最优 f1=0.8555 → best_model.pt
step 5450 | loss 0.0449 | fall/fallen/normal acc 0.970/0.929/0.990 | lr 1.00e-04
step 5500 | loss 0.0952 | fall/fallen/normal acc 0.917/0.839/0.981 | lr 1.00e-04
step 5550 | loss 0.1017 | fall/fallen/normal acc 0.894/0.917/0.989 | lr 1.00e-04
step 5600 | loss 0.3141 | fall/fallen/normal acc 0.704/0.938/0.986 | lr 1.00e-04
step 5650 | loss 0.1931 | fall/fallen/normal acc 0.916/0.861/0.985 | lr 1.00e-04
step 5700 | loss 0.0812 | fall/fallen/normal acc 0.980/0.902/0.973 | lr 1.00e-04
step 5750 | loss 0.1006 | fall/fallen/normal acc 0.889/0.974/0.983 | lr 1.00e-04
step 5800 | loss 0.0677 | fall/fallen/normal acc 0.893/0.959/0.991 | lr 1.00e-04
step 5850 | loss 0.1579 | fall/fallen/normal acc 0.902/0.877/0.987 | lr 1.00e-04
step 5900 | loss 0.1307 | fall/fallen/normal acc 0.866/0.909/0.987 | lr 1.00e-04
step 5950 | loss 0.1386 | fall/fallen/normal acc 0.876/0.829/0.991 | lr 1.00e-04
step 6000 | loss 0.1267 | fall/fallen/normal acc 0.879/0.911/0.975 | lr 1.00e-04
[VAL] step 6000 | f1 0.8662 | fallen prec 0.8586 rec 0.8216 | train_loss 0.1294
  [BEST] 新最优 f1=0.8662 → best_model.pt
[EPOCH 3] 完成，已存 epoch_3_model.pt
step 6050 | loss 0.0355 | fall/fallen/normal acc 0.912/0.993/0.988 | lr 1.00e-04
step 6100 | loss 0.1125 | fall/fallen/normal acc 0.949/0.850/0.983 | lr 1.00e-04
step 6150 | loss 0.1225 | fall/fallen/normal acc 0.960/0.875/0.984 | lr 1.00e-04
step 6200 | loss 0.2995 | fall/fallen/normal acc 0.874/0.886/0.980 | lr 1.00e-04
step 6250 | loss 0.0747 | fall/fallen/normal acc 0.950/0.775/0.992 | lr 1.00e-04
step 6300 | loss 0.0859 | fall/fallen/normal acc 0.919/0.848/0.996 | lr 1.00e-04
step 6350 | loss 0.0478 | fall/fallen/normal acc 0.960/0.978/0.994 | lr 1.00e-04
step 6400 | loss 0.0671 | fall/fallen/normal acc 0.950/0.963/0.979 | lr 1.00e-04
step 6450 | loss 0.0562 | fall/fallen/normal acc 0.927/0.938/0.989 | lr 1.00e-04
step 6500 | loss 0.0391 | fall/fallen/normal acc 0.932/0.983/0.989 | lr 1.00e-04
step 6550 | loss 0.0737 | fall/fallen/normal acc 0.874/0.987/0.983 | lr 1.00e-04
step 6600 | loss 0.2318 | fall/fallen/normal acc 0.957/0.951/0.994 | lr 1.00e-04
[VAL] step 6600 | f1 0.8364 | fallen prec 0.7987 rec 0.7663 | train_loss 0.1038
step 6650 | loss 0.0454 | fall/fallen/normal acc 0.969/0.991/0.981 | lr 1.00e-04
step 6700 | loss 0.1614 | fall/fallen/normal acc 0.863/0.907/0.978 | lr 1.00e-04
step 6750 | loss 0.1130 | fall/fallen/normal acc 0.898/0.939/0.986 | lr 1.00e-04
step 6800 | loss 0.1839 | fall/fallen/normal acc 0.817/0.885/0.991 | lr 1.00e-04
step 6850 | loss 0.0781 | fall/fallen/normal acc 0.853/0.986/0.976 | lr 1.00e-04
step 6900 | loss 0.0884 | fall/fallen/normal acc 0.908/0.955/0.976 | lr 1.00e-04
step 6950 | loss 0.0707 | fall/fallen/normal acc 0.955/0.929/0.985 | lr 1.00e-04
step 7000 | loss 0.0678 | fall/fallen/normal acc 0.907/0.862/0.996 | lr 1.00e-04
step 7050 | loss 0.1185 | fall/fallen/normal acc 0.933/0.911/0.983 | lr 1.00e-04
step 7100 | loss 0.0388 | fall/fallen/normal acc 0.960/0.978/0.996 | lr 1.00e-04
step 7150 | loss 0.0287 | fall/fallen/normal acc 0.982/0.954/0.995 | lr 1.00e-04
step 7200 | loss 0.0817 | fall/fallen/normal acc 0.947/0.916/0.976 | lr 1.00e-04
[VAL] step 7200 | f1 0.7929 | fallen prec 0.8444 rec 0.5338 | train_loss 0.0897
step 7250 | loss 0.0468 | fall/fallen/normal acc 0.953/0.974/0.984 | lr 1.00e-04
step 7300 | loss 0.0910 | fall/fallen/normal acc 0.971/0.878/0.992 | lr 1.00e-04
step 7350 | loss 0.0749 | fall/fallen/normal acc 0.915/0.945/0.992 | lr 1.00e-04
step 7400 | loss 0.1159 | fall/fallen/normal acc 0.874/0.953/0.986 | lr 1.00e-04
step 7450 | loss 0.0921 | fall/fallen/normal acc 0.927/0.886/0.982 | lr 1.00e-04
step 7500 | loss 0.1075 | fall/fallen/normal acc 0.835/0.958/0.986 | lr 1.00e-04
step 7550 | loss 0.1766 | fall/fallen/normal acc 0.964/0.943/0.996 | lr 1.00e-04
step 7600 | loss 0.0767 | fall/fallen/normal acc 0.951/0.931/0.991 | lr 1.00e-04
step 7650 | loss 0.0952 | fall/fallen/normal acc 0.887/0.928/0.991 | lr 1.00e-04
step 7700 | loss 0.0955 | fall/fallen/normal acc 0.962/0.916/0.970 | lr 1.00e-04
step 7750 | loss 0.0547 | fall/fallen/normal acc 0.961/1.000/0.971 | lr 1.00e-04
step 7800 | loss 0.2510 | fall/fallen/normal acc 0.878/0.812/0.977 | lr 1.00e-04
[VAL] step 7800 | f1 0.7898 | fallen prec 0.8956 rec 0.5486 | train_loss 0.1065
step 7850 | loss 0.1815 | fall/fallen/normal acc 0.906/0.812/0.997 | lr 1.00e-04
step 7900 | loss 0.1741 | fall/fallen/normal acc 0.910/0.904/0.968 | lr 1.00e-04
step 7950 | loss 0.0574 | fall/fallen/normal acc 0.974/0.862/0.987 | lr 1.00e-04
step 8000 | loss 0.1386 | fall/fallen/normal acc 0.956/0.965/0.983 | lr 1.00e-04
[EPOCH 4] 完成，已存 epoch_4_model.pt
step 8050 | loss 0.0112 | fall/fallen/normal acc 0.980/1.000/0.995 | lr 1.00e-04
step 8100 | loss 0.0499 | fall/fallen/normal acc 0.974/0.925/0.991 | lr 1.00e-04
step 8150 | loss 0.0594 | fall/fallen/normal acc 0.850/0.982/0.990 | lr 1.00e-04
step 8200 | loss 0.1268 | fall/fallen/normal acc 0.937/0.881/0.981 | lr 1.00e-04
step 8250 | loss 0.0631 | fall/fallen/normal acc 0.961/0.938/0.991 | lr 1.00e-04
step 8300 | loss 0.0708 | fall/fallen/normal acc 0.947/0.971/0.984 | lr 1.00e-04
step 8350 | loss 0.0928 | fall/fallen/normal acc 0.919/0.942/0.976 | lr 1.00e-04
step 8400 | loss 0.0551 | fall/fallen/normal acc 0.942/0.993/0.981 | lr 1.00e-04
[VAL] step 8400 | f1 0.8299 | fallen prec 0.8367 rec 0.8130 | train_loss 0.0661
step 8450 | loss 0.0579 | fall/fallen/normal acc 0.970/0.925/0.984 | lr 1.00e-04
step 8500 | loss 0.1134 | fall/fallen/normal acc 0.896/0.974/0.979 | lr 1.00e-04
step 8550 | loss 0.0223 | fall/fallen/normal acc 0.963/0.972/0.996 | lr 1.00e-04
step 8600 | loss 0.1078 | fall/fallen/normal acc 0.909/0.984/0.986 | lr 1.00e-04
step 8650 | loss 0.0456 | fall/fallen/normal acc 0.953/0.975/0.990 | lr 1.00e-04
step 8700 | loss 0.0595 | fall/fallen/normal acc 0.946/0.966/0.994 | lr 1.00e-04
step 8750 | loss 0.0503 | fall/fallen/normal acc 0.993/0.909/0.997 | lr 1.00e-04
step 8800 | loss 0.0261 | fall/fallen/normal acc 0.983/0.988/0.987 | lr 1.00e-04
step 8850 | loss 0.0370 | fall/fallen/normal acc 0.960/0.963/0.996 | lr 1.00e-04
step 8900 | loss 0.0449 | fall/fallen/normal acc 0.966/0.951/0.987 | lr 1.00e-04
step 8950 | loss 0.1160 | fall/fallen/normal acc 0.910/0.870/0.986 | lr 1.00e-04
step 9000 | loss 0.0217 | fall/fallen/normal acc 0.966/0.978/0.999 | lr 1.00e-04
[VAL] step 9000 | f1 0.7844 | fallen prec 0.7888 rec 0.6384 | train_loss 0.0585
step 9050 | loss 0.0335 | fall/fallen/normal acc 0.993/0.917/0.995 | lr 1.00e-04
step 9100 | loss 0.0513 | fall/fallen/normal acc 0.934/0.965/0.985 | lr 1.00e-04
step 9150 | loss 0.0836 | fall/fallen/normal acc 0.949/0.987/0.970 | lr 1.00e-04
step 9200 | loss 0.0603 | fall/fallen/normal acc 0.978/0.936/0.985 | lr 1.00e-04
step 9250 | loss 0.1384 | fall/fallen/normal acc 0.926/0.974/0.979 | lr 1.00e-04
step 9300 | loss 0.1008 | fall/fallen/normal acc 0.927/0.897/0.985 | lr 1.00e-04
step 9350 | loss 0.0898 | fall/fallen/normal acc 0.941/0.977/0.992 | lr 1.00e-04
step 9400 | loss 0.0659 | fall/fallen/normal acc 0.919/0.987/0.995 | lr 1.00e-04
step 9450 | loss 0.0339 | fall/fallen/normal acc 0.982/0.947/0.984 | lr 1.00e-04
step 9500 | loss 0.0436 | fall/fallen/normal acc 0.992/0.965/0.994 | lr 1.00e-04
step 9550 | loss 0.0851 | fall/fallen/normal acc 0.939/0.936/0.995 | lr 1.00e-04
step 9600 | loss 0.0543 | fall/fallen/normal acc 0.961/0.967/0.985 | lr 1.00e-04
[VAL] step 9600 | f1 0.8618 | fallen prec 0.8584 rec 0.8426 | train_loss 0.0700
step 9650 | loss 0.0614 | fall/fallen/normal acc 0.895/0.923/0.989 | lr 1.00e-04
step 9700 | loss 0.0264 | fall/fallen/normal acc 0.959/0.986/0.988 | lr 1.00e-04
step 9750 | loss 0.0404 | fall/fallen/normal acc 0.993/0.938/0.997 | lr 1.00e-04
step 9800 | loss 0.0336 | fall/fallen/normal acc 0.957/1.000/0.994 | lr 1.00e-04
step 9850 | loss 0.0348 | fall/fallen/normal acc 0.981/0.927/0.993 | lr 1.00e-04
step 9900 | loss 0.0593 | fall/fallen/normal acc 0.962/0.973/0.998 | lr 1.00e-04
step 9950 | loss 0.0559 | fall/fallen/normal acc 0.926/0.990/0.991 | lr 1.00e-04
step 10000 | loss 0.0438 | fall/fallen/normal acc 0.981/0.979/0.985 | lr 1.00e-04
[EPOCH 5] 完成，已存 epoch_5_model.pt
[DONE] 已存 last_model.pt
[TOTAL] 10000 步, 52862.6s
