[1] 加载 facebook/dinov2-giant(fp16) + LoRA(r=16) + Phase6 bridge 头
Loading weights:   0%|          | 0/727 [00:00<?, ?it/s]Loading weights:  93%|█████████▎| 679/727 [00:00<00:00, 6787.76it/s]Loading weights: 100%|██████████| 727/727 [00:00<00:00, 6790.15it/s]
/root/miniconda3/lib/python3.12/site-packages/torch/nn/modules/transformer.py:392: UserWarning: enable_nested_tensor is True, but self.use_nested_tensor is False because encoder_layer.norm_first was True
  warnings.warn(
  梯度 checkpointing: True
  可训练参数: 10.82M (LoRA + 时序头；主干冻结 fp16)
[2] mp4 现解码数据集: DATASET-omnifall/splits/syn/random/train.csv (window=64, stride=16, workers=16)
  训练视频: 9600 | 窗口: 19200 | 类权重 fall/fallen/normal: [1.318, 1.545, 0.137]
  aux_static loss: 关（λ=0，训练行为与基线一致）
step 50 | loss 2.8668 | fall/fallen/normal acc 0.015/0.190/0.883 | lr 1.00e-04
step 100 | loss 1.3705 | fall/fallen/normal acc 0.297/0.319/0.961 | lr 1.00e-04
step 150 | loss 1.7901 | fall/fallen/normal acc 0.164/0.219/0.947 | lr 1.00e-04
step 200 | loss 2.3494 | fall/fallen/normal acc 0.274/0.070/0.963 | lr 1.00e-04
step 250 | loss 1.6931 | fall/fallen/normal acc 0.093/0.326/0.946 | lr 1.00e-04
step 300 | loss 0.9253 | fall/fallen/normal acc 0.431/0.420/0.953 | lr 1.00e-04
step 350 | loss 1.0848 | fall/fallen/normal acc 0.269/0.329/0.947 | lr 1.00e-04
step 400 | loss 1.5836 | fall/fallen/normal acc 0.463/0.234/0.932 | lr 1.00e-04
step 450 | loss 1.3951 | fall/fallen/normal acc 0.442/0.289/0.925 | lr 1.00e-04
step 500 | loss 0.9148 | fall/fallen/normal acc 0.625/0.410/0.941 | lr 1.00e-04
step 550 | loss 1.5623 | fall/fallen/normal acc 0.337/0.241/0.965 | lr 1.00e-04
step 600 | loss 0.7300 | fall/fallen/normal acc 0.535/0.374/0.958 | lr 1.00e-04
[VAL] step 600 | f1 0.7391 | fallen prec 0.7721 rec 0.7534 | train_loss 1.5222
  [CKPT] 已存 step_600_model.pt
  [BEST] 新最优 f1=0.7391 → best_model.pt
step 650 | loss 0.6850 | fall/fallen/normal acc 0.552/0.572/0.948 | lr 1.00e-04
step 700 | loss 1.1732 | fall/fallen/normal acc 0.488/0.474/0.939 | lr 1.00e-04
step 750 | loss 0.4598 | fall/fallen/normal acc 0.668/0.604/0.973 | lr 1.00e-04
step 800 | loss 1.2444 | fall/fallen/normal acc 0.474/0.470/0.925 | lr 1.00e-04
step 850 | loss 0.7875 | fall/fallen/normal acc 0.485/0.544/0.962 | lr 1.00e-04
step 900 | loss 1.2123 | fall/fallen/normal acc 0.367/0.317/0.937 | lr 1.00e-04
step 950 | loss 0.6308 | fall/fallen/normal acc 0.352/0.611/0.947 | lr 1.00e-04
step 1000 | loss 1.3100 | fall/fallen/normal acc 0.518/0.093/0.913 | lr 1.00e-04
step 1050 | loss 0.6401 | fall/fallen/normal acc 0.473/0.400/0.989 | lr 1.00e-04
step 1100 | loss 0.3626 | fall/fallen/normal acc 0.704/0.852/0.935 | lr 1.00e-04
step 1150 | loss 0.3347 | fall/fallen/normal acc 0.733/0.763/0.961 | lr 1.00e-04
step 1200 | loss 0.4418 | fall/fallen/normal acc 0.786/0.272/0.974 | lr 1.00e-04
[VAL] step 1200 | f1 0.7747 | fallen prec 0.9538 rec 0.5941 | train_loss 0.7735
  [CKPT] 已存 step_1200_model.pt
  [BEST] 新最优 f1=0.7747 → best_model.pt
step 1250 | loss 0.6535 | fall/fallen/normal acc 0.770/0.312/0.929 | lr 1.00e-04
step 1300 | loss 0.6496 | fall/fallen/normal acc 0.577/0.610/0.965 | lr 1.00e-04
step 1350 | loss 0.8462 | fall/fallen/normal acc 0.664/0.545/0.966 | lr 1.00e-04
step 1400 | loss 0.6420 | fall/fallen/normal acc 0.676/0.762/0.901 | lr 1.00e-04
step 1450 | loss 0.6000 | fall/fallen/normal acc 0.774/0.350/0.948 | lr 1.00e-04
step 1500 | loss 0.9540 | fall/fallen/normal acc 0.414/0.641/0.929 | lr 1.00e-04
step 1550 | loss 0.8719 | fall/fallen/normal acc 0.479/0.444/0.934 | lr 1.00e-04
step 1600 | loss 0.6624 | fall/fallen/normal acc 0.308/0.659/0.974 | lr 1.00e-04
step 1650 | loss 0.4642 | fall/fallen/normal acc 0.542/0.234/0.941 | lr 1.00e-04
step 1700 | loss 0.3974 | fall/fallen/normal acc 0.520/0.745/0.965 | lr 1.00e-04
step 1750 | loss 0.7194 | fall/fallen/normal acc 0.726/0.595/0.946 | lr 1.00e-04
step 1800 | loss 0.4130 | fall/fallen/normal acc 0.672/0.550/0.970 | lr 1.00e-04
[VAL] step 1800 | f1 0.6824 | fallen prec 0.9891 rec 0.4095 | train_loss 0.6561
  [CKPT] 已存 step_1800_model.pt
step 1850 | loss 0.3943 | fall/fallen/normal acc 0.829/0.776/0.953 | lr 1.00e-04
step 1900 | loss 0.4390 | fall/fallen/normal acc 0.713/0.748/0.948 | lr 1.00e-04
step 1950 | loss 0.4936 | fall/fallen/normal acc 0.634/0.552/0.961 | lr 1.00e-04
step 2000 | loss 0.6135 | fall/fallen/normal acc 0.512/0.767/0.944 | lr 1.00e-04
step 2050 | loss 0.6234 | fall/fallen/normal acc 0.502/0.740/0.914 | lr 1.00e-04
step 2100 | loss 0.3501 | fall/fallen/normal acc 0.541/0.765/0.971 | lr 1.00e-04
step 2150 | loss 0.3584 | fall/fallen/normal acc 0.730/0.798/0.974 | lr 1.00e-04
step 2200 | loss 0.6368 | fall/fallen/normal acc 0.797/0.466/0.908 | lr 1.00e-04
step 2250 | loss 0.7151 | fall/fallen/normal acc 0.635/0.683/0.910 | lr 1.00e-04
step 2300 | loss 0.3908 | fall/fallen/normal acc 0.706/0.806/0.932 | lr 1.00e-04
step 2350 | loss 0.5645 | fall/fallen/normal acc 0.514/0.782/0.962 | lr 1.00e-04
step 2400 | loss 0.5738 | fall/fallen/normal acc 0.710/0.682/0.937 | lr 1.00e-04
[VAL] step 2400 | f1 0.8414 | fallen prec 0.8606 rec 0.8893 | train_loss 0.5128
  [CKPT] 已存 step_2400_model.pt
  [BEST] 新最优 f1=0.8414 → best_model.pt
step 2450 | loss 0.5053 | fall/fallen/normal acc 0.684/0.664/0.938 | lr 1.00e-04
step 2500 | loss 0.5452 | fall/fallen/normal acc 0.743/0.522/0.966 | lr 1.00e-04
step 2550 | loss 0.2950 | fall/fallen/normal acc 0.644/0.778/0.950 | lr 1.00e-04
step 2600 | loss 0.4807 | fall/fallen/normal acc 0.621/0.377/0.966 | lr 1.00e-04
step 2650 | loss 0.2505 | fall/fallen/normal acc 0.602/0.827/0.972 | lr 1.00e-04
step 2700 | loss 0.6906 | fall/fallen/normal acc 0.650/0.623/0.916 | lr 1.00e-04
step 2750 | loss 0.4009 | fall/fallen/normal acc 0.726/0.677/0.964 | lr 1.00e-04
step 2800 | loss 0.1725 | fall/fallen/normal acc 0.785/0.794/0.985 | lr 1.00e-04
step 2850 | loss 0.4154 | fall/fallen/normal acc 0.779/0.789/0.950 | lr 1.00e-04
step 2900 | loss 0.3615 | fall/fallen/normal acc 0.784/0.743/0.961 | lr 1.00e-04
step 2950 | loss 0.6638 | fall/fallen/normal acc 0.588/0.828/0.938 | lr 1.00e-04
step 3000 | loss 0.5554 | fall/fallen/normal acc 0.595/0.750/0.939 | lr 1.00e-04
[VAL] step 3000 | f1 0.7826 | fallen prec 0.6575 rec 0.9730 | train_loss 0.4447
  [CKPT] 已存 step_3000_model.pt
step 3050 | loss 0.3859 | fall/fallen/normal acc 0.626/0.864/0.952 | lr 1.00e-04
step 3100 | loss 0.6558 | fall/fallen/normal acc 0.673/0.516/0.954 | lr 1.00e-04
step 3150 | loss 0.3773 | fall/fallen/normal acc 0.634/0.711/0.967 | lr 1.00e-04
step 3200 | loss 0.3639 | fall/fallen/normal acc 0.739/0.836/0.950 | lr 1.00e-04
step 3250 | loss 0.2537 | fall/fallen/normal acc 0.859/0.673/0.971 | lr 1.00e-04
step 3300 | loss 0.4334 | fall/fallen/normal acc 0.812/0.462/0.959 | lr 1.00e-04
step 3350 | loss 0.2533 | fall/fallen/normal acc 0.807/0.718/0.944 | lr 1.00e-04
step 3400 | loss 0.5531 | fall/fallen/normal acc 0.646/0.618/0.938 | lr 1.00e-04
step 3450 | loss 0.2092 | fall/fallen/normal acc 0.908/0.425/0.965 | lr 1.00e-04
step 3500 | loss 0.6320 | fall/fallen/normal acc 0.616/0.653/0.943 | lr 1.00e-04
step 3550 | loss 0.4489 | fall/fallen/normal acc 0.687/0.687/0.931 | lr 1.00e-04
step 3600 | loss 0.2313 | fall/fallen/normal acc 0.842/0.802/0.967 | lr 1.00e-04
[VAL] step 3600 | f1 0.8652 | fallen prec 0.7622 rec 0.9811 | train_loss 0.3998
  [CKPT] 已存 step_3600_model.pt
  [BEST] 新最优 f1=0.8652 → best_model.pt
step 3650 | loss 0.3244 | fall/fallen/normal acc 0.774/0.772/0.966 | lr 1.00e-04
step 3700 | loss 0.5188 | fall/fallen/normal acc 0.678/0.782/0.939 | lr 1.00e-04
step 3750 | loss 0.3837 | fall/fallen/normal acc 0.811/0.746/0.944 | lr 1.00e-04
step 3800 | loss 0.3117 | fall/fallen/normal acc 0.757/0.909/0.937 | lr 1.00e-04
step 3850 | loss 0.2296 | fall/fallen/normal acc 0.884/0.818/0.953 | lr 1.00e-04
step 3900 | loss 0.3450 | fall/fallen/normal acc 0.865/0.563/0.988 | lr 1.00e-04
step 3950 | loss 0.2989 | fall/fallen/normal acc 0.719/0.839/0.964 | lr 1.00e-04
step 4000 | loss 0.5058 | fall/fallen/normal acc 0.684/0.985/0.981 | lr 1.00e-04
step 4050 | loss 0.2676 | fall/fallen/normal acc 0.468/0.848/0.979 | lr 1.00e-04
step 4100 | loss 0.3749 | fall/fallen/normal acc 0.908/0.638/0.937 | lr 1.00e-04
step 4150 | loss 0.5092 | fall/fallen/normal acc 0.731/0.423/0.948 | lr 1.00e-04
step 4200 | loss 0.2993 | fall/fallen/normal acc 0.763/0.764/0.950 | lr 1.00e-04
[VAL] step 4200 | f1 0.8322 | fallen prec 0.8634 rec 0.8020 | train_loss 0.3641
  [CKPT] 已存 step_4200_model.pt
step 4250 | loss 0.3131 | fall/fallen/normal acc 0.828/0.652/0.964 | lr 1.00e-04
step 4300 | loss 0.5514 | fall/fallen/normal acc 0.775/0.756/0.966 | lr 1.00e-04
step 4350 | loss 0.1313 | fall/fallen/normal acc 0.976/0.669/0.973 | lr 1.00e-04
step 4400 | loss 0.4833 | fall/fallen/normal acc 0.907/0.341/0.973 | lr 1.00e-04
step 4450 | loss 0.4464 | fall/fallen/normal acc 0.708/0.698/0.925 | lr 1.00e-04
step 4500 | loss 0.3661 | fall/fallen/normal acc 0.857/0.615/0.932 | lr 1.00e-04
step 4550 | loss 0.3665 | fall/fallen/normal acc 0.836/0.622/0.931 | lr 1.00e-04
step 4600 | loss 0.4356 | fall/fallen/normal acc 0.773/0.665/0.933 | lr 1.00e-04
step 4650 | loss 0.2085 | fall/fallen/normal acc 0.824/0.753/0.968 | lr 1.00e-04
step 4700 | loss 0.2514 | fall/fallen/normal acc 0.725/0.843/0.967 | lr 1.00e-04
step 4750 | loss 0.4485 | fall/fallen/normal acc 0.818/0.579/0.983 | lr 1.00e-04
step 4800 | loss 0.5990 | fall/fallen/normal acc 0.799/0.474/0.927 | lr 1.00e-04
[VAL] step 4800 | f1 0.8500 | fallen prec 0.9220 rec 0.8083 | train_loss 0.3834
  [CKPT] 已存 step_4800_model.pt
step 4850 | loss 0.3489 | fall/fallen/normal acc 0.806/0.747/0.953 | lr 1.00e-04
step 4900 | loss 0.3387 | fall/fallen/normal acc 0.651/0.899/0.957 | lr 1.00e-04
step 4950 | loss 0.5649 | fall/fallen/normal acc 0.748/0.633/0.941 | lr 1.00e-04
step 5000 | loss 0.2709 | fall/fallen/normal acc 0.528/0.908/0.955 | lr 1.00e-04
step 5050 | loss 0.3253 | fall/fallen/normal acc 0.876/0.645/0.952 | lr 1.00e-04
step 5100 | loss 0.3936 | fall/fallen/normal acc 0.636/0.811/0.955 | lr 1.00e-04
step 5150 | loss 0.3252 | fall/fallen/normal acc 0.785/0.729/0.971 | lr 1.00e-04
step 5200 | loss 0.3596 | fall/fallen/normal acc 0.898/0.523/0.958 | lr 1.00e-04
step 5250 | loss 0.4061 | fall/fallen/normal acc 0.651/0.777/0.925 | lr 1.00e-04
step 5300 | loss 0.1858 | fall/fallen/normal acc 0.678/0.651/0.988 | lr 1.00e-04
step 5350 | loss 0.3457 | fall/fallen/normal acc 0.913/0.161/0.948 | lr 1.00e-04
step 5400 | loss 0.4804 | fall/fallen/normal acc 0.787/0.603/0.963 | lr 1.00e-04
[VAL] step 5400 | f1 0.8148 | fallen prec 0.9219 rec 0.6697 | train_loss 0.3621
  [CKPT] 已存 step_5400_model.pt
step 5450 | loss 0.2910 | fall/fallen/normal acc 0.811/0.749/0.969 | lr 1.00e-04
step 5500 | loss 0.1196 | fall/fallen/normal acc 0.899/0.881/0.959 | lr 1.00e-04
step 5550 | loss 0.3383 | fall/fallen/normal acc 0.728/0.736/0.972 | lr 1.00e-04
step 5600 | loss 0.4832 | fall/fallen/normal acc 0.734/0.673/0.954 | lr 1.00e-04
step 5650 | loss 0.2098 | fall/fallen/normal acc 0.939/0.833/0.937 | lr 1.00e-04
step 5700 | loss 0.1254 | fall/fallen/normal acc 0.945/0.473/0.978 | lr 1.00e-04
step 5750 | loss 0.3066 | fall/fallen/normal acc 0.827/0.663/0.978 | lr 1.00e-04
step 5800 | loss 0.2065 | fall/fallen/normal acc 0.864/0.839/0.968 | lr 1.00e-04
step 5850 | loss 0.2852 | fall/fallen/normal acc 0.825/0.725/0.949 | lr 1.00e-04
step 5900 | loss 0.1745 | fall/fallen/normal acc 0.748/0.791/0.981 | lr 1.00e-04
step 5950 | loss 0.2164 | fall/fallen/normal acc 0.784/0.799/0.963 | lr 1.00e-04
step 6000 | loss 0.2565 | fall/fallen/normal acc 0.696/0.791/0.974 | lr 1.00e-04
[VAL] step 6000 | f1 0.8800 | fallen prec 0.7671 rec 0.9604 | train_loss 0.2511
  [CKPT] 已存 step_6000_model.pt
  [BEST] 新最优 f1=0.8800 → best_model.pt
step 6050 | loss 0.2870 | fall/fallen/normal acc 0.926/0.539/0.924 | lr 1.00e-04
step 6100 | loss 0.2080 | fall/fallen/normal acc 0.821/0.858/0.963 | lr 1.00e-04
step 6150 | loss 0.2083 | fall/fallen/normal acc 0.745/0.864/0.971 | lr 1.00e-04
step 6200 | loss 0.5500 | fall/fallen/normal acc 0.755/0.740/0.966 | lr 1.00e-04
step 6250 | loss 0.5717 | fall/fallen/normal acc 0.971/0.592/0.954 | lr 1.00e-04
step 6300 | loss 0.3020 | fall/fallen/normal acc 0.736/0.767/0.951 | lr 1.00e-04
step 6350 | loss 0.2945 | fall/fallen/normal acc 0.867/0.745/0.968 | lr 1.00e-04
step 6400 | loss 0.4708 | fall/fallen/normal acc 0.680/0.723/0.921 | lr 1.00e-04
step 6450 | loss 0.4091 | fall/fallen/normal acc 0.842/0.605/0.929 | lr 1.00e-04
step 6500 | loss 0.2739 | fall/fallen/normal acc 0.921/0.497/0.954 | lr 1.00e-04
step 6550 | loss 0.2546 | fall/fallen/normal acc 0.840/0.696/0.969 | lr 1.00e-04
step 6600 | loss 0.3456 | fall/fallen/normal acc 0.687/0.746/0.928 | lr 1.00e-04
[VAL] step 6600 | f1 0.8819 | fallen prec 0.8429 rec 0.8695 | train_loss 0.3480
  [CKPT] 已存 step_6600_model.pt
  [BEST] 新最优 f1=0.8819 → best_model.pt
step 6650 | loss 0.1703 | fall/fallen/normal acc 0.826/0.879/0.947 | lr 1.00e-04
step 6700 | loss 0.3508 | fall/fallen/normal acc 0.805/0.537/0.959 | lr 1.00e-04
step 6750 | loss 0.2906 | fall/fallen/normal acc 0.806/0.896/0.954 | lr 1.00e-04
step 6800 | loss 0.3778 | fall/fallen/normal acc 0.826/0.508/0.951 | lr 1.00e-04
step 6850 | loss 0.4592 | fall/fallen/normal acc 0.781/0.730/0.987 | lr 1.00e-04
step 6900 | loss 0.3666 | fall/fallen/normal acc 0.736/0.768/0.942 | lr 1.00e-04
step 6950 | loss 0.2727 | fall/fallen/normal acc 0.788/0.841/0.927 | lr 1.00e-04
step 7000 | loss 0.6488 | fall/fallen/normal acc 0.913/0.351/0.979 | lr 1.00e-04
step 7050 | loss 0.1879 | fall/fallen/normal acc 0.847/0.532/0.973 | lr 1.00e-04
step 7100 | loss 0.4732 | fall/fallen/normal acc 0.831/0.636/0.987 | lr 1.00e-04
step 7150 | loss 0.1817 | fall/fallen/normal acc 0.743/0.929/0.971 | lr 1.00e-04
step 7200 | loss 0.3531 | fall/fallen/normal acc 0.643/0.770/0.962 | lr 1.00e-04
[VAL] step 7200 | f1 0.8615 | fallen prec 0.8047 rec 0.8902 | train_loss 0.3444
  [CKPT] 已存 step_7200_model.pt
step 7250 | loss 0.2085 | fall/fallen/normal acc 0.615/0.730/0.985 | lr 1.00e-04
step 7300 | loss 0.2786 | fall/fallen/normal acc 0.844/0.748/0.964 | lr 1.00e-04
step 7350 | loss 0.2890 | fall/fallen/normal acc 0.850/0.740/0.990 | lr 1.00e-04
step 7400 | loss 0.1959 | fall/fallen/normal acc 0.853/0.884/0.957 | lr 1.00e-04
step 7450 | loss 0.4500 | fall/fallen/normal acc 0.833/0.634/0.946 | lr 1.00e-04
step 7500 | loss 0.1862 | fall/fallen/normal acc 0.767/0.685/0.987 | lr 1.00e-04
step 7550 | loss 0.4647 | fall/fallen/normal acc 0.667/0.613/0.978 | lr 1.00e-04
step 7600 | loss 0.2349 | fall/fallen/normal acc 0.783/0.901/0.961 | lr 1.00e-04
step 7650 | loss 0.3828 | fall/fallen/normal acc 0.750/0.479/0.982 | lr 1.00e-04
step 7700 | loss 0.3888 | fall/fallen/normal acc 0.818/0.547/0.961 | lr 1.00e-04
step 7750 | loss 0.2069 | fall/fallen/normal acc 0.944/0.843/0.969 | lr 1.00e-04
step 7800 | loss 0.3662 | fall/fallen/normal acc 0.738/0.703/0.962 | lr 1.00e-04
[VAL] step 7800 | f1 0.8161 | fallen prec 0.9068 rec 0.7093 | train_loss 0.3044
  [CKPT] 已存 step_7800_model.pt
step 7850 | loss 0.2970 | fall/fallen/normal acc 0.759/0.831/0.920 | lr 1.00e-04
step 7900 | loss 0.2568 | fall/fallen/normal acc 0.800/0.819/0.944 | lr 1.00e-04
step 7950 | loss 0.5970 | fall/fallen/normal acc 0.887/0.600/0.947 | lr 1.00e-04
step 8000 | loss 0.2556 | fall/fallen/normal acc 0.744/0.777/0.948 | lr 1.00e-04
step 8050 | loss 0.4824 | fall/fallen/normal acc 0.759/0.724/0.959 | lr 1.00e-04
step 8100 | loss 0.3082 | fall/fallen/normal acc 0.710/0.814/0.956 | lr 1.00e-04
step 8150 | loss 0.5132 | fall/fallen/normal acc 0.734/0.740/0.940 | lr 1.00e-04
step 8200 | loss 0.3046 | fall/fallen/normal acc 0.917/0.872/0.942 | lr 1.00e-04
step 8250 | loss 0.2841 | fall/fallen/normal acc 0.593/0.735/0.989 | lr 1.00e-04
step 8300 | loss 0.0866 | fall/fallen/normal acc 0.955/0.849/0.991 | lr 1.00e-04
step 8350 | loss 0.1542 | fall/fallen/normal acc 0.961/0.780/0.993 | lr 1.00e-04
step 8400 | loss 0.2970 | fall/fallen/normal acc 0.809/0.667/0.971 | lr 1.00e-04
[VAL] step 8400 | f1 0.8748 | fallen prec 0.8633 rec 0.9037 | train_loss 0.3197
  [CKPT] 已存 step_8400_model.pt
step 8450 | loss 0.2734 | fall/fallen/normal acc 0.710/0.901/0.933 | lr 1.00e-04
step 8500 | loss 0.2375 | fall/fallen/normal acc 0.790/0.773/0.971 | lr 1.00e-04
step 8550 | loss 0.2003 | fall/fallen/normal acc 0.859/0.671/0.972 | lr 1.00e-04
step 8600 | loss 0.2374 | fall/fallen/normal acc 0.720/0.865/0.973 | lr 1.00e-04
step 8650 | loss 0.4497 | fall/fallen/normal acc 0.679/0.661/0.967 | lr 1.00e-04
step 8700 | loss 0.2938 | fall/fallen/normal acc 0.872/0.677/0.939 | lr 1.00e-04
step 8750 | loss 0.3145 | fall/fallen/normal acc 0.862/0.603/0.959 | lr 1.00e-04
step 8800 | loss 0.0724 | fall/fallen/normal acc 0.854/0.947/0.984 | lr 1.00e-04
step 8850 | loss 0.3986 | fall/fallen/normal acc 0.662/0.812/0.942 | lr 1.00e-04
step 8900 | loss 0.2700 | fall/fallen/normal acc 0.767/0.849/0.966 | lr 1.00e-04
step 8950 | loss 0.1280 | fall/fallen/normal acc 0.829/0.883/0.971 | lr 1.00e-04
step 9000 | loss 0.3635 | fall/fallen/normal acc 0.779/0.701/0.948 | lr 1.00e-04
[VAL] step 9000 | f1 0.8120 | fallen prec 0.8456 rec 0.7345 | train_loss 0.2699
  [CKPT] 已存 step_9000_model.pt
step 9050 | loss 0.4033 | fall/fallen/normal acc 0.664/0.891/0.944 | lr 1.00e-04
step 9100 | loss 0.3451 | fall/fallen/normal acc 0.813/0.853/0.933 | lr 1.00e-04
step 9150 | loss 0.2195 | fall/fallen/normal acc 0.954/0.729/0.955 | lr 1.00e-04
step 9200 | loss 0.2003 | fall/fallen/normal acc 0.757/0.901/0.977 | lr 1.00e-04
step 9250 | loss 0.1921 | fall/fallen/normal acc 0.834/0.922/0.949 | lr 1.00e-04
step 9300 | loss 0.3726 | fall/fallen/normal acc 0.854/0.653/0.940 | lr 1.00e-04
step 9350 | loss 0.1950 | fall/fallen/normal acc 0.902/0.884/0.936 | lr 1.00e-04
step 9400 | loss 0.4544 | fall/fallen/normal acc 0.871/0.650/0.941 | lr 1.00e-04
step 9450 | loss 0.2191 | fall/fallen/normal acc 0.821/0.904/0.966 | lr 1.00e-04
step 9500 | loss 0.4171 | fall/fallen/normal acc 0.639/0.657/0.961 | lr 1.00e-04
step 9550 | loss 0.2652 | fall/fallen/normal acc 0.917/0.745/0.945 | lr 1.00e-04
step 9600 | loss 0.3630 | fall/fallen/normal acc 0.791/0.747/0.967 | lr 1.00e-04
[VAL] step 9600 | f1 0.8571 | fallen prec 0.9110 rec 0.8110 | train_loss 0.3039
  [CKPT] 已存 step_9600_model.pt
[EPOCH 1] 完成，已存 epoch_1_model.pt
step 9650 | loss 0.2849 | fall/fallen/normal acc 0.772/0.788/0.953 | lr 1.00e-04
step 9700 | loss 0.1721 | fall/fallen/normal acc 0.937/0.926/0.969 | lr 1.00e-04
step 9750 | loss 0.1454 | fall/fallen/normal acc 0.868/0.946/0.975 | lr 1.00e-04
step 9800 | loss 0.1383 | fall/fallen/normal acc 0.975/0.814/0.976 | lr 1.00e-04
step 9850 | loss 0.2189 | fall/fallen/normal acc 0.812/0.852/0.980 | lr 1.00e-04
step 9900 | loss 0.2466 | fall/fallen/normal acc 0.882/0.925/0.916 | lr 1.00e-04
step 9950 | loss 0.4054 | fall/fallen/normal acc 0.835/0.495/0.986 | lr 1.00e-04
step 10000 | loss 0.2228 | fall/fallen/normal acc 0.838/0.923/0.957 | lr 1.00e-04
step 10050 | loss 0.1151 | fall/fallen/normal acc 0.865/0.862/0.973 | lr 1.00e-04
step 10100 | loss 0.2453 | fall/fallen/normal acc 0.884/0.749/0.954 | lr 1.00e-04
step 10150 | loss 0.2534 | fall/fallen/normal acc 0.939/0.504/0.970 | lr 1.00e-04
step 10200 | loss 0.1115 | fall/fallen/normal acc 0.736/0.954/0.990 | lr 1.00e-04
[VAL] step 10200 | f1 0.8710 | fallen prec 0.7268 rec 0.9865 | train_loss 0.2133
  [CKPT] 已存 step_10200_model.pt
step 10250 | loss 0.1723 | fall/fallen/normal acc 0.739/0.920/0.992 | lr 1.00e-04
step 10300 | loss 0.2032 | fall/fallen/normal acc 0.819/0.925/0.956 | lr 1.00e-04
step 10350 | loss 0.2044 | fall/fallen/normal acc 0.873/0.734/0.958 | lr 1.00e-04
step 10400 | loss 0.2851 | fall/fallen/normal acc 0.759/0.611/0.994 | lr 1.00e-04
step 10450 | loss 0.3002 | fall/fallen/normal acc 0.932/0.746/0.972 | lr 1.00e-04
step 10500 | loss 0.1337 | fall/fallen/normal acc 0.764/0.943/0.981 | lr 1.00e-04
step 10550 | loss 0.3934 | fall/fallen/normal acc 0.915/0.781/0.945 | lr 1.00e-04
step 10600 | loss 0.3525 | fall/fallen/normal acc 0.802/0.859/0.969 | lr 1.00e-04
step 10650 | loss 0.2414 | fall/fallen/normal acc 0.896/0.775/0.952 | lr 1.00e-04
step 10700 | loss 0.1956 | fall/fallen/normal acc 0.923/0.888/0.969 | lr 1.00e-04
step 10750 | loss 0.1404 | fall/fallen/normal acc 0.849/0.876/0.988 | lr 1.00e-04
step 10800 | loss 0.0879 | fall/fallen/normal acc 0.916/0.921/0.967 | lr 1.00e-04
[VAL] step 10800 | f1 0.8689 | fallen prec 0.9034 rec 0.7993 | train_loss 0.2258
  [CKPT] 已存 step_10800_model.pt
step 10850 | loss 0.1410 | fall/fallen/normal acc 0.794/0.860/0.987 | lr 1.00e-04
step 10900 | loss 0.2698 | fall/fallen/normal acc 0.786/0.887/0.950 | lr 1.00e-04
step 10950 | loss 0.1898 | fall/fallen/normal acc 0.847/0.969/0.962 | lr 1.00e-04
step 11000 | loss 0.2841 | fall/fallen/normal acc 0.831/0.664/0.953 | lr 1.00e-04
step 11050 | loss 0.2927 | fall/fallen/normal acc 0.731/0.822/1.000 | lr 1.00e-04
step 11100 | loss 0.4209 | fall/fallen/normal acc 0.892/0.636/0.963 | lr 1.00e-04
step 11150 | loss 0.1643 | fall/fallen/normal acc 0.873/0.886/0.964 | lr 1.00e-04
step 11200 | loss 0.1571 | fall/fallen/normal acc 0.892/0.747/0.988 | lr 1.00e-04
step 11250 | loss 0.1049 | fall/fallen/normal acc 0.851/0.892/0.996 | lr 1.00e-04
step 11300 | loss 0.4085 | fall/fallen/normal acc 0.839/0.783/0.967 | lr 1.00e-04
step 11350 | loss 0.3160 | fall/fallen/normal acc 0.622/0.750/0.967 | lr 1.00e-04
step 11400 | loss 0.2503 | fall/fallen/normal acc 0.852/0.761/0.951 | lr 1.00e-04
[VAL] step 11400 | f1 0.8441 | fallen prec 0.9349 rec 0.7885 | train_loss 0.2500
  [CKPT] 已存 step_11400_model.pt
step 11450 | loss 0.3223 | fall/fallen/normal acc 0.756/0.859/0.961 | lr 1.00e-04
step 11500 | loss 0.1585 | fall/fallen/normal acc 0.869/0.910/0.944 | lr 1.00e-04
step 11550 | loss 0.1606 | fall/fallen/normal acc 0.838/0.835/0.984 | lr 1.00e-04
step 11600 | loss 0.1854 | fall/fallen/normal acc 0.939/0.754/0.971 | lr 1.00e-04
step 11650 | loss 0.1537 | fall/fallen/normal acc 0.802/0.913/0.968 | lr 1.00e-04
step 11700 | loss 0.2061 | fall/fallen/normal acc 0.767/0.832/0.978 | lr 1.00e-04
step 11750 | loss 0.0674 | fall/fallen/normal acc 0.870/0.932/0.990 | lr 1.00e-04
step 11800 | loss 0.2804 | fall/fallen/normal acc 0.505/0.963/0.969 | lr 1.00e-04
step 11850 | loss 0.2914 | fall/fallen/normal acc 0.793/0.769/0.979 | lr 1.00e-04
step 11900 | loss 0.2343 | fall/fallen/normal acc 0.867/0.777/0.968 | lr 1.00e-04
step 11950 | loss 0.0815 | fall/fallen/normal acc 0.943/0.805/0.984 | lr 1.00e-04
step 12000 | loss 0.3348 | fall/fallen/normal acc 0.738/0.904/0.937 | lr 1.00e-04
[VAL] step 12000 | f1 0.8316 | fallen prec 0.8967 rec 0.7426 | train_loss 0.2064
  [CKPT] 已存 step_12000_model.pt
step 12050 | loss 0.2090 | fall/fallen/normal acc 0.879/0.845/0.951 | lr 1.00e-04
step 12100 | loss 0.3966 | fall/fallen/normal acc 0.901/0.804/0.975 | lr 1.00e-04
step 12150 | loss 0.4328 | fall/fallen/normal acc 0.907/0.655/0.980 | lr 1.00e-04
step 12200 | loss 0.2022 | fall/fallen/normal acc 0.922/0.883/0.969 | lr 1.00e-04
step 12250 | loss 0.3256 | fall/fallen/normal acc 0.760/0.639/0.958 | lr 1.00e-04
step 12300 | loss 0.1274 | fall/fallen/normal acc 0.763/0.922/0.986 | lr 1.00e-04
step 12350 | loss 0.3112 | fall/fallen/normal acc 0.885/0.724/0.937 | lr 1.00e-04
step 12400 | loss 0.2712 | fall/fallen/normal acc 0.806/0.799/0.950 | lr 1.00e-04
step 12450 | loss 0.2245 | fall/fallen/normal acc 0.881/0.666/0.976 | lr 1.00e-04
step 12500 | loss 0.3107 | fall/fallen/normal acc 0.656/0.779/0.975 | lr 1.00e-04
step 12550 | loss 0.1419 | fall/fallen/normal acc 0.939/0.952/0.992 | lr 1.00e-04
step 12600 | loss 0.1238 | fall/fallen/normal acc 0.943/0.895/0.958 | lr 1.00e-04
[VAL] step 12600 | f1 0.8728 | fallen prec 0.8861 rec 0.8542 | train_loss 0.2564
  [CKPT] 已存 step_12600_model.pt
step 12650 | loss 0.3302 | fall/fallen/normal acc 0.578/0.729/0.963 | lr 1.00e-04
step 12700 | loss 0.1511 | fall/fallen/normal acc 0.967/0.798/0.969 | lr 1.00e-04
step 12750 | loss 0.3397 | fall/fallen/normal acc 0.720/0.710/0.974 | lr 1.00e-04
step 12800 | loss 0.3166 | fall/fallen/normal acc 0.774/0.932/0.971 | lr 1.00e-04
step 12850 | loss 0.3994 | fall/fallen/normal acc 0.833/0.735/0.946 | lr 1.00e-04
step 12900 | loss 0.1937 | fall/fallen/normal acc 0.864/0.930/0.953 | lr 1.00e-04
step 12950 | loss 0.2041 | fall/fallen/normal acc 0.650/0.790/0.988 | lr 1.00e-04
step 13000 | loss 0.1317 | fall/fallen/normal acc 0.822/0.857/0.977 | lr 1.00e-04
step 13050 | loss 0.2298 | fall/fallen/normal acc 0.824/0.885/0.976 | lr 1.00e-04
step 13100 | loss 0.1533 | fall/fallen/normal acc 0.839/0.860/0.983 | lr 1.00e-04
step 13150 | loss 0.2178 | fall/fallen/normal acc 0.938/0.801/0.974 | lr 1.00e-04
step 13200 | loss 0.1000 | fall/fallen/normal acc 0.883/0.903/0.973 | lr 1.00e-04
[VAL] step 13200 | f1 0.8778 | fallen prec 0.9651 rec 0.8209 | train_loss 0.2306
  [CKPT] 已存 step_13200_model.pt
step 13250 | loss 0.1427 | fall/fallen/normal acc 0.935/0.911/0.959 | lr 1.00e-04
step 13300 | loss 0.3045 | fall/fallen/normal acc 0.677/0.856/0.967 | lr 1.00e-04
step 13350 | loss 0.3875 | fall/fallen/normal acc 0.826/0.873/0.947 | lr 1.00e-04
step 13400 | loss 0.1193 | fall/fallen/normal acc 0.967/0.905/0.977 | lr 1.00e-04
step 13450 | loss 0.4447 | fall/fallen/normal acc 0.852/0.729/0.983 | lr 1.00e-04
step 13500 | loss 0.2875 | fall/fallen/normal acc 0.798/0.591/0.961 | lr 1.00e-04
step 13550 | loss 0.2313 | fall/fallen/normal acc 0.846/0.807/0.953 | lr 1.00e-04
step 13600 | loss 0.2418 | fall/fallen/normal acc 0.714/0.739/0.966 | lr 1.00e-04
step 13650 | loss 0.1851 | fall/fallen/normal acc 0.801/0.889/0.991 | lr 1.00e-04
step 13700 | loss 0.2307 | fall/fallen/normal acc 0.870/0.919/0.963 | lr 1.00e-04
step 13750 | loss 0.0841 | fall/fallen/normal acc 0.914/0.926/0.990 | lr 1.00e-04
step 13800 | loss 0.1715 | fall/fallen/normal acc 0.834/0.839/0.980 | lr 1.00e-04
[VAL] step 13800 | f1 0.8687 | fallen prec 0.7271 rec 0.9595 | train_loss 0.2359
  [CKPT] 已存 step_13800_model.pt
step 13850 | loss 0.2093 | fall/fallen/normal acc 0.762/0.828/0.980 | lr 1.00e-04
step 13900 | loss 0.1692 | fall/fallen/normal acc 0.664/0.938/0.973 | lr 1.00e-04
step 13950 | loss 0.2544 | fall/fallen/normal acc 0.748/0.844/0.978 | lr 1.00e-04
step 14000 | loss 0.3763 | fall/fallen/normal acc 0.728/0.814/0.939 | lr 1.00e-04
step 14050 | loss 0.2570 | fall/fallen/normal acc 0.823/0.693/0.973 | lr 1.00e-04
step 14100 | loss 0.2861 | fall/fallen/normal acc 0.878/0.782/0.952 | lr 1.00e-04
step 14150 | loss 0.1568 | fall/fallen/normal acc 0.875/0.764/0.966 | lr 1.00e-04
step 14200 | loss 0.0999 | fall/fallen/normal acc 0.889/0.953/0.972 | lr 1.00e-04
step 14250 | loss 0.1583 | fall/fallen/normal acc 0.661/0.892/0.984 | lr 1.00e-04
step 14300 | loss 0.1117 | fall/fallen/normal acc 0.907/0.928/0.959 | lr 1.00e-04
step 14350 | loss 0.1667 | fall/fallen/normal acc 0.954/0.908/0.973 | lr 1.00e-04
step 14400 | loss 0.2332 | fall/fallen/normal acc 0.873/0.768/0.952 | lr 1.00e-04
[VAL] step 14400 | f1 0.7805 | fallen prec 0.9153 rec 0.5833 | train_loss 0.2066
  [CKPT] 已存 step_14400_model.pt
step 14450 | loss 0.4174 | fall/fallen/normal acc 0.862/0.709/0.942 | lr 1.00e-04
step 14500 | loss 0.3012 | fall/fallen/normal acc 0.845/0.570/0.971 | lr 1.00e-04
step 14550 | loss 0.1682 | fall/fallen/normal acc 0.829/0.770/0.980 | lr 1.00e-04
step 14600 | loss 0.1955 | fall/fallen/normal acc 0.882/0.811/0.962 | lr 1.00e-04
step 14650 | loss 0.1230 | fall/fallen/normal acc 0.866/0.871/0.984 | lr 1.00e-04
step 14700 | loss 0.3419 | fall/fallen/normal acc 0.858/0.637/0.957 | lr 1.00e-04
step 14750 | loss 0.1409 | fall/fallen/normal acc 0.818/0.982/0.978 | lr 1.00e-04
step 14800 | loss 0.0782 | fall/fallen/normal acc 0.841/0.984/0.977 | lr 1.00e-04
step 14850 | loss 0.2724 | fall/fallen/normal acc 0.831/0.907/0.945 | lr 1.00e-04
step 14900 | loss 0.4023 | fall/fallen/normal acc 0.861/0.607/0.983 | lr 1.00e-04
step 14950 | loss 0.1188 | fall/fallen/normal acc 0.930/0.881/0.978 | lr 1.00e-04
step 15000 | loss 0.2332 | fall/fallen/normal acc 0.820/0.888/0.968 | lr 1.00e-04
[VAL] step 15000 | f1 0.8727 | fallen prec 0.9162 rec 0.8074 | train_loss 0.2328
  [CKPT] 已存 step_15000_model.pt
step 15050 | loss 0.2159 | fall/fallen/normal acc 0.851/0.687/0.961 | lr 1.00e-04
step 15100 | loss 0.3131 | fall/fallen/normal acc 0.832/0.721/0.971 | lr 1.00e-04
step 15150 | loss 0.3073 | fall/fallen/normal acc 0.815/0.689/0.973 | lr 1.00e-04
step 15200 | loss 0.2964 | fall/fallen/normal acc 0.874/0.827/0.976 | lr 1.00e-04
step 15250 | loss 0.1702 | fall/fallen/normal acc 0.829/0.857/0.969 | lr 1.00e-04
step 15300 | loss 0.1756 | fall/fallen/normal acc 0.832/0.978/0.965 | lr 1.00e-04
step 15350 | loss 0.4262 | fall/fallen/normal acc 0.812/0.837/0.972 | lr 1.00e-04
step 15400 | loss 0.2792 | fall/fallen/normal acc 0.771/0.866/0.971 | lr 1.00e-04
step 15450 | loss 0.2759 | fall/fallen/normal acc 0.843/0.913/0.952 | lr 1.00e-04
step 15500 | loss 0.3221 | fall/fallen/normal acc 0.842/0.677/0.971 | lr 1.00e-04
step 15550 | loss 0.1806 | fall/fallen/normal acc 0.867/0.695/0.997 | lr 1.00e-04
step 15600 | loss 0.0671 | fall/fallen/normal acc 0.906/0.967/0.987 | lr 1.00e-04
[VAL] step 15600 | f1 0.8177 | fallen prec 0.9263 rec 0.7462 | train_loss 0.2525
  [CKPT] 已存 step_15600_model.pt
step 15650 | loss 0.3886 | fall/fallen/normal acc 0.850/0.798/0.966 | lr 1.00e-04
step 15700 | loss 0.1416 | fall/fallen/normal acc 0.903/0.924/0.968 | lr 1.00e-04
step 15750 | loss 0.1970 | fall/fallen/normal acc 0.814/0.830/0.967 | lr 1.00e-04
step 15800 | loss 0.1236 | fall/fallen/normal acc 0.875/0.928/0.972 | lr 1.00e-04
step 15850 | loss 0.1400 | fall/fallen/normal acc 0.951/0.858/0.982 | lr 1.00e-04
step 15900 | loss 0.1604 | fall/fallen/normal acc 0.919/0.947/0.986 | lr 1.00e-04
step 15950 | loss 0.3489 | fall/fallen/normal acc 0.932/0.659/0.995 | lr 1.00e-04
step 16000 | loss 0.2118 | fall/fallen/normal acc 0.897/0.809/0.962 | lr 1.00e-04
step 16050 | loss 0.2529 | fall/fallen/normal acc 0.717/0.827/0.969 | lr 1.00e-04
step 16100 | loss 0.2011 | fall/fallen/normal acc 0.818/0.866/0.971 | lr 1.00e-04
step 16150 | loss 0.3811 | fall/fallen/normal acc 0.665/0.702/0.968 | lr 1.00e-04
step 16200 | loss 0.1996 | fall/fallen/normal acc 0.861/0.944/0.936 | lr 1.00e-04
[VAL] step 16200 | f1 0.8124 | fallen prec 0.9243 rec 0.7255 | train_loss 0.2289
  [CKPT] 已存 step_16200_model.pt
step 16250 | loss 0.1738 | fall/fallen/normal acc 0.918/0.678/0.964 | lr 1.00e-04
step 16300 | loss 0.2286 | fall/fallen/normal acc 0.788/0.959/0.964 | lr 1.00e-04
step 16350 | loss 0.2327 | fall/fallen/normal acc 0.771/0.933/0.944 | lr 1.00e-04
step 16400 | loss 0.1535 | fall/fallen/normal acc 0.930/0.813/0.980 | lr 1.00e-04
step 16450 | loss 0.2605 | fall/fallen/normal acc 0.869/0.751/0.970 | lr 1.00e-04
step 16500 | loss 0.3649 | fall/fallen/normal acc 0.847/0.727/0.951 | lr 1.00e-04
step 16550 | loss 0.0963 | fall/fallen/normal acc 0.860/0.897/0.988 | lr 1.00e-04
step 16600 | loss 0.1518 | fall/fallen/normal acc 0.829/0.771/0.972 | lr 1.00e-04
step 16650 | loss 0.2628 | fall/fallen/normal acc 0.833/0.642/0.967 | lr 1.00e-04
step 16700 | loss 0.2864 | fall/fallen/normal acc 0.692/0.802/0.947 | lr 1.00e-04
step 16750 | loss 0.2783 | fall/fallen/normal acc 0.757/0.750/0.980 | lr 1.00e-04
step 16800 | loss 0.1439 | fall/fallen/normal acc 0.885/0.811/0.965 | lr 1.00e-04
[VAL] step 16800 | f1 0.8396 | fallen prec 0.9274 rec 0.7354 | train_loss 0.2194
  [CKPT] 已存 step_16800_model.pt
step 16850 | loss 0.1125 | fall/fallen/normal acc 0.988/0.678/0.984 | lr 1.00e-04
step 16900 | loss 0.2002 | fall/fallen/normal acc 0.726/0.810/0.968 | lr 1.00e-04
step 16950 | loss 0.0921 | fall/fallen/normal acc 0.872/0.923/0.976 | lr 1.00e-04
step 17000 | loss 0.2281 | fall/fallen/normal acc 0.953/0.628/0.953 | lr 1.00e-04
step 17050 | loss 0.4675 | fall/fallen/normal acc 0.803/0.617/0.966 | lr 1.00e-04
step 17100 | loss 0.1963 | fall/fallen/normal acc 0.859/0.664/0.976 | lr 1.00e-04
step 17150 | loss 0.3618 | fall/fallen/normal acc 0.796/0.734/0.970 | lr 1.00e-04
step 17200 | loss 0.0928 | fall/fallen/normal acc 0.899/0.929/0.988 | lr 1.00e-04
step 17250 | loss 0.3003 | fall/fallen/normal acc 0.855/0.806/0.982 | lr 1.00e-04
step 17300 | loss 0.3510 | fall/fallen/normal acc 0.898/0.754/0.948 | lr 1.00e-04
step 17350 | loss 0.2015 | fall/fallen/normal acc 0.599/0.940/0.957 | lr 1.00e-04
step 17400 | loss 0.1117 | fall/fallen/normal acc 0.871/0.965/0.982 | lr 1.00e-04
[VAL] step 17400 | f1 0.8267 | fallen prec 0.8828 rec 0.7867 | train_loss 0.2263
  [CKPT] 已存 step_17400_model.pt
step 17450 | loss 0.2595 | fall/fallen/normal acc 0.791/0.767/0.959 | lr 1.00e-04
step 17500 | loss 0.2726 | fall/fallen/normal acc 0.815/0.868/0.969 | lr 1.00e-04
step 17550 | loss 0.1302 | fall/fallen/normal acc 0.868/0.816/0.975 | lr 1.00e-04
step 17600 | loss 0.3280 | fall/fallen/normal acc 0.830/0.735/0.962 | lr 1.00e-04
step 17650 | loss 0.3705 | fall/fallen/normal acc 0.864/0.761/0.948 | lr 1.00e-04
step 17700 | loss 0.2149 | fall/fallen/normal acc 0.908/0.744/0.974 | lr 1.00e-04
step 17750 | loss 0.4726 | fall/fallen/normal acc 0.781/0.730/0.972 | lr 1.00e-04
step 17800 | loss 0.4099 | fall/fallen/normal acc 0.710/0.884/0.972 | lr 1.00e-04
step 17850 | loss 0.1175 | fall/fallen/normal acc 0.873/0.829/0.981 | lr 1.00e-04
step 17900 | loss 0.1395 | fall/fallen/normal acc 0.930/0.775/0.979 | lr 1.00e-04
step 17950 | loss 0.1520 | fall/fallen/normal acc 0.958/0.890/0.929 | lr 1.00e-04
step 18000 | loss 0.1185 | fall/fallen/normal acc 0.843/0.941/0.981 | lr 1.00e-04
[VAL] step 18000 | f1 0.8796 | fallen prec 0.8911 rec 0.8911 | train_loss 0.2488
  [CKPT] 已存 step_18000_model.pt
step 18050 | loss 0.1501 | fall/fallen/normal acc 0.869/0.879/0.960 | lr 1.00e-04
step 18100 | loss 0.2675 | fall/fallen/normal acc 0.859/0.772/0.939 | lr 1.00e-04
step 18150 | loss 0.2837 | fall/fallen/normal acc 0.878/0.928/0.972 | lr 1.00e-04
step 18200 | loss 0.1677 | fall/fallen/normal acc 0.849/0.925/0.957 | lr 1.00e-04
step 18250 | loss 0.2689 | fall/fallen/normal acc 0.897/0.945/0.930 | lr 1.00e-04
step 18300 | loss 0.0763 | fall/fallen/normal acc 0.971/0.821/0.990 | lr 1.00e-04
step 18350 | loss 0.2706 | fall/fallen/normal acc 0.750/0.745/0.963 | lr 1.00e-04
step 18400 | loss 0.1972 | fall/fallen/normal acc 0.834/0.973/0.947 | lr 1.00e-04
step 18450 | loss 0.2244 | fall/fallen/normal acc 0.840/0.869/0.952 | lr 1.00e-04
step 18500 | loss 0.1729 | fall/fallen/normal acc 0.720/0.919/0.989 | lr 1.00e-04
step 18550 | loss 0.1797 | fall/fallen/normal acc 0.743/0.790/0.972 | lr 1.00e-04
step 18600 | loss 0.1854 | fall/fallen/normal acc 0.829/0.894/0.991 | lr 1.00e-04
[VAL] step 18600 | f1 0.8494 | fallen prec 0.8533 rec 0.8380 | train_loss 0.2037
  [CKPT] 已存 step_18600_model.pt
step 18650 | loss 0.2352 | fall/fallen/normal acc 0.819/0.917/0.966 | lr 1.00e-04
step 18700 | loss 0.0935 | fall/fallen/normal acc 0.949/0.769/0.976 | lr 1.00e-04
step 18750 | loss 0.1860 | fall/fallen/normal acc 0.802/0.929/0.959 | lr 1.00e-04
step 18800 | loss 0.1664 | fall/fallen/normal acc 0.855/0.944/0.962 | lr 1.00e-04
step 18850 | loss 0.0885 | fall/fallen/normal acc 0.958/0.852/0.985 | lr 1.00e-04
step 18900 | loss 0.1687 | fall/fallen/normal acc 0.931/0.965/0.976 | lr 1.00e-04
step 18950 | loss 0.3755 | fall/fallen/normal acc 0.852/0.397/0.967 | lr 1.00e-04
step 19000 | loss 0.0792 | fall/fallen/normal acc 0.878/0.910/0.981 | lr 1.00e-04
step 19050 | loss 0.1797 | fall/fallen/normal acc 0.717/0.944/0.973 | lr 1.00e-04
step 19100 | loss 0.2162 | fall/fallen/normal acc 0.786/0.788/0.967 | lr 1.00e-04
step 19150 | loss 0.1822 | fall/fallen/normal acc 0.817/0.903/0.972 | lr 1.00e-04
step 19200 | loss 0.0976 | fall/fallen/normal acc 0.950/0.960/0.971 | lr 1.00e-04
[VAL] step 19200 | f1 0.8201 | fallen prec 0.9665 rec 0.6760 | train_loss 0.1724
  [CKPT] 已存 step_19200_model.pt
[EPOCH 2] 完成，已存 epoch_2_model.pt
step 19250 | loss 0.0932 | fall/fallen/normal acc 0.949/0.933/0.997 | lr 1.00e-04
step 19300 | loss 0.1423 | fall/fallen/normal acc 0.832/0.821/0.969 | lr 1.00e-04
step 19350 | loss 0.2942 | fall/fallen/normal acc 0.818/0.785/0.972 | lr 1.00e-04
step 19400 | loss 0.1169 | fall/fallen/normal acc 0.760/0.935/0.983 | lr 1.00e-04
step 19450 | loss 0.0616 | fall/fallen/normal acc 0.946/0.950/0.984 | lr 1.00e-04
step 19500 | loss 0.1557 | fall/fallen/normal acc 0.853/0.917/0.967 | lr 1.00e-04
step 19550 | loss 0.1930 | fall/fallen/normal acc 0.856/0.939/0.963 | lr 1.00e-04
step 19600 | loss 0.1641 | fall/fallen/normal acc 0.959/0.936/0.974 | lr 1.00e-04
step 19650 | loss 0.1724 | fall/fallen/normal acc 0.787/0.973/0.959 | lr 1.00e-04
step 19700 | loss 0.2260 | fall/fallen/normal acc 0.678/0.835/0.974 | lr 1.00e-04
step 19750 | loss 0.3744 | fall/fallen/normal acc 0.933/0.748/0.971 | lr 1.00e-04
step 19800 | loss 0.0722 | fall/fallen/normal acc 0.964/0.937/0.973 | lr 1.00e-04
[VAL] step 19800 | f1 0.8807 | fallen prec 0.8765 rec 0.8560 | train_loss 0.1722
  [CKPT] 已存 step_19800_model.pt
step 19850 | loss 0.1387 | fall/fallen/normal acc 0.605/0.987/0.986 | lr 1.00e-04
step 19900 | loss 0.0953 | fall/fallen/normal acc 0.893/0.873/0.975 | lr 1.00e-04
step 19950 | loss 0.2722 | fall/fallen/normal acc 0.785/0.901/0.963 | lr 1.00e-04
step 20000 | loss 0.1339 | fall/fallen/normal acc 0.815/0.827/0.982 | lr 1.00e-04
step 20050 | loss 0.0448 | fall/fallen/normal acc 0.967/0.907/0.987 | lr 1.00e-04
step 20100 | loss 0.1356 | fall/fallen/normal acc 0.728/0.937/0.978 | lr 1.00e-04
step 20150 | loss 0.1064 | fall/fallen/normal acc 0.960/0.859/0.986 | lr 1.00e-04
step 20200 | loss 0.0913 | fall/fallen/normal acc 0.889/0.936/0.977 | lr 1.00e-04
step 20250 | loss 0.2772 | fall/fallen/normal acc 0.967/0.817/0.970 | lr 1.00e-04
step 20300 | loss 0.2379 | fall/fallen/normal acc 0.853/0.811/0.976 | lr 1.00e-04
step 20350 | loss 0.0899 | fall/fallen/normal acc 0.877/0.935/0.990 | lr 1.00e-04
step 20400 | loss 0.1233 | fall/fallen/normal acc 0.942/0.869/0.982 | lr 1.00e-04
[VAL] step 20400 | f1 0.8421 | fallen prec 0.9115 rec 0.7975 | train_loss 0.1455
  [CKPT] 已存 step_20400_model.pt
step 20450 | loss 0.1934 | fall/fallen/normal acc 0.785/0.925/0.977 | lr 1.00e-04
step 20500 | loss 0.2240 | fall/fallen/normal acc 0.863/0.961/0.953 | lr 1.00e-04
step 20550 | loss 0.1593 | fall/fallen/normal acc 0.912/0.838/0.987 | lr 1.00e-04
step 20600 | loss 0.1118 | fall/fallen/normal acc 0.910/0.958/0.981 | lr 1.00e-04
step 20650 | loss 0.1031 | fall/fallen/normal acc 0.835/0.919/0.993 | lr 1.00e-04
step 20700 | loss 0.1843 | fall/fallen/normal acc 0.966/0.842/0.964 | lr 1.00e-04
step 20750 | loss 0.2520 | fall/fallen/normal acc 0.959/0.922/0.965 | lr 1.00e-04
step 20800 | loss 0.1476 | fall/fallen/normal acc 0.938/0.792/0.966 | lr 1.00e-04
step 20850 | loss 0.1616 | fall/fallen/normal acc 0.926/0.852/0.972 | lr 1.00e-04
step 20900 | loss 0.1539 | fall/fallen/normal acc 0.818/0.855/0.971 | lr 1.00e-04
step 20950 | loss 0.1632 | fall/fallen/normal acc 0.839/0.974/0.981 | lr 1.00e-04
step 21000 | loss 0.1442 | fall/fallen/normal acc 0.929/0.922/0.985 | lr 1.00e-04
[VAL] step 21000 | f1 0.8583 | fallen prec 0.9706 rec 0.7120 | train_loss 0.1665
  [CKPT] 已存 step_21000_model.pt
step 21050 | loss 0.1789 | fall/fallen/normal acc 0.909/0.934/0.971 | lr 1.00e-04
step 21100 | loss 0.1394 | fall/fallen/normal acc 0.905/0.918/0.943 | lr 1.00e-04
step 21150 | loss 0.2005 | fall/fallen/normal acc 0.933/0.893/0.966 | lr 1.00e-04
step 21200 | loss 0.2671 | fall/fallen/normal acc 0.857/0.811/0.974 | lr 1.00e-04
step 21250 | loss 0.1648 | fall/fallen/normal acc 0.918/0.756/0.985 | lr 1.00e-04
step 21300 | loss 0.1066 | fall/fallen/normal acc 0.928/0.888/0.975 | lr 1.00e-04
step 21350 | loss 0.1601 | fall/fallen/normal acc 0.915/0.809/0.964 | lr 1.00e-04
step 21400 | loss 0.1899 | fall/fallen/normal acc 0.880/0.874/0.970 | lr 1.00e-04
step 21450 | loss 0.0859 | fall/fallen/normal acc 0.919/0.944/0.971 | lr 1.00e-04
step 21500 | loss 0.1315 | fall/fallen/normal acc 0.918/0.798/0.980 | lr 1.00e-04
step 21550 | loss 0.0902 | fall/fallen/normal acc 0.946/0.855/0.972 | lr 1.00e-04
step 21600 | loss 0.2685 | fall/fallen/normal acc 0.877/0.799/0.964 | lr 1.00e-04
[VAL] step 21600 | f1 0.8564 | fallen prec 0.9220 rec 0.7975 | train_loss 0.1653
  [CKPT] 已存 step_21600_model.pt
step 21650 | loss 0.0758 | fall/fallen/normal acc 0.943/0.946/0.995 | lr 1.00e-04
step 21700 | loss 0.1586 | fall/fallen/normal acc 0.861/0.866/0.993 | lr 1.00e-04
step 21750 | loss 0.1203 | fall/fallen/normal acc 0.881/0.949/0.986 | lr 1.00e-04
step 21800 | loss 0.1886 | fall/fallen/normal acc 0.963/0.929/0.949 | lr 1.00e-04
step 21850 | loss 0.1686 | fall/fallen/normal acc 0.851/0.883/0.964 | lr 1.00e-04
step 21900 | loss 0.1047 | fall/fallen/normal acc 0.884/0.896/0.984 | lr 1.00e-04
step 21950 | loss 0.2570 | fall/fallen/normal acc 0.928/0.772/0.951 | lr 1.00e-04
step 22000 | loss 0.1202 | fall/fallen/normal acc 0.967/0.852/0.960 | lr 1.00e-04
step 22050 | loss 0.1067 | fall/fallen/normal acc 0.936/0.837/0.991 | lr 1.00e-04
step 22100 | loss 0.1717 | fall/fallen/normal acc 0.803/0.972/0.964 | lr 1.00e-04
step 22150 | loss 0.0457 | fall/fallen/normal acc 0.909/0.948/0.991 | lr 1.00e-04
step 22200 | loss 0.1283 | fall/fallen/normal acc 0.902/0.898/0.989 | lr 1.00e-04
[VAL] step 22200 | f1 0.8510 | fallen prec 0.8599 rec 0.8119 | train_loss 0.1372
  [CKPT] 已存 step_22200_model.pt
step 22250 | loss 0.0748 | fall/fallen/normal acc 0.968/0.945/0.958 | lr 1.00e-04
step 22300 | loss 0.1328 | fall/fallen/normal acc 0.919/0.890/0.960 | lr 1.00e-04
step 22350 | loss 0.2216 | fall/fallen/normal acc 0.827/0.874/0.985 | lr 1.00e-04
step 22400 | loss 0.0756 | fall/fallen/normal acc 0.943/0.884/0.990 | lr 1.00e-04
step 22450 | loss 0.1324 | fall/fallen/normal acc 0.904/0.942/0.972 | lr 1.00e-04
step 22500 | loss 0.1337 | fall/fallen/normal acc 0.911/0.882/0.986 | lr 1.00e-04
step 22550 | loss 0.1385 | fall/fallen/normal acc 0.948/0.901/0.956 | lr 1.00e-04
step 22600 | loss 0.1046 | fall/fallen/normal acc 0.893/0.953/0.982 | lr 1.00e-04
step 22650 | loss 0.1933 | fall/fallen/normal acc 0.796/0.960/0.989 | lr 1.00e-04
step 22700 | loss 0.1595 | fall/fallen/normal acc 0.696/0.927/0.981 | lr 1.00e-04
step 22750 | loss 0.1807 | fall/fallen/normal acc 0.877/0.881/0.971 | lr 1.00e-04
step 22800 | loss 0.2491 | fall/fallen/normal acc 0.958/0.797/0.972 | lr 1.00e-04
[VAL] step 22800 | f1 0.8574 | fallen prec 0.8428 rec 0.8254 | train_loss 0.1497
  [CKPT] 已存 step_22800_model.pt
step 22850 | loss 0.1807 | fall/fallen/normal acc 0.939/0.806/0.972 | lr 1.00e-04
step 22900 | loss 0.0845 | fall/fallen/normal acc 0.902/0.948/0.976 | lr 1.00e-04
step 22950 | loss 0.1495 | fall/fallen/normal acc 0.937/0.832/0.955 | lr 1.00e-04
step 23000 | loss 0.0810 | fall/fallen/normal acc 0.793/0.946/0.994 | lr 1.00e-04
step 23050 | loss 0.1173 | fall/fallen/normal acc 0.934/0.875/0.988 | lr 1.00e-04
step 23100 | loss 0.1465 | fall/fallen/normal acc 0.899/0.853/0.957 | lr 1.00e-04
step 23150 | loss 0.0856 | fall/fallen/normal acc 0.934/0.886/0.984 | lr 1.00e-04
step 23200 | loss 0.2706 | fall/fallen/normal acc 0.610/0.956/0.974 | lr 1.00e-04
step 23250 | loss 0.3797 | fall/fallen/normal acc 0.875/0.641/0.989 | lr 1.00e-04
step 23300 | loss 0.1110 | fall/fallen/normal acc 0.888/0.906/0.977 | lr 1.00e-04
step 23350 | loss 0.0652 | fall/fallen/normal acc 0.975/0.949/0.981 | lr 1.00e-04
step 23400 | loss 0.2969 | fall/fallen/normal acc 0.783/0.979/0.978 | lr 1.00e-04
[VAL] step 23400 | f1 0.8549 | fallen prec 0.9273 rec 0.7687 | train_loss 0.1641
  [CKPT] 已存 step_23400_model.pt
step 23450 | loss 0.0427 | fall/fallen/normal acc 0.962/0.983/0.986 | lr 1.00e-04
step 23500 | loss 0.2177 | fall/fallen/normal acc 0.877/0.859/0.979 | lr 1.00e-04
step 23550 | loss 0.0475 | fall/fallen/normal acc 0.933/0.962/0.984 | lr 1.00e-04
step 23600 | loss 0.2078 | fall/fallen/normal acc 0.812/0.903/0.954 | lr 1.00e-04
step 23650 | loss 0.0872 | fall/fallen/normal acc 0.927/0.975/0.983 | lr 1.00e-04
step 23700 | loss 0.3408 | fall/fallen/normal acc 0.727/0.874/0.977 | lr 1.00e-04
step 23750 | loss 0.1141 | fall/fallen/normal acc 0.881/0.905/0.980 | lr 1.00e-04
step 23800 | loss 0.1085 | fall/fallen/normal acc 0.905/0.807/0.984 | lr 1.00e-04
step 23850 | loss 0.1089 | fall/fallen/normal acc 0.892/0.969/0.968 | lr 1.00e-04
step 23900 | loss 0.0624 | fall/fallen/normal acc 0.913/0.937/0.995 | lr 1.00e-04
step 23950 | loss 0.1718 | fall/fallen/normal acc 0.681/0.989/0.987 | lr 1.00e-04
step 24000 | loss 0.2665 | fall/fallen/normal acc 0.902/0.798/0.967 | lr 1.00e-04
[VAL] step 24000 | f1 0.8574 | fallen prec 0.9091 rec 0.7831 | train_loss 0.1480
  [CKPT] 已存 step_24000_model.pt
step 24050 | loss 0.1636 | fall/fallen/normal acc 0.756/0.956/0.976 | lr 1.00e-04
step 24100 | loss 0.1595 | fall/fallen/normal acc 0.923/0.896/0.969 | lr 1.00e-04
step 24150 | loss 0.1198 | fall/fallen/normal acc 0.777/0.961/0.990 | lr 1.00e-04
step 24200 | loss 0.1362 | fall/fallen/normal acc 0.837/0.974/0.980 | lr 1.00e-04
step 24250 | loss 0.1113 | fall/fallen/normal acc 0.955/0.987/0.967 | lr 1.00e-04
step 24300 | loss 0.0809 | fall/fallen/normal acc 0.926/0.875/0.992 | lr 1.00e-04
step 24350 | loss 0.1192 | fall/fallen/normal acc 0.916/0.876/0.964 | lr 1.00e-04
step 24400 | loss 0.0957 | fall/fallen/normal acc 0.960/0.877/0.972 | lr 1.00e-04
step 24450 | loss 0.1498 | fall/fallen/normal acc 0.789/0.956/0.983 | lr 1.00e-04
step 24500 | loss 0.1049 | fall/fallen/normal acc 0.829/0.931/0.982 | lr 1.00e-04
step 24550 | loss 0.1094 | fall/fallen/normal acc 0.928/0.731/0.977 | lr 1.00e-04
step 24600 | loss 0.1425 | fall/fallen/normal acc 0.875/0.919/0.975 | lr 1.00e-04
[VAL] step 24600 | f1 0.8602 | fallen prec 0.8298 rec 0.8821 | train_loss 0.1244
  [CKPT] 已存 step_24600_model.pt
step 24650 | loss 0.1515 | fall/fallen/normal acc 0.914/0.928/0.974 | lr 1.00e-04
step 24700 | loss 0.0920 | fall/fallen/normal acc 0.897/0.939/0.977 | lr 1.00e-04
step 24750 | loss 0.1304 | fall/fallen/normal acc 0.932/0.903/0.964 | lr 1.00e-04
step 24800 | loss 0.1455 | fall/fallen/normal acc 0.817/0.956/0.973 | lr 1.00e-04
step 24850 | loss 0.1183 | fall/fallen/normal acc 0.864/0.902/0.975 | lr 1.00e-04
step 24900 | loss 0.0587 | fall/fallen/normal acc 0.905/0.970/0.991 | lr 1.00e-04
step 24950 | loss 0.0756 | fall/fallen/normal acc 0.961/0.890/0.997 | lr 1.00e-04
step 25000 | loss 0.1384 | fall/fallen/normal acc 0.971/0.731/0.963 | lr 1.00e-04
step 25050 | loss 0.1374 | fall/fallen/normal acc 0.779/0.944/0.977 | lr 1.00e-04
step 25100 | loss 0.0679 | fall/fallen/normal acc 0.938/0.883/0.978 | lr 1.00e-04
step 25150 | loss 0.1070 | fall/fallen/normal acc 0.889/0.909/0.986 | lr 1.00e-04
step 25200 | loss 0.2792 | fall/fallen/normal acc 0.655/0.831/0.980 | lr 1.00e-04
[VAL] step 25200 | f1 0.8906 | fallen prec 0.8743 rec 0.8830 | train_loss 0.1252
  [CKPT] 已存 step_25200_model.pt
  [BEST] 新最优 f1=0.8906 → best_model.pt
step 25250 | loss 0.2616 | fall/fallen/normal acc 0.787/0.847/0.976 | lr 1.00e-04
step 25300 | loss 0.1093 | fall/fallen/normal acc 0.941/0.929/0.984 | lr 1.00e-04
step 25350 | loss 0.2055 | fall/fallen/normal acc 0.860/0.734/0.968 | lr 1.00e-04
step 25400 | loss 0.4783 | fall/fallen/normal acc 0.918/0.329/0.961 | lr 1.00e-04
step 25450 | loss 0.2469 | fall/fallen/normal acc 0.978/0.837/0.942 | lr 1.00e-04
step 25500 | loss 0.1525 | fall/fallen/normal acc 0.785/0.939/0.972 | lr 1.00e-04
step 25550 | loss 0.1123 | fall/fallen/normal acc 0.857/0.927/0.983 | lr 1.00e-04
step 25600 | loss 0.0784 | fall/fallen/normal acc 0.825/0.921/0.998 | lr 1.00e-04
step 25650 | loss 0.0971 | fall/fallen/normal acc 0.962/0.960/0.964 | lr 1.00e-04
step 25700 | loss 0.1077 | fall/fallen/normal acc 0.932/0.959/0.977 | lr 1.00e-04
step 25750 | loss 0.3994 | fall/fallen/normal acc 0.959/0.771/0.947 | lr 1.00e-04
step 25800 | loss 0.2459 | fall/fallen/normal acc 0.918/0.826/0.988 | lr 1.00e-04
[VAL] step 25800 | f1 0.8828 | fallen prec 0.7902 rec 0.9694 | train_loss 0.2079
  [CKPT] 已存 step_25800_model.pt
step 25850 | loss 0.1715 | fall/fallen/normal acc 0.903/0.935/0.954 | lr 1.00e-04
step 25900 | loss 0.1728 | fall/fallen/normal acc 0.931/0.761/0.986 | lr 1.00e-04
step 25950 | loss 0.0384 | fall/fallen/normal acc 0.944/0.975/0.992 | lr 1.00e-04
step 26000 | loss 0.1700 | fall/fallen/normal acc 0.872/0.839/0.988 | lr 1.00e-04
step 26050 | loss 0.1320 | fall/fallen/normal acc 0.878/0.828/0.983 | lr 1.00e-04
step 26100 | loss 0.0634 | fall/fallen/normal acc 0.939/0.959/0.974 | lr 1.00e-04
step 26150 | loss 0.2679 | fall/fallen/normal acc 0.819/0.926/0.971 | lr 1.00e-04
step 26200 | loss 0.0622 | fall/fallen/normal acc 0.963/0.915/0.979 | lr 1.00e-04
step 26250 | loss 0.1854 | fall/fallen/normal acc 0.904/0.868/0.966 | lr 1.00e-04
step 26300 | loss 0.1020 | fall/fallen/normal acc 0.801/0.906/0.985 | lr 1.00e-04
step 26350 | loss 0.2861 | fall/fallen/normal acc 0.942/0.800/0.959 | lr 1.00e-04
step 26400 | loss 0.1283 | fall/fallen/normal acc 0.893/0.918/0.974 | lr 1.00e-04
[VAL] step 26400 | f1 0.8940 | fallen prec 0.8785 rec 0.8920 | train_loss 0.1483
  [CKPT] 已存 step_26400_model.pt
  [BEST] 新最优 f1=0.8940 → best_model.pt
step 26450 | loss 0.0563 | fall/fallen/normal acc 0.874/0.981/0.980 | lr 1.00e-04
step 26500 | loss 0.1140 | fall/fallen/normal acc 0.897/0.957/0.990 | lr 1.00e-04
step 26550 | loss 0.1429 | fall/fallen/normal acc 0.813/0.937/0.974 | lr 1.00e-04
step 26600 | loss 0.2868 | fall/fallen/normal acc 0.712/0.872/0.983 | lr 1.00e-04
step 26650 | loss 0.1381 | fall/fallen/normal acc 0.869/0.870/0.987 | lr 1.00e-04
step 26700 | loss 0.4563 | fall/fallen/normal acc 0.931/0.769/0.980 | lr 1.00e-04
step 26750 | loss 0.1114 | fall/fallen/normal acc 0.974/0.911/0.977 | lr 1.00e-04
step 26800 | loss 0.1753 | fall/fallen/normal acc 0.911/0.914/0.950 | lr 1.00e-04
step 26850 | loss 0.0543 | fall/fallen/normal acc 0.951/0.961/0.980 | lr 1.00e-04
step 26900 | loss 0.1721 | fall/fallen/normal acc 0.918/0.753/0.994 | lr 1.00e-04
step 26950 | loss 0.1119 | fall/fallen/normal acc 0.940/0.940/0.975 | lr 1.00e-04
step 27000 | loss 0.2187 | fall/fallen/normal acc 0.822/0.897/0.982 | lr 1.00e-04
[VAL] step 27000 | f1 0.8393 | fallen prec 0.8350 rec 0.8425 | train_loss 0.1698
  [CKPT] 已存 step_27000_model.pt
step 27050 | loss 0.1241 | fall/fallen/normal acc 0.903/0.937/0.970 | lr 1.00e-04
step 27100 | loss 0.1605 | fall/fallen/normal acc 0.805/0.662/0.991 | lr 1.00e-04
step 27150 | loss 0.2087 | fall/fallen/normal acc 0.934/0.717/0.987 | lr 1.00e-04
step 27200 | loss 0.2052 | fall/fallen/normal acc 0.906/0.775/0.985 | lr 1.00e-04
step 27250 | loss 0.1068 | fall/fallen/normal acc 0.818/0.917/0.985 | lr 1.00e-04
step 27300 | loss 0.0644 | fall/fallen/normal acc 0.966/0.924/0.985 | lr 1.00e-04
step 27350 | loss 0.1898 | fall/fallen/normal acc 0.840/0.966/0.990 | lr 1.00e-04
step 27400 | loss 0.1321 | fall/fallen/normal acc 0.817/0.903/0.993 | lr 1.00e-04
step 27450 | loss 0.1583 | fall/fallen/normal acc 0.861/0.932/0.961 | lr 1.00e-04
step 27500 | loss 0.1061 | fall/fallen/normal acc 0.892/0.962/0.967 | lr 1.00e-04
step 27550 | loss 0.0763 | fall/fallen/normal acc 0.944/0.874/0.986 | lr 1.00e-04
step 27600 | loss 0.1926 | fall/fallen/normal acc 0.951/0.866/0.973 | lr 1.00e-04
[VAL] step 27600 | f1 0.8606 | fallen prec 0.8272 rec 0.9307 | train_loss 0.1437
  [CKPT] 已存 step_27600_model.pt
step 27650 | loss 0.1002 | fall/fallen/normal acc 0.956/0.903/0.977 | lr 1.00e-04
step 27700 | loss 0.1035 | fall/fallen/normal acc 0.958/0.936/0.974 | lr 1.00e-04
step 27750 | loss 0.1663 | fall/fallen/normal acc 0.828/0.921/0.978 | lr 1.00e-04
step 27800 | loss 0.0706 | fall/fallen/normal acc 0.937/0.920/0.980 | lr 1.00e-04
step 27850 | loss 0.1537 | fall/fallen/normal acc 0.874/0.972/0.957 | lr 1.00e-04
step 27900 | loss 0.2238 | fall/fallen/normal acc 0.834/0.745/0.991 | lr 1.00e-04
step 27950 | loss 0.1306 | fall/fallen/normal acc 0.926/0.866/0.976 | lr 1.00e-04
step 28000 | loss 0.1083 | fall/fallen/normal acc 0.953/0.831/0.964 | lr 1.00e-04
step 28050 | loss 0.1143 | fall/fallen/normal acc 0.916/0.788/0.982 | lr 1.00e-04
step 28100 | loss 0.1692 | fall/fallen/normal acc 0.658/0.941/0.969 | lr 1.00e-04
step 28150 | loss 0.1509 | fall/fallen/normal acc 0.907/0.882/0.961 | lr 1.00e-04
step 28200 | loss 0.0865 | fall/fallen/normal acc 0.870/0.827/0.993 | lr 1.00e-04
[VAL] step 28200 | f1 0.8592 | fallen prec 0.9247 rec 0.7300 | train_loss 0.1315
  [CKPT] 已存 step_28200_model.pt
step 28250 | loss 0.1228 | fall/fallen/normal acc 0.804/0.953/0.990 | lr 1.00e-04
step 28300 | loss 0.1298 | fall/fallen/normal acc 0.905/0.929/0.954 | lr 1.00e-04
step 28350 | loss 0.1762 | fall/fallen/normal acc 0.887/0.896/0.956 | lr 1.00e-04
step 28400 | loss 0.0898 | fall/fallen/normal acc 0.913/0.931/0.971 | lr 1.00e-04
step 28450 | loss 0.0798 | fall/fallen/normal acc 0.940/0.900/0.978 | lr 1.00e-04
step 28500 | loss 0.0872 | fall/fallen/normal acc 0.838/0.976/0.986 | lr 1.00e-04
step 28550 | loss 0.1259 | fall/fallen/normal acc 0.913/0.973/0.971 | lr 1.00e-04
step 28600 | loss 0.0602 | fall/fallen/normal acc 0.961/0.906/0.971 | lr 1.00e-04
step 28650 | loss 0.5243 | fall/fallen/normal acc 0.834/0.923/0.957 | lr 1.00e-04
step 28700 | loss 0.1790 | fall/fallen/normal acc 0.923/0.880/0.969 | lr 1.00e-04
step 28750 | loss 0.1180 | fall/fallen/normal acc 0.951/0.859/0.977 | lr 1.00e-04
step 28800 | loss 0.3153 | fall/fallen/normal acc 0.931/0.621/0.990 | lr 1.00e-04
[VAL] step 28800 | f1 0.8663 | fallen prec 0.8810 rec 0.8794 | train_loss 0.1674
  [CKPT] 已存 step_28800_model.pt
[EPOCH 3] 完成，已存 epoch_3_model.pt
[DONE] 已存 last_model.pt
[TOTAL] 28800 步, 58618.4s
