======================================================================================
W1 判定（§7.2 勘误版 · 曲线口径）  arm = w1_1b1   （对照 A0 = a0_2000）
  协议 = voted   主判据 = P@R=0.80 + 支配关系   否决余量 = 0.05
======================================================================================

【主判据】逐轴 P@R 与支配关系（全量 test 1200，voted 协议）
  轴        a0_2000 P@R     本臂 P@R         Δ   支配关系
  ----------------------------------------------------------------------------------
  fall        0.5941     0.6349   +0.0408   交叉：低召回端（R≈0.50）a0_2000 更好；高召回端（R≈0.95）本臂 更好；全区间均值 +0.0162（正 = 本臂 更好）
  fallen      0.5716     0.5278   -0.0437   本臂 两端更好但**中段回落**（逐点差区间 [-0.0496, +0.0522]）；全区间均值 +0.0102（正 = 本臂 更好）

--------------------------------------------------------------------------------------
判定：【未达强通过，未被否决】
  → 不构成证据；按 §7.2b 不得择优。**注意区分「未达」与「否决」**：本臂只是没拿到证据，不等于该方向被证伪（若探索变量本身未到位，结论是「实验无效」）。

--------------------------------------------------------------------------------------
【辅助读数】旧 §7.2 单点表 —— **不参与判定**，仅保留历史可比性
⚠ 单点差异里混着'落点'成分，其摆动幅度已实测超过原判据阈值，不可据以判胜负
指标                                A0        本臂         Δ   原阈值（已废）
--------------------------------------------------------------------------------------
fall_prec                     0.6447    0.6087   -0.0360   强通过 ≥ 0.6947
fall_rec                      0.7525    0.8290   +0.0765   否决 < 0.7225
fallen_prec                   0.6985    0.7002   +0.0017   否决 < 0.6785
fallen_rec                    0.5990    0.6429   +0.0439   
avg_f1 (merged_raw)           0.7665    0.7769   +0.0104   
逐视频 avg_f1                    0.6077    0.6687   +0.0610   否决 < 0.5877
边界 F1 (τ=3)                   0.1810    0.1627   -0.0183   强通过 ≥ 0.2310

--------------------------------------------------------------------------------------
⚠ 提醒（§3.1 / §7.4）：单点比较不可用——同一臂内跨 ckpt 的极差（fall_prec 0.119 / fall_rec 0.166）已超过原判据阈值。
   本判定是**止损闸门**；最终择优在 §7.3 的 9600 上做。
