[1] 加载 facebook/dinov2-giant(fp16) + LoRA(r=16) + Phase6 bridge 头
  梯度 checkpointing: True
  可训练参数: 10.83M (LoRA + 时序头；主干冻结 fp16)
[2] mp4 现解码数据集: DATASET-omnifall/splits/syn/random/train.csv (window=64, stride=16, workers=16)
  训练视频: 9600 | 窗口: 19200 | 类权重 fall/fallen/normal: [1.318, 1.545, 0.137]
  aux_static loss: 关（λ=0，训练行为与基线一致）
step 50 | loss 2.6872 | fall/fallen/normal acc 0.035/0.270/0.863 | lr 1.00e-04
step 100 | loss 2.3483 | fall/fallen/normal acc 0.011/0.132/0.981 | lr 1.00e-04
step 150 | loss 1.7345 | fall/fallen/normal acc 0.107/0.079/0.957 | lr 1.00e-04
step 200 | loss 2.0572 | fall/fallen/normal acc 0.168/0.552/0.888 | lr 1.00e-04
step 250 | loss 1.5886 | fall/fallen/normal acc 0.039/0.036/0.978 | lr 1.00e-04
step 300 | loss 1.4163 | fall/fallen/normal acc 0.280/0.410/0.956 | lr 1.00e-04
step 350 | loss 1.7652 | fall/fallen/normal acc 0.416/0.185/0.933 | lr 1.00e-04
step 400 | loss 1.4022 | fall/fallen/normal acc 0.127/0.154/0.967 | lr 1.00e-04
step 450 | loss 0.9658 | fall/fallen/normal acc 0.672/0.369/0.944 | lr 1.00e-04
step 500 | loss 0.7875 | fall/fallen/normal acc 0.505/0.688/0.954 | lr 1.00e-04
step 550 | loss 1.1621 | fall/fallen/normal acc 0.586/0.476/0.901 | lr 1.00e-04
step 600 | loss 0.6409 | fall/fallen/normal acc 0.138/0.526/0.967 | lr 1.00e-04
[VAL] step 600 | f1 0.6748 | fallen prec 0.6882 rec 0.4707 | train_loss 1.5463
  [CKPT] 已存 step_600_model.pt
  [BEST] 新最优 f1=0.6748 → best_model.pt
step 650 | loss 1.8714 | fall/fallen/normal acc 0.522/0.155/0.939 | lr 1.00e-04
step 700 | loss 0.9995 | fall/fallen/normal acc 0.275/0.429/0.943 | lr 1.00e-04
step 750 | loss 0.8853 | fall/fallen/normal acc 0.431/0.555/0.941 | lr 1.00e-04
step 800 | loss 0.7438 | fall/fallen/normal acc 0.356/0.647/0.951 | lr 1.00e-04
step 850 | loss 1.2399 | fall/fallen/normal acc 0.383/0.272/0.947 | lr 1.00e-04
step 900 | loss 0.6924 | fall/fallen/normal acc 0.616/0.516/0.943 | lr 1.00e-04
step 950 | loss 0.9453 | fall/fallen/normal acc 0.611/0.530/0.944 | lr 1.00e-04
step 1000 | loss 0.4360 | fall/fallen/normal acc 0.397/0.780/0.969 | lr 1.00e-04
step 1050 | loss 0.6542 | fall/fallen/normal acc 0.561/0.752/0.948 | lr 1.00e-04
step 1100 | loss 0.4839 | fall/fallen/normal acc 0.524/0.511/0.950 | lr 1.00e-04
step 1150 | loss 0.6372 | fall/fallen/normal acc 0.635/0.565/0.949 | lr 1.00e-04
step 1200 | loss 0.7538 | fall/fallen/normal acc 0.271/0.713/0.963 | lr 1.00e-04
[VAL] step 1200 | f1 0.6824 | fallen prec 0.9809 rec 0.4167 | train_loss 0.8619
  [CKPT] 已存 step_1200_model.pt
  [BEST] 新最优 f1=0.6824 → best_model.pt
step 1250 | loss 0.5375 | fall/fallen/normal acc 0.540/0.230/0.988 | lr 1.00e-04
step 1300 | loss 0.3651 | fall/fallen/normal acc 0.841/0.490/0.974 | lr 1.00e-04
step 1350 | loss 0.3096 | fall/fallen/normal acc 0.811/0.685/0.942 | lr 1.00e-04
step 1400 | loss 0.9327 | fall/fallen/normal acc 0.332/0.407/0.949 | lr 1.00e-04
step 1450 | loss 0.5531 | fall/fallen/normal acc 0.647/0.810/0.983 | lr 1.00e-04
step 1500 | loss 0.6566 | fall/fallen/normal acc 0.645/0.558/0.961 | lr 1.00e-04
step 1550 | loss 0.6565 | fall/fallen/normal acc 0.543/0.461/0.933 | lr 1.00e-04
step 1600 | loss 0.3355 | fall/fallen/normal acc 0.664/0.609/0.977 | lr 1.00e-04
step 1650 | loss 0.5130 | fall/fallen/normal acc 0.717/0.724/0.933 | lr 1.00e-04
step 1700 | loss 0.6596 | fall/fallen/normal acc 0.610/0.501/0.978 | lr 1.00e-04
step 1750 | loss 0.6282 | fall/fallen/normal acc 0.889/0.305/0.975 | lr 1.00e-04
step 1800 | loss 0.4362 | fall/fallen/normal acc 0.572/0.587/0.966 | lr 1.00e-04
[VAL] step 1800 | f1 0.5657 | fallen prec 1.0000 rec 0.1791 | train_loss 0.5486
  [CKPT] 已存 step_1800_model.pt
step 1850 | loss 0.4260 | fall/fallen/normal acc 0.676/0.642/0.962 | lr 1.00e-04
step 1900 | loss 0.6175 | fall/fallen/normal acc 0.705/0.578/0.962 | lr 1.00e-04
step 1950 | loss 0.6250 | fall/fallen/normal acc 0.682/0.563/0.954 | lr 1.00e-04
step 2000 | loss 0.5505 | fall/fallen/normal acc 0.479/0.651/0.956 | lr 1.00e-04
step 2050 | loss 0.5700 | fall/fallen/normal acc 0.788/0.562/0.930 | lr 1.00e-04
step 2100 | loss 0.7022 | fall/fallen/normal acc 0.796/0.483/0.946 | lr 1.00e-04
step 2150 | loss 0.8937 | fall/fallen/normal acc 0.439/0.486/0.957 | lr 1.00e-04
step 2200 | loss 0.6566 | fall/fallen/normal acc 0.729/0.625/0.909 | lr 1.00e-04
step 2250 | loss 0.3367 | fall/fallen/normal acc 0.682/0.809/0.941 | lr 1.00e-04
step 2300 | loss 0.6184 | fall/fallen/normal acc 0.718/0.618/0.946 | lr 1.00e-04
step 2350 | loss 0.4708 | fall/fallen/normal acc 0.664/0.752/0.927 | lr 1.00e-04
step 2400 | loss 1.0813 | fall/fallen/normal acc 0.362/0.467/0.918 | lr 1.00e-04
[VAL] step 2400 | f1 0.8507 | fallen prec 0.8037 rec 0.9505 | train_loss 0.6291
  [CKPT] 已存 step_2400_model.pt
  [BEST] 新最优 f1=0.8507 → best_model.pt
step 2450 | loss 0.4458 | fall/fallen/normal acc 0.670/0.263/0.968 | lr 1.00e-04
step 2500 | loss 0.4124 | fall/fallen/normal acc 0.584/0.807/0.952 | lr 1.00e-04
step 2550 | loss 0.6117 | fall/fallen/normal acc 0.647/0.551/0.954 | lr 1.00e-04
step 2600 | loss 0.2600 | fall/fallen/normal acc 0.482/0.945/0.981 | lr 1.00e-04
step 2650 | loss 0.5860 | fall/fallen/normal acc 0.781/0.550/0.957 | lr 1.00e-04
step 2700 | loss 0.5220 | fall/fallen/normal acc 0.776/0.733/0.940 | lr 1.00e-04
step 2750 | loss 0.2895 | fall/fallen/normal acc 0.735/0.817/0.957 | lr 1.00e-04
step 2800 | loss 0.5075 | fall/fallen/normal acc 0.802/0.653/0.968 | lr 1.00e-04
step 2850 | loss 0.3052 | fall/fallen/normal acc 0.911/0.678/0.963 | lr 1.00e-04
step 2900 | loss 0.4721 | fall/fallen/normal acc 0.610/0.571/0.962 | lr 1.00e-04
step 2950 | loss 0.3433 | fall/fallen/normal acc 0.729/0.335/0.977 | lr 1.00e-04
step 3000 | loss 0.4137 | fall/fallen/normal acc 0.705/0.876/0.932 | lr 1.00e-04
[VAL] step 3000 | f1 0.7730 | fallen prec 0.8914 rec 0.6724 | train_loss 0.4308
  [CKPT] 已存 step_3000_model.pt
step 3050 | loss 0.5273 | fall/fallen/normal acc 0.738/0.722/0.939 | lr 1.00e-04
step 3100 | loss 0.3699 | fall/fallen/normal acc 0.849/0.567/0.970 | lr 1.00e-04
step 3150 | loss 0.2651 | fall/fallen/normal acc 0.698/0.477/0.976 | lr 1.00e-04
step 3200 | loss 0.2414 | fall/fallen/normal acc 0.715/0.491/0.969 | lr 1.00e-04
step 3250 | loss 0.5768 | fall/fallen/normal acc 0.615/0.689/0.933 | lr 1.00e-04
step 3300 | loss 0.7034 | fall/fallen/normal acc 0.634/0.645/0.971 | lr 1.00e-04
step 3350 | loss 0.3827 | fall/fallen/normal acc 0.758/0.817/0.951 | lr 1.00e-04
step 3400 | loss 0.1739 | fall/fallen/normal acc 0.788/0.828/0.995 | lr 1.00e-04
step 3450 | loss 0.4829 | fall/fallen/normal acc 0.495/0.789/0.946 | lr 1.00e-04
step 3500 | loss 0.2144 | fall/fallen/normal acc 0.712/0.927/0.983 | lr 1.00e-04
step 3550 | loss 0.5173 | fall/fallen/normal acc 0.824/0.756/0.937 | lr 1.00e-04
step 3600 | loss 0.3059 | fall/fallen/normal acc 0.844/0.481/0.965 | lr 1.00e-04
[VAL] step 3600 | f1 0.8349 | fallen prec 0.8574 rec 0.7633 | train_loss 0.3967
  [CKPT] 已存 step_3600_model.pt
step 3650 | loss 0.2721 | fall/fallen/normal acc 0.913/0.658/0.939 | lr 1.00e-04
step 3700 | loss 0.2906 | fall/fallen/normal acc 0.831/0.628/0.961 | lr 1.00e-04
step 3750 | loss 0.2106 | fall/fallen/normal acc 0.892/0.772/0.972 | lr 1.00e-04
step 3800 | loss 0.4799 | fall/fallen/normal acc 0.776/0.620/0.964 | lr 1.00e-04
step 3850 | loss 0.2111 | fall/fallen/normal acc 0.885/0.795/0.968 | lr 1.00e-04
step 3900 | loss 0.4660 | fall/fallen/normal acc 0.756/0.865/0.924 | lr 1.00e-04
step 3950 | loss 0.2496 | fall/fallen/normal acc 0.804/0.840/0.948 | lr 1.00e-04
step 4000 | loss 0.6663 | fall/fallen/normal acc 0.850/0.622/0.944 | lr 1.00e-04
step 4050 | loss 0.4416 | fall/fallen/normal acc 0.559/0.789/0.918 | lr 1.00e-04
step 4100 | loss 0.2859 | fall/fallen/normal acc 0.924/0.635/0.969 | lr 1.00e-04
step 4150 | loss 0.3362 | fall/fallen/normal acc 0.848/0.702/0.967 | lr 1.00e-04
step 4200 | loss 0.4696 | fall/fallen/normal acc 0.734/0.756/0.971 | lr 1.00e-04
[VAL] step 4200 | f1 0.6832 | fallen prec 0.9089 rec 0.3501 | train_loss 0.3650
  [CKPT] 已存 step_4200_model.pt
step 4250 | loss 0.7147 | fall/fallen/normal acc 0.796/0.405/0.958 | lr 1.00e-04
step 4300 | loss 0.2291 | fall/fallen/normal acc 0.797/0.793/0.966 | lr 1.00e-04
step 4350 | loss 0.4863 | fall/fallen/normal acc 0.760/0.721/0.963 | lr 1.00e-04
step 4400 | loss 0.4220 | fall/fallen/normal acc 0.772/0.753/0.975 | lr 1.00e-04
step 4450 | loss 0.6249 | fall/fallen/normal acc 0.769/0.509/0.967 | lr 1.00e-04
step 4500 | loss 0.3998 | fall/fallen/normal acc 0.765/0.671/0.988 | lr 1.00e-04
step 4550 | loss 0.4893 | fall/fallen/normal acc 0.699/0.655/0.932 | lr 1.00e-04
step 4600 | loss 0.3360 | fall/fallen/normal acc 0.548/0.664/0.972 | lr 1.00e-04
step 4650 | loss 0.2796 | fall/fallen/normal acc 0.792/0.797/0.964 | lr 1.00e-04
step 4700 | loss 0.4193 | fall/fallen/normal acc 0.754/0.666/0.941 | lr 1.00e-04
step 4750 | loss 0.2796 | fall/fallen/normal acc 0.718/0.877/0.958 | lr 1.00e-04
step 4800 | loss 0.3949 | fall/fallen/normal acc 0.929/0.638/0.939 | lr 1.00e-04
[VAL] step 4800 | f1 0.5621 | fallen prec 0.7405 rec 0.1746 | train_loss 0.4229
  [CKPT] 已存 step_4800_model.pt
step 4850 | loss 0.4767 | fall/fallen/normal acc 0.875/0.761/0.925 | lr 1.00e-04
step 4900 | loss 0.3459 | fall/fallen/normal acc 0.711/0.856/0.966 | lr 1.00e-04
step 4950 | loss 0.3899 | fall/fallen/normal acc 0.508/0.533/0.969 | lr 1.00e-04
step 5000 | loss 0.5055 | fall/fallen/normal acc 0.683/0.549/0.955 | lr 1.00e-04
step 5050 | loss 0.3044 | fall/fallen/normal acc 0.899/0.797/0.931 | lr 1.00e-04
step 5100 | loss 0.2618 | fall/fallen/normal acc 0.820/0.879/0.951 | lr 1.00e-04
step 5150 | loss 0.6376 | fall/fallen/normal acc 0.693/0.570/0.965 | lr 1.00e-04
step 5200 | loss 0.3278 | fall/fallen/normal acc 0.831/0.468/0.977 | lr 1.00e-04
step 5250 | loss 0.1640 | fall/fallen/normal acc 0.870/0.890/0.981 | lr 1.00e-04
step 5300 | loss 0.2828 | fall/fallen/normal acc 0.863/0.831/0.951 | lr 1.00e-04
step 5350 | loss 0.2868 | fall/fallen/normal acc 0.865/0.588/0.976 | lr 1.00e-04
step 5400 | loss 0.5224 | fall/fallen/normal acc 0.734/0.469/0.941 | lr 1.00e-04
[VAL] step 5400 | f1 0.8182 | fallen prec 0.8014 rec 0.8173 | train_loss 0.3755
  [CKPT] 已存 step_5400_model.pt
step 5450 | loss 0.3012 | fall/fallen/normal acc 0.852/0.617/0.939 | lr 1.00e-04
step 5500 | loss 0.4667 | fall/fallen/normal acc 0.734/0.792/0.967 | lr 1.00e-04
step 5550 | loss 0.2052 | fall/fallen/normal acc 0.827/0.862/0.954 | lr 1.00e-04
step 5600 | loss 0.6685 | fall/fallen/normal acc 0.628/0.627/0.961 | lr 1.00e-04
step 5650 | loss 0.4600 | fall/fallen/normal acc 0.752/0.749/0.921 | lr 1.00e-04
step 5700 | loss 0.3467 | fall/fallen/normal acc 0.711/0.550/0.966 | lr 1.00e-04
step 5750 | loss 0.2594 | fall/fallen/normal acc 0.843/0.603/0.978 | lr 1.00e-04
step 5800 | loss 0.2118 | fall/fallen/normal acc 0.847/0.724/0.967 | lr 1.00e-04
step 5850 | loss 0.3378 | fall/fallen/normal acc 0.791/0.699/0.902 | lr 1.00e-04
step 5900 | loss 0.4620 | fall/fallen/normal acc 0.792/0.675/0.973 | lr 1.00e-04
step 5950 | loss 0.2478 | fall/fallen/normal acc 0.755/0.927/0.949 | lr 1.00e-04
step 6000 | loss 0.3431 | fall/fallen/normal acc 0.748/0.794/0.965 | lr 1.00e-04
[VAL] step 6000 | f1 0.7015 | fallen prec 0.8657 rec 0.4815 | train_loss 0.3592
  [CKPT] 已存 step_6000_model.pt
step 6050 | loss 0.2941 | fall/fallen/normal acc 0.808/0.902/0.928 | lr 1.00e-04
step 6100 | loss 0.3384 | fall/fallen/normal acc 0.874/0.671/0.947 | lr 1.00e-04
step 6150 | loss 0.3551 | fall/fallen/normal acc 0.808/0.864/0.953 | lr 1.00e-04
step 6200 | loss 0.3288 | fall/fallen/normal acc 0.725/0.574/0.934 | lr 1.00e-04
step 6250 | loss 0.6221 | fall/fallen/normal acc 0.618/0.539/0.953 | lr 1.00e-04
step 6300 | loss 0.3489 | fall/fallen/normal acc 0.885/0.608/0.932 | lr 1.00e-04
step 6350 | loss 0.3644 | fall/fallen/normal acc 0.689/0.847/0.971 | lr 1.00e-04
step 6400 | loss 0.2710 | fall/fallen/normal acc 0.807/0.809/0.961 | lr 1.00e-04
step 6450 | loss 0.2872 | fall/fallen/normal acc 0.914/0.724/0.965 | lr 1.00e-04
step 6500 | loss 0.3990 | fall/fallen/normal acc 0.835/0.945/0.908 | lr 1.00e-04
step 6550 | loss 0.1824 | fall/fallen/normal acc 0.950/0.623/0.954 | lr 1.00e-04
step 6600 | loss 0.2123 | fall/fallen/normal acc 0.771/0.786/0.950 | lr 1.00e-04
[VAL] step 6600 | f1 0.8342 | fallen prec 0.7771 rec 0.8659 | train_loss 0.3336
  [CKPT] 已存 step_6600_model.pt
step 6650 | loss 0.3790 | fall/fallen/normal acc 0.825/0.654/0.944 | lr 1.00e-04
step 6700 | loss 0.3971 | fall/fallen/normal acc 0.604/0.824/0.961 | lr 1.00e-04
step 6750 | loss 0.4091 | fall/fallen/normal acc 0.698/0.659/0.962 | lr 1.00e-04
step 6800 | loss 0.3310 | fall/fallen/normal acc 0.747/0.596/0.983 | lr 1.00e-04
step 6850 | loss 0.4293 | fall/fallen/normal acc 0.354/0.643/0.993 | lr 1.00e-04
step 6900 | loss 0.2654 | fall/fallen/normal acc 0.673/0.738/0.950 | lr 1.00e-04
step 6950 | loss 0.3003 | fall/fallen/normal acc 0.851/0.763/0.948 | lr 1.00e-04
step 7000 | loss 0.2509 | fall/fallen/normal acc 0.732/0.851/0.966 | lr 1.00e-04
step 7050 | loss 0.1228 | fall/fallen/normal acc 0.886/0.849/0.971 | lr 1.00e-04
step 7100 | loss 0.6351 | fall/fallen/normal acc 0.828/0.705/0.958 | lr 1.00e-04
step 7150 | loss 0.1667 | fall/fallen/normal acc 0.865/0.785/0.971 | lr 1.00e-04
step 7200 | loss 0.3518 | fall/fallen/normal acc 0.851/0.604/0.955 | lr 1.00e-04
[VAL] step 7200 | f1 0.8096 | fallen prec 0.8305 rec 0.7894 | train_loss 0.3366
  [CKPT] 已存 step_7200_model.pt
step 7250 | loss 0.2274 | fall/fallen/normal acc 0.877/0.820/0.955 | lr 1.00e-04
step 7300 | loss 0.3161 | fall/fallen/normal acc 0.777/0.757/0.929 | lr 1.00e-04
step 7350 | loss 0.1343 | fall/fallen/normal acc 0.832/0.972/0.938 | lr 1.00e-04
step 7400 | loss 0.1638 | fall/fallen/normal acc 0.765/0.861/0.984 | lr 1.00e-04
step 7450 | loss 0.4415 | fall/fallen/normal acc 0.743/0.587/0.939 | lr 1.00e-04
step 7500 | loss 0.3430 | fall/fallen/normal acc 0.788/0.770/0.961 | lr 1.00e-04
step 7550 | loss 0.4393 | fall/fallen/normal acc 0.867/0.508/0.949 | lr 1.00e-04
step 7600 | loss 0.1852 | fall/fallen/normal acc 0.761/0.865/0.967 | lr 1.00e-04
step 7650 | loss 0.4555 | fall/fallen/normal acc 0.874/0.483/0.955 | lr 1.00e-04
step 7700 | loss 0.4609 | fall/fallen/normal acc 0.792/0.810/0.940 | lr 1.00e-04
step 7750 | loss 0.2342 | fall/fallen/normal acc 0.668/0.747/0.976 | lr 1.00e-04
step 7800 | loss 0.2116 | fall/fallen/normal acc 0.861/0.628/0.949 | lr 1.00e-04
[VAL] step 7800 | f1 0.8545 | fallen prec 0.8769 rec 0.8524 | train_loss 0.3011
  [CKPT] 已存 step_7800_model.pt
  [BEST] 新最优 f1=0.8545 → best_model.pt
step 7850 | loss 0.5390 | fall/fallen/normal acc 0.788/0.693/0.946 | lr 1.00e-04
step 7900 | loss 0.1741 | fall/fallen/normal acc 0.749/0.695/0.983 | lr 1.00e-04
step 7950 | loss 0.0867 | fall/fallen/normal acc 0.912/0.947/0.981 | lr 1.00e-04
step 8000 | loss 0.5394 | fall/fallen/normal acc 0.681/0.690/0.937 | lr 1.00e-04
step 8050 | loss 0.3562 | fall/fallen/normal acc 0.854/0.663/0.970 | lr 1.00e-04
step 8100 | loss 0.4776 | fall/fallen/normal acc 0.518/0.807/0.997 | lr 1.00e-04
step 8150 | loss 0.2764 | fall/fallen/normal acc 0.724/0.765/0.952 | lr 1.00e-04
step 8200 | loss 0.3598 | fall/fallen/normal acc 0.766/0.510/0.990 | lr 1.00e-04
step 8250 | loss 0.2030 | fall/fallen/normal acc 0.835/0.832/0.972 | lr 1.00e-04
step 8300 | loss 0.2804 | fall/fallen/normal acc 0.725/0.862/0.970 | lr 1.00e-04
step 8350 | loss 0.1956 | fall/fallen/normal acc 0.908/0.907/0.936 | lr 1.00e-04
step 8400 | loss 0.2644 | fall/fallen/normal acc 0.780/0.822/0.972 | lr 1.00e-04
[VAL] step 8400 | f1 0.8707 | fallen prec 0.7353 rec 0.9775 | train_loss 0.3127
  [CKPT] 已存 step_8400_model.pt
  [BEST] 新最优 f1=0.8707 → best_model.pt
step 8450 | loss 0.2693 | fall/fallen/normal acc 0.908/0.744/0.957 | lr 1.00e-04
step 8500 | loss 0.3067 | fall/fallen/normal acc 0.541/0.730/0.958 | lr 1.00e-04
step 8550 | loss 0.5249 | fall/fallen/normal acc 0.772/0.579/0.946 | lr 1.00e-04
step 8600 | loss 0.2258 | fall/fallen/normal acc 0.875/0.725/0.958 | lr 1.00e-04
step 8650 | loss 0.3471 | fall/fallen/normal acc 0.935/0.593/0.955 | lr 1.00e-04
step 8700 | loss 0.2347 | fall/fallen/normal acc 0.838/0.734/0.945 | lr 1.00e-04
step 8750 | loss 0.2646 | fall/fallen/normal acc 0.748/0.663/0.971 | lr 1.00e-04
step 8800 | loss 0.2801 | fall/fallen/normal acc 0.691/0.923/0.973 | lr 1.00e-04
step 8850 | loss 0.3550 | fall/fallen/normal acc 0.779/0.674/0.949 | lr 1.00e-04
step 8900 | loss 0.3292 | fall/fallen/normal acc 0.811/0.575/0.938 | lr 1.00e-04
step 8950 | loss 0.4830 | fall/fallen/normal acc 0.585/0.609/0.934 | lr 1.00e-04
step 9000 | loss 0.1716 | fall/fallen/normal acc 0.804/0.970/0.997 | lr 1.00e-04
[VAL] step 9000 | f1 0.7912 | fallen prec 0.9060 rec 0.7462 | train_loss 0.3160
  [CKPT] 已存 step_9000_model.pt
step 9050 | loss 0.3952 | fall/fallen/normal acc 0.701/0.758/0.959 | lr 1.00e-04
step 9100 | loss 0.6552 | fall/fallen/normal acc 0.726/0.579/0.943 | lr 1.00e-04
step 9150 | loss 0.3960 | fall/fallen/normal acc 0.716/0.810/0.950 | lr 1.00e-04
step 9200 | loss 0.2519 | fall/fallen/normal acc 0.763/0.885/0.974 | lr 1.00e-04
step 9250 | loss 0.1174 | fall/fallen/normal acc 0.725/0.923/0.974 | lr 1.00e-04
step 9300 | loss 0.2679 | fall/fallen/normal acc 0.805/0.707/0.987 | lr 1.00e-04
step 9350 | loss 0.3539 | fall/fallen/normal acc 0.722/0.768/0.951 | lr 1.00e-04
step 9400 | loss 0.3379 | fall/fallen/normal acc 0.754/0.784/0.981 | lr 1.00e-04
step 9450 | loss 0.1453 | fall/fallen/normal acc 0.882/0.694/0.983 | lr 1.00e-04
step 9500 | loss 0.3028 | fall/fallen/normal acc 0.734/0.678/0.970 | lr 1.00e-04
step 9550 | loss 0.3172 | fall/fallen/normal acc 0.876/0.674/0.959 | lr 1.00e-04
step 9600 | loss 0.3156 | fall/fallen/normal acc 0.709/0.893/0.972 | lr 1.00e-04
[VAL] step 9600 | f1 0.8182 | fallen prec 0.9059 rec 0.7543 | train_loss 0.3213
  [CKPT] 已存 step_9600_model.pt
[EPOCH 1] 完成，已存 epoch_1_model.pt
step 9650 | loss 0.1202 | fall/fallen/normal acc 0.911/0.582/0.980 | lr 1.00e-04
step 9700 | loss 0.1752 | fall/fallen/normal acc 0.922/0.840/0.953 | lr 1.00e-04
step 9750 | loss 0.2171 | fall/fallen/normal acc 0.767/0.742/0.960 | lr 1.00e-04
step 9800 | loss 0.1357 | fall/fallen/normal acc 0.828/0.950/0.974 | lr 1.00e-04
step 9850 | loss 0.1286 | fall/fallen/normal acc 0.843/0.746/0.995 | lr 1.00e-04
step 9900 | loss 0.2280 | fall/fallen/normal acc 0.855/0.870/0.962 | lr 1.00e-04
step 9950 | loss 0.0702 | fall/fallen/normal acc 0.942/0.956/0.979 | lr 1.00e-04
step 10000 | loss 0.2234 | fall/fallen/normal acc 0.938/0.741/0.954 | lr 1.00e-04
step 10050 | loss 0.3041 | fall/fallen/normal acc 0.728/0.882/0.972 | lr 1.00e-04
step 10100 | loss 0.2193 | fall/fallen/normal acc 0.833/0.874/0.959 | lr 1.00e-04
step 10150 | loss 0.1864 | fall/fallen/normal acc 0.747/0.885/0.982 | lr 1.00e-04
step 10200 | loss 0.0996 | fall/fallen/normal acc 0.883/0.857/0.985 | lr 1.00e-04
[VAL] step 10200 | f1 0.8600 | fallen prec 0.8078 rec 0.9001 | train_loss 0.1757
  [CKPT] 已存 step_10200_model.pt
step 10250 | loss 0.1469 | fall/fallen/normal acc 0.830/0.882/0.961 | lr 1.00e-04
step 10300 | loss 0.0970 | fall/fallen/normal acc 0.890/0.977/0.956 | lr 1.00e-04
step 10350 | loss 0.4865 | fall/fallen/normal acc 0.868/0.726/0.947 | lr 1.00e-04
step 10400 | loss 0.1158 | fall/fallen/normal acc 0.755/0.868/0.990 | lr 1.00e-04
step 10450 | loss 0.1871 | fall/fallen/normal acc 0.791/0.850/0.984 | lr 1.00e-04
step 10500 | loss 0.2079 | fall/fallen/normal acc 0.801/0.827/0.966 | lr 1.00e-04
step 10550 | loss 0.3993 | fall/fallen/normal acc 0.764/0.753/0.954 | lr 1.00e-04
step 10600 | loss 0.1685 | fall/fallen/normal acc 0.868/0.888/0.972 | lr 1.00e-04
step 10650 | loss 0.1738 | fall/fallen/normal acc 0.927/0.907/0.942 | lr 1.00e-04
step 10700 | loss 0.2883 | fall/fallen/normal acc 0.965/0.676/0.973 | lr 1.00e-04
step 10750 | loss 0.2305 | fall/fallen/normal acc 0.851/0.876/0.938 | lr 1.00e-04
step 10800 | loss 0.3799 | fall/fallen/normal acc 0.732/0.765/0.955 | lr 1.00e-04
[VAL] step 10800 | f1 0.8310 | fallen prec 0.8873 rec 0.7372 | train_loss 0.2401
  [CKPT] 已存 step_10800_model.pt
step 10850 | loss 0.2786 | fall/fallen/normal acc 0.766/0.828/0.963 | lr 1.00e-04
step 10900 | loss 0.1459 | fall/fallen/normal acc 0.867/0.698/0.992 | lr 1.00e-04
step 10950 | loss 0.2143 | fall/fallen/normal acc 0.782/0.843/0.954 | lr 1.00e-04
step 11000 | loss 0.2750 | fall/fallen/normal acc 0.707/0.921/0.946 | lr 1.00e-04
step 11050 | loss 0.6453 | fall/fallen/normal acc 0.815/0.730/0.990 | lr 1.00e-04
step 11100 | loss 0.2585 | fall/fallen/normal acc 0.861/0.621/0.959 | lr 1.00e-04
step 11150 | loss 0.1909 | fall/fallen/normal acc 0.880/0.884/0.947 | lr 1.00e-04
step 11200 | loss 0.1944 | fall/fallen/normal acc 0.957/0.540/0.972 | lr 1.00e-04
step 11250 | loss 0.2906 | fall/fallen/normal acc 0.886/0.732/0.940 | lr 1.00e-04
step 11300 | loss 0.3532 | fall/fallen/normal acc 0.770/0.748/0.958 | lr 1.00e-04
step 11350 | loss 0.1059 | fall/fallen/normal acc 0.748/0.877/0.983 | lr 1.00e-04
step 11400 | loss 0.1827 | fall/fallen/normal acc 0.891/0.830/0.982 | lr 1.00e-04
[VAL] step 11400 | f1 0.8048 | fallen prec 0.8600 rec 0.7408 | train_loss 0.2613
  [CKPT] 已存 step_11400_model.pt
step 11450 | loss 0.1460 | fall/fallen/normal acc 0.898/0.889/0.971 | lr 1.00e-04
step 11500 | loss 0.2885 | fall/fallen/normal acc 0.902/0.883/0.977 | lr 1.00e-04
step 11550 | loss 0.1090 | fall/fallen/normal acc 0.891/0.916/0.956 | lr 1.00e-04
step 11600 | loss 0.3462 | fall/fallen/normal acc 0.832/0.696/0.959 | lr 1.00e-04
step 11650 | loss 0.4147 | fall/fallen/normal acc 0.807/0.760/0.950 | lr 1.00e-04
step 11700 | loss 0.3504 | fall/fallen/normal acc 0.785/0.807/0.959 | lr 1.00e-04
step 11750 | loss 0.2810 | fall/fallen/normal acc 0.839/0.853/0.953 | lr 1.00e-04
step 11800 | loss 0.1234 | fall/fallen/normal acc 0.828/0.974/0.966 | lr 1.00e-04
step 11850 | loss 0.3630 | fall/fallen/normal acc 0.892/0.800/0.952 | lr 1.00e-04
step 11900 | loss 0.1493 | fall/fallen/normal acc 0.878/0.804/0.977 | lr 1.00e-04
step 11950 | loss 0.1447 | fall/fallen/normal acc 0.838/0.836/0.980 | lr 1.00e-04
step 12000 | loss 0.3058 | fall/fallen/normal acc 0.709/0.847/0.975 | lr 1.00e-04
[VAL] step 12000 | f1 0.8543 | fallen prec 0.9564 rec 0.7507 | train_loss 0.2518
  [CKPT] 已存 step_12000_model.pt
step 12050 | loss 0.0823 | fall/fallen/normal acc 0.825/0.937/0.992 | lr 1.00e-04
step 12100 | loss 0.3082 | fall/fallen/normal acc 0.812/0.704/0.964 | lr 1.00e-04
step 12150 | loss 0.1828 | fall/fallen/normal acc 0.639/0.943/0.984 | lr 1.00e-04
step 12200 | loss 0.2547 | fall/fallen/normal acc 0.800/0.861/0.966 | lr 1.00e-04
step 12250 | loss 0.1313 | fall/fallen/normal acc 0.852/0.816/0.985 | lr 1.00e-04
step 12300 | loss 0.1601 | fall/fallen/normal acc 0.695/0.828/0.987 | lr 1.00e-04
step 12350 | loss 0.1087 | fall/fallen/normal acc 0.802/0.942/0.959 | lr 1.00e-04
step 12400 | loss 0.2609 | fall/fallen/normal acc 0.891/0.883/0.962 | lr 1.00e-04
step 12450 | loss 0.1292 | fall/fallen/normal acc 0.758/0.966/0.982 | lr 1.00e-04
step 12500 | loss 0.1358 | fall/fallen/normal acc 0.875/0.875/0.977 | lr 1.00e-04
step 12550 | loss 0.2360 | fall/fallen/normal acc 0.917/0.725/0.974 | lr 1.00e-04
step 12600 | loss 0.1621 | fall/fallen/normal acc 0.712/0.698/0.980 | lr 1.00e-04
[VAL] step 12600 | f1 0.8022 | fallen prec 0.9286 rec 0.6904 | train_loss 0.1794
  [CKPT] 已存 step_12600_model.pt
step 12650 | loss 0.1548 | fall/fallen/normal acc 0.936/0.637/0.981 | lr 1.00e-04
step 12700 | loss 0.2735 | fall/fallen/normal acc 0.845/0.712/0.996 | lr 1.00e-04
step 12750 | loss 0.3545 | fall/fallen/normal acc 0.730/0.779/0.992 | lr 1.00e-04
step 12800 | loss 0.2012 | fall/fallen/normal acc 0.626/0.883/0.971 | lr 1.00e-04
step 12850 | loss 0.3750 | fall/fallen/normal acc 0.874/0.531/0.963 | lr 1.00e-04
step 12900 | loss 0.1452 | fall/fallen/normal acc 0.859/0.887/0.978 | lr 1.00e-04
step 12950 | loss 0.3094 | fall/fallen/normal acc 0.745/0.819/0.956 | lr 1.00e-04
step 13000 | loss 0.3262 | fall/fallen/normal acc 0.689/0.936/0.963 | lr 1.00e-04
step 13050 | loss 0.2641 | fall/fallen/normal acc 0.896/0.881/0.942 | lr 1.00e-04
step 13100 | loss 0.3585 | fall/fallen/normal acc 0.880/0.479/0.979 | lr 1.00e-04
step 13150 | loss 0.2506 | fall/fallen/normal acc 0.923/0.560/0.980 | lr 1.00e-04
step 13200 | loss 0.4750 | fall/fallen/normal acc 0.750/0.877/0.951 | lr 1.00e-04
[VAL] step 13200 | f1 0.8089 | fallen prec 0.9308 rec 0.6778 | train_loss 0.2907
  [CKPT] 已存 step_13200_model.pt
step 13250 | loss 0.2121 | fall/fallen/normal acc 0.921/0.719/0.963 | lr 1.00e-04
step 13300 | loss 0.3619 | fall/fallen/normal acc 0.742/0.926/0.959 | lr 1.00e-04
step 13350 | loss 0.2076 | fall/fallen/normal acc 0.670/0.870/0.973 | lr 1.00e-04
step 13400 | loss 0.2902 | fall/fallen/normal acc 0.753/0.878/0.962 | lr 1.00e-04
step 13450 | loss 0.1327 | fall/fallen/normal acc 0.862/0.982/0.973 | lr 1.00e-04
step 13500 | loss 0.1094 | fall/fallen/normal acc 0.956/0.856/0.979 | lr 1.00e-04
step 13550 | loss 0.5575 | fall/fallen/normal acc 0.823/0.496/0.970 | lr 1.00e-04
step 13600 | loss 0.2084 | fall/fallen/normal acc 0.696/0.896/0.971 | lr 1.00e-04
step 13650 | loss 0.2796 | fall/fallen/normal acc 0.898/0.745/0.961 | lr 1.00e-04
step 13700 | loss 0.1802 | fall/fallen/normal acc 0.816/0.768/0.980 | lr 1.00e-04
step 13750 | loss 0.3535 | fall/fallen/normal acc 0.924/0.628/0.973 | lr 1.00e-04
step 13800 | loss 0.2160 | fall/fallen/normal acc 0.799/0.772/0.962 | lr 1.00e-04
[VAL] step 13800 | f1 0.9059 | fallen prec 0.9285 rec 0.8767 | train_loss 0.2591
  [CKPT] 已存 step_13800_model.pt
  [BEST] 新最优 f1=0.9059 → best_model.pt
step 13850 | loss 0.1507 | fall/fallen/normal acc 0.794/0.890/0.974 | lr 1.00e-04
step 13900 | loss 0.2412 | fall/fallen/normal acc 0.880/0.851/0.949 | lr 1.00e-04
step 13950 | loss 0.1912 | fall/fallen/normal acc 0.804/0.839/0.982 | lr 1.00e-04
step 14000 | loss 0.2812 | fall/fallen/normal acc 0.835/0.703/0.954 | lr 1.00e-04
step 14050 | loss 0.1424 | fall/fallen/normal acc 0.890/0.956/0.975 | lr 1.00e-04
step 14100 | loss 0.2498 | fall/fallen/normal acc 0.928/0.674/0.947 | lr 1.00e-04
step 14150 | loss 0.2547 | fall/fallen/normal acc 0.848/0.882/0.943 | lr 1.00e-04
step 14200 | loss 0.2151 | fall/fallen/normal acc 0.808/0.917/0.947 | lr 1.00e-04
step 14250 | loss 0.3563 | fall/fallen/normal acc 0.926/0.679/0.957 | lr 1.00e-04
step 14300 | loss 0.1643 | fall/fallen/normal acc 0.776/0.887/0.974 | lr 1.00e-04
step 14350 | loss 0.1007 | fall/fallen/normal acc 0.851/0.887/0.982 | lr 1.00e-04
step 14400 | loss 0.2343 | fall/fallen/normal acc 0.884/0.769/0.974 | lr 1.00e-04
[VAL] step 14400 | f1 0.8604 | fallen prec 0.8851 rec 0.8254 | train_loss 0.2152
  [CKPT] 已存 step_14400_model.pt
step 14450 | loss 0.1025 | fall/fallen/normal acc 0.864/0.838/0.991 | lr 1.00e-04
step 14500 | loss 0.1457 | fall/fallen/normal acc 0.849/0.950/0.952 | lr 1.00e-04
step 14550 | loss 0.1681 | fall/fallen/normal acc 0.902/0.887/0.979 | lr 1.00e-04
step 14600 | loss 0.1393 | fall/fallen/normal acc 0.942/0.849/0.969 | lr 1.00e-04
step 14650 | loss 0.1746 | fall/fallen/normal acc 0.762/0.847/0.981 | lr 1.00e-04
step 14700 | loss 0.2647 | fall/fallen/normal acc 0.832/0.896/0.950 | lr 1.00e-04
step 14750 | loss 0.2037 | fall/fallen/normal acc 0.820/0.804/0.987 | lr 1.00e-04
step 14800 | loss 0.2144 | fall/fallen/normal acc 0.880/0.771/0.963 | lr 1.00e-04
step 14850 | loss 0.2173 | fall/fallen/normal acc 0.795/0.887/0.973 | lr 1.00e-04
step 14900 | loss 0.2153 | fall/fallen/normal acc 0.894/0.801/0.954 | lr 1.00e-04
step 14950 | loss 0.2774 | fall/fallen/normal acc 0.705/0.914/0.976 | lr 1.00e-04
step 15000 | loss 0.1648 | fall/fallen/normal acc 0.842/0.884/0.963 | lr 1.00e-04
[VAL] step 15000 | f1 0.8532 | fallen prec 0.9443 rec 0.7633 | train_loss 0.1907
  [CKPT] 已存 step_15000_model.pt
step 15050 | loss 0.2975 | fall/fallen/normal acc 0.804/0.639/0.990 | lr 1.00e-04
step 15100 | loss 0.3849 | fall/fallen/normal acc 0.606/0.873/0.979 | lr 1.00e-04
step 15150 | loss 0.2475 | fall/fallen/normal acc 0.948/0.763/0.957 | lr 1.00e-04
step 15200 | loss 0.1716 | fall/fallen/normal acc 0.853/0.739/0.980 | lr 1.00e-04
step 15250 | loss 0.1081 | fall/fallen/normal acc 0.874/0.930/0.975 | lr 1.00e-04
step 15300 | loss 0.2119 | fall/fallen/normal acc 0.862/0.752/0.963 | lr 1.00e-04
step 15350 | loss 0.1101 | fall/fallen/normal acc 0.862/0.917/0.988 | lr 1.00e-04
step 15400 | loss 0.2738 | fall/fallen/normal acc 0.726/0.781/0.965 | lr 1.00e-04
step 15450 | loss 0.0888 | fall/fallen/normal acc 0.937/0.929/0.976 | lr 1.00e-04
step 15500 | loss 0.1264 | fall/fallen/normal acc 0.914/0.931/0.978 | lr 1.00e-04
step 15550 | loss 0.2502 | fall/fallen/normal acc 0.839/0.893/0.955 | lr 1.00e-04
step 15600 | loss 0.1088 | fall/fallen/normal acc 0.860/0.992/0.955 | lr 1.00e-04
[VAL] step 15600 | f1 0.7502 | fallen prec 0.9413 rec 0.5194 | train_loss 0.1983
  [CKPT] 已存 step_15600_model.pt
step 15650 | loss 0.2932 | fall/fallen/normal acc 0.940/0.732/0.976 | lr 1.00e-04
step 15700 | loss 0.3116 | fall/fallen/normal acc 0.930/0.503/0.968 | lr 1.00e-04
step 15750 | loss 0.2550 | fall/fallen/normal acc 0.722/0.795/0.980 | lr 1.00e-04
step 15800 | loss 0.1340 | fall/fallen/normal acc 0.896/0.826/0.959 | lr 1.00e-04
step 15850 | loss 0.0624 | fall/fallen/normal acc 0.911/0.940/0.979 | lr 1.00e-04
step 15900 | loss 0.2746 | fall/fallen/normal acc 0.829/0.930/0.973 | lr 1.00e-04
step 15950 | loss 0.1312 | fall/fallen/normal acc 0.874/0.907/0.952 | lr 1.00e-04
step 16000 | loss 0.2840 | fall/fallen/normal acc 0.854/0.826/0.982 | lr 1.00e-04
step 16050 | loss 0.1106 | fall/fallen/normal acc 0.916/0.962/0.979 | lr 1.00e-04
step 16100 | loss 0.1157 | fall/fallen/normal acc 0.842/0.806/0.971 | lr 1.00e-04
step 16150 | loss 0.3644 | fall/fallen/normal acc 0.867/0.845/0.980 | lr 1.00e-04
step 16200 | loss 0.3206 | fall/fallen/normal acc 0.901/0.744/0.973 | lr 1.00e-04
[VAL] step 16200 | f1 0.8773 | fallen prec 0.9451 rec 0.7588 | train_loss 0.2214
  [CKPT] 已存 step_16200_model.pt
step 16250 | loss 0.0871 | fall/fallen/normal acc 0.857/0.971/0.985 | lr 1.00e-04
step 16300 | loss 0.1014 | fall/fallen/normal acc 0.822/0.706/0.984 | lr 1.00e-04
step 16350 | loss 0.3581 | fall/fallen/normal acc 0.849/0.465/0.994 | lr 1.00e-04
step 16400 | loss 0.2316 | fall/fallen/normal acc 0.874/0.752/0.966 | lr 1.00e-04
step 16450 | loss 0.1990 | fall/fallen/normal acc 0.832/0.842/0.963 | lr 1.00e-04
step 16500 | loss 0.1760 | fall/fallen/normal acc 0.747/0.822/0.976 | lr 1.00e-04
step 16550 | loss 0.0904 | fall/fallen/normal acc 0.927/0.834/0.980 | lr 1.00e-04
step 16600 | loss 0.0773 | fall/fallen/normal acc 0.964/0.956/0.981 | lr 1.00e-04
step 16650 | loss 0.3576 | fall/fallen/normal acc 0.834/0.804/0.990 | lr 1.00e-04
step 16700 | loss 0.2138 | fall/fallen/normal acc 0.799/0.791/0.970 | lr 1.00e-04
step 16750 | loss 0.1819 | fall/fallen/normal acc 0.743/0.837/0.980 | lr 1.00e-04
step 16800 | loss 0.0831 | fall/fallen/normal acc 0.896/0.943/0.996 | lr 1.00e-04
[VAL] step 16800 | f1 0.8431 | fallen prec 0.8474 rec 0.8200 | train_loss 0.1798
  [CKPT] 已存 step_16800_model.pt
step 16850 | loss 0.2660 | fall/fallen/normal acc 0.635/0.653/0.988 | lr 1.00e-04
step 16900 | loss 0.1513 | fall/fallen/normal acc 0.901/0.918/0.943 | lr 1.00e-04
step 16950 | loss 0.1380 | fall/fallen/normal acc 0.812/0.943/0.959 | lr 1.00e-04
step 17000 | loss 0.1383 | fall/fallen/normal acc 0.908/0.853/0.943 | lr 1.00e-04
step 17050 | loss 0.2200 | fall/fallen/normal acc 0.818/0.730/0.944 | lr 1.00e-04
step 17100 | loss 0.2001 | fall/fallen/normal acc 0.852/0.850/0.976 | lr 1.00e-04
step 17150 | loss 0.3146 | fall/fallen/normal acc 0.833/0.727/0.960 | lr 1.00e-04
step 17200 | loss 0.0943 | fall/fallen/normal acc 0.877/0.940/0.969 | lr 1.00e-04
step 17250 | loss 0.3943 | fall/fallen/normal acc 0.807/0.651/0.953 | lr 1.00e-04
step 17300 | loss 0.2213 | fall/fallen/normal acc 0.918/0.807/0.962 | lr 1.00e-04
step 17350 | loss 0.2445 | fall/fallen/normal acc 0.833/0.739/0.967 | lr 1.00e-04
step 17400 | loss 0.1311 | fall/fallen/normal acc 0.844/0.926/0.969 | lr 1.00e-04
[VAL] step 17400 | f1 0.8078 | fallen prec 0.8788 rec 0.6202 | train_loss 0.2095
  [CKPT] 已存 step_17400_model.pt
step 17450 | loss 0.3797 | fall/fallen/normal acc 0.786/0.767/0.980 | lr 1.00e-04
step 17500 | loss 0.0626 | fall/fallen/normal acc 0.971/0.912/0.981 | lr 1.00e-04
step 17550 | loss 0.1183 | fall/fallen/normal acc 0.942/0.838/0.958 | lr 1.00e-04
step 17600 | loss 0.1158 | fall/fallen/normal acc 0.750/0.954/0.970 | lr 1.00e-04
step 17650 | loss 0.2411 | fall/fallen/normal acc 0.744/0.675/0.983 | lr 1.00e-04
step 17700 | loss 0.2676 | fall/fallen/normal acc 0.903/0.926/0.949 | lr 1.00e-04
step 17750 | loss 0.1388 | fall/fallen/normal acc 0.888/0.924/0.979 | lr 1.00e-04
step 17800 | loss 0.2026 | fall/fallen/normal acc 0.895/0.820/0.939 | lr 1.00e-04
step 17850 | loss 0.4729 | fall/fallen/normal acc 0.849/0.780/0.967 | lr 1.00e-04
step 17900 | loss 0.1936 | fall/fallen/normal acc 0.797/0.906/0.942 | lr 1.00e-04
step 17950 | loss 0.0948 | fall/fallen/normal acc 0.886/0.918/0.988 | lr 1.00e-04
step 18000 | loss 0.2488 | fall/fallen/normal acc 0.892/0.796/0.954 | lr 1.00e-04
[VAL] step 18000 | f1 0.8104 | fallen prec 0.9194 rec 0.6670 | train_loss 0.2114
  [CKPT] 已存 step_18000_model.pt
step 18050 | loss 0.2697 | fall/fallen/normal acc 0.834/0.818/0.975 | lr 1.00e-04
step 18100 | loss 0.2793 | fall/fallen/normal acc 0.846/0.814/0.979 | lr 1.00e-04
step 18150 | loss 0.3196 | fall/fallen/normal acc 0.839/0.862/0.965 | lr 1.00e-04
step 18200 | loss 0.1073 | fall/fallen/normal acc 0.917/0.916/0.977 | lr 1.00e-04
step 18250 | loss 0.1357 | fall/fallen/normal acc 0.914/0.897/0.972 | lr 1.00e-04
step 18300 | loss 0.2404 | fall/fallen/normal acc 0.944/0.741/0.976 | lr 1.00e-04
step 18350 | loss 0.1378 | fall/fallen/normal acc 0.878/0.892/0.969 | lr 1.00e-04
step 18400 | loss 0.2192 | fall/fallen/normal acc 0.787/0.868/0.977 | lr 1.00e-04
step 18450 | loss 0.2362 | fall/fallen/normal acc 0.904/0.781/0.982 | lr 1.00e-04
step 18500 | loss 0.1521 | fall/fallen/normal acc 0.877/0.831/0.966 | lr 1.00e-04
step 18550 | loss 0.2426 | fall/fallen/normal acc 0.726/0.866/0.974 | lr 1.00e-04
step 18600 | loss 0.1073 | fall/fallen/normal acc 0.942/0.821/0.989 | lr 1.00e-04
[VAL] step 18600 | f1 0.8349 | fallen prec 0.9182 rec 0.7984 | train_loss 0.2039
  [CKPT] 已存 step_18600_model.pt
step 18650 | loss 0.0671 | fall/fallen/normal acc 0.951/0.925/0.991 | lr 1.00e-04
step 18700 | loss 0.1420 | fall/fallen/normal acc 0.789/0.871/0.989 | lr 1.00e-04
step 18750 | loss 0.3685 | fall/fallen/normal acc 0.845/0.655/0.973 | lr 1.00e-04
step 18800 | loss 0.5478 | fall/fallen/normal acc 0.751/0.632/0.959 | lr 1.00e-04
step 18850 | loss 0.4719 | fall/fallen/normal acc 0.812/0.721/0.952 | lr 1.00e-04
step 18900 | loss 0.2466 | fall/fallen/normal acc 0.894/0.793/0.940 | lr 1.00e-04
step 18950 | loss 0.1502 | fall/fallen/normal acc 0.866/0.783/0.984 | lr 1.00e-04
step 19000 | loss 0.1618 | fall/fallen/normal acc 0.960/0.896/0.956 | lr 1.00e-04
step 19050 | loss 0.3497 | fall/fallen/normal acc 0.918/0.749/0.974 | lr 1.00e-04
step 19100 | loss 0.2754 | fall/fallen/normal acc 0.924/0.691/0.957 | lr 1.00e-04
step 19150 | loss 0.2104 | fall/fallen/normal acc 0.810/0.877/0.980 | lr 1.00e-04
step 19200 | loss 0.2065 | fall/fallen/normal acc 0.905/0.953/0.963 | lr 1.00e-04
[VAL] step 19200 | f1 0.8762 | fallen prec 0.7933 rec 0.9433 | train_loss 0.2665
  [CKPT] 已存 step_19200_model.pt
[EPOCH 2] 完成，已存 epoch_2_model.pt
step 19250 | loss 0.0732 | fall/fallen/normal acc 0.914/0.971/0.971 | lr 1.00e-04
step 19300 | loss 0.1456 | fall/fallen/normal acc 0.832/0.918/0.962 | lr 1.00e-04
step 19350 | loss 0.1385 | fall/fallen/normal acc 0.945/0.795/0.976 | lr 1.00e-04
step 19400 | loss 0.0886 | fall/fallen/normal acc 0.923/0.957/0.976 | lr 1.00e-04
step 19450 | loss 0.1736 | fall/fallen/normal acc 0.718/0.966/0.969 | lr 1.00e-04
step 19500 | loss 0.0761 | fall/fallen/normal acc 0.933/0.910/0.981 | lr 1.00e-04
step 19550 | loss 0.1291 | fall/fallen/normal acc 0.801/0.932/0.992 | lr 1.00e-04
step 19600 | loss 0.0979 | fall/fallen/normal acc 0.934/0.879/0.971 | lr 1.00e-04
step 19650 | loss 0.0739 | fall/fallen/normal acc 0.824/0.971/0.977 | lr 1.00e-04
step 19700 | loss 0.2579 | fall/fallen/normal acc 0.693/0.969/0.980 | lr 1.00e-04
step 19750 | loss 0.0666 | fall/fallen/normal acc 0.876/0.983/0.992 | lr 1.00e-04
step 19800 | loss 0.1054 | fall/fallen/normal acc 0.941/0.927/0.974 | lr 1.00e-04
[VAL] step 19800 | f1 0.8625 | fallen prec 0.9006 rec 0.8317 | train_loss 0.1189
  [CKPT] 已存 step_19800_model.pt
step 19850 | loss 0.1435 | fall/fallen/normal acc 0.820/0.868/0.993 | lr 1.00e-04
step 19900 | loss 0.2531 | fall/fallen/normal acc 0.854/0.932/0.940 | lr 1.00e-04
step 19950 | loss 0.0479 | fall/fallen/normal acc 0.934/0.947/0.988 | lr 1.00e-04
step 20000 | loss 0.1185 | fall/fallen/normal acc 0.909/0.909/0.980 | lr 1.00e-04
step 20050 | loss 0.1045 | fall/fallen/normal acc 0.890/0.962/0.983 | lr 1.00e-04
step 20100 | loss 0.1915 | fall/fallen/normal acc 0.807/0.750/0.973 | lr 1.00e-04
step 20150 | loss 0.1999 | fall/fallen/normal acc 0.899/0.780/0.974 | lr 1.00e-04
step 20200 | loss 0.1107 | fall/fallen/normal acc 0.902/0.882/0.971 | lr 1.00e-04
step 20250 | loss 0.1004 | fall/fallen/normal acc 0.903/0.872/0.982 | lr 1.00e-04
step 20300 | loss 0.0581 | fall/fallen/normal acc 0.941/0.878/0.980 | lr 1.00e-04
step 20350 | loss 0.2294 | fall/fallen/normal acc 0.897/0.849/0.967 | lr 1.00e-04
step 20400 | loss 0.0911 | fall/fallen/normal acc 0.943/0.909/0.993 | lr 1.00e-04
[VAL] step 20400 | f1 0.8683 | fallen prec 0.8263 rec 0.8821 | train_loss 0.1374
  [CKPT] 已存 step_20400_model.pt
step 20450 | loss 0.0789 | fall/fallen/normal acc 0.913/0.949/0.981 | lr 1.00e-04
step 20500 | loss 0.2258 | fall/fallen/normal acc 0.824/0.937/0.974 | lr 1.00e-04
step 20550 | loss 0.0588 | fall/fallen/normal acc 0.955/0.916/0.987 | lr 1.00e-04
step 20600 | loss 0.1202 | fall/fallen/normal acc 0.953/0.937/0.971 | lr 1.00e-04
step 20650 | loss 0.0794 | fall/fallen/normal acc 0.904/0.887/0.984 | lr 1.00e-04
step 20700 | loss 0.1124 | fall/fallen/normal acc 0.865/0.987/0.969 | lr 1.00e-04
step 20750 | loss 0.1008 | fall/fallen/normal acc 0.857/0.955/0.983 | lr 1.00e-04
step 20800 | loss 0.1551 | fall/fallen/normal acc 0.944/0.909/0.970 | lr 1.00e-04
step 20850 | loss 0.2631 | fall/fallen/normal acc 0.839/0.971/0.952 | lr 1.00e-04
step 20900 | loss 0.2118 | fall/fallen/normal acc 0.798/0.755/0.988 | lr 1.00e-04
step 20950 | loss 0.1900 | fall/fallen/normal acc 0.905/0.870/0.954 | lr 1.00e-04
step 21000 | loss 0.1579 | fall/fallen/normal acc 0.903/0.686/0.974 | lr 1.00e-04
[VAL] step 21000 | f1 0.8436 | fallen prec 0.9108 rec 0.7723 | train_loss 0.1462
  [CKPT] 已存 step_21000_model.pt
step 21050 | loss 0.2417 | fall/fallen/normal acc 0.943/0.873/0.989 | lr 1.00e-04
step 21100 | loss 0.2557 | fall/fallen/normal acc 0.896/0.862/0.958 | lr 1.00e-04
step 21150 | loss 0.2397 | fall/fallen/normal acc 0.812/0.811/0.992 | lr 1.00e-04
step 21200 | loss 0.1591 | fall/fallen/normal acc 0.910/0.900/0.958 | lr 1.00e-04
step 21250 | loss 0.1043 | fall/fallen/normal acc 0.907/0.944/0.977 | lr 1.00e-04
step 21300 | loss 0.3826 | fall/fallen/normal acc 0.670/0.862/0.971 | lr 1.00e-04
step 21350 | loss 0.0982 | fall/fallen/normal acc 0.778/0.932/0.989 | lr 1.00e-04
step 21400 | loss 0.2639 | fall/fallen/normal acc 0.797/0.847/0.975 | lr 1.00e-04
step 21450 | loss 0.0788 | fall/fallen/normal acc 0.911/0.937/0.983 | lr 1.00e-04
step 21500 | loss 0.0686 | fall/fallen/normal acc 0.967/0.921/0.989 | lr 1.00e-04
step 21550 | loss 0.1820 | fall/fallen/normal acc 0.804/0.903/0.972 | lr 1.00e-04
step 21600 | loss 0.1190 | fall/fallen/normal acc 0.925/0.907/0.964 | lr 1.00e-04
[VAL] step 21600 | f1 0.8981 | fallen prec 0.8627 rec 0.9613 | train_loss 0.1828
  [CKPT] 已存 step_21600_model.pt
step 21650 | loss 0.0981 | fall/fallen/normal acc 0.911/0.926/0.974 | lr 1.00e-04
step 21700 | loss 0.0469 | fall/fallen/normal acc 0.979/0.981/0.980 | lr 1.00e-04
step 21750 | loss 0.4030 | fall/fallen/normal acc 0.699/0.729/0.992 | lr 1.00e-04
step 21800 | loss 0.2065 | fall/fallen/normal acc 0.855/0.893/0.971 | lr 1.00e-04
step 21850 | loss 0.0959 | fall/fallen/normal acc 0.883/0.954/0.985 | lr 1.00e-04
step 21900 | loss 0.1407 | fall/fallen/normal acc 0.927/0.873/0.984 | lr 1.00e-04
step 21950 | loss 0.1109 | fall/fallen/normal acc 0.948/0.964/0.981 | lr 1.00e-04
step 22000 | loss 0.1968 | fall/fallen/normal acc 0.764/0.722/0.985 | lr 1.00e-04
step 22050 | loss 0.0639 | fall/fallen/normal acc 0.943/0.951/0.979 | lr 1.00e-04
step 22100 | loss 0.1727 | fall/fallen/normal acc 0.904/0.898/0.957 | lr 1.00e-04
step 22150 | loss 0.1214 | fall/fallen/normal acc 0.740/0.952/0.981 | lr 1.00e-04
step 22200 | loss 0.1348 | fall/fallen/normal acc 0.923/0.989/0.961 | lr 1.00e-04
[VAL] step 22200 | f1 0.8557 | fallen prec 0.9360 rec 0.7498 | train_loss 0.1493
  [CKPT] 已存 step_22200_model.pt
step 22250 | loss 0.0563 | fall/fallen/normal acc 0.947/0.961/0.981 | lr 1.00e-04
step 22300 | loss 0.1711 | fall/fallen/normal acc 0.881/0.917/0.981 | lr 1.00e-04
step 22350 | loss 0.0801 | fall/fallen/normal acc 0.912/0.959/0.971 | lr 1.00e-04
step 22400 | loss 0.1862 | fall/fallen/normal acc 0.800/0.965/0.996 | lr 1.00e-04
step 22450 | loss 0.1960 | fall/fallen/normal acc 0.944/0.854/0.964 | lr 1.00e-04
step 22500 | loss 0.1827 | fall/fallen/normal acc 0.829/0.868/0.974 | lr 1.00e-04
step 22550 | loss 0.1554 | fall/fallen/normal acc 0.873/0.884/0.961 | lr 1.00e-04
step 22600 | loss 0.3269 | fall/fallen/normal acc 0.830/0.765/0.992 | lr 1.00e-04
step 22650 | loss 0.0564 | fall/fallen/normal acc 0.964/0.960/0.989 | lr 1.00e-04
step 22700 | loss 0.1428 | fall/fallen/normal acc 0.744/0.910/0.972 | lr 1.00e-04
step 22750 | loss 0.0868 | fall/fallen/normal acc 0.943/0.909/0.979 | lr 1.00e-04
step 22800 | loss 0.0374 | fall/fallen/normal acc 0.967/0.955/0.997 | lr 1.00e-04
[VAL] step 22800 | f1 0.8713 | fallen prec 0.9185 rec 0.7714 | train_loss 0.1398
  [CKPT] 已存 step_22800_model.pt
step 22850 | loss 0.3063 | fall/fallen/normal acc 0.887/0.768/0.983 | lr 1.00e-04
step 22900 | loss 0.3664 | fall/fallen/normal acc 0.843/0.819/0.975 | lr 1.00e-04
step 22950 | loss 0.0803 | fall/fallen/normal acc 0.957/0.845/0.994 | lr 1.00e-04
step 23000 | loss 0.0959 | fall/fallen/normal acc 0.815/0.949/0.983 | lr 1.00e-04
step 23050 | loss 0.1271 | fall/fallen/normal acc 0.825/0.927/0.978 | lr 1.00e-04
step 23100 | loss 0.2339 | fall/fallen/normal acc 0.881/0.839/0.963 | lr 1.00e-04
step 23150 | loss 0.2355 | fall/fallen/normal acc 0.821/0.746/0.971 | lr 1.00e-04
step 23200 | loss 0.0943 | fall/fallen/normal acc 0.826/0.993/0.984 | lr 1.00e-04
step 23250 | loss 0.2280 | fall/fallen/normal acc 0.940/0.828/0.988 | lr 1.00e-04
step 23300 | loss 0.2108 | fall/fallen/normal acc 0.890/0.911/0.952 | lr 1.00e-04
step 23350 | loss 0.1354 | fall/fallen/normal acc 0.940/0.826/0.980 | lr 1.00e-04
step 23400 | loss 0.2056 | fall/fallen/normal acc 0.813/0.987/0.963 | lr 1.00e-04
[VAL] step 23400 | f1 0.8705 | fallen prec 0.9368 rec 0.8011 | train_loss 0.1933
  [CKPT] 已存 step_23400_model.pt
step 23450 | loss 0.2075 | fall/fallen/normal acc 0.962/0.628/0.947 | lr 1.00e-04
step 23500 | loss 0.0627 | fall/fallen/normal acc 0.936/0.910/0.987 | lr 1.00e-04
step 23550 | loss 0.0736 | fall/fallen/normal acc 0.891/0.939/0.992 | lr 1.00e-04
step 23600 | loss 0.2031 | fall/fallen/normal acc 0.816/0.835/0.967 | lr 1.00e-04
step 23650 | loss 0.1581 | fall/fallen/normal acc 0.966/0.895/0.960 | lr 1.00e-04
step 23700 | loss 0.0780 | fall/fallen/normal acc 0.931/0.889/0.996 | lr 1.00e-04
step 23750 | loss 0.1689 | fall/fallen/normal acc 0.925/0.915/0.963 | lr 1.00e-04
step 23800 | loss 0.0573 | fall/fallen/normal acc 0.923/0.962/0.977 | lr 1.00e-04
step 23850 | loss 0.1156 | fall/fallen/normal acc 0.958/0.767/0.969 | lr 1.00e-04
step 23900 | loss 0.0470 | fall/fallen/normal acc 0.960/0.962/0.983 | lr 1.00e-04
step 23950 | loss 0.0858 | fall/fallen/normal acc 0.932/0.918/0.980 | lr 1.00e-04
step 24000 | loss 0.0824 | fall/fallen/normal acc 0.901/0.980/0.988 | lr 1.00e-04
[VAL] step 24000 | f1 0.8665 | fallen prec 0.9302 rec 0.8281 | train_loss 0.1117
  [CKPT] 已存 step_24000_model.pt
step 24050 | loss 0.1571 | fall/fallen/normal acc 0.955/0.801/0.977 | lr 1.00e-04
step 24100 | loss 0.0899 | fall/fallen/normal acc 0.941/0.901/0.985 | lr 1.00e-04
step 24150 | loss 0.0636 | fall/fallen/normal acc 0.908/0.953/0.987 | lr 1.00e-04
step 24200 | loss 0.1392 | fall/fallen/normal acc 0.875/0.949/0.965 | lr 1.00e-04
step 24250 | loss 0.1277 | fall/fallen/normal acc 0.872/0.901/0.993 | lr 1.00e-04
step 24300 | loss 0.0860 | fall/fallen/normal acc 0.830/0.953/0.990 | lr 1.00e-04
step 24350 | loss 0.0870 | fall/fallen/normal acc 0.938/0.920/0.991 | lr 1.00e-04
step 24400 | loss 0.3108 | fall/fallen/normal acc 0.800/0.826/0.961 | lr 1.00e-04
step 24450 | loss 0.1174 | fall/fallen/normal acc 0.932/0.884/0.983 | lr 1.00e-04
step 24500 | loss 0.1883 | fall/fallen/normal acc 0.790/0.975/0.974 | lr 1.00e-04
step 24550 | loss 0.2397 | fall/fallen/normal acc 0.912/0.749/0.973 | lr 1.00e-04
step 24600 | loss 0.1053 | fall/fallen/normal acc 0.899/0.963/0.967 | lr 1.00e-04
[VAL] step 24600 | f1 0.8672 | fallen prec 0.8414 rec 0.8785 | train_loss 0.1427
  [CKPT] 已存 step_24600_model.pt
step 24650 | loss 0.0720 | fall/fallen/normal acc 0.973/0.884/0.975 | lr 1.00e-04
step 24700 | loss 0.0599 | fall/fallen/normal acc 0.891/0.980/0.993 | lr 1.00e-04
step 24750 | loss 0.1167 | fall/fallen/normal acc 0.894/0.867/0.976 | lr 1.00e-04
step 24800 | loss 0.1247 | fall/fallen/normal acc 0.832/0.900/0.983 | lr 1.00e-04
step 24850 | loss 0.1612 | fall/fallen/normal acc 0.876/0.874/0.963 | lr 1.00e-04
step 24900 | loss 0.1818 | fall/fallen/normal acc 0.940/0.928/0.981 | lr 1.00e-04
step 24950 | loss 0.2569 | fall/fallen/normal acc 0.924/0.808/0.966 | lr 1.00e-04
step 25000 | loss 0.0708 | fall/fallen/normal acc 0.951/0.929/0.983 | lr 1.00e-04
step 25050 | loss 0.0883 | fall/fallen/normal acc 0.833/0.947/0.980 | lr 1.00e-04
step 25100 | loss 0.4087 | fall/fallen/normal acc 0.854/0.858/0.959 | lr 1.00e-04
step 25150 | loss 0.3397 | fall/fallen/normal acc 0.887/0.779/0.977 | lr 1.00e-04
step 25200 | loss 0.3013 | fall/fallen/normal acc 0.876/0.786/0.964 | lr 1.00e-04
[VAL] step 25200 | f1 0.8529 | fallen prec 0.9548 rec 0.6661 | train_loss 0.1818
  [CKPT] 已存 step_25200_model.pt
step 25250 | loss 0.0945 | fall/fallen/normal acc 0.856/0.954/0.994 | lr 1.00e-04
step 25300 | loss 0.0965 | fall/fallen/normal acc 0.961/0.928/0.968 | lr 1.00e-04
step 25350 | loss 0.1055 | fall/fallen/normal acc 0.935/0.916/0.981 | lr 1.00e-04
step 25400 | loss 0.1842 | fall/fallen/normal acc 0.901/0.960/0.965 | lr 1.00e-04
step 25450 | loss 0.3947 | fall/fallen/normal acc 0.681/0.831/0.967 | lr 1.00e-04
step 25500 | loss 0.0861 | fall/fallen/normal acc 0.892/0.967/0.983 | lr 1.00e-04
step 25550 | loss 0.0759 | fall/fallen/normal acc 0.972/0.916/0.973 | lr 1.00e-04
step 25600 | loss 0.1310 | fall/fallen/normal acc 0.935/0.888/0.987 | lr 1.00e-04
step 25650 | loss 0.1133 | fall/fallen/normal acc 0.935/0.660/0.992 | lr 1.00e-04
step 25700 | loss 0.1773 | fall/fallen/normal acc 0.817/0.952/0.978 | lr 1.00e-04
step 25750 | loss 0.0749 | fall/fallen/normal acc 0.869/0.859/0.995 | lr 1.00e-04
step 25800 | loss 0.0890 | fall/fallen/normal acc 0.929/0.943/0.983 | lr 1.00e-04
[VAL] step 25800 | f1 0.8318 | fallen prec 0.9338 rec 0.7750 | train_loss 0.1352
  [CKPT] 已存 step_25800_model.pt
step 25850 | loss 0.4172 | fall/fallen/normal acc 0.904/0.871/0.959 | lr 1.00e-04
step 25900 | loss 0.0835 | fall/fallen/normal acc 0.925/0.939/0.985 | lr 1.00e-04
step 25950 | loss 0.0651 | fall/fallen/normal acc 0.923/0.927/0.994 | lr 1.00e-04
step 26000 | loss 0.1336 | fall/fallen/normal acc 0.893/0.958/0.987 | lr 1.00e-04
step 26050 | loss 0.1614 | fall/fallen/normal acc 0.796/0.962/0.986 | lr 1.00e-04
step 26100 | loss 0.0383 | fall/fallen/normal acc 0.985/0.966/0.987 | lr 1.00e-04
step 26150 | loss 0.1589 | fall/fallen/normal acc 0.839/0.809/0.974 | lr 1.00e-04
step 26200 | loss 0.0486 | fall/fallen/normal acc 0.949/0.959/0.983 | lr 1.00e-04
step 26250 | loss 0.1089 | fall/fallen/normal acc 0.923/0.933/0.972 | lr 1.00e-04
step 26300 | loss 0.1043 | fall/fallen/normal acc 0.860/0.959/0.982 | lr 1.00e-04
step 26350 | loss 0.0670 | fall/fallen/normal acc 0.963/0.861/0.985 | lr 1.00e-04
step 26400 | loss 0.1635 | fall/fallen/normal acc 0.829/0.955/0.963 | lr 1.00e-04
[VAL] step 26400 | f1 0.8652 | fallen prec 0.9103 rec 0.8317 | train_loss 0.1292
  [CKPT] 已存 step_26400_model.pt
step 26450 | loss 0.2878 | fall/fallen/normal acc 0.960/0.696/0.979 | lr 1.00e-04
step 26500 | loss 0.0771 | fall/fallen/normal acc 0.815/0.951/0.987 | lr 1.00e-04
step 26550 | loss 0.0453 | fall/fallen/normal acc 0.907/0.942/0.990 | lr 1.00e-04
step 26600 | loss 0.2027 | fall/fallen/normal acc 0.869/0.925/0.952 | lr 1.00e-04
step 26650 | loss 0.0638 | fall/fallen/normal acc 0.911/0.946/0.988 | lr 1.00e-04
step 26700 | loss 0.0881 | fall/fallen/normal acc 0.805/0.930/0.989 | lr 1.00e-04
step 26750 | loss 0.1204 | fall/fallen/normal acc 0.924/0.932/0.962 | lr 1.00e-04
step 26800 | loss 0.2745 | fall/fallen/normal acc 0.873/0.739/0.966 | lr 1.00e-04
step 26850 | loss 0.1040 | fall/fallen/normal acc 0.963/0.821/0.977 | lr 1.00e-04
step 26900 | loss 0.1138 | fall/fallen/normal acc 0.898/0.925/0.974 | lr 1.00e-04
step 26950 | loss 0.1573 | fall/fallen/normal acc 0.892/0.921/0.973 | lr 1.00e-04
step 27000 | loss 0.0752 | fall/fallen/normal acc 0.968/0.903/0.988 | lr 1.00e-04
[VAL] step 27000 | f1 0.8670 | fallen prec 0.8279 rec 0.9181 | train_loss 0.1342
  [CKPT] 已存 step_27000_model.pt
step 27050 | loss 0.1356 | fall/fallen/normal acc 0.813/0.932/0.980 | lr 1.00e-04
step 27100 | loss 0.0909 | fall/fallen/normal acc 0.955/0.963/0.946 | lr 1.00e-04
step 27150 | loss 0.1557 | fall/fallen/normal acc 0.848/0.925/0.980 | lr 1.00e-04
step 27200 | loss 0.0877 | fall/fallen/normal acc 0.943/0.957/0.963 | lr 1.00e-04
step 27250 | loss 0.1623 | fall/fallen/normal acc 0.892/0.948/0.943 | lr 1.00e-04
step 27300 | loss 0.1202 | fall/fallen/normal acc 0.935/0.870/0.983 | lr 1.00e-04
step 27350 | loss 0.0536 | fall/fallen/normal acc 0.924/0.981/0.987 | lr 1.00e-04
step 27400 | loss 0.0920 | fall/fallen/normal acc 0.934/0.960/0.985 | lr 1.00e-04
step 27450 | loss 0.1332 | fall/fallen/normal acc 0.832/0.899/0.968 | lr 1.00e-04
step 27500 | loss 0.1975 | fall/fallen/normal acc 0.961/0.750/0.973 | lr 1.00e-04
step 27550 | loss 0.0894 | fall/fallen/normal acc 0.942/0.954/0.975 | lr 1.00e-04
step 27600 | loss 0.0809 | fall/fallen/normal acc 0.975/0.945/0.977 | lr 1.00e-04
[VAL] step 27600 | f1 0.8707 | fallen prec 0.9254 rec 0.8704 | train_loss 0.1166
  [CKPT] 已存 step_27600_model.pt
step 27650 | loss 0.1403 | fall/fallen/normal acc 0.937/0.890/0.992 | lr 1.00e-04
step 27700 | loss 0.0784 | fall/fallen/normal acc 0.937/0.942/0.970 | lr 1.00e-04
step 27750 | loss 0.0971 | fall/fallen/normal acc 0.953/0.731/0.972 | lr 1.00e-04
step 27800 | loss 0.1007 | fall/fallen/normal acc 0.891/0.917/0.986 | lr 1.00e-04
step 27850 | loss 0.0967 | fall/fallen/normal acc 0.939/0.920/0.980 | lr 1.00e-04
step 27900 | loss 0.2449 | fall/fallen/normal acc 0.841/0.819/0.982 | lr 1.00e-04
step 27950 | loss 0.2411 | fall/fallen/normal acc 0.842/0.828/0.969 | lr 1.00e-04
step 28000 | loss 0.0712 | fall/fallen/normal acc 0.943/0.936/0.986 | lr 1.00e-04
step 28050 | loss 0.1477 | fall/fallen/normal acc 0.879/0.893/0.977 | lr 1.00e-04
step 28100 | loss 0.0489 | fall/fallen/normal acc 0.964/0.946/0.982 | lr 1.00e-04
step 28150 | loss 0.2096 | fall/fallen/normal acc 0.824/0.903/0.978 | lr 1.00e-04
step 28200 | loss 0.2229 | fall/fallen/normal acc 0.894/0.941/0.980 | lr 1.00e-04
[VAL] step 28200 | f1 0.8948 | fallen prec 0.8463 rec 0.9118 | train_loss 0.1416
  [CKPT] 已存 step_28200_model.pt
step 28250 | loss 0.1033 | fall/fallen/normal acc 0.940/0.832/0.974 | lr 1.00e-04
step 28300 | loss 0.1154 | fall/fallen/normal acc 0.912/0.846/0.978 | lr 1.00e-04
step 28350 | loss 0.0523 | fall/fallen/normal acc 0.956/0.936/0.985 | lr 1.00e-04
step 28400 | loss 0.1008 | fall/fallen/normal acc 0.948/0.812/0.993 | lr 1.00e-04
step 28450 | loss 0.0576 | fall/fallen/normal acc 0.959/0.956/0.975 | lr 1.00e-04
step 28500 | loss 0.1496 | fall/fallen/normal acc 0.837/0.844/0.990 | lr 1.00e-04
step 28550 | loss 0.0756 | fall/fallen/normal acc 0.881/0.958/0.985 | lr 1.00e-04
step 28600 | loss 0.2258 | fall/fallen/normal acc 0.941/0.831/0.939 | lr 1.00e-04
step 28650 | loss 0.1277 | fall/fallen/normal acc 0.665/0.961/0.979 | lr 1.00e-04
step 28700 | loss 0.0954 | fall/fallen/normal acc 0.820/0.952/0.988 | lr 1.00e-04
step 28750 | loss 0.1626 | fall/fallen/normal acc 0.912/0.892/0.982 | lr 1.00e-04
step 28800 | loss 0.2029 | fall/fallen/normal acc 0.890/0.907/0.944 | lr 1.00e-04
[VAL] step 28800 | f1 0.8680 | fallen prec 0.9604 rec 0.7417 | train_loss 0.1224
  [CKPT] 已存 step_28800_model.pt
[EPOCH 3] 完成，已存 epoch_3_model.pt
[DONE] 已存 last_model.pt
[TOTAL] 28800 步, 58462.2s
