
=============== [2026-09-13 19:09:33] BASELINE START model=x3d_s tag=x3d_s ===============

/root/miniconda3/lib/python3.10/site-packages/torchvision/io/image.py:13: UserWarning: Failed to load image Python extension: '/root/miniconda3/lib/python3.10/site-packages/torchvision/image.so: undefined symbol: _ZN3c1017RegisterOperatorsD1Ev'If you don't plan on using image functionality from `torchvision.io`, you can ignore this warning. Otherwise, there might be something wrong with your environment. Did you have `libjpeg` or `libpng` installed before building `torchvision` from source?
  warn(
[data] model=x3d_s frames=16 | train clips=86400 (missing=0), val clips=10800 (missing=0)
[data] label counts=[7384, 6607, 72409] -> weights=[1.352, 1.511, 0.138]
[model] x3d_s params=2.98M
  ep1 step20 loss=0.9016 (44.9 clips/s)
  ep1 step40 loss=0.8139 (55.3 clips/s)
  ep1 step60 loss=0.7765 (59.8 clips/s)
  ep1 step80 loss=0.7448 (62.4 clips/s)
  ep1 step100 loss=0.7419 (64.0 clips/s)
  ep1 step120 loss=0.7341 (65.0 clips/s)
  ep1 step140 loss=0.7061 (65.8 clips/s)
  ep1 step160 loss=0.6816 (66.4 clips/s)
  ep1 step180 loss=0.6669 (66.9 clips/s)
  ep1 step200 loss=0.6537 (67.2 clips/s)
  ep1 step220 loss=0.6421 (67.5 clips/s)
  ep1 step240 loss=0.6331 (67.8 clips/s)
  ep1 step260 loss=0.6300 (67.9 clips/s)
  ep1 step280 loss=0.6170 (68.1 clips/s)
  ep1 step300 loss=0.6055 (68.3 clips/s)
  ep1 step320 loss=0.5963 (68.4 clips/s)
  ep1 step340 loss=0.5897 (68.5 clips/s)
  ep1 step360 loss=0.5826 (68.6 clips/s)
  ep1 step380 loss=0.5763 (68.7 clips/s)
  ep1 step400 loss=0.5710 (68.8 clips/s)
  ep1 step420 loss=0.5688 (68.8 clips/s)
  ep1 step440 loss=0.5680 (68.9 clips/s)
  ep1 step460 loss=0.5645 (69.0 clips/s)
  ep1 step480 loss=0.5615 (69.0 clips/s)
  ep1 step500 loss=0.5562 (69.1 clips/s)
  ep1 step520 loss=0.5550 (69.1 clips/s)
  ep1 step540 loss=0.5522 (69.1 clips/s)
  ep1 step560 loss=0.5478 (69.2 clips/s)
  ep1 step580 loss=0.5429 (69.2 clips/s)
  ep1 step600 loss=0.5457 (69.2 clips/s)
  ep1 step620 loss=0.5435 (69.3 clips/s)
  ep1 step640 loss=0.5404 (69.3 clips/s)
  ep1 step660 loss=0.5366 (69.3 clips/s)
  ep1 step680 loss=0.5329 (69.4 clips/s)
  ep1 step700 loss=0.5299 (69.4 clips/s)
  ep1 step720 loss=0.5293 (69.4 clips/s)
  ep1 step740 loss=0.5254 (69.4 clips/s)
  ep1 step760 loss=0.5238 (69.4 clips/s)
  ep1 step780 loss=0.5213 (69.5 clips/s)
  ep1 step800 loss=0.5211 (69.5 clips/s)
  ep1 step820 loss=0.5174 (69.5 clips/s)
  ep1 step840 loss=0.5169 (69.5 clips/s)
  ep1 step860 loss=0.5147 (69.5 clips/s)
  ep1 step880 loss=0.5134 (69.5 clips/s)
  ep1 step900 loss=0.5121 (69.6 clips/s)
  ep1 step920 loss=0.5101 (69.6 clips/s)
  ep1 step940 loss=0.5085 (69.6 clips/s)
  ep1 step960 loss=0.5072 (69.6 clips/s)
  ep1 step980 loss=0.5051 (69.6 clips/s)
  ep1 step1000 loss=0.5034 (69.6 clips/s)
  ep1 step1020 loss=0.5024 (69.6 clips/s)
  ep1 step1040 loss=0.5008 (69.6 clips/s)
  ep1 step1060 loss=0.5001 (69.7 clips/s)
  ep1 step1080 loss=0.4987 (69.7 clips/s)
  ep1 step1100 loss=0.4970 (69.7 clips/s)
  ep1 step1120 loss=0.4968 (69.7 clips/s)
  ep1 step1140 loss=0.4953 (69.7 clips/s)
  ep1 step1160 loss=0.4938 (69.7 clips/s)
  ep1 step1180 loss=0.4931 (69.7 clips/s)
  ep1 step1200 loss=0.4906 (69.7 clips/s)
  ep1 step1220 loss=0.4889 (69.7 clips/s)
  ep1 step1240 loss=0.4859 (69.7 clips/s)
  ep1 step1260 loss=0.4841 (69.7 clips/s)
  ep1 step1280 loss=0.4818 (69.8 clips/s)
  ep1 step1300 loss=0.4805 (69.8 clips/s)
  ep1 step1320 loss=0.4792 (69.8 clips/s)
  ep1 step1340 loss=0.4776 (69.8 clips/s)
  ep1 step1360 loss=0.4760 (69.8 clips/s)
  ep1 step1380 loss=0.4741 (69.8 clips/s)
  ep1 step1400 loss=0.4730 (69.8 clips/s)
  ep1 step1420 loss=0.4716 (69.8 clips/s)
  ep1 step1440 loss=0.4707 (69.8 clips/s)
  ep1 step1460 loss=0.4699 (69.8 clips/s)
  ep1 step1480 loss=0.4698 (69.8 clips/s)
  ep1 step1500 loss=0.4683 (69.8 clips/s)
  ep1 step1520 loss=0.4675 (69.8 clips/s)
  ep1 step1540 loss=0.4669 (69.8 clips/s)
  ep1 step1560 loss=0.4661 (69.8 clips/s)
  ep1 step1580 loss=0.4649 (69.8 clips/s)
  ep1 step1600 loss=0.4643 (69.8 clips/s)
  ep1 step1620 loss=0.4630 (69.9 clips/s)
  ep1 step1640 loss=0.4621 (69.9 clips/s)
  ep1 step1660 loss=0.4608 (69.9 clips/s)
  ep1 step1680 loss=0.4594 (69.9 clips/s)
  ep1 step1700 loss=0.4573 (69.9 clips/s)
  ep1 step1720 loss=0.4557 (69.9 clips/s)
  ep1 step1740 loss=0.4545 (69.9 clips/s)
  ep1 step1760 loss=0.4539 (69.9 clips/s)
  ep1 step1780 loss=0.4530 (69.9 clips/s)
  ep1 step1800 loss=0.4530 (69.9 clips/s)
  ep1 step1820 loss=0.4516 (69.9 clips/s)
  ep1 step1840 loss=0.4509 (69.9 clips/s)
  ep1 step1860 loss=0.4500 (69.9 clips/s)
  ep1 step1880 loss=0.4484 (69.9 clips/s)
  ep1 step1900 loss=0.4480 (69.9 clips/s)
  ep1 step1920 loss=0.4466 (69.9 clips/s)
  ep1 step1940 loss=0.4468 (69.9 clips/s)
  ep1 step1960 loss=0.4462 (69.9 clips/s)
  ep1 step1980 loss=0.4450 (69.9 clips/s)
  ep1 step2000 loss=0.4432 (69.9 clips/s)
  ep1 step2020 loss=0.4428 (69.9 clips/s)
  ep1 step2040 loss=0.4419 (69.9 clips/s)
  ep1 step2060 loss=0.4405 (69.9 clips/s)
  ep1 step2080 loss=0.4400 (69.9 clips/s)
  ep1 step2100 loss=0.4389 (69.9 clips/s)
  ep1 step2120 loss=0.4383 (69.9 clips/s)
  ep1 step2140 loss=0.4378 (69.9 clips/s)
  ep1 step2160 loss=0.4364 (70.0 clips/s)
  ep1 step2180 loss=0.4365 (70.0 clips/s)
  ep1 step2200 loss=0.4353 (70.0 clips/s)
  ep1 step2220 loss=0.4355 (70.0 clips/s)
  ep1 step2240 loss=0.4346 (70.0 clips/s)
  ep1 step2260 loss=0.4339 (70.0 clips/s)
  ep1 step2280 loss=0.4334 (70.0 clips/s)
  ep1 step2300 loss=0.4326 (70.0 clips/s)
  ep1 step2320 loss=0.4314 (70.0 clips/s)
  ep1 step2340 loss=0.4306 (70.0 clips/s)
  ep1 step2360 loss=0.4301 (70.0 clips/s)
  ep1 step2380 loss=0.4299 (70.0 clips/s)
  ep1 step2400 loss=0.4301 (70.0 clips/s)
  ep1 step2420 loss=0.4293 (70.0 clips/s)
  ep1 step2440 loss=0.4277 (70.0 clips/s)
  ep1 step2460 loss=0.4273 (70.0 clips/s)
  ep1 step2480 loss=0.4263 (70.0 clips/s)
  ep1 step2500 loss=0.4259 (70.0 clips/s)
  ep1 step2520 loss=0.4256 (70.0 clips/s)
  ep1 step2540 loss=0.4252 (70.0 clips/s)
  ep1 step2560 loss=0.4243 (70.0 clips/s)
  ep1 step2580 loss=0.4242 (70.0 clips/s)
  ep1 step2600 loss=0.4240 (70.0 clips/s)
  ep1 step2620 loss=0.4230 (70.0 clips/s)
  ep1 step2640 loss=0.4226 (70.0 clips/s)
  ep1 step2660 loss=0.4216 (70.0 clips/s)
  ep1 step2680 loss=0.4214 (70.0 clips/s)
  ep1 step2700 loss=0.4216 (70.0 clips/s)
[epoch 1] loss=0.4216 val_avg_f1=0.7029 val_acc=0.8518 (21.8 min)
  ep2 step2720 loss=0.3031 (57.1 clips/s)
  ep2 step2740 loss=0.2872 (63.1 clips/s)
  ep2 step2760 loss=0.3011 (65.5 clips/s)
  ep2 step2780 loss=0.2985 (66.7 clips/s)
  ep2 step2800 loss=0.2861 (67.4 clips/s)
  ep2 step2820 loss=0.2926 (67.9 clips/s)
  ep2 step2840 loss=0.2944 (68.3 clips/s)
  ep2 step2860 loss=0.2901 (68.5 clips/s)
  ep2 step2880 loss=0.3008 (68.8 clips/s)
  ep2 step2900 loss=0.2942 (68.9 clips/s)
  ep2 step2920 loss=0.3019 (69.1 clips/s)
  ep2 step2940 loss=0.3040 (69.2 clips/s)
  ep2 step2960 loss=0.3096 (69.2 clips/s)
  ep2 step2980 loss=0.3083 (69.3 clips/s)
  ep2 step3000 loss=0.3079 (69.4 clips/s)
  ep2 step3020 loss=0.3071 (69.4 clips/s)
  ep2 step3040 loss=0.3104 (69.5 clips/s)
  ep2 step3060 loss=0.3125 (69.5 clips/s)
  ep2 step3080 loss=0.3133 (69.5 clips/s)
  ep2 step3100 loss=0.3100 (69.6 clips/s)
  ep2 step3120 loss=0.3119 (69.6 clips/s)
  ep2 step3140 loss=0.3123 (69.6 clips/s)
  ep2 step3160 loss=0.3142 (69.7 clips/s)
  ep2 step3180 loss=0.3106 (69.7 clips/s)
  ep2 step3200 loss=0.3094 (69.7 clips/s)
  ep2 step3220 loss=0.3111 (69.7 clips/s)
  ep2 step3240 loss=0.3105 (69.7 clips/s)
  ep2 step3260 loss=0.3109 (69.8 clips/s)
  ep2 step3280 loss=0.3130 (69.8 clips/s)
  ep2 step3300 loss=0.3133 (69.8 clips/s)
  ep2 step3320 loss=0.3135 (69.8 clips/s)
  ep2 step3340 loss=0.3125 (69.8 clips/s)
  ep2 step3360 loss=0.3116 (69.8 clips/s)
  ep2 step3380 loss=0.3103 (69.8 clips/s)
  ep2 step3400 loss=0.3103 (69.8 clips/s)
  ep2 step3420 loss=0.3101 (69.9 clips/s)
  ep2 step3440 loss=0.3121 (69.9 clips/s)
  ep2 step3460 loss=0.3139 (69.9 clips/s)
  ep2 step3480 loss=0.3150 (69.9 clips/s)
  ep2 step3500 loss=0.3148 (69.9 clips/s)
  ep2 step3520 loss=0.3143 (69.9 clips/s)
  ep2 step3540 loss=0.3140 (69.9 clips/s)
  ep2 step3560 loss=0.3122 (69.9 clips/s)
  ep2 step3580 loss=0.3107 (69.9 clips/s)
  ep2 step3600 loss=0.3098 (69.9 clips/s)
  ep2 step3620 loss=0.3084 (69.9 clips/s)
  ep2 step3640 loss=0.3088 (69.9 clips/s)
  ep2 step3660 loss=0.3107 (69.9 clips/s)
  ep2 step3680 loss=0.3114 (69.9 clips/s)
  ep2 step3700 loss=0.3108 (70.0 clips/s)
  ep2 step3720 loss=0.3098 (70.0 clips/s)
  ep2 step3740 loss=0.3103 (70.0 clips/s)
  ep2 step3760 loss=0.3102 (70.0 clips/s)
  ep2 step3780 loss=0.3105 (70.0 clips/s)
  ep2 step3800 loss=0.3107 (70.0 clips/s)
  ep2 step3820 loss=0.3110 (70.0 clips/s)
  ep2 step3840 loss=0.3100 (70.0 clips/s)
  ep2 step3860 loss=0.3104 (70.0 clips/s)
  ep2 step3880 loss=0.3110 (70.0 clips/s)
  ep2 step3900 loss=0.3114 (70.0 clips/s)
  ep2 step3920 loss=0.3106 (70.0 clips/s)
  ep2 step3940 loss=0.3117 (70.0 clips/s)
  ep2 step3960 loss=0.3113 (70.0 clips/s)
  ep2 step3980 loss=0.3113 (70.0 clips/s)
  ep2 step4000 loss=0.3115 (70.0 clips/s)
  ep2 step4020 loss=0.3124 (70.0 clips/s)
  ep2 step4040 loss=0.3126 (70.0 clips/s)
  ep2 step4060 loss=0.3120 (70.0 clips/s)
  ep2 step4080 loss=0.3115 (70.0 clips/s)
  ep2 step4100 loss=0.3110 (70.0 clips/s)
  ep2 step4120 loss=0.3105 (70.0 clips/s)
  ep2 step4140 loss=0.3106 (70.0 clips/s)
  ep2 step4160 loss=0.3107 (70.0 clips/s)
  ep2 step4180 loss=0.3097 (70.0 clips/s)
  ep2 step4200 loss=0.3087 (70.0 clips/s)
  ep2 step4220 loss=0.3085 (70.0 clips/s)
  ep2 step4240 loss=0.3090 (70.0 clips/s)
  ep2 step4260 loss=0.3092 (70.0 clips/s)
  ep2 step4280 loss=0.3084 (70.0 clips/s)
  ep2 step4300 loss=0.3096 (70.0 clips/s)
  ep2 step4320 loss=0.3093 (70.0 clips/s)
  ep2 step4340 loss=0.3085 (70.0 clips/s)
  ep2 step4360 loss=0.3076 (70.0 clips/s)
  ep2 step4380 loss=0.3080 (70.0 clips/s)
  ep2 step4400 loss=0.3078 (70.1 clips/s)
  ep2 step4420 loss=0.3076 (70.1 clips/s)
  ep2 step4440 loss=0.3070 (70.1 clips/s)
  ep2 step4460 loss=0.3080 (70.1 clips/s)
  ep2 step4480 loss=0.3086 (70.1 clips/s)
  ep2 step4500 loss=0.3087 (70.1 clips/s)
  ep2 step4520 loss=0.3077 (70.1 clips/s)
  ep2 step4540 loss=0.3074 (70.1 clips/s)
  ep2 step4560 loss=0.3086 (70.1 clips/s)
  ep2 step4580 loss=0.3087 (70.1 clips/s)
  ep2 step4600 loss=0.3082 (70.1 clips/s)
  ep2 step4620 loss=0.3085 (70.1 clips/s)
  ep2 step4640 loss=0.3083 (70.1 clips/s)
  ep2 step4660 loss=0.3083 (70.1 clips/s)
  ep2 step4680 loss=0.3085 (70.1 clips/s)
  ep2 step4700 loss=0.3082 (70.1 clips/s)
  ep2 step4720 loss=0.3081 (70.1 clips/s)
  ep2 step4740 loss=0.3082 (70.1 clips/s)
  ep2 step4760 loss=0.3081 (70.1 clips/s)
  ep2 step4780 loss=0.3075 (70.1 clips/s)
  ep2 step4800 loss=0.3068 (70.1 clips/s)
  ep2 step4820 loss=0.3075 (70.1 clips/s)
  ep2 step4840 loss=0.3069 (70.1 clips/s)
  ep2 step4860 loss=0.3066 (70.1 clips/s)
  ep2 step4880 loss=0.3064 (70.1 clips/s)
  ep2 step4900 loss=0.3061 (70.1 clips/s)
  ep2 step4920 loss=0.3062 (70.1 clips/s)
  ep2 step4940 loss=0.3063 (70.1 clips/s)
  ep2 step4960 loss=0.3060 (70.1 clips/s)
  ep2 step4980 loss=0.3059 (70.1 clips/s)
  ep2 step5000 loss=0.3059 (70.1 clips/s)
  ep2 step5020 loss=0.3061 (70.1 clips/s)
  ep2 step5040 loss=0.3058 (70.1 clips/s)
  ep2 step5060 loss=0.3052 (70.1 clips/s)
  ep2 step5080 loss=0.3051 (70.1 clips/s)
  ep2 step5100 loss=0.3052 (70.1 clips/s)
  ep2 step5120 loss=0.3050 (70.1 clips/s)
  ep2 step5140 loss=0.3054 (70.1 clips/s)
  ep2 step5160 loss=0.3052 (70.1 clips/s)
  ep2 step5180 loss=0.3049 (70.1 clips/s)
  ep2 step5200 loss=0.3046 (70.1 clips/s)
  ep2 step5220 loss=0.3052 (70.1 clips/s)
  ep2 step5240 loss=0.3052 (70.1 clips/s)
  ep2 step5260 loss=0.3049 (70.1 clips/s)
  ep2 step5280 loss=0.3044 (70.1 clips/s)
  ep2 step5300 loss=0.3038 (70.1 clips/s)
  ep2 step5320 loss=0.3041 (70.1 clips/s)
  ep2 step5340 loss=0.3036 (70.1 clips/s)
  ep2 step5360 loss=0.3036 (70.1 clips/s)
  ep2 step5380 loss=0.3037 (70.1 clips/s)
  ep2 step5400 loss=0.3035 (70.1 clips/s)
[epoch 2] loss=0.3035 val_avg_f1=0.6945 val_acc=0.8390 (21.7 min)
  ep3 step5420 loss=0.2511 (53.7 clips/s)
  ep3 step5440 loss=0.2357 (61.0 clips/s)
  ep3 step5460 loss=0.2324 (63.7 clips/s)
  ep3 step5480 loss=0.2550 (65.2 clips/s)
  ep3 step5500 loss=0.2440 (66.2 clips/s)
  ep3 step5520 loss=0.2424 (66.8 clips/s)
  ep3 step5540 loss=0.2398 (67.2 clips/s)
  ep3 step5560 loss=0.2482 (67.6 clips/s)
  ep3 step5580 loss=0.2468 (67.9 clips/s)
  ep3 step5600 loss=0.2456 (68.2 clips/s)
  ep3 step5620 loss=0.2436 (68.4 clips/s)
  ep3 step5640 loss=0.2460 (68.6 clips/s)
  ep3 step5660 loss=0.2548 (68.8 clips/s)
  ep3 step5680 loss=0.2514 (68.9 clips/s)
  ep3 step5700 loss=0.2513 (69.0 clips/s)
  ep3 step5720 loss=0.2501 (69.1 clips/s)
  ep3 step5740 loss=0.2498 (69.1 clips/s)
  ep3 step5760 loss=0.2483 (69.2 clips/s)
  ep3 step5780 loss=0.2504 (69.2 clips/s)
  ep3 step5800 loss=0.2539 (69.3 clips/s)
  ep3 step5820 loss=0.2559 (69.3 clips/s)
  ep3 step5840 loss=0.2549 (69.4 clips/s)
  ep3 step5860 loss=0.2567 (69.4 clips/s)
  ep3 step5880 loss=0.2589 (69.5 clips/s)
  ep3 step5900 loss=0.2579 (69.5 clips/s)
  ep3 step5920 loss=0.2578 (69.5 clips/s)
  ep3 step5940 loss=0.2561 (69.6 clips/s)
  ep3 step5960 loss=0.2539 (69.5 clips/s)
  ep3 step5980 loss=0.2537 (69.5 clips/s)
  ep3 step6000 loss=0.2546 (69.6 clips/s)
  ep3 step6020 loss=0.2561 (69.6 clips/s)
  ep3 step6040 loss=0.2572 (69.6 clips/s)
  ep3 step6060 loss=0.2566 (69.7 clips/s)
  ep3 step6080 loss=0.2555 (69.7 clips/s)
  ep3 step6100 loss=0.2541 (69.7 clips/s)
  ep3 step6120 loss=0.2558 (69.7 clips/s)
  ep3 step6140 loss=0.2568 (69.7 clips/s)
  ep3 step6160 loss=0.2575 (69.7 clips/s)
  ep3 step6180 loss=0.2573 (69.7 clips/s)
  ep3 step6200 loss=0.2573 (69.7 clips/s)
  ep3 step6220 loss=0.2583 (69.8 clips/s)
  ep3 step6240 loss=0.2589 (69.8 clips/s)
  ep3 step6260 loss=0.2593 (69.8 clips/s)
  ep3 step6280 loss=0.2585 (69.8 clips/s)
  ep3 step6300 loss=0.2585 (69.8 clips/s)
  ep3 step6320 loss=0.2579 (69.8 clips/s)
  ep3 step6340 loss=0.2580 (69.8 clips/s)
  ep3 step6360 loss=0.2586 (69.8 clips/s)
  ep3 step6380 loss=0.2591 (69.8 clips/s)
  ep3 step6400 loss=0.2587 (69.8 clips/s)
  ep3 step6420 loss=0.2577 (69.9 clips/s)
  ep3 step6440 loss=0.2584 (69.9 clips/s)
  ep3 step6460 loss=0.2586 (69.9 clips/s)
  ep3 step6480 loss=0.2609 (69.9 clips/s)
  ep3 step6500 loss=0.2598 (69.9 clips/s)
  ep3 step6520 loss=0.2595 (69.9 clips/s)
  ep3 step6540 loss=0.2600 (69.9 clips/s)
  ep3 step6560 loss=0.2588 (69.9 clips/s)
  ep3 step6580 loss=0.2594 (69.9 clips/s)
  ep3 step6600 loss=0.2578 (69.9 clips/s)
  ep3 step6620 loss=0.2585 (69.9 clips/s)
  ep3 step6640 loss=0.2587 (69.9 clips/s)
  ep3 step6660 loss=0.2583 (69.9 clips/s)
  ep3 step6680 loss=0.2587 (69.9 clips/s)
  ep3 step6700 loss=0.2579 (69.9 clips/s)
  ep3 step6720 loss=0.2590 (69.9 clips/s)
  ep3 step6740 loss=0.2608 (69.9 clips/s)
  ep3 step6760 loss=0.2617 (69.9 clips/s)
  ep3 step6780 loss=0.2616 (69.9 clips/s)
  ep3 step6800 loss=0.2619 (69.9 clips/s)
  ep3 step6820 loss=0.2607 (69.9 clips/s)
  ep3 step6840 loss=0.2613 (69.9 clips/s)
  ep3 step6860 loss=0.2624 (70.0 clips/s)
  ep3 step6880 loss=0.2619 (70.0 clips/s)
  ep3 step6900 loss=0.2626 (70.0 clips/s)
  ep3 step6920 loss=0.2618 (70.0 clips/s)
  ep3 step6940 loss=0.2615 (70.0 clips/s)
  ep3 step6960 loss=0.2618 (70.0 clips/s)
  ep3 step6980 loss=0.2620 (70.0 clips/s)
  ep3 step7000 loss=0.2627 (70.0 clips/s)
  ep3 step7020 loss=0.2622 (70.0 clips/s)
  ep3 step7040 loss=0.2619 (70.0 clips/s)
  ep3 step7060 loss=0.2615 (70.0 clips/s)
  ep3 step7080 loss=0.2624 (70.0 clips/s)
  ep3 step7100 loss=0.2629 (70.0 clips/s)
  ep3 step7120 loss=0.2630 (70.0 clips/s)
  ep3 step7140 loss=0.2635 (70.0 clips/s)
  ep3 step7160 loss=0.2630 (70.0 clips/s)
  ep3 step7180 loss=0.2635 (70.0 clips/s)
  ep3 step7200 loss=0.2646 (70.0 clips/s)
  ep3 step7220 loss=0.2644 (70.0 clips/s)
  ep3 step7240 loss=0.2648 (70.0 clips/s)
  ep3 step7260 loss=0.2645 (70.0 clips/s)
  ep3 step7280 loss=0.2642 (70.0 clips/s)
  ep3 step7300 loss=0.2640 (70.0 clips/s)
  ep3 step7320 loss=0.2637 (70.0 clips/s)
  ep3 step7340 loss=0.2635 (70.0 clips/s)
  ep3 step7360 loss=0.2637 (70.0 clips/s)
  ep3 step7380 loss=0.2636 (70.0 clips/s)
  ep3 step7400 loss=0.2631 (70.0 clips/s)
  ep3 step7420 loss=0.2631 (70.0 clips/s)
  ep3 step7440 loss=0.2637 (70.0 clips/s)
  ep3 step7460 loss=0.2636 (70.0 clips/s)
  ep3 step7480 loss=0.2639 (70.0 clips/s)
  ep3 step7500 loss=0.2640 (70.0 clips/s)
  ep3 step7520 loss=0.2643 (70.0 clips/s)
  ep3 step7540 loss=0.2650 (70.0 clips/s)
  ep3 step7560 loss=0.2657 (70.0 clips/s)
  ep3 step7580 loss=0.2665 (70.0 clips/s)
  ep3 step7600 loss=0.2660 (70.0 clips/s)
  ep3 step7620 loss=0.2664 (70.0 clips/s)
  ep3 step7640 loss=0.2663 (70.0 clips/s)
  ep3 step7660 loss=0.2658 (70.0 clips/s)
  ep3 step7680 loss=0.2659 (70.0 clips/s)
  ep3 step7700 loss=0.2659 (70.0 clips/s)
  ep3 step7720 loss=0.2654 (70.0 clips/s)
  ep3 step7740 loss=0.2650 (70.0 clips/s)
  ep3 step7760 loss=0.2645 (70.0 clips/s)
  ep3 step7780 loss=0.2640 (70.0 clips/s)
  ep3 step7800 loss=0.2637 (70.0 clips/s)
  ep3 step7820 loss=0.2633 (70.0 clips/s)
  ep3 step7840 loss=0.2639 (70.0 clips/s)
  ep3 step7860 loss=0.2638 (70.0 clips/s)
  ep3 step7880 loss=0.2640 (70.0 clips/s)
  ep3 step7900 loss=0.2637 (70.0 clips/s)
  ep3 step7920 loss=0.2637 (70.0 clips/s)
  ep3 step7940 loss=0.2651 (70.0 clips/s)
  ep3 step7960 loss=0.2653 (70.0 clips/s)
  ep3 step7980 loss=0.2652 (70.0 clips/s)
  ep3 step8000 loss=0.2652 (70.0 clips/s)
  ep3 step8020 loss=0.2660 (70.0 clips/s)
  ep3 step8040 loss=0.2664 (70.0 clips/s)
  ep3 step8060 loss=0.2666 (70.0 clips/s)
  ep3 step8080 loss=0.2669 (70.0 clips/s)
  ep3 step8100 loss=0.2671 (70.0 clips/s)
[epoch 3] loss=0.2671 val_avg_f1=0.7282 val_acc=0.8808 (21.8 min)
  ep4 step8120 loss=0.1811 (57.6 clips/s)
  ep4 step8140 loss=0.2255 (63.7 clips/s)
  ep4 step8160 loss=0.2199 (66.1 clips/s)
  ep4 step8180 loss=0.2245 (67.2 clips/s)
  ep4 step8200 loss=0.2245 (67.8 clips/s)
  ep4 step8220 loss=0.2198 (68.2 clips/s)
  ep4 step8240 loss=0.2161 (68.5 clips/s)
  ep4 step8260 loss=0.2254 (68.8 clips/s)
  ep4 step8280 loss=0.2220 (68.9 clips/s)
  ep4 step8300 loss=0.2156 (69.2 clips/s)
  ep4 step8320 loss=0.2126 (69.3 clips/s)
  ep4 step8340 loss=0.2134 (69.4 clips/s)
  ep4 step8360 loss=0.2082 (69.5 clips/s)
  ep4 step8380 loss=0.2149 (69.5 clips/s)
  ep4 step8400 loss=0.2173 (69.6 clips/s)
  ep4 step8420 loss=0.2200 (69.6 clips/s)
  ep4 step8440 loss=0.2230 (69.7 clips/s)
  ep4 step8460 loss=0.2254 (69.8 clips/s)
  ep4 step8480 loss=0.2291 (69.8 clips/s)
  ep4 step8500 loss=0.2290 (69.8 clips/s)
  ep4 step8520 loss=0.2263 (69.8 clips/s)
  ep4 step8540 loss=0.2262 (69.8 clips/s)
  ep4 step8560 loss=0.2262 (69.9 clips/s)
  ep4 step8580 loss=0.2278 (69.9 clips/s)
  ep4 step8600 loss=0.2289 (70.0 clips/s)
  ep4 step8620 loss=0.2311 (70.0 clips/s)
  ep4 step8640 loss=0.2342 (70.0 clips/s)
  ep4 step8660 loss=0.2375 (70.0 clips/s)
  ep4 step8680 loss=0.2354 (70.0 clips/s)
  ep4 step8700 loss=0.2348 (70.0 clips/s)
  ep4 step8720 loss=0.2352 (70.1 clips/s)
  ep4 step8740 loss=0.2345 (70.1 clips/s)
  ep4 step8760 loss=0.2356 (70.1 clips/s)
  ep4 step8780 loss=0.2364 (70.1 clips/s)
  ep4 step8800 loss=0.2359 (70.1 clips/s)
  ep4 step8820 loss=0.2341 (70.1 clips/s)
  ep4 step8840 loss=0.2344 (70.2 clips/s)
  ep4 step8860 loss=0.2347 (70.2 clips/s)
  ep4 step8880 loss=0.2350 (70.2 clips/s)
  ep4 step8900 loss=0.2351 (70.2 clips/s)
  ep4 step8920 loss=0.2363 (70.2 clips/s)
  ep4 step8940 loss=0.2352 (70.2 clips/s)
  ep4 step8960 loss=0.2347 (70.2 clips/s)
  ep4 step8980 loss=0.2353 (70.2 clips/s)
  ep4 step9000 loss=0.2342 (70.3 clips/s)
  ep4 step9020 loss=0.2331 (70.3 clips/s)
  ep4 step9040 loss=0.2355 (70.3 clips/s)
  ep4 step9060 loss=0.2346 (70.3 clips/s)
  ep4 step9080 loss=0.2338 (70.3 clips/s)
  ep4 step9100 loss=0.2337 (70.3 clips/s)
  ep4 step9120 loss=0.2345 (70.3 clips/s)
  ep4 step9140 loss=0.2340 (70.3 clips/s)
  ep4 step9160 loss=0.2340 (70.3 clips/s)
  ep4 step9180 loss=0.2336 (70.3 clips/s)
  ep4 step9200 loss=0.2342 (70.3 clips/s)
  ep4 step9220 loss=0.2353 (70.3 clips/s)
  ep4 step9240 loss=0.2345 (70.3 clips/s)
  ep4 step9260 loss=0.2335 (70.3 clips/s)
  ep4 step9280 loss=0.2330 (70.3 clips/s)
  ep4 step9300 loss=0.2324 (70.3 clips/s)
  ep4 step9320 loss=0.2324 (70.3 clips/s)
  ep4 step9340 loss=0.2323 (70.4 clips/s)
  ep4 step9360 loss=0.2325 (70.4 clips/s)
  ep4 step9380 loss=0.2320 (70.4 clips/s)
  ep4 step9400 loss=0.2319 (70.4 clips/s)
  ep4 step9420 loss=0.2319 (70.4 clips/s)
  ep4 step9440 loss=0.2323 (70.4 clips/s)
  ep4 step9460 loss=0.2315 (70.4 clips/s)
  ep4 step9480 loss=0.2328 (70.4 clips/s)
  ep4 step9500 loss=0.2325 (70.4 clips/s)
  ep4 step9520 loss=0.2327 (70.4 clips/s)
  ep4 step9540 loss=0.2331 (70.4 clips/s)
  ep4 step9560 loss=0.2335 (70.4 clips/s)
  ep4 step9580 loss=0.2346 (70.4 clips/s)
  ep4 step9600 loss=0.2352 (70.4 clips/s)
  ep4 step9620 loss=0.2347 (70.4 clips/s)
  ep4 step9640 loss=0.2354 (70.4 clips/s)
  ep4 step9660 loss=0.2360 (70.4 clips/s)
  ep4 step9680 loss=0.2367 (70.4 clips/s)
  ep4 step9700 loss=0.2375 (70.4 clips/s)
  ep4 step9720 loss=0.2376 (70.4 clips/s)
  ep4 step9740 loss=0.2378 (70.4 clips/s)
  ep4 step9760 loss=0.2377 (70.4 clips/s)
  ep4 step9780 loss=0.2380 (70.4 clips/s)
  ep4 step9800 loss=0.2382 (70.4 clips/s)
  ep4 step9820 loss=0.2379 (70.4 clips/s)
  ep4 step9840 loss=0.2383 (70.4 clips/s)
  ep4 step9860 loss=0.2385 (70.4 clips/s)
  ep4 step9880 loss=0.2392 (70.4 clips/s)
  ep4 step9900 loss=0.2396 (70.4 clips/s)
  ep4 step9920 loss=0.2396 (70.4 clips/s)
  ep4 step9940 loss=0.2393 (70.5 clips/s)
  ep4 step9960 loss=0.2394 (70.5 clips/s)
  ep4 step9980 loss=0.2394 (70.5 clips/s)
  ep4 step10000 loss=0.2392 (70.5 clips/s)
  ep4 step10020 loss=0.2388 (70.5 clips/s)
  ep4 step10040 loss=0.2389 (70.5 clips/s)
  ep4 step10060 loss=0.2397 (70.5 clips/s)
  ep4 step10080 loss=0.2399 (70.5 clips/s)
  ep4 step10100 loss=0.2404 (70.5 clips/s)
  ep4 step10120 loss=0.2409 (70.5 clips/s)
  ep4 step10140 loss=0.2407 (70.5 clips/s)
  ep4 step10160 loss=0.2416 (70.5 clips/s)
  ep4 step10180 loss=0.2418 (70.5 clips/s)
  ep4 step10200 loss=0.2425 (70.5 clips/s)
  ep4 step10220 loss=0.2425 (70.5 clips/s)
  ep4 step10240 loss=0.2425 (70.5 clips/s)
  ep4 step10260 loss=0.2428 (70.5 clips/s)
  ep4 step10280 loss=0.2428 (70.5 clips/s)
  ep4 step10300 loss=0.2423 (70.5 clips/s)
  ep4 step10320 loss=0.2428 (70.5 clips/s)
  ep4 step10340 loss=0.2429 (70.5 clips/s)
  ep4 step10360 loss=0.2424 (70.5 clips/s)
  ep4 step10380 loss=0.2423 (70.5 clips/s)
  ep4 step10400 loss=0.2431 (70.5 clips/s)
  ep4 step10420 loss=0.2436 (70.5 clips/s)
  ep4 step10440 loss=0.2436 (70.5 clips/s)
  ep4 step10460 loss=0.2436 (70.5 clips/s)
  ep4 step10480 loss=0.2439 (70.5 clips/s)
  ep4 step10500 loss=0.2437 (70.5 clips/s)
  ep4 step10520 loss=0.2436 (70.5 clips/s)
  ep4 step10540 loss=0.2437 (70.5 clips/s)
  ep4 step10560 loss=0.2434 (70.5 clips/s)
  ep4 step10580 loss=0.2433 (70.5 clips/s)
  ep4 step10600 loss=0.2435 (70.5 clips/s)
  ep4 step10620 loss=0.2436 (70.5 clips/s)
  ep4 step10640 loss=0.2434 (70.5 clips/s)
  ep4 step10660 loss=0.2432 (70.5 clips/s)
  ep4 step10680 loss=0.2438 (70.5 clips/s)
  ep4 step10700 loss=0.2433 (70.5 clips/s)
  ep4 step10720 loss=0.2441 (70.5 clips/s)
  ep4 step10740 loss=0.2445 (70.5 clips/s)
  ep4 step10760 loss=0.2444 (70.5 clips/s)
  ep4 step10780 loss=0.2439 (70.5 clips/s)
  ep4 step10800 loss=0.2440 (70.5 clips/s)
[epoch 4] loss=0.2440 val_avg_f1=0.6842 val_acc=0.8389 (21.6 min)
  ep5 step10820 loss=0.2359 (57.8 clips/s)
  ep5 step10840 loss=0.2116 (63.8 clips/s)
  ep5 step10860 loss=0.1939 (66.0 clips/s)
  ep5 step10880 loss=0.2117 (67.2 clips/s)
  ep5 step10900 loss=0.2081 (67.8 clips/s)
  ep5 step10920 loss=0.1962 (68.3 clips/s)
  ep5 step10940 loss=0.2082 (68.6 clips/s)
  ep5 step10960 loss=0.2071 (68.9 clips/s)
  ep5 step10980 loss=0.2115 (69.1 clips/s)
  ep5 step11000 loss=0.2101 (69.2 clips/s)
  ep5 step11020 loss=0.2109 (69.0 clips/s)
  ep5 step11040 loss=0.2083 (69.1 clips/s)
  ep5 step11060 loss=0.2110 (69.2 clips/s)
  ep5 step11080 loss=0.2063 (69.2 clips/s)
  ep5 step11100 loss=0.2045 (69.3 clips/s)
  ep5 step11120 loss=0.2066 (69.4 clips/s)
  ep5 step11140 loss=0.2103 (69.5 clips/s)
  ep5 step11160 loss=0.2113 (69.6 clips/s)
  ep5 step11180 loss=0.2131 (69.6 clips/s)
  ep5 step11200 loss=0.2136 (69.7 clips/s)
  ep5 step11220 loss=0.2131 (69.7 clips/s)
  ep5 step11240 loss=0.2099 (69.7 clips/s)
  ep5 step11260 loss=0.2101 (69.8 clips/s)
  ep5 step11280 loss=0.2095 (69.8 clips/s)
  ep5 step11300 loss=0.2080 (69.9 clips/s)
  ep5 step11320 loss=0.2066 (69.9 clips/s)
  ep5 step11340 loss=0.2064 (69.9 clips/s)
  ep5 step11360 loss=0.2055 (69.9 clips/s)
  ep5 step11380 loss=0.2071 (69.9 clips/s)
  ep5 step11400 loss=0.2064 (69.9 clips/s)
  ep5 step11420 loss=0.2050 (69.9 clips/s)
  ep5 step11440 loss=0.2053 (69.9 clips/s)
  ep5 step11460 loss=0.2047 (70.0 clips/s)
  ep5 step11480 loss=0.2045 (70.0 clips/s)
  ep5 step11500 loss=0.2038 (70.0 clips/s)
  ep5 step11520 loss=0.2046 (70.0 clips/s)
  ep5 step11540 loss=0.2034 (70.0 clips/s)
  ep5 step11560 loss=0.2048 (70.1 clips/s)
  ep5 step11580 loss=0.2049 (70.1 clips/s)
  ep5 step11600 loss=0.2046 (70.1 clips/s)
  ep5 step11620 loss=0.2036 (70.1 clips/s)
  ep5 step11640 loss=0.2047 (70.1 clips/s)
  ep5 step11660 loss=0.2077 (70.1 clips/s)
  ep5 step11680 loss=0.2086 (70.1 clips/s)
  ep5 step11700 loss=0.2077 (70.1 clips/s)
  ep5 step11720 loss=0.2078 (70.1 clips/s)
  ep5 step11740 loss=0.2075 (70.1 clips/s)
  ep5 step11760 loss=0.2087 (70.2 clips/s)
  ep5 step11780 loss=0.2106 (70.2 clips/s)
  ep5 step11800 loss=0.2119 (70.2 clips/s)
  ep5 step11820 loss=0.2123 (70.2 clips/s)
  ep5 step11840 loss=0.2132 (70.2 clips/s)
  ep5 step11860 loss=0.2130 (70.2 clips/s)
  ep5 step11880 loss=0.2123 (70.2 clips/s)
  ep5 step11900 loss=0.2133 (70.2 clips/s)
  ep5 step11920 loss=0.2131 (70.2 clips/s)
  ep5 step11940 loss=0.2143 (70.2 clips/s)
  ep5 step11960 loss=0.2147 (70.2 clips/s)
  ep5 step11980 loss=0.2143 (70.2 clips/s)
  ep5 step12000 loss=0.2169 (70.2 clips/s)
  ep5 step12020 loss=0.2176 (70.2 clips/s)
  ep5 step12040 loss=0.2170 (70.2 clips/s)
  ep5 step12060 loss=0.2167 (70.2 clips/s)
  ep5 step12080 loss=0.2168 (70.2 clips/s)
  ep5 step12100 loss=0.2178 (70.2 clips/s)
  ep5 step12120 loss=0.2180 (70.2 clips/s)
  ep5 step12140 loss=0.2183 (70.2 clips/s)
  ep5 step12160 loss=0.2176 (70.2 clips/s)
  ep5 step12180 loss=0.2182 (70.2 clips/s)
  ep5 step12200 loss=0.2185 (70.2 clips/s)
  ep5 step12220 loss=0.2194 (70.2 clips/s)
  ep5 step12240 loss=0.2196 (70.3 clips/s)
  ep5 step12260 loss=0.2210 (70.3 clips/s)
  ep5 step12280 loss=0.2209 (70.3 clips/s)
  ep5 step12300 loss=0.2220 (70.3 clips/s)
  ep5 step12320 loss=0.2221 (70.3 clips/s)
  ep5 step12340 loss=0.2224 (70.3 clips/s)
  ep5 step12360 loss=0.2221 (70.3 clips/s)
  ep5 step12380 loss=0.2225 (70.3 clips/s)
  ep5 step12400 loss=0.2234 (70.3 clips/s)
  ep5 step12420 loss=0.2227 (70.3 clips/s)
  ep5 step12440 loss=0.2224 (70.3 clips/s)
  ep5 step12460 loss=0.2224 (70.3 clips/s)
  ep5 step12480 loss=0.2225 (70.3 clips/s)
  ep5 step12500 loss=0.2219 (70.3 clips/s)
  ep5 step12520 loss=0.2222 (70.3 clips/s)
  ep5 step12540 loss=0.2219 (70.3 clips/s)
  ep5 step12560 loss=0.2216 (70.3 clips/s)
  ep5 step12580 loss=0.2214 (70.3 clips/s)
  ep5 step12600 loss=0.2230 (70.3 clips/s)
  ep5 step12620 loss=0.2233 (70.3 clips/s)
  ep5 step12640 loss=0.2232 (70.3 clips/s)
  ep5 step12660 loss=0.2237 (70.3 clips/s)
  ep5 step12680 loss=0.2245 (70.3 clips/s)
  ep5 step12700 loss=0.2245 (70.3 clips/s)
  ep5 step12720 loss=0.2241 (70.3 clips/s)
  ep5 step12740 loss=0.2237 (70.3 clips/s)
  ep5 step12760 loss=0.2235 (70.3 clips/s)
  ep5 step12780 loss=0.2234 (70.3 clips/s)
  ep5 step12800 loss=0.2240 (70.3 clips/s)
  ep5 step12820 loss=0.2241 (70.3 clips/s)
  ep5 step12840 loss=0.2243 (70.3 clips/s)
  ep5 step12860 loss=0.2244 (70.3 clips/s)
  ep5 step12880 loss=0.2249 (70.3 clips/s)
  ep5 step12900 loss=0.2253 (70.3 clips/s)
  ep5 step12920 loss=0.2255 (70.3 clips/s)
  ep5 step12940 loss=0.2255 (70.3 clips/s)
  ep5 step12960 loss=0.2259 (70.3 clips/s)
  ep5 step12980 loss=0.2264 (70.3 clips/s)
  ep5 step13000 loss=0.2265 (70.3 clips/s)
  ep5 step13020 loss=0.2266 (70.3 clips/s)
  ep5 step13040 loss=0.2264 (70.3 clips/s)
  ep5 step13060 loss=0.2260 (70.3 clips/s)
  ep5 step13080 loss=0.2258 (70.3 clips/s)
  ep5 step13100 loss=0.2267 (70.3 clips/s)
  ep5 step13120 loss=0.2272 (70.3 clips/s)
  ep5 step13140 loss=0.2274 (70.3 clips/s)
  ep5 step13160 loss=0.2269 (70.3 clips/s)
  ep5 step13180 loss=0.2267 (70.3 clips/s)
  ep5 step13200 loss=0.2268 (70.3 clips/s)
  ep5 step13220 loss=0.2268 (70.3 clips/s)
  ep5 step13240 loss=0.2270 (70.3 clips/s)
  ep5 step13260 loss=0.2274 (70.3 clips/s)
  ep5 step13280 loss=0.2288 (70.3 clips/s)
  ep5 step13300 loss=0.2286 (70.3 clips/s)
  ep5 step13320 loss=0.2287 (70.3 clips/s)
  ep5 step13340 loss=0.2291 (70.3 clips/s)
  ep5 step13360 loss=0.2291 (70.3 clips/s)
  ep5 step13380 loss=0.2290 (70.3 clips/s)
  ep5 step13400 loss=0.2294 (70.3 clips/s)
  ep5 step13420 loss=0.2294 (70.3 clips/s)
  ep5 step13440 loss=0.2304 (70.3 clips/s)
  ep5 step13460 loss=0.2304 (70.3 clips/s)
  ep5 step13480 loss=0.2301 (70.3 clips/s)
  ep5 step13500 loss=0.2296 (70.3 clips/s)
[epoch 5] loss=0.2296 val_avg_f1=0.7118 val_acc=0.8725 (21.7 min)
  ep6 step13520 loss=0.2766 (55.8 clips/s)
  ep6 step13540 loss=0.2136 (62.5 clips/s)
  ep6 step13560 loss=0.1992 (65.0 clips/s)
  ep6 step13580 loss=0.1997 (66.4 clips/s)
  ep6 step13600 loss=0.1899 (67.2 clips/s)
  ep6 step13620 loss=0.1842 (67.7 clips/s)
  ep6 step13640 loss=0.1798 (68.1 clips/s)
  ep6 step13660 loss=0.1807 (68.4 clips/s)
  ep6 step13680 loss=0.1826 (68.6 clips/s)
  ep6 step13700 loss=0.1884 (68.8 clips/s)
  ep6 step13720 loss=0.1953 (69.0 clips/s)
  ep6 step13740 loss=0.1946 (69.1 clips/s)
  ep6 step13760 loss=0.1981 (69.2 clips/s)
  ep6 step13780 loss=0.1969 (69.3 clips/s)
  ep6 step13800 loss=0.1971 (69.4 clips/s)
  ep6 step13820 loss=0.1965 (69.4 clips/s)
  ep6 step13840 loss=0.1945 (69.5 clips/s)
  ep6 step13860 loss=0.1951 (69.6 clips/s)
  ep6 step13880 loss=0.1968 (69.6 clips/s)
  ep6 step13900 loss=0.1962 (69.7 clips/s)
  ep6 step13920 loss=0.1960 (69.7 clips/s)
  ep6 step13940 loss=0.1980 (69.7 clips/s)
  ep6 step13960 loss=0.2004 (69.8 clips/s)
  ep6 step13980 loss=0.2014 (69.8 clips/s)
  ep6 step14000 loss=0.2064 (69.8 clips/s)
  ep6 step14020 loss=0.2064 (69.8 clips/s)
  ep6 step14040 loss=0.2057 (69.9 clips/s)
  ep6 step14060 loss=0.2047 (69.9 clips/s)
  ep6 step14080 loss=0.2051 (69.9 clips/s)
  ep6 step14100 loss=0.2034 (69.9 clips/s)
  ep6 step14120 loss=0.2030 (69.9 clips/s)
  ep6 step14140 loss=0.2034 (70.0 clips/s)
  ep6 step14160 loss=0.2043 (70.0 clips/s)
  ep6 step14180 loss=0.2037 (70.0 clips/s)
  ep6 step14200 loss=0.2028 (70.0 clips/s)
  ep6 step14220 loss=0.2025 (70.0 clips/s)
  ep6 step14240 loss=0.2015 (70.0 clips/s)
  ep6 step14260 loss=0.2009 (70.0 clips/s)
  ep6 step14280 loss=0.2006 (70.0 clips/s)
  ep6 step14300 loss=0.2012 (70.1 clips/s)
  ep6 step14320 loss=0.2016 (70.1 clips/s)
  ep6 step14340 loss=0.2030 (70.1 clips/s)
  ep6 step14360 loss=0.2032 (70.1 clips/s)
  ep6 step14380 loss=0.2046 (70.1 clips/s)
  ep6 step14400 loss=0.2046 (70.1 clips/s)
  ep6 step14420 loss=0.2051 (70.1 clips/s)
  ep6 step14440 loss=0.2058 (70.1 clips/s)
  ep6 step14460 loss=0.2055 (70.1 clips/s)
  ep6 step14480 loss=0.2046 (70.1 clips/s)
  ep6 step14500 loss=0.2044 (70.1 clips/s)
  ep6 step14520 loss=0.2043 (70.1 clips/s)
  ep6 step14540 loss=0.2046 (70.1 clips/s)
  ep6 step14560 loss=0.2047 (70.2 clips/s)
  ep6 step14580 loss=0.2049 (70.2 clips/s)
  ep6 step14600 loss=0.2046 (70.2 clips/s)
  ep6 step14620 loss=0.2047 (70.2 clips/s)
  ep6 step14640 loss=0.2052 (70.2 clips/s)
  ep6 step14660 loss=0.2057 (70.2 clips/s)
  ep6 step14680 loss=0.2071 (70.2 clips/s)
  ep6 step14700 loss=0.2079 (70.2 clips/s)
  ep6 step14720 loss=0.2081 (70.2 clips/s)
  ep6 step14740 loss=0.2078 (70.2 clips/s)
  ep6 step14760 loss=0.2070 (70.2 clips/s)
  ep6 step14780 loss=0.2079 (70.2 clips/s)
  ep6 step14800 loss=0.2090 (70.2 clips/s)
  ep6 step14820 loss=0.2083 (70.2 clips/s)
  ep6 step14840 loss=0.2074 (70.2 clips/s)
  ep6 step14860 loss=0.2077 (70.2 clips/s)
  ep6 step14880 loss=0.2073 (70.2 clips/s)
  ep6 step14900 loss=0.2080 (70.2 clips/s)
  ep6 step14920 loss=0.2089 (70.2 clips/s)
  ep6 step14940 loss=0.2089 (70.2 clips/s)
  ep6 step14960 loss=0.2087 (70.2 clips/s)
  ep6 step14980 loss=0.2093 (70.2 clips/s)
  ep6 step15000 loss=0.2087 (70.2 clips/s)
  ep6 step15020 loss=0.2089 (70.2 clips/s)
  ep6 step15040 loss=0.2093 (70.2 clips/s)
  ep6 step15060 loss=0.2089 (70.2 clips/s)
  ep6 step15080 loss=0.2089 (70.2 clips/s)
  ep6 step15100 loss=0.2089 (70.2 clips/s)
  ep6 step15120 loss=0.2087 (70.3 clips/s)
  ep6 step15140 loss=0.2089 (70.3 clips/s)
  ep6 step15160 loss=0.2100 (70.3 clips/s)
  ep6 step15180 loss=0.2098 (70.3 clips/s)
  ep6 step15200 loss=0.2093 (70.3 clips/s)
  ep6 step15220 loss=0.2096 (70.3 clips/s)
  ep6 step15240 loss=0.2092 (70.3 clips/s)
  ep6 step15260 loss=0.2099 (70.3 clips/s)
  ep6 step15280 loss=0.2108 (70.3 clips/s)
  ep6 step15300 loss=0.2104 (70.3 clips/s)
  ep6 step15320 loss=0.2105 (70.3 clips/s)
  ep6 step15340 loss=0.2095 (70.3 clips/s)
  ep6 step15360 loss=0.2101 (70.3 clips/s)
  ep6 step15380 loss=0.2099 (70.3 clips/s)
  ep6 step15400 loss=0.2101 (70.3 clips/s)
  ep6 step15420 loss=0.2108 (70.3 clips/s)
  ep6 step15440 loss=0.2107 (70.3 clips/s)
  ep6 step15460 loss=0.2103 (70.3 clips/s)
  ep6 step15480 loss=0.2101 (70.3 clips/s)
  ep6 step15500 loss=0.2097 (70.3 clips/s)
  ep6 step15520 loss=0.2098 (70.3 clips/s)
  ep6 step15540 loss=0.2097 (70.3 clips/s)
  ep6 step15560 loss=0.2099 (70.3 clips/s)
  ep6 step15580 loss=0.2096 (70.3 clips/s)
  ep6 step15600 loss=0.2106 (70.3 clips/s)
  ep6 step15620 loss=0.2106 (70.3 clips/s)
  ep6 step15640 loss=0.2107 (70.3 clips/s)
  ep6 step15660 loss=0.2110 (70.3 clips/s)
  ep6 step15680 loss=0.2107 (70.3 clips/s)
  ep6 step15700 loss=0.2116 (70.3 clips/s)
  ep6 step15720 loss=0.2119 (70.3 clips/s)
  ep6 step15740 loss=0.2123 (70.3 clips/s)
  ep6 step15760 loss=0.2122 (70.3 clips/s)
  ep6 step15780 loss=0.2119 (70.3 clips/s)
  ep6 step15800 loss=0.2116 (70.3 clips/s)
  ep6 step15820 loss=0.2111 (70.3 clips/s)
  ep6 step15840 loss=0.2110 (70.3 clips/s)
  ep6 step15860 loss=0.2113 (70.3 clips/s)
  ep6 step15880 loss=0.2120 (70.3 clips/s)
  ep6 step15900 loss=0.2117 (70.3 clips/s)
  ep6 step15920 loss=0.2116 (70.3 clips/s)
  ep6 step15940 loss=0.2117 (70.3 clips/s)
  ep6 step15960 loss=0.2116 (70.3 clips/s)
  ep6 step15980 loss=0.2115 (70.3 clips/s)
  ep6 step16000 loss=0.2117 (70.3 clips/s)
  ep6 step16020 loss=0.2114 (70.3 clips/s)
  ep6 step16040 loss=0.2115 (70.3 clips/s)
  ep6 step16060 loss=0.2123 (70.3 clips/s)
  ep6 step16080 loss=0.2130 (70.3 clips/s)
  ep6 step16100 loss=0.2136 (70.3 clips/s)
  ep6 step16120 loss=0.2136 (70.3 clips/s)
  ep6 step16140 loss=0.2131 (70.3 clips/s)
  ep6 step16160 loss=0.2127 (70.3 clips/s)
  ep6 step16180 loss=0.2127 (70.3 clips/s)
  ep6 step16200 loss=0.2124 (70.3 clips/s)
[epoch 6] loss=0.2124 val_avg_f1=0.7124 val_acc=0.8719 (21.7 min)
[train] early stop: no val improvement for 3 epoch(s)
[train] finished in 130.3 min, best val avg_f1=0.7282
/root/autodl-tmp/experiments/train_p10_tsm.py:334: FutureWarning: You are using `torch.load` with `weights_only=False` (the current default value), which uses the default pickle module implicitly. It is possible to construct malicious pickle data which will execute arbitrary code during unpickling (See https://github.com/pytorch/pytorch/blob/main/SECURITY.md#untrusted-models for more details). In a future release, the default value for `weights_only` will be flipped to `True`. This limits the functions that could be executed during unpickling. Arbitrary objects will no longer be allowed to be loaded via this mode unless they are explicitly allowlisted by the user via `torch.serialization.add_safe_globals`. We recommend you start setting `weights_only=True` for any use case where you don't have full control of the loaded file. Please open an issue on GitHub for any issues related to this experimental feature.
  ckpt = torch.load(ckpt_path, map_location="cpu")
[test] 1200 videos -> 10800 clips (stride=8)
[test] avg_f1=0.7061 acc=0.8716 fall_f1=0.6427 fallen_f1=0.5438 (n=10800)
[train] logs -> /root/autodl-tmp/logs/phase10/x3d_s

=============== [2026-09-13 21:21:13] TRAINING DONE ===============


=============== [2026-09-13 21:21:13] EVAL: dense per-frame dump ===============

/root/miniconda3/lib/python3.10/site-packages/torchvision/io/image.py:13: UserWarning: Failed to load image Python extension: '/root/miniconda3/lib/python3.10/site-packages/torchvision/image.so: undefined symbol: _ZN3c1017RegisterOperatorsD1Ev'If you don't plan on using image functionality from `torchvision.io`, you can ignore this warning. Otherwise, there might be something wrong with your environment. Did you have `libjpeg` or `libpng` installed before building `torchvision` from source?
  warn(
[data] model=x3d_s frames=16 | train clips=86400 (missing=0), val clips=10800 (missing=0)
[data] label counts=[7384, 6607, 72409] -> weights=[1.352, 1.511, 0.138]
[model] x3d_s params=2.98M
/root/autodl-tmp/experiments/train_p10_tsm.py:334: FutureWarning: You are using `torch.load` with `weights_only=False` (the current default value), which uses the default pickle module implicitly. It is possible to construct malicious pickle data which will execute arbitrary code during unpickling (See https://github.com/pytorch/pytorch/blob/main/SECURITY.md#untrusted-models for more details). In a future release, the default value for `weights_only` will be flipped to `True`. This limits the functions that could be executed during unpickling. Arbitrary objects will no longer be allowed to be loaded via this mode unless they are explicitly allowlisted by the user via `torch.serialization.add_safe_globals`. We recommend you start setting `weights_only=True` for any use case where you don't have full control of the loaded file. Please open an issue on GitHub for any issues related to this experimental feature.
  ckpt = torch.load(ckpt_path, map_location="cpu")
[test] 1200 videos -> 78000 clips (stride=1)
[test] avg_f1=0.7052 acc=0.8722 fall_f1=0.6491 fallen_f1=0.5341 (n=96000)

=============== [2026-09-13 21:29:48] EVAL: timeline metrics ===============

=== timeline (event-level, per-video) ===
  videos=1200  has_fall=211  has_fallen=150
  fall_f1=0.7133  fallen_f1=0.5492  avg_f1=0.6641
  coverage: fall=0.957  fallen=0.680
  false alarm: fall=0.091  fallen=0.103
  flips/video=0.52  order_correct=0.971
=== instance (same frames) ===
  avg_f1=0.7052 acc=0.8722 fall_f1=0.6491 fallen_f1=0.5341 n=96000
saved -> logs/phase10/x3d_s/timeline_results.json

=============== [2026-09-13 21:29:54] EVAL: same-frame comparison vs E1-full ===============

common videos = 1200
E1-full    inst: acc=0.9370 avg_f1=0.8296 fall_f1=0.7689 fallen_f1=0.7510
           time: fall_f1=0.7827 fallen_f1=0.6989 avg_f1=0.7413 | cov 0.962/0.833 | FA 0.026/0.035 | flips 0.63
x3d_s      inst: acc=0.8722 avg_f1=0.7052 fall_f1=0.6491 fallen_f1=0.5341
           time: fall_f1=0.7133 fallen_f1=0.5492 avg_f1=0.6641 | cov 0.957/0.680 | FA 0.091/0.103 | flips 0.52
delta (x3d_s - E1): acc -0.0648 | avg_f1 -0.1244 | fall_f1 -0.1198 | fallen_f1 -0.2168
saved -> logs/phase10/x3d_s/compare_e1_vs_x3d_s.json

=============== [2026-09-13 21:29:58] ALL DONE — logs/phase10/x3d_s/P10_x3d_s_DONE ===============

