
=============== [2026-09-13 21:49:08] BASELINE START model=slowfast_r50 tag=slowfast_r50 ===============

/root/miniconda3/lib/python3.10/site-packages/torchvision/io/image.py:13: UserWarning: Failed to load image Python extension: '/root/miniconda3/lib/python3.10/site-packages/torchvision/image.so: undefined symbol: _ZN3c1017RegisterOperatorsD1Ev'If you don't plan on using image functionality from `torchvision.io`, you can ignore this warning. Otherwise, there might be something wrong with your environment. Did you have `libjpeg` or `libpng` installed before building `torchvision` from source?
  warn(
[data] model=slowfast_r50 frames=32 | train clips=67200 (missing=0), val clips=8400 (missing=0)
[data] label counts=[5514, 5464, 56222] -> weights=[1.424, 1.437, 0.14]
[model] slowfast_r50 params=33.65M
  ep1 step20 loss=0.8727 (26.5 clips/s)
  ep1 step40 loss=0.7707 (32.9 clips/s)
  ep1 step60 loss=0.7491 (35.7 clips/s)
  ep1 step80 loss=0.7459 (37.3 clips/s)
  ep1 step100 loss=0.7155 (38.3 clips/s)
  ep1 step120 loss=0.6970 (39.0 clips/s)
  ep1 step140 loss=0.6795 (39.5 clips/s)
  ep1 step160 loss=0.6759 (39.9 clips/s)
  ep1 step180 loss=0.6679 (40.2 clips/s)
  ep1 step200 loss=0.6603 (40.4 clips/s)
  ep1 step220 loss=0.6494 (40.6 clips/s)
  ep1 step240 loss=0.6392 (40.8 clips/s)
  ep1 step260 loss=0.6245 (40.9 clips/s)
  ep1 step280 loss=0.6120 (41.0 clips/s)
  ep1 step300 loss=0.6066 (41.1 clips/s)
  ep1 step320 loss=0.5986 (41.2 clips/s)
  ep1 step340 loss=0.5879 (41.3 clips/s)
  ep1 step360 loss=0.5830 (41.4 clips/s)
  ep1 step380 loss=0.5769 (41.4 clips/s)
  ep1 step400 loss=0.5758 (41.5 clips/s)
  ep1 step420 loss=0.5748 (41.5 clips/s)
  ep1 step440 loss=0.5739 (41.6 clips/s)
  ep1 step460 loss=0.5710 (41.6 clips/s)
  ep1 step480 loss=0.5730 (41.7 clips/s)
  ep1 step500 loss=0.5656 (41.7 clips/s)
  ep1 step520 loss=0.5654 (41.7 clips/s)
  ep1 step540 loss=0.5605 (41.8 clips/s)
  ep1 step560 loss=0.5533 (41.8 clips/s)
  ep1 step580 loss=0.5510 (41.8 clips/s)
  ep1 step600 loss=0.5496 (41.8 clips/s)
  ep1 step620 loss=0.5460 (41.9 clips/s)
  ep1 step640 loss=0.5405 (41.9 clips/s)
  ep1 step660 loss=0.5369 (41.9 clips/s)
  ep1 step680 loss=0.5323 (41.9 clips/s)
  ep1 step700 loss=0.5269 (42.0 clips/s)
  ep1 step720 loss=0.5205 (42.0 clips/s)
  ep1 step740 loss=0.5193 (42.0 clips/s)
  ep1 step760 loss=0.5201 (42.0 clips/s)
  ep1 step780 loss=0.5189 (42.0 clips/s)
  ep1 step800 loss=0.5156 (42.0 clips/s)
  ep1 step820 loss=0.5135 (42.0 clips/s)
  ep1 step840 loss=0.5081 (42.1 clips/s)
  ep1 step860 loss=0.5067 (42.1 clips/s)
  ep1 step880 loss=0.5028 (42.1 clips/s)
  ep1 step900 loss=0.5013 (42.1 clips/s)
  ep1 step920 loss=0.4976 (42.1 clips/s)
  ep1 step940 loss=0.4947 (42.1 clips/s)
  ep1 step960 loss=0.4906 (42.1 clips/s)
  ep1 step980 loss=0.4882 (42.1 clips/s)
  ep1 step1000 loss=0.4866 (42.1 clips/s)
  ep1 step1020 loss=0.4860 (42.2 clips/s)
  ep1 step1040 loss=0.4846 (42.2 clips/s)
  ep1 step1060 loss=0.4826 (42.2 clips/s)
  ep1 step1080 loss=0.4822 (42.2 clips/s)
  ep1 step1100 loss=0.4820 (42.2 clips/s)
  ep1 step1120 loss=0.4802 (42.2 clips/s)
  ep1 step1140 loss=0.4795 (42.2 clips/s)
  ep1 step1160 loss=0.4782 (42.2 clips/s)
  ep1 step1180 loss=0.4772 (42.2 clips/s)
  ep1 step1200 loss=0.4745 (42.2 clips/s)
  ep1 step1220 loss=0.4734 (42.2 clips/s)
  ep1 step1240 loss=0.4715 (42.2 clips/s)
  ep1 step1260 loss=0.4703 (42.2 clips/s)
  ep1 step1280 loss=0.4699 (42.3 clips/s)
  ep1 step1300 loss=0.4682 (42.3 clips/s)
  ep1 step1320 loss=0.4657 (42.3 clips/s)
  ep1 step1340 loss=0.4621 (42.3 clips/s)
  ep1 step1360 loss=0.4598 (42.3 clips/s)
  ep1 step1380 loss=0.4590 (42.3 clips/s)
  ep1 step1400 loss=0.4574 (42.3 clips/s)
  ep1 step1420 loss=0.4567 (42.3 clips/s)
  ep1 step1440 loss=0.4561 (42.3 clips/s)
  ep1 step1460 loss=0.4552 (42.3 clips/s)
  ep1 step1480 loss=0.4535 (42.3 clips/s)
  ep1 step1500 loss=0.4537 (42.3 clips/s)
  ep1 step1520 loss=0.4513 (42.3 clips/s)
  ep1 step1540 loss=0.4508 (42.3 clips/s)
  ep1 step1560 loss=0.4499 (42.3 clips/s)
  ep1 step1580 loss=0.4486 (42.3 clips/s)
  ep1 step1600 loss=0.4465 (42.3 clips/s)
  ep1 step1620 loss=0.4453 (42.3 clips/s)
  ep1 step1640 loss=0.4450 (42.3 clips/s)
  ep1 step1660 loss=0.4432 (42.3 clips/s)
  ep1 step1680 loss=0.4428 (42.3 clips/s)
  ep1 step1700 loss=0.4417 (42.3 clips/s)
  ep1 step1720 loss=0.4407 (42.4 clips/s)
  ep1 step1740 loss=0.4392 (42.4 clips/s)
  ep1 step1760 loss=0.4381 (42.4 clips/s)
  ep1 step1780 loss=0.4368 (42.4 clips/s)
  ep1 step1800 loss=0.4361 (42.4 clips/s)
  ep1 step1820 loss=0.4357 (42.4 clips/s)
  ep1 step1840 loss=0.4345 (42.4 clips/s)
  ep1 step1860 loss=0.4337 (42.4 clips/s)
  ep1 step1880 loss=0.4333 (42.4 clips/s)
  ep1 step1900 loss=0.4319 (42.4 clips/s)
  ep1 step1920 loss=0.4300 (42.4 clips/s)
  ep1 step1940 loss=0.4300 (42.4 clips/s)
  ep1 step1960 loss=0.4283 (42.4 clips/s)
  ep1 step1980 loss=0.4275 (42.4 clips/s)
  ep1 step2000 loss=0.4261 (42.4 clips/s)
  ep1 step2020 loss=0.4254 (42.4 clips/s)
  ep1 step2040 loss=0.4252 (42.4 clips/s)
  ep1 step2060 loss=0.4244 (42.4 clips/s)
  ep1 step2080 loss=0.4246 (42.4 clips/s)
  ep1 step2100 loss=0.4237 (42.4 clips/s)
[epoch 1] loss=0.4237 val_avg_f1=0.6873 val_acc=0.8250 (28.3 min)
  ep2 step2120 loss=0.3012 (32.6 clips/s)
  ep2 step2140 loss=0.2984 (37.0 clips/s)
  ep2 step2160 loss=0.3157 (38.7 clips/s)
  ep2 step2180 loss=0.3256 (39.6 clips/s)
  ep2 step2200 loss=0.3197 (40.2 clips/s)
  ep2 step2220 loss=0.3104 (40.6 clips/s)
  ep2 step2240 loss=0.3014 (40.9 clips/s)
  ep2 step2260 loss=0.3098 (41.1 clips/s)
  ep2 step2280 loss=0.3051 (41.2 clips/s)
  ep2 step2300 loss=0.2962 (41.4 clips/s)
  ep2 step2320 loss=0.2945 (41.4 clips/s)
  ep2 step2340 loss=0.2967 (41.5 clips/s)
  ep2 step2360 loss=0.2930 (41.6 clips/s)
  ep2 step2380 loss=0.2959 (41.6 clips/s)
  ep2 step2400 loss=0.2918 (41.7 clips/s)
  ep2 step2420 loss=0.2911 (41.8 clips/s)
  ep2 step2440 loss=0.2893 (41.8 clips/s)
  ep2 step2460 loss=0.2876 (41.9 clips/s)
  ep2 step2480 loss=0.2841 (41.9 clips/s)
  ep2 step2500 loss=0.2821 (42.0 clips/s)
  ep2 step2520 loss=0.2816 (42.0 clips/s)
  ep2 step2540 loss=0.2852 (42.0 clips/s)
  ep2 step2560 loss=0.2847 (42.0 clips/s)
  ep2 step2580 loss=0.2838 (42.0 clips/s)
  ep2 step2600 loss=0.2820 (42.0 clips/s)
  ep2 step2620 loss=0.2796 (42.1 clips/s)
  ep2 step2640 loss=0.2778 (42.1 clips/s)
  ep2 step2660 loss=0.2775 (42.1 clips/s)
  ep2 step2680 loss=0.2763 (42.1 clips/s)
  ep2 step2700 loss=0.2786 (42.2 clips/s)
  ep2 step2720 loss=0.2783 (42.2 clips/s)
  ep2 step2740 loss=0.2788 (42.2 clips/s)
  ep2 step2760 loss=0.2781 (42.2 clips/s)
  ep2 step2780 loss=0.2784 (42.2 clips/s)
  ep2 step2800 loss=0.2790 (42.2 clips/s)
  ep2 step2820 loss=0.2788 (42.2 clips/s)
  ep2 step2840 loss=0.2779 (42.2 clips/s)
  ep2 step2860 loss=0.2784 (42.3 clips/s)
  ep2 step2880 loss=0.2789 (42.3 clips/s)
  ep2 step2900 loss=0.2795 (42.3 clips/s)
  ep2 step2920 loss=0.2781 (42.3 clips/s)
  ep2 step2940 loss=0.2778 (42.3 clips/s)
  ep2 step2960 loss=0.2768 (42.3 clips/s)
  ep2 step2980 loss=0.2754 (42.3 clips/s)
  ep2 step3000 loss=0.2766 (42.3 clips/s)
  ep2 step3020 loss=0.2780 (42.3 clips/s)
  ep2 step3040 loss=0.2763 (42.3 clips/s)
  ep2 step3060 loss=0.2770 (42.3 clips/s)
  ep2 step3080 loss=0.2752 (42.3 clips/s)
  ep2 step3100 loss=0.2760 (42.3 clips/s)
  ep2 step3120 loss=0.2757 (42.3 clips/s)
  ep2 step3140 loss=0.2771 (42.4 clips/s)
  ep2 step3160 loss=0.2767 (42.4 clips/s)
  ep2 step3180 loss=0.2777 (42.4 clips/s)
  ep2 step3200 loss=0.2768 (42.4 clips/s)
  ep2 step3220 loss=0.2772 (42.4 clips/s)
  ep2 step3240 loss=0.2775 (42.4 clips/s)
  ep2 step3260 loss=0.2766 (42.4 clips/s)
  ep2 step3280 loss=0.2769 (42.4 clips/s)
  ep2 step3300 loss=0.2756 (42.4 clips/s)
  ep2 step3320 loss=0.2754 (42.4 clips/s)
  ep2 step3340 loss=0.2764 (42.4 clips/s)
  ep2 step3360 loss=0.2753 (42.4 clips/s)
  ep2 step3380 loss=0.2766 (42.4 clips/s)
  ep2 step3400 loss=0.2766 (42.4 clips/s)
  ep2 step3420 loss=0.2770 (42.4 clips/s)
  ep2 step3440 loss=0.2764 (42.4 clips/s)
  ep2 step3460 loss=0.2759 (42.4 clips/s)
  ep2 step3480 loss=0.2756 (42.4 clips/s)
  ep2 step3500 loss=0.2746 (42.4 clips/s)
  ep2 step3520 loss=0.2745 (42.4 clips/s)
  ep2 step3540 loss=0.2740 (42.4 clips/s)
  ep2 step3560 loss=0.2742 (42.4 clips/s)
  ep2 step3580 loss=0.2742 (42.4 clips/s)
  ep2 step3600 loss=0.2732 (42.4 clips/s)
  ep2 step3620 loss=0.2731 (42.4 clips/s)
  ep2 step3640 loss=0.2729 (42.4 clips/s)
  ep2 step3660 loss=0.2732 (42.4 clips/s)
  ep2 step3680 loss=0.2731 (42.5 clips/s)
  ep2 step3700 loss=0.2722 (42.5 clips/s)
  ep2 step3720 loss=0.2719 (42.5 clips/s)
  ep2 step3740 loss=0.2720 (42.5 clips/s)
  ep2 step3760 loss=0.2724 (42.5 clips/s)
  ep2 step3780 loss=0.2732 (42.5 clips/s)
  ep2 step3800 loss=0.2731 (42.5 clips/s)
  ep2 step3820 loss=0.2740 (42.5 clips/s)
  ep2 step3840 loss=0.2735 (42.5 clips/s)
  ep2 step3860 loss=0.2731 (42.5 clips/s)
  ep2 step3880 loss=0.2723 (42.5 clips/s)
  ep2 step3900 loss=0.2733 (42.5 clips/s)
  ep2 step3920 loss=0.2727 (42.5 clips/s)
  ep2 step3940 loss=0.2726 (42.5 clips/s)
  ep2 step3960 loss=0.2714 (42.5 clips/s)
  ep2 step3980 loss=0.2713 (42.5 clips/s)
  ep2 step4000 loss=0.2720 (42.5 clips/s)
  ep2 step4020 loss=0.2725 (42.5 clips/s)
  ep2 step4040 loss=0.2719 (42.5 clips/s)
  ep2 step4060 loss=0.2711 (42.5 clips/s)
  ep2 step4080 loss=0.2704 (42.5 clips/s)
  ep2 step4100 loss=0.2705 (42.5 clips/s)
  ep2 step4120 loss=0.2708 (42.5 clips/s)
  ep2 step4140 loss=0.2711 (42.5 clips/s)
  ep2 step4160 loss=0.2710 (42.5 clips/s)
  ep2 step4180 loss=0.2716 (42.5 clips/s)
  ep2 step4200 loss=0.2710 (42.5 clips/s)
[epoch 2] loss=0.2710 val_avg_f1=0.7482 val_acc=0.8900 (28.2 min)
  ep3 step4220 loss=0.2244 (32.2 clips/s)
  ep3 step4240 loss=0.2301 (36.7 clips/s)
  ep3 step4260 loss=0.2109 (38.5 clips/s)
  ep3 step4280 loss=0.1978 (39.5 clips/s)
  ep3 step4300 loss=0.2098 (40.1 clips/s)
  ep3 step4320 loss=0.2110 (40.5 clips/s)
  ep3 step4340 loss=0.2098 (40.8 clips/s)
  ep3 step4360 loss=0.2086 (41.0 clips/s)
  ep3 step4380 loss=0.2013 (41.2 clips/s)
  ep3 step4400 loss=0.2019 (41.3 clips/s)
  ep3 step4420 loss=0.2006 (41.4 clips/s)
  ep3 step4440 loss=0.1952 (41.5 clips/s)
  ep3 step4460 loss=0.1947 (41.6 clips/s)
  ep3 step4480 loss=0.2001 (41.7 clips/s)
  ep3 step4500 loss=0.2014 (41.7 clips/s)
  ep3 step4520 loss=0.2010 (41.8 clips/s)
  ep3 step4540 loss=0.2003 (41.8 clips/s)
  ep3 step4560 loss=0.2024 (41.9 clips/s)
  ep3 step4580 loss=0.2016 (41.9 clips/s)
  ep3 step4600 loss=0.2032 (42.0 clips/s)
  ep3 step4620 loss=0.2011 (42.0 clips/s)
  ep3 step4640 loss=0.2020 (42.0 clips/s)
  ep3 step4660 loss=0.2007 (42.0 clips/s)
  ep3 step4680 loss=0.1994 (42.1 clips/s)
  ep3 step4700 loss=0.2023 (42.1 clips/s)
  ep3 step4720 loss=0.2010 (42.1 clips/s)
  ep3 step4740 loss=0.2001 (42.1 clips/s)
  ep3 step4760 loss=0.2006 (42.1 clips/s)
  ep3 step4780 loss=0.1990 (42.2 clips/s)
  ep3 step4800 loss=0.2001 (42.2 clips/s)
  ep3 step4820 loss=0.2009 (42.2 clips/s)
  ep3 step4840 loss=0.1990 (42.2 clips/s)
  ep3 step4860 loss=0.1976 (42.2 clips/s)
  ep3 step4880 loss=0.1981 (42.2 clips/s)
  ep3 step4900 loss=0.1963 (42.2 clips/s)
  ep3 step4920 loss=0.1948 (42.3 clips/s)
  ep3 step4940 loss=0.1956 (42.3 clips/s)
  ep3 step4960 loss=0.1948 (42.3 clips/s)
  ep3 step4980 loss=0.1959 (42.3 clips/s)
  ep3 step5000 loss=0.1960 (42.3 clips/s)
  ep3 step5020 loss=0.1946 (42.3 clips/s)
  ep3 step5040 loss=0.1950 (42.3 clips/s)
  ep3 step5060 loss=0.1964 (42.3 clips/s)
  ep3 step5080 loss=0.1968 (42.3 clips/s)
  ep3 step5100 loss=0.1957 (42.3 clips/s)
  ep3 step5120 loss=0.1970 (42.3 clips/s)
  ep3 step5140 loss=0.1961 (42.3 clips/s)
  ep3 step5160 loss=0.1954 (42.3 clips/s)
  ep3 step5180 loss=0.1947 (42.4 clips/s)
  ep3 step5200 loss=0.1941 (42.4 clips/s)
  ep3 step5220 loss=0.1928 (42.4 clips/s)
  ep3 step5240 loss=0.1929 (42.4 clips/s)
  ep3 step5260 loss=0.1920 (42.4 clips/s)
  ep3 step5280 loss=0.1923 (42.4 clips/s)
  ep3 step5300 loss=0.1906 (42.4 clips/s)
  ep3 step5320 loss=0.1914 (42.4 clips/s)
  ep3 step5340 loss=0.1909 (42.4 clips/s)
  ep3 step5360 loss=0.1906 (42.4 clips/s)
  ep3 step5380 loss=0.1907 (42.4 clips/s)
  ep3 step5400 loss=0.1897 (42.4 clips/s)
  ep3 step5420 loss=0.1899 (42.4 clips/s)
  ep3 step5440 loss=0.1904 (42.4 clips/s)
  ep3 step5460 loss=0.1903 (42.4 clips/s)
  ep3 step5480 loss=0.1903 (42.4 clips/s)
  ep3 step5500 loss=0.1902 (42.4 clips/s)
  ep3 step5520 loss=0.1905 (42.4 clips/s)
  ep3 step5540 loss=0.1910 (42.4 clips/s)
  ep3 step5560 loss=0.1901 (42.4 clips/s)
  ep3 step5580 loss=0.1894 (42.4 clips/s)
  ep3 step5600 loss=0.1888 (42.4 clips/s)
  ep3 step5620 loss=0.1888 (42.4 clips/s)
  ep3 step5640 loss=0.1885 (42.4 clips/s)
  ep3 step5660 loss=0.1887 (42.4 clips/s)
  ep3 step5680 loss=0.1897 (42.4 clips/s)
  ep3 step5700 loss=0.1903 (42.4 clips/s)
  ep3 step5720 loss=0.1907 (42.4 clips/s)
  ep3 step5740 loss=0.1908 (42.4 clips/s)
  ep3 step5760 loss=0.1908 (42.4 clips/s)
  ep3 step5780 loss=0.1914 (42.5 clips/s)
  ep3 step5800 loss=0.1907 (42.5 clips/s)
  ep3 step5820 loss=0.1902 (42.5 clips/s)
  ep3 step5840 loss=0.1903 (42.5 clips/s)
  ep3 step5860 loss=0.1901 (42.5 clips/s)
  ep3 step5880 loss=0.1897 (42.5 clips/s)
  ep3 step5900 loss=0.1894 (42.5 clips/s)
  ep3 step5920 loss=0.1894 (42.5 clips/s)
  ep3 step5940 loss=0.1888 (42.5 clips/s)
  ep3 step5960 loss=0.1883 (42.5 clips/s)
  ep3 step5980 loss=0.1884 (42.5 clips/s)
  ep3 step6000 loss=0.1879 (42.5 clips/s)
  ep3 step6020 loss=0.1882 (42.5 clips/s)
  ep3 step6040 loss=0.1875 (42.5 clips/s)
  ep3 step6060 loss=0.1871 (42.5 clips/s)
  ep3 step6080 loss=0.1873 (42.5 clips/s)
  ep3 step6100 loss=0.1877 (42.5 clips/s)
  ep3 step6120 loss=0.1869 (42.5 clips/s)
  ep3 step6140 loss=0.1869 (42.5 clips/s)
  ep3 step6160 loss=0.1873 (42.5 clips/s)
  ep3 step6180 loss=0.1878 (42.5 clips/s)
  ep3 step6200 loss=0.1874 (42.5 clips/s)
  ep3 step6220 loss=0.1870 (42.5 clips/s)
  ep3 step6240 loss=0.1876 (42.5 clips/s)
  ep3 step6260 loss=0.1872 (42.5 clips/s)
  ep3 step6280 loss=0.1866 (42.5 clips/s)
  ep3 step6300 loss=0.1869 (42.5 clips/s)
[epoch 3] loss=0.1869 val_avg_f1=0.7810 val_acc=0.9167 (28.2 min)
  ep4 step6320 loss=0.1696 (33.1 clips/s)
  ep4 step6340 loss=0.1332 (37.3 clips/s)
  ep4 step6360 loss=0.1318 (39.0 clips/s)
  ep4 step6380 loss=0.1453 (39.8 clips/s)
  ep4 step6400 loss=0.1498 (40.4 clips/s)
  ep4 step6420 loss=0.1438 (40.7 clips/s)
  ep4 step6440 loss=0.1458 (41.0 clips/s)
  ep4 step6460 loss=0.1417 (41.2 clips/s)
  ep4 step6480 loss=0.1375 (41.3 clips/s)
  ep4 step6500 loss=0.1423 (41.5 clips/s)
  ep4 step6520 loss=0.1454 (41.6 clips/s)
  ep4 step6540 loss=0.1474 (41.7 clips/s)
  ep4 step6560 loss=0.1430 (41.7 clips/s)
  ep4 step6580 loss=0.1444 (41.8 clips/s)
  ep4 step6600 loss=0.1432 (41.8 clips/s)
  ep4 step6620 loss=0.1444 (41.9 clips/s)
  ep4 step6640 loss=0.1426 (41.9 clips/s)
  ep4 step6660 loss=0.1412 (42.0 clips/s)
  ep4 step6680 loss=0.1416 (42.0 clips/s)
  ep4 step6700 loss=0.1375 (42.0 clips/s)
  ep4 step6720 loss=0.1353 (42.1 clips/s)
  ep4 step6740 loss=0.1342 (42.1 clips/s)
  ep4 step6760 loss=0.1341 (42.1 clips/s)
  ep4 step6780 loss=0.1312 (42.1 clips/s)
  ep4 step6800 loss=0.1323 (42.1 clips/s)
  ep4 step6820 loss=0.1329 (42.2 clips/s)
  ep4 step6840 loss=0.1345 (42.2 clips/s)
  ep4 step6860 loss=0.1329 (42.2 clips/s)
  ep4 step6880 loss=0.1314 (42.2 clips/s)
  ep4 step6900 loss=0.1320 (42.2 clips/s)
  ep4 step6920 loss=0.1306 (42.2 clips/s)
  ep4 step6940 loss=0.1303 (42.2 clips/s)
  ep4 step6960 loss=0.1298 (42.2 clips/s)
  ep4 step6980 loss=0.1293 (42.3 clips/s)
  ep4 step7000 loss=0.1281 (42.3 clips/s)
  ep4 step7020 loss=0.1278 (42.3 clips/s)
  ep4 step7040 loss=0.1264 (42.3 clips/s)
  ep4 step7060 loss=0.1257 (42.3 clips/s)
  ep4 step7080 loss=0.1247 (42.3 clips/s)
  ep4 step7100 loss=0.1244 (42.3 clips/s)
  ep4 step7120 loss=0.1244 (42.3 clips/s)
  ep4 step7140 loss=0.1233 (42.3 clips/s)
  ep4 step7160 loss=0.1226 (42.3 clips/s)
  ep4 step7180 loss=0.1221 (42.4 clips/s)
  ep4 step7200 loss=0.1213 (42.4 clips/s)
  ep4 step7220 loss=0.1204 (42.4 clips/s)
  ep4 step7240 loss=0.1201 (42.4 clips/s)
  ep4 step7260 loss=0.1209 (42.4 clips/s)
  ep4 step7280 loss=0.1206 (42.4 clips/s)
  ep4 step7300 loss=0.1199 (42.4 clips/s)
  ep4 step7320 loss=0.1205 (42.4 clips/s)
  ep4 step7340 loss=0.1199 (42.4 clips/s)
  ep4 step7360 loss=0.1206 (42.4 clips/s)
  ep4 step7380 loss=0.1212 (42.4 clips/s)
  ep4 step7400 loss=0.1199 (42.4 clips/s)
  ep4 step7420 loss=0.1197 (42.4 clips/s)
  ep4 step7440 loss=0.1187 (42.4 clips/s)
  ep4 step7460 loss=0.1181 (42.4 clips/s)
  ep4 step7480 loss=0.1176 (42.4 clips/s)
  ep4 step7500 loss=0.1178 (42.4 clips/s)
  ep4 step7520 loss=0.1179 (42.4 clips/s)
  ep4 step7540 loss=0.1188 (42.4 clips/s)
  ep4 step7560 loss=0.1187 (42.4 clips/s)
  ep4 step7580 loss=0.1193 (42.4 clips/s)
  ep4 step7600 loss=0.1197 (42.4 clips/s)
  ep4 step7620 loss=0.1200 (42.4 clips/s)
  ep4 step7640 loss=0.1194 (42.4 clips/s)
  ep4 step7660 loss=0.1190 (42.4 clips/s)
  ep4 step7680 loss=0.1184 (42.4 clips/s)
  ep4 step7700 loss=0.1180 (42.4 clips/s)
  ep4 step7720 loss=0.1176 (42.4 clips/s)
  ep4 step7740 loss=0.1174 (42.4 clips/s)
  ep4 step7760 loss=0.1177 (42.4 clips/s)
  ep4 step7780 loss=0.1178 (42.4 clips/s)
  ep4 step7800 loss=0.1170 (42.4 clips/s)
  ep4 step7820 loss=0.1166 (42.4 clips/s)
  ep4 step7840 loss=0.1168 (42.5 clips/s)
  ep4 step7860 loss=0.1167 (42.5 clips/s)
  ep4 step7880 loss=0.1162 (42.5 clips/s)
  ep4 step7900 loss=0.1175 (42.5 clips/s)
  ep4 step7920 loss=0.1184 (42.5 clips/s)
  ep4 step7940 loss=0.1184 (42.5 clips/s)
  ep4 step7960 loss=0.1178 (42.5 clips/s)
  ep4 step7980 loss=0.1189 (42.5 clips/s)
  ep4 step8000 loss=0.1189 (42.5 clips/s)
  ep4 step8020 loss=0.1185 (42.5 clips/s)
  ep4 step8040 loss=0.1181 (42.5 clips/s)
  ep4 step8060 loss=0.1176 (42.5 clips/s)
  ep4 step8080 loss=0.1175 (42.5 clips/s)
  ep4 step8100 loss=0.1171 (42.5 clips/s)
  ep4 step8120 loss=0.1172 (42.5 clips/s)
  ep4 step8140 loss=0.1167 (42.5 clips/s)
  ep4 step8160 loss=0.1167 (42.5 clips/s)
  ep4 step8180 loss=0.1161 (42.5 clips/s)
  ep4 step8200 loss=0.1165 (42.5 clips/s)
  ep4 step8220 loss=0.1168 (42.5 clips/s)
  ep4 step8240 loss=0.1166 (42.5 clips/s)
  ep4 step8260 loss=0.1168 (42.5 clips/s)
  ep4 step8280 loss=0.1166 (42.5 clips/s)
  ep4 step8300 loss=0.1167 (42.5 clips/s)
  ep4 step8320 loss=0.1167 (42.5 clips/s)
  ep4 step8340 loss=0.1166 (42.5 clips/s)
  ep4 step8360 loss=0.1164 (42.5 clips/s)
  ep4 step8380 loss=0.1158 (42.5 clips/s)
  ep4 step8400 loss=0.1155 (42.5 clips/s)
[epoch 4] loss=0.1155 val_avg_f1=0.7985 val_acc=0.9225 (28.3 min)
  ep5 step8420 loss=0.0824 (31.7 clips/s)
  ep5 step8440 loss=0.0927 (36.4 clips/s)
  ep5 step8460 loss=0.0846 (38.3 clips/s)
  ep5 step8480 loss=0.0820 (39.3 clips/s)
  ep5 step8500 loss=0.0787 (39.9 clips/s)
  ep5 step8520 loss=0.0754 (40.3 clips/s)
  ep5 step8540 loss=0.0710 (40.6 clips/s)
  ep5 step8560 loss=0.0694 (40.9 clips/s)
  ep5 step8580 loss=0.0710 (41.1 clips/s)
  ep5 step8600 loss=0.0677 (41.2 clips/s)
  ep5 step8620 loss=0.0684 (41.3 clips/s)
  ep5 step8640 loss=0.0692 (41.4 clips/s)
  ep5 step8660 loss=0.0695 (41.5 clips/s)
  ep5 step8680 loss=0.0689 (41.6 clips/s)
  ep5 step8700 loss=0.0667 (41.7 clips/s)
  ep5 step8720 loss=0.0668 (41.7 clips/s)
  ep5 step8740 loss=0.0672 (41.8 clips/s)
  ep5 step8760 loss=0.0688 (41.8 clips/s)
  ep5 step8780 loss=0.0677 (41.9 clips/s)
  ep5 step8800 loss=0.0687 (41.9 clips/s)
  ep5 step8820 loss=0.0716 (41.9 clips/s)
  ep5 step8840 loss=0.0705 (42.0 clips/s)
  ep5 step8860 loss=0.0702 (42.0 clips/s)
  ep5 step8880 loss=0.0689 (42.0 clips/s)
  ep5 step8900 loss=0.0686 (42.0 clips/s)
  ep5 step8920 loss=0.0681 (42.1 clips/s)
  ep5 step8940 loss=0.0687 (42.1 clips/s)
  ep5 step8960 loss=0.0688 (42.1 clips/s)
  ep5 step8980 loss=0.0679 (42.1 clips/s)
  ep5 step9000 loss=0.0686 (42.1 clips/s)
  ep5 step9020 loss=0.0683 (42.2 clips/s)
  ep5 step9040 loss=0.0675 (42.2 clips/s)
  ep5 step9060 loss=0.0668 (42.2 clips/s)
  ep5 step9080 loss=0.0668 (42.2 clips/s)
  ep5 step9100 loss=0.0664 (42.2 clips/s)
  ep5 step9120 loss=0.0663 (42.2 clips/s)
  ep5 step9140 loss=0.0656 (42.2 clips/s)
  ep5 step9160 loss=0.0653 (42.2 clips/s)
  ep5 step9180 loss=0.0652 (42.2 clips/s)
  ep5 step9200 loss=0.0649 (42.3 clips/s)
  ep5 step9220 loss=0.0645 (42.3 clips/s)
  ep5 step9240 loss=0.0644 (42.3 clips/s)
  ep5 step9260 loss=0.0645 (42.3 clips/s)
  ep5 step9280 loss=0.0640 (42.3 clips/s)
  ep5 step9300 loss=0.0641 (42.3 clips/s)
  ep5 step9320 loss=0.0638 (42.3 clips/s)
  ep5 step9340 loss=0.0636 (42.3 clips/s)
  ep5 step9360 loss=0.0655 (42.3 clips/s)
  ep5 step9380 loss=0.0658 (42.3 clips/s)
  ep5 step9400 loss=0.0653 (42.3 clips/s)
  ep5 step9420 loss=0.0647 (42.3 clips/s)
  ep5 step9440 loss=0.0648 (42.3 clips/s)
  ep5 step9460 loss=0.0647 (42.3 clips/s)
  ep5 step9480 loss=0.0649 (42.4 clips/s)
  ep5 step9500 loss=0.0646 (42.4 clips/s)
  ep5 step9520 loss=0.0647 (42.4 clips/s)
  ep5 step9540 loss=0.0647 (42.4 clips/s)
  ep5 step9560 loss=0.0648 (42.4 clips/s)
  ep5 step9580 loss=0.0643 (42.4 clips/s)
  ep5 step9600 loss=0.0644 (42.4 clips/s)
  ep5 step9620 loss=0.0642 (42.4 clips/s)
  ep5 step9640 loss=0.0644 (42.4 clips/s)
  ep5 step9660 loss=0.0642 (42.4 clips/s)
  ep5 step9680 loss=0.0651 (42.4 clips/s)
  ep5 step9700 loss=0.0648 (42.4 clips/s)
  ep5 step9720 loss=0.0648 (42.4 clips/s)
  ep5 step9740 loss=0.0650 (42.4 clips/s)
  ep5 step9760 loss=0.0649 (42.4 clips/s)
  ep5 step9780 loss=0.0653 (42.4 clips/s)
  ep5 step9800 loss=0.0653 (42.4 clips/s)
  ep5 step9820 loss=0.0651 (42.4 clips/s)
  ep5 step9840 loss=0.0650 (42.4 clips/s)
  ep5 step9860 loss=0.0649 (42.4 clips/s)
  ep5 step9880 loss=0.0645 (42.4 clips/s)
  ep5 step9900 loss=0.0650 (42.4 clips/s)
  ep5 step9920 loss=0.0647 (42.4 clips/s)
  ep5 step9940 loss=0.0648 (42.4 clips/s)
  ep5 step9960 loss=0.0654 (42.4 clips/s)
  ep5 step9980 loss=0.0656 (42.4 clips/s)
  ep5 step10000 loss=0.0653 (42.4 clips/s)
  ep5 step10020 loss=0.0650 (42.4 clips/s)
  ep5 step10040 loss=0.0651 (42.4 clips/s)
  ep5 step10060 loss=0.0651 (42.4 clips/s)
  ep5 step10080 loss=0.0648 (42.4 clips/s)
  ep5 step10100 loss=0.0645 (42.4 clips/s)
  ep5 step10120 loss=0.0641 (42.4 clips/s)
  ep5 step10140 loss=0.0638 (42.4 clips/s)
  ep5 step10160 loss=0.0638 (42.4 clips/s)
  ep5 step10180 loss=0.0637 (42.4 clips/s)
  ep5 step10200 loss=0.0636 (42.5 clips/s)
  ep5 step10220 loss=0.0636 (42.5 clips/s)
  ep5 step10240 loss=0.0635 (42.5 clips/s)
  ep5 step10260 loss=0.0640 (42.5 clips/s)
  ep5 step10280 loss=0.0637 (42.5 clips/s)
  ep5 step10300 loss=0.0636 (42.5 clips/s)
  ep5 step10320 loss=0.0636 (42.5 clips/s)
  ep5 step10340 loss=0.0633 (42.5 clips/s)
  ep5 step10360 loss=0.0631 (42.5 clips/s)
  ep5 step10380 loss=0.0629 (42.5 clips/s)
  ep5 step10400 loss=0.0629 (42.5 clips/s)
  ep5 step10420 loss=0.0627 (42.5 clips/s)
  ep5 step10440 loss=0.0625 (42.5 clips/s)
  ep5 step10460 loss=0.0623 (42.5 clips/s)
  ep5 step10480 loss=0.0622 (42.5 clips/s)
  ep5 step10500 loss=0.0625 (42.5 clips/s)
[epoch 5] loss=0.0625 val_avg_f1=0.7983 val_acc=0.9239 (28.3 min)
[train] finished in 141.3 min, best val avg_f1=0.7985
/root/autodl-tmp/experiments/train_p10_tsm.py:334: FutureWarning: You are using `torch.load` with `weights_only=False` (the current default value), which uses the default pickle module implicitly. It is possible to construct malicious pickle data which will execute arbitrary code during unpickling (See https://github.com/pytorch/pytorch/blob/main/SECURITY.md#untrusted-models for more details). In a future release, the default value for `weights_only` will be flipped to `True`. This limits the functions that could be executed during unpickling. Arbitrary objects will no longer be allowed to be loaded via this mode unless they are explicitly allowlisted by the user via `torch.serialization.add_safe_globals`. We recommend you start setting `weights_only=True` for any use case where you don't have full control of the loaded file. Please open an issue on GitHub for any issues related to this experimental feature.
  ckpt = torch.load(ckpt_path, map_location="cpu")
[test] 1200 videos -> 8400 clips (stride=8)
[test] avg_f1=0.7720 acc=0.9145 fall_f1=0.7078 fallen_f1=0.6501 (n=8400)
[train] logs -> /root/autodl-tmp/logs/phase10/slowfast_r50

=============== [2026-09-14 00:12:30] TRAINING DONE ===============


=============== [2026-09-14 00:12:30] EVAL: dense per-frame dump ===============

/root/miniconda3/lib/python3.10/site-packages/torchvision/io/image.py:13: UserWarning: Failed to load image Python extension: '/root/miniconda3/lib/python3.10/site-packages/torchvision/image.so: undefined symbol: _ZN3c1017RegisterOperatorsD1Ev'If you don't plan on using image functionality from `torchvision.io`, you can ignore this warning. Otherwise, there might be something wrong with your environment. Did you have `libjpeg` or `libpng` installed before building `torchvision` from source?
  warn(
[data] model=slowfast_r50 frames=32 | train clips=67200 (missing=0), val clips=8400 (missing=0)
[data] label counts=[5514, 5464, 56222] -> weights=[1.424, 1.437, 0.14]
[model] slowfast_r50 params=33.65M
/root/autodl-tmp/experiments/train_p10_tsm.py:334: FutureWarning: You are using `torch.load` with `weights_only=False` (the current default value), which uses the default pickle module implicitly. It is possible to construct malicious pickle data which will execute arbitrary code during unpickling (See https://github.com/pytorch/pytorch/blob/main/SECURITY.md#untrusted-models for more details). In a future release, the default value for `weights_only` will be flipped to `True`. This limits the functions that could be executed during unpickling. Arbitrary objects will no longer be allowed to be loaded via this mode unless they are explicitly allowlisted by the user via `torch.serialization.add_safe_globals`. We recommend you start setting `weights_only=True` for any use case where you don't have full control of the loaded file. Please open an issue on GitHub for any issues related to this experimental feature.
  ckpt = torch.load(ckpt_path, map_location="cpu")
[test] 1200 videos -> 58800 clips (stride=1)
[test] avg_f1=0.7612 acc=0.9118 fall_f1=0.7008 fallen_f1=0.6260 (n=96000)

=============== [2026-09-14 00:26:01] EVAL: timeline metrics ===============

=== timeline (event-level, per-video) ===
  videos=1200  has_fall=211  has_fallen=150
  fall_f1=0.5894  fallen_f1=0.5527  avg_f1=0.5949
  coverage: fall=0.801  fallen=0.693
  false alarm: fall=0.027  fallen=0.049
  flips/video=0.30  order_correct=0.827
=== instance (same frames) ===
  avg_f1=0.7612 acc=0.9118 fall_f1=0.7008 fallen_f1=0.6260 n=96000
saved -> logs/phase10/slowfast_r50/timeline_results.json

=============== [2026-09-14 00:26:07] EVAL: same-frame comparison vs E1-full ===============

common videos = 1200
E1-full    inst: acc=0.9370 avg_f1=0.8296 fall_f1=0.7689 fallen_f1=0.7510
           time: fall_f1=0.7827 fallen_f1=0.6989 avg_f1=0.7413 | cov 0.962/0.833 | FA 0.026/0.035 | flips 0.63
slowfast_r50 inst: acc=0.9118 avg_f1=0.7612 fall_f1=0.7008 fallen_f1=0.6260
           time: fall_f1=0.5894 fallen_f1=0.5527 avg_f1=0.5949 | cov 0.801/0.693 | FA 0.027/0.049 | flips 0.30
delta (slowfast_r50 - E1): acc -0.0252 | avg_f1 -0.0684 | fall_f1 -0.0682 | fallen_f1 -0.1249
saved -> logs/phase10/slowfast_r50/compare_e1_vs_slowfast_r50.json

=============== [2026-09-14 00:26:10] ALL DONE — logs/phase10/slowfast_r50/P10_slowfast_r50_DONE ===============

