载入 1200 个视频的逐视频预测（w2_4 3，已过投票后处理）
  来源: logs/phase11/w2_4/pv_epoch_3.pt

====================================================================================
① GT 自检 —— 真值当预测喂入，必须满分（非事件视频排除而非记 0）
====================================================================================
  τ=1: micro P/R/F1 = 1.0000/1.0000/1.0000 | macro F1 1.0000 | 含边界视频 189 | 边界总数 249  ✅
  τ=3: micro P/R/F1 = 1.0000/1.0000/1.0000 | macro F1 1.0000 | 含边界视频 189 | 边界总数 249  ✅
  τ=5: micro P/R/F1 = 1.0000/1.0000/1.0000 | macro F1 1.0000 | 含边界视频 189 | 边界总数 249  ✅
  排除机制核查：含边界视频 189 / 总 1200 → 被排除 1011 个（若记 0 则自检必不满分）
  ⇒ GT 自检 通过 ✅

====================================================================================
② 负对照 a —— 全漏（预测恒为 normal，不报任何边界）
====================================================================================
  τ=1: micro P/R/F1 = 0.0000/0.0000/0.0000 | 含边界视频 189 | 边界总数 249
  τ=3: micro P/R/F1 = 0.0000/0.0000/0.0000 | 含边界视频 189 | 边界总数 249
  τ=5: micro P/R/F1 = 0.0000/0.0000/0.0000 | 含边界视频 189 | 边界总数 249

====================================================================================
② 负对照 b —— 真值平移 d 帧（预测=平移后的真值），τ=3
====================================================================================
  期望行为：容差内（d<=τ）F1≈1 且偏移被准确读出；超出容差后坍缩到 ~0。
  ⚠ 注意：这是**阶跃**而非渐变——容差型指标对「整体固定延迟」不敏感，
     超出 τ 后的残余匹配纯属巧合（~0.02-0.03），故「单调」不是正确的期望，
     该性质须作为已知缺陷随指标声明。延迟程度需另看 timeline_metrics 的 delay。

    d(帧)      真值边界      预测边界   micro_P   micro_R  micro_F1         匹配对偏移均值
       0       249       249    1.0000    1.0000    1.0000           0.000
       1       249       247    1.0000    0.9920    0.9960           1.000
       2       249       247    1.0000    0.9920    0.9960           2.000
       3       249       247    1.0000    0.9920    0.9960           3.000
       4       249       247    0.0162    0.0161    0.0161          -0.250
       6       249       247    0.0243    0.0241    0.0242           0.333
      10       249       243    0.0329    0.0321    0.0325          -0.375

  ⇒ 容差内 F1≈1（d<=3）: ✅ ；容差内偏移被准确读出（d=1/2/3→1/2/3）: ✅ ；超容差坍缩至 <0.05: ✅
  ⇒ 残余水平 0.0161~0.0325（巧合匹配，非信号）→ 判读时 <0.05 的边界 F1 差异不可当真

====================================================================================
② 负对照 c —— 抖动（注入 k 处单帧毛刺 → 每处约 2 个假边界），τ=3
====================================================================================
     k    n_pred   micro_P   micro_R  micro_F1
     0       249    1.0000    1.0000    1.0000
     1       621    0.4010    1.0000    0.5724
     2       989    0.2518    1.0000    0.4023
     5      2042    0.1219    1.0000    0.2174
    10      3772    0.0660    1.0000    0.1238
    20      6797    0.0366    1.0000    0.0707
  ⇒ 精确率随 k 单调不增: ✅

====================================================================================
w2_4 3 的边界指标
====================================================================================
     τ      含边界视频      真值边界      预测边界   micro_P   micro_R  micro_F1  macro_F1
     1        189       249       446    0.0426    0.0763    0.0547    0.0507
     3        189       249       446    0.1211    0.2169    0.1554    0.1694
     5        189       249       446    0.1771    0.3173    0.2273    0.2539

  按切换类型分列（τ=3，micro 口径）
  类型                     视频数      真值      预测         P         R        F1
  normal->fall            40      40      40    0.2000    0.2000    0.2000
  other                   41      41      71    0.0845    0.1463    0.1071
  fall->fallen           139     139     134    0.2015    0.1942    0.1978
  fallen->normal          29      29       8    0.1250    0.0345    0.0541

已写出: logs/phase11/w2_4/boundary_metrics_3.json
