======================================================================================
W1 判定（§7.2 勘误版 · 曲线口径）  arm = w1_a0cos   （对照 A0 = a0_2000）
  协议 = voted   主判据 = P@R=0.80 + 支配关系   否决余量 = 0.05
======================================================================================

【主判据】逐轴 P@R 与支配关系（全量 test 1200，voted 协议）
  轴        a0_2000 P@R     本臂 P@R         Δ   支配关系
  ----------------------------------------------------------------------------------
  fall        0.5941     0.5914   -0.0027   交叉（低召回端 本臂 更好 / 高召回端 a0_2000 更好，均值 -0.0069 正=本臂更好）
  fallen      0.5716     0.5434   -0.0282   交叉（低召回端 a0_2000 更好 / 高召回端 本臂 更好，均值 -0.0355 正=本臂更好）

--------------------------------------------------------------------------------------
判定：【未达强通过，未被否决】
  → 不构成证据；按 §7.2 不得择优

--------------------------------------------------------------------------------------
【辅助读数】旧 §7.2 单点表 —— **不参与判定**，仅保留历史可比性
⚠ 单点差异里混着'落点'成分，其摆动幅度已实测超过原判据阈值，不可据以判胜负
指标                                A0        本臂         Δ   原阈值（已废）
--------------------------------------------------------------------------------------
fall_prec                     0.6447    0.6421   -0.0026   强通过 ≥ 0.6947
fall_rec                      0.7525    0.7219   -0.0306   否决 < 0.7225
fallen_prec                   0.6985    0.4861   -0.2124   否决 < 0.6785
fallen_rec                    0.5990    0.8707   +0.2717   
avg_f1 (merged_raw)           0.7665    0.7489   -0.0176   
逐视频 avg_f1                    0.6077    0.6833   +0.0756   否决 < 0.5877
边界 F1 (τ=3)                   0.1810    0.1658   -0.0151   强通过 ≥ 0.2310

--------------------------------------------------------------------------------------
⚠ 提醒（§3.1 / §7.4）：单点比较不可用——同一臂内跨 ckpt 的极差（fall_prec 0.119 / fall_rec 0.166）已超过原判据阈值。
   本判定是**止损闸门**；最终择优在 §7.3 的 9600 上做。
