== W1/a0cos launch Tue Sep 29 19:25:13 CST 2026 | 诊断：A0 + 余弦退火 ==
== W1/a0cos cmd: /root/miniconda3/bin/python -u experiments/train_p9e1.py --data_mp4 data/e1_2000_manifest.csv --val_data data/p9e1_frames_val --npz data/omnifall_dinov2_giant_frame.npz --model_name facebook/dinov2-giant --epochs 3 --early_stop_patience 0 --val_every 600 --val_n 150 --window 64 --stride 16 --batch 2 --lr 1e-4 --seed 42 --workers 16 --out logs/phase11/w1_a0cos --lr_schedule cosine
TRAIN_PID=445396
[1] 加载 facebook/dinov2-giant(fp16) + LoRA(r=16) + Phase6 bridge 头
/root/miniconda3/lib/python3.10/site-packages/torchvision/io/image.py:13: UserWarning: Failed to load image Python extension: '/root/miniconda3/lib/python3.10/site-packages/torchvision/image.so: undefined symbol: _ZN3c1017RegisterOperatorsD1Ev'If you don't plan on using image functionality from `torchvision.io`, you can ignore this warning. Otherwise, there might be something wrong with your environment. Did you have `libjpeg` or `libpng` installed before building `torchvision` from source?
  warn(
Loading weights:   0%|          | 0/727 [00:00<?, ?it/s]Loading weights: 100%|██████████| 727/727 [00:00<00:00, 9202.45it/s]
/root/miniconda3/lib/python3.10/site-packages/torch/nn/modules/transformer.py:379: UserWarning: enable_nested_tensor is True, but self.use_nested_tensor is False because encoder_layer.norm_first was True
  warnings.warn(
  梯度 checkpointing: True
  可训练参数: 10.82M (LoRA + 时序头；主干冻结 fp16)
[2] mp4 现解码数据集: data/e1_2000_manifest.csv (window=64, stride=16, workers=16)
  训练视频: 2000 | 窗口: 4000 | 类权重 fall/fallen/normal: [1.336, 1.532, 0.132]
  LR 调度: cosine 退火，总步数 6000（0.0001 → ~0）
Traceback (most recent call last):
  File "/root/autodl-tmp/experiments/train_p9e1.py", line 669, in <module>
    main()
  File "/root/autodl-tmp/experiments/train_p9e1.py", line 561, in main
    out = model(x, aux)
  File "/root/miniconda3/lib/python3.10/site-packages/torch/nn/modules/module.py", line 1736, in _wrapped_call_impl
    return self._call_impl(*args, **kwargs)
  File "/root/miniconda3/lib/python3.10/site-packages/torch/nn/modules/module.py", line 1747, in _call_impl
    return forward_call(*args, **kwargs)
TypeError: E1Model.forward() takes 2 positional arguments but 3 were given
WATCHDOG: pid=445396 exited rc=1 verdict=crash @ Tue Sep 29 19:35:13 CST 2026
ALL_DONE arm=a0cos verdict=crash rc=1 @ Tue Sep 29 19:35:13 CST 2026
== W1/a0cos launch Tue Sep 29 19:36:28 CST 2026 | 诊断：A0 + 余弦退火 ==
== W1/a0cos cmd: /root/miniconda3/bin/python -u experiments/train_p9e1.py --data_mp4 data/e1_2000_manifest.csv --val_data data/p9e1_frames_val --npz data/omnifall_dinov2_giant_frame.npz --model_name facebook/dinov2-giant --epochs 3 --early_stop_patience 0 --val_every 600 --val_n 150 --window 64 --stride 16 --batch 2 --lr 1e-4 --seed 42 --workers 16 --out logs/phase11/w1_a0cos --lr_schedule cosine
TRAIN_PID=493217
[1] 加载 facebook/dinov2-giant(fp16) + LoRA(r=16) + Phase6 bridge 头
/root/miniconda3/lib/python3.10/site-packages/torchvision/io/image.py:13: UserWarning: Failed to load image Python extension: '/root/miniconda3/lib/python3.10/site-packages/torchvision/image.so: undefined symbol: _ZN3c1017RegisterOperatorsD1Ev'If you don't plan on using image functionality from `torchvision.io`, you can ignore this warning. Otherwise, there might be something wrong with your environment. Did you have `libjpeg` or `libpng` installed before building `torchvision` from source?
  warn(
Loading weights:   0%|          | 0/727 [00:00<?, ?it/s]Loading weights:  70%|███████   | 511/727 [00:00<00:00, 4962.86it/s]Loading weights: 100%|██████████| 727/727 [00:00<00:00, 4672.51it/s]
/root/miniconda3/lib/python3.10/site-packages/torch/nn/modules/transformer.py:379: UserWarning: enable_nested_tensor is True, but self.use_nested_tensor is False because encoder_layer.norm_first was True
  warnings.warn(
  梯度 checkpointing: True
  可训练参数: 10.82M (LoRA + 时序头；主干冻结 fp16)
[2] mp4 现解码数据集: data/e1_2000_manifest.csv (window=64, stride=16, workers=16)
  训练视频: 2000 | 窗口: 4000 | 类权重 fall/fallen/normal: [1.336, 1.532, 0.132]
  LR 调度: cosine 退火，总步数 6000（0.0001 → ~0）
step 50 | loss 2.6555 | fall/fallen/normal acc 0.034/0.087/0.925 | lr 1.00e-04
step 100 | loss 3.0301 | fall/fallen/normal acc 0.123/0.064/0.960 | lr 9.99e-05
step 150 | loss 2.0365 | fall/fallen/normal acc 0.000/0.000/0.991 | lr 9.98e-05
step 200 | loss 1.8868 | fall/fallen/normal acc 0.161/0.156/0.963 | lr 9.97e-05
step 250 | loss 1.9726 | fall/fallen/normal acc 0.316/0.324/0.903 | lr 9.96e-05
step 300 | loss 1.2325 | fall/fallen/normal acc 0.435/0.309/0.870 | lr 9.94e-05
step 350 | loss 0.9061 | fall/fallen/normal acc 0.478/0.408/0.966 | lr 9.92e-05
step 400 | loss 1.1956 | fall/fallen/normal acc 0.462/0.133/0.920 | lr 9.89e-05
step 450 | loss 0.5638 | fall/fallen/normal acc 0.336/0.452/0.943 | lr 9.86e-05
step 500 | loss 0.9454 | fall/fallen/normal acc 0.508/0.689/0.938 | lr 9.83e-05
step 550 | loss 1.4266 | fall/fallen/normal acc 0.517/0.563/0.945 | lr 9.79e-05
step 600 | loss 0.9763 | fall/fallen/normal acc 0.548/0.183/0.951 | lr 9.76e-05
[VAL] step 600 | f1 0.6685 | fallen prec 0.6263 rec 0.7678 | train_loss 1.5690
  [BEST] 新最优 f1=0.6685 → best_model.pt
step 650 | loss 0.5956 | fall/fallen/normal acc 0.683/0.750/0.946 | lr 9.71e-05
step 700 | loss 0.8540 | fall/fallen/normal acc 0.638/0.381/0.957 | lr 9.67e-05
step 750 | loss 0.7201 | fall/fallen/normal acc 0.551/0.714/0.949 | lr 9.62e-05
step 800 | loss 0.8875 | fall/fallen/normal acc 0.662/0.578/0.944 | lr 9.57e-05
step 850 | loss 0.4723 | fall/fallen/normal acc 0.571/0.298/0.977 | lr 9.51e-05
step 900 | loss 1.0758 | fall/fallen/normal acc 0.367/0.486/0.974 | lr 9.46e-05
step 950 | loss 1.2445 | fall/fallen/normal acc 0.519/0.583/0.884 | lr 9.39e-05
step 1000 | loss 0.5372 | fall/fallen/normal acc 0.695/0.699/0.938 | lr 9.33e-05
step 1050 | loss 0.6004 | fall/fallen/normal acc 0.618/0.468/0.977 | lr 9.26e-05
step 1100 | loss 0.6942 | fall/fallen/normal acc 0.532/0.460/0.962 | lr 9.19e-05
step 1150 | loss 0.6318 | fall/fallen/normal acc 0.665/0.444/0.965 | lr 9.12e-05
step 1200 | loss 0.8293 | fall/fallen/normal acc 0.674/0.454/0.959 | lr 9.05e-05
[VAL] step 1200 | f1 0.7967 | fallen prec 0.8336 rec 0.8254 | train_loss 0.7619
  [BEST] 新最优 f1=0.7967 → best_model.pt
step 1250 | loss 0.7633 | fall/fallen/normal acc 0.511/0.652/0.947 | lr 8.97e-05
step 1300 | loss 0.3112 | fall/fallen/normal acc 0.803/0.738/0.947 | lr 8.89e-05
step 1350 | loss 0.6238 | fall/fallen/normal acc 0.716/0.596/0.946 | lr 8.80e-05
step 1400 | loss 0.2137 | fall/fallen/normal acc 0.792/0.840/0.980 | lr 8.72e-05
step 1450 | loss 0.3058 | fall/fallen/normal acc 0.727/0.796/0.963 | lr 8.63e-05
step 1500 | loss 0.5490 | fall/fallen/normal acc 0.815/0.742/0.968 | lr 8.54e-05
step 1550 | loss 0.3967 | fall/fallen/normal acc 0.905/0.599/0.956 | lr 8.44e-05
step 1600 | loss 0.5035 | fall/fallen/normal acc 0.737/0.703/0.958 | lr 8.35e-05
step 1650 | loss 0.6049 | fall/fallen/normal acc 0.737/0.709/0.982 | lr 8.25e-05
step 1700 | loss 0.5059 | fall/fallen/normal acc 0.717/0.691/0.978 | lr 8.15e-05
step 1750 | loss 0.2037 | fall/fallen/normal acc 0.881/0.572/0.979 | lr 8.04e-05
step 1800 | loss 0.3181 | fall/fallen/normal acc 0.732/0.772/0.962 | lr 7.94e-05
[VAL] step 1800 | f1 0.8529 | fallen prec 0.7784 rec 0.9613 | train_loss 0.4416
  [BEST] 新最优 f1=0.8529 → best_model.pt
step 1850 | loss 0.5194 | fall/fallen/normal acc 0.501/0.807/0.969 | lr 7.83e-05
step 1900 | loss 0.3515 | fall/fallen/normal acc 0.880/0.642/0.937 | lr 7.72e-05
step 1950 | loss 0.4430 | fall/fallen/normal acc 0.631/0.659/0.978 | lr 7.61e-05
step 2000 | loss 0.4030 | fall/fallen/normal acc 0.739/0.812/0.949 | lr 7.50e-05
[EPOCH 1] 完成，已存 epoch_1_model.pt
step 2050 | loss 0.2583 | fall/fallen/normal acc 0.817/0.940/0.973 | lr 7.39e-05
step 2100 | loss 0.3456 | fall/fallen/normal acc 0.827/0.821/0.974 | lr 7.27e-05
step 2150 | loss 0.2700 | fall/fallen/normal acc 0.821/0.889/0.964 | lr 7.15e-05
step 2200 | loss 0.1008 | fall/fallen/normal acc 0.749/0.981/0.991 | lr 7.03e-05
step 2250 | loss 0.2761 | fall/fallen/normal acc 0.865/0.725/0.962 | lr 6.91e-05
step 2300 | loss 0.2257 | fall/fallen/normal acc 0.648/0.842/0.969 | lr 6.79e-05
step 2350 | loss 0.1789 | fall/fallen/normal acc 0.969/0.804/0.967 | lr 6.67e-05
step 2400 | loss 0.0766 | fall/fallen/normal acc 0.821/0.934/0.995 | lr 6.55e-05
[VAL] step 2400 | f1 0.8186 | fallen prec 0.7972 rec 0.9163 | train_loss 0.2165
step 2450 | loss 0.1711 | fall/fallen/normal acc 0.850/0.893/0.950 | lr 6.42e-05
step 2500 | loss 0.1063 | fall/fallen/normal acc 0.821/0.884/0.986 | lr 6.29e-05
step 2550 | loss 0.1147 | fall/fallen/normal acc 0.953/0.965/0.967 | lr 6.17e-05
step 2600 | loss 0.6456 | fall/fallen/normal acc 0.720/0.474/0.969 | lr 6.04e-05
step 2650 | loss 0.1663 | fall/fallen/normal acc 0.827/0.829/0.969 | lr 5.91e-05
step 2700 | loss 0.1478 | fall/fallen/normal acc 0.870/0.814/0.979 | lr 5.78e-05
step 2750 | loss 0.2030 | fall/fallen/normal acc 0.870/0.933/0.961 | lr 5.65e-05
step 2800 | loss 0.1549 | fall/fallen/normal acc 0.916/0.896/0.974 | lr 5.52e-05
step 2850 | loss 0.3706 | fall/fallen/normal acc 0.832/0.840/0.958 | lr 5.39e-05
step 2900 | loss 0.1348 | fall/fallen/normal acc 0.655/0.902/0.988 | lr 5.26e-05
step 2950 | loss 0.4595 | fall/fallen/normal acc 0.749/0.758/0.947 | lr 5.13e-05
step 3000 | loss 0.2017 | fall/fallen/normal acc 0.795/0.887/0.983 | lr 5.00e-05
[VAL] step 3000 | f1 0.8016 | fallen prec 0.9027 rec 0.6427 | train_loss 0.2397
step 3050 | loss 0.2982 | fall/fallen/normal acc 0.893/0.705/0.980 | lr 4.87e-05
step 3100 | loss 0.3943 | fall/fallen/normal acc 0.822/0.530/0.977 | lr 4.74e-05
step 3150 | loss 0.1864 | fall/fallen/normal acc 0.851/0.902/0.952 | lr 4.61e-05
step 3200 | loss 0.1633 | fall/fallen/normal acc 0.849/0.799/0.987 | lr 4.48e-05
step 3250 | loss 0.1718 | fall/fallen/normal acc 0.786/0.776/0.979 | lr 4.35e-05
step 3300 | loss 0.1507 | fall/fallen/normal acc 0.864/0.827/0.973 | lr 4.22e-05
step 3350 | loss 0.1441 | fall/fallen/normal acc 0.917/0.875/0.964 | lr 4.09e-05
step 3400 | loss 0.1458 | fall/fallen/normal acc 0.922/0.799/0.974 | lr 3.96e-05
step 3450 | loss 0.2341 | fall/fallen/normal acc 0.699/0.918/0.988 | lr 3.83e-05
step 3500 | loss 0.1379 | fall/fallen/normal acc 0.921/0.879/0.970 | lr 3.71e-05
step 3550 | loss 0.1949 | fall/fallen/normal acc 0.924/0.762/0.977 | lr 3.58e-05
step 3600 | loss 0.1232 | fall/fallen/normal acc 0.917/0.895/0.977 | lr 3.45e-05
[VAL] step 3600 | f1 0.8279 | fallen prec 0.8365 rec 0.7507 | train_loss 0.1954
step 3650 | loss 0.3396 | fall/fallen/normal acc 0.896/0.866/0.978 | lr 3.33e-05
step 3700 | loss 0.0481 | fall/fallen/normal acc 0.971/0.963/0.984 | lr 3.21e-05
step 3750 | loss 0.1411 | fall/fallen/normal acc 0.872/0.942/0.982 | lr 3.09e-05
step 3800 | loss 0.4379 | fall/fallen/normal acc 0.841/0.648/0.952 | lr 2.97e-05
step 3850 | loss 0.1340 | fall/fallen/normal acc 0.844/0.993/0.978 | lr 2.85e-05
step 3900 | loss 0.0879 | fall/fallen/normal acc 0.908/0.976/0.982 | lr 2.73e-05
step 3950 | loss 0.0969 | fall/fallen/normal acc 0.958/0.858/0.970 | lr 2.61e-05
step 4000 | loss 0.0938 | fall/fallen/normal acc 0.894/0.933/0.983 | lr 2.50e-05
[EPOCH 2] 完成，已存 epoch_2_model.pt
step 4050 | loss 0.0691 | fall/fallen/normal acc 0.951/0.905/0.989 | lr 2.39e-05
step 4100 | loss 0.1472 | fall/fallen/normal acc 0.719/0.940/0.966 | lr 2.28e-05
step 4150 | loss 0.0682 | fall/fallen/normal acc 0.856/0.980/0.993 | lr 2.17e-05
step 4200 | loss 0.0588 | fall/fallen/normal acc 0.945/0.977/0.970 | lr 2.06e-05
[VAL] step 4200 | f1 0.8284 | fallen prec 0.8364 rec 0.7777 | train_loss 0.0858
step 4250 | loss 0.1244 | fall/fallen/normal acc 0.852/0.959/0.987 | lr 1.96e-05
step 4300 | loss 0.0778 | fall/fallen/normal acc 0.956/0.909/0.973 | lr 1.85e-05
step 4350 | loss 0.0727 | fall/fallen/normal acc 0.973/0.817/0.985 | lr 1.75e-05
step 4400 | loss 0.1071 | fall/fallen/normal acc 0.907/0.891/0.966 | lr 1.65e-05
step 4450 | loss 0.0877 | fall/fallen/normal acc 0.914/0.894/0.991 | lr 1.56e-05
step 4500 | loss 0.0408 | fall/fallen/normal acc 0.958/0.811/0.995 | lr 1.46e-05
step 4550 | loss 0.0518 | fall/fallen/normal acc 0.944/0.994/0.982 | lr 1.37e-05
step 4600 | loss 0.1507 | fall/fallen/normal acc 0.954/0.766/0.970 | lr 1.28e-05
step 4650 | loss 0.0502 | fall/fallen/normal acc 0.945/0.948/0.989 | lr 1.20e-05
step 4700 | loss 0.1361 | fall/fallen/normal acc 0.896/0.845/0.976 | lr 1.11e-05
step 4750 | loss 0.0692 | fall/fallen/normal acc 0.980/0.984/0.966 | lr 1.03e-05
step 4800 | loss 0.0667 | fall/fallen/normal acc 0.987/0.959/0.989 | lr 9.55e-06
[VAL] step 4800 | f1 0.8179 | fallen prec 0.8676 rec 0.7489 | train_loss 0.0863
step 4850 | loss 0.0826 | fall/fallen/normal acc 0.953/0.898/0.987 | lr 8.79e-06
step 4900 | loss 0.0520 | fall/fallen/normal acc 0.950/0.972/0.995 | lr 8.07e-06
step 4950 | loss 0.0470 | fall/fallen/normal acc 0.994/0.917/0.978 | lr 7.37e-06
step 5000 | loss 0.0810 | fall/fallen/normal acc 0.856/0.922/0.986 | lr 6.70e-06
step 5050 | loss 0.0572 | fall/fallen/normal acc 0.945/0.979/0.981 | lr 6.06e-06
step 5100 | loss 0.0837 | fall/fallen/normal acc 0.943/0.940/0.987 | lr 5.45e-06
step 5150 | loss 0.0810 | fall/fallen/normal acc 0.906/0.998/0.962 | lr 4.87e-06
step 5200 | loss 0.0532 | fall/fallen/normal acc 0.975/0.952/0.969 | lr 4.32e-06
step 5250 | loss 0.0712 | fall/fallen/normal acc 0.957/0.959/0.982 | lr 3.81e-06
step 5300 | loss 0.0542 | fall/fallen/normal acc 0.910/0.971/0.980 | lr 3.32e-06
step 5350 | loss 0.0456 | fall/fallen/normal acc 0.917/0.980/0.984 | lr 2.87e-06
step 5400 | loss 0.0391 | fall/fallen/normal acc 0.963/0.977/0.996 | lr 2.45e-06
[VAL] step 5400 | f1 0.8365 | fallen prec 0.8492 rec 0.8011 | train_loss 0.0623
step 5450 | loss 0.0377 | fall/fallen/normal acc 0.961/0.976/0.991 | lr 2.06e-06
step 5500 | loss 0.0515 | fall/fallen/normal acc 0.937/0.918/0.985 | lr 1.70e-06
step 5550 | loss 0.0696 | fall/fallen/normal acc 0.859/0.976/0.988 | lr 1.38e-06
step 5600 | loss 0.0841 | fall/fallen/normal acc 0.936/0.906/0.973 | lr 1.09e-06
step 5650 | loss 0.0931 | fall/fallen/normal acc 0.953/0.840/0.986 | lr 8.37e-07
step 5700 | loss 0.0598 | fall/fallen/normal acc 0.961/0.966/0.983 | lr 6.16e-07
step 5750 | loss 0.0526 | fall/fallen/normal acc 0.924/0.989/0.979 | lr 4.28e-07
step 5800 | loss 0.0845 | fall/fallen/normal acc 0.939/0.870/0.992 | lr 2.74e-07
step 5850 | loss 0.0586 | fall/fallen/normal acc 0.939/0.947/0.988 | lr 1.54e-07
step 5900 | loss 0.0671 | fall/fallen/normal acc 0.946/0.920/0.992 | lr 6.85e-08
step 5950 | loss 0.0621 | fall/fallen/normal acc 0.931/0.924/0.984 | lr 1.71e-08
step 6000 | loss 0.1165 | fall/fallen/normal acc 0.904/0.924/0.970 | lr 0.00e+00
[VAL] step 6000 | f1 0.8339 | fallen prec 0.8422 rec 0.7975 | train_loss 0.0698
[EPOCH 3] 完成，已存 epoch_3_model.pt
[DONE] 已存 last_model.pt
[TOTAL] 6000 步, 31773.8s
WATCHDOG: pid=493217 exited rc=0 verdict=done @ Wed Sep 30 04:26:27 CST 2026
ALL_DONE arm=a0cos verdict=done rc=0 @ Wed Sep 30 04:26:27 CST 2026
