匹配到 1200 / 1200 个视频

================================================================================================
类条件误报率 —— rate_fall(c) = P(预测为 fall | GT=c)，分母 = 该类在 test 集的总帧数
================================================================================================
表 1  按「难度」排序 —— rate_fall(c) = P(预测为 fall | GT=c)
 id 类别                 帧数      含该类视频   P(pred=fall|c)      倍数  P(pred=fallen|c)
  1 fall             6509        211           0.8490   42.6x            0.0429 ← 真事件
 15 jump              521         11           0.1536    7.7x            0.0000
  9 other            9093        136           0.0975    4.9x            0.0074
 12 squat_down        220          5           0.0955    4.8x            0.0000
  2 fallen           7379        150           0.0953    4.8x            0.7577 ← 真事件
  5 lie_down         4844        118           0.0454    2.3x            0.0074
 13 squatting         152          5           0.0395    2.0x            0.0000
  7 stand_up         6684        178           0.0308    1.5x            0.0477
  0 walk            10893        175           0.0077    0.4x            0.0000
 14 crawl             421          8           0.0071    0.4x            0.0000
  4 sitting         15765        275           0.0039    0.2x            0.0096
  3 sit_down         4652        139           0.0032    0.2x            0.0000
  8 standing        12706        231           0.0021    0.1x            0.0000
  6 lying           15601        256           0.0016    0.1x            0.0685
 10 kneel_down         31          1           0.0000    0.0x            0.0000
 11 kneeling          529         15           0.0000    0.0x            0.0000

全局基准（全部非事件帧）: P(pred=fall|normal-ish) = 0.0199  (分母 82112 帧)
全部 fall 误报帧数（非事件类合计）: 1635

================================================================================================
表 2  按「对全部 fall 误报的贡献占比」排序 —— 这才是「影响」的正确度量
（rate 只说「这类有多难」，贡献占比才说「这类贡献了多少错误」）
================================================================================================
 id 类别                 误报帧数        占全部 fall 误报      难度倍数       含该类视频
  9 other               887              54.3%      4.9x         136
  5 lie_down            220              13.5%      2.3x         118
  7 stand_up            206              12.6%      1.5x         178
  0 walk                 84               5.1%      0.4x         175
 15 jump                 80               4.9%      7.7x          11
  4 sitting              61               3.7%      0.2x         275
  8 standing             27               1.7%      0.1x         231
  6 lying                25               1.5%      0.1x         256
 12 squat_down           21               1.3%      4.8x           5
  3 sit_down             15               0.9%      0.2x         139
 13 squatting             6               0.4%      2.0x           5
 14 crawl                 3               0.2%      0.4x           8
 10 kneel_down            0               0.0%      0.0x           1
 11 kneeling              0               0.0%      0.0x          15

================================================================================================
难例池筛选：难度倍数 >= 2x 且贡献占比 >= 5%（两条都要过）
================================================================================================
  other        难度  4.9x   贡献占比  54.3%   n_frames=  9093  n_videos=136
  lie_down     难度  2.3x   贡献占比  13.5%   n_frames=  4844  n_videos=118

  未入选（说明其「难」或「少」不足以影响全局）：
    stand_up     难度不足(1.5x)
    walk         难度不足(0.4x)
    jump         占比不足(4.9%)
    sitting      难度不足(0.2x), 占比不足(3.7%)
    standing     难度不足(0.1x), 占比不足(1.7%)
    lying        难度不足(0.1x), 占比不足(1.5%)
    squat_down   占比不足(1.3%)
    sit_down     难度不足(0.2x), 占比不足(0.9%)
    squatting    难度不足(2.0x), 占比不足(0.4%)
    crawl        难度不足(0.4x), 占比不足(0.2%)
    kneel_down   难度不足(0.0x), 占比不足(0.0%)
    kneeling     难度不足(0.0x), 占比不足(0.0%)

应排除（真事件类，是正样本不是负样本）：fall, fallen

已写出: C:\Users\Lizhe\Documents\KPDT0507\logs\phase9\hard_negatives.json
