[0] 窗口数 4000 = 2000 视频 × 2 窗口
[1] 加载 E1@2000 teacher ...
/root/miniconda3/lib/python3.10/site-packages/torchvision/io/image.py:13: UserWarning: Failed to load image Python extension: '/root/miniconda3/lib/python3.10/site-packages/torchvision/image.so: undefined symbol: _ZN3c1017RegisterOperatorsD1Ev'If you don't plan on using image functionality from `torchvision.io`, you can ignore this warning. Otherwise, there might be something wrong with your environment. Did you have `libjpeg` or `libpng` installed before building `torchvision` from source?
  warn(
Loading weights:   0%|          | 0/727 [00:00<?, ?it/s]Loading weights: 100%|██████████| 727/727 [00:00<00:00, 8337.16it/s]
/root/miniconda3/lib/python3.10/site-packages/torch/nn/modules/transformer.py:379: UserWarning: enable_nested_tensor is True, but self.use_nested_tensor is False because encoder_layer.norm_first was True
  warnings.warn(
[E1Model.from_checkpoint] 已从 best_model.pt 恢复 7.86M LoRA 参数 (rank=16) + 时序头；缺失键 746 个 = 冻结主干（预期）
  [50/2000] 完成 50 失败 0
  [100/2000] 完成 100 失败 0
  [150/2000] 完成 150 失败 0
  [200/2000] 完成 200 失败 0
  [250/2000] 完成 250 失败 0
  [300/2000] 完成 300 失败 0
  [350/2000] 完成 350 失败 0
  [400/2000] 完成 400 失败 0
  [450/2000] 完成 450 失败 0
  [500/2000] 完成 500 失败 0
  [550/2000] 完成 550 失败 0
  [600/2000] 完成 600 失败 0
  [650/2000] 完成 650 失败 0
  [700/2000] 完成 700 失败 0
  [750/2000] 完成 750 失败 0
  [800/2000] 完成 800 失败 0
  [850/2000] 完成 850 失败 0
  [900/2000] 完成 900 失败 0
  [950/2000] 完成 950 失败 0
  [1000/2000] 完成 1000 失败 0
  [1050/2000] 完成 1050 失败 0
  [1100/2000] 完成 1100 失败 0
  [1150/2000] 完成 1150 失败 0
  [1200/2000] 完成 1200 失败 0
  [1250/2000] 完成 1250 失败 0
  [1300/2000] 完成 1300 失败 0
  [1350/2000] 完成 1350 失败 0
  [1400/2000] 完成 1400 失败 0
  [1450/2000] 完成 1450 失败 0
  [1500/2000] 完成 1500 失败 0
  [1550/2000] 完成 1550 失败 0
  [1600/2000] 完成 1600 失败 0
  [1650/2000] 完成 1650 失败 0
  [1700/2000] 完成 1700 失败 0
  [1750/2000] 完成 1750 失败 0
  [1800/2000] 完成 1800 失败 0
  [1850/2000] 完成 1850 失败 0
  [1900/2000] 完成 1900 失败 0
  [1950/2000] 完成 1950 失败 0
  [2000/2000] 完成 2000 失败 0
[2] 完成: 2000 视频, 失败 0 → /root/autodl-tmp/data/m7_teacher_logits.npz  logits (4000, 64, 3)
  (若 n_ok<2000，重跑一次会断点续传跳过已完成视频)
